<?xml version="1.0" encoding="ISO-8859-1" ?>
<link_info>
   <banner>TMS320C2000 Linker PC v20.8.0.STS</banner>
   <copyright>Copyright (c) 1996-2018 Texas Instruments Incorporated</copyright>
   <link_time>0x61e5038e</link_time>
   <link_errors>0x0</link_errors>
   <output_file>220117_Inverter_PFC.out</output_file>
   <entry_point>
      <name>code_start</name>
      <address>0x80000</address>
   </entry_point>
   <input_file_list>
      <input_file id="fl-2">
         <path>.\</path>
         <kind>object</kind>
         <file>ISR.obj</file>
         <name>ISR.obj</name>
      </input_file>
      <input_file id="fl-3">
         <path>.\</path>
         <kind>object</kind>
         <file>Main.obj</file>
         <name>Main.obj</name>
      </input_file>
      <input_file id="fl-4">
         <path>.\</path>
         <kind>object</kind>
         <file>Peripheral_Config.obj</file>
         <name>Peripheral_Config.obj</name>
      </input_file>
      <input_file id="fl-5">
         <path>.\</path>
         <kind>object</kind>
         <file>Task.obj</file>
         <name>Task.obj</name>
      </input_file>
      <input_file id="fl-6">
         <path>.\F2838x_common\source\</path>
         <kind>object</kind>
         <file>f2838x_adc.obj</file>
         <name>f2838x_adc.obj</name>
      </input_file>
      <input_file id="fl-7">
         <path>.\F2838x_common\source\</path>
         <kind>object</kind>
         <file>f2838x_codestartbranch.obj</file>
         <name>f2838x_codestartbranch.obj</name>
      </input_file>
      <input_file id="fl-8">
         <path>.\F2838x_common\source\</path>
         <kind>object</kind>
         <file>f2838x_cputimers.obj</file>
         <name>f2838x_cputimers.obj</name>
      </input_file>
      <input_file id="fl-9">
         <path>.\F2838x_common\source\</path>
         <kind>object</kind>
         <file>f2838x_dbgier.obj</file>
         <name>f2838x_dbgier.obj</name>
      </input_file>
      <input_file id="fl-a">
         <path>.\F2838x_common\source\</path>
         <kind>object</kind>
         <file>f2838x_dcsm_z1otp.obj</file>
         <name>f2838x_dcsm_z1otp.obj</name>
      </input_file>
      <input_file id="fl-b">
         <path>.\F2838x_common\source\</path>
         <kind>object</kind>
         <file>f2838x_dcsm_z2otp.obj</file>
         <name>f2838x_dcsm_z2otp.obj</name>
      </input_file>
      <input_file id="fl-c">
         <path>.\F2838x_common\source\</path>
         <kind>object</kind>
         <file>f2838x_defaultisr.obj</file>
         <name>f2838x_defaultisr.obj</name>
      </input_file>
      <input_file id="fl-d">
         <path>.\F2838x_common\source\</path>
         <kind>object</kind>
         <file>f2838x_dma.obj</file>
         <name>f2838x_dma.obj</name>
      </input_file>
      <input_file id="fl-e">
         <path>.\F2838x_common\source\</path>
         <kind>object</kind>
         <file>f2838x_ecap.obj</file>
         <name>f2838x_ecap.obj</name>
      </input_file>
      <input_file id="fl-f">
         <path>.\F2838x_common\source\</path>
         <kind>object</kind>
         <file>f2838x_emif.obj</file>
         <name>f2838x_emif.obj</name>
      </input_file>
      <input_file id="fl-10">
         <path>.\F2838x_common\source\</path>
         <kind>object</kind>
         <file>f2838x_epwm.obj</file>
         <name>f2838x_epwm.obj</name>
      </input_file>
      <input_file id="fl-11">
         <path>.\F2838x_common\source\</path>
         <kind>object</kind>
         <file>f2838x_eqep.obj</file>
         <name>f2838x_eqep.obj</name>
      </input_file>
      <input_file id="fl-12">
         <path>.\F2838x_common\source\</path>
         <kind>object</kind>
         <file>f2838x_gpio.obj</file>
         <name>f2838x_gpio.obj</name>
      </input_file>
      <input_file id="fl-13">
         <path>.\F2838x_common\source\</path>
         <kind>object</kind>
         <file>f2838x_mcbsp.obj</file>
         <name>f2838x_mcbsp.obj</name>
      </input_file>
      <input_file id="fl-14">
         <path>.\F2838x_common\source\</path>
         <kind>object</kind>
         <file>f2838x_piectrl.obj</file>
         <name>f2838x_piectrl.obj</name>
      </input_file>
      <input_file id="fl-15">
         <path>.\F2838x_common\source\</path>
         <kind>object</kind>
         <file>f2838x_pievect.obj</file>
         <name>f2838x_pievect.obj</name>
      </input_file>
      <input_file id="fl-16">
         <path>.\F2838x_common\source\</path>
         <kind>object</kind>
         <file>f2838x_sdfm_drivers.obj</file>
         <name>f2838x_sdfm_drivers.obj</name>
      </input_file>
      <input_file id="fl-17">
         <path>.\F2838x_common\source\</path>
         <kind>object</kind>
         <file>f2838x_struct.obj</file>
         <name>f2838x_struct.obj</name>
      </input_file>
      <input_file id="fl-18">
         <path>.\F2838x_common\source\</path>
         <kind>object</kind>
         <file>f2838x_sysctrl.obj</file>
         <name>f2838x_sysctrl.obj</name>
      </input_file>
      <input_file id="fl-19">
         <path>.\F2838x_common\source\</path>
         <kind>object</kind>
         <file>f2838x_tempsensorconv.obj</file>
         <name>f2838x_tempsensorconv.obj</name>
      </input_file>
      <input_file id="fl-1a">
         <path>.\F2838x_common\source\</path>
         <kind>object</kind>
         <file>f2838x_usdelay.obj</file>
         <name>f2838x_usdelay.obj</name>
      </input_file>
      <input_file id="fl-1b">
         <path>.\F2838x_headers\source\</path>
         <kind>object</kind>
         <file>f2838x_globalvariabledefs.obj</file>
         <name>f2838x_globalvariabledefs.obj</name>
      </input_file>
      <input_file id="fl-20">
         <kind>object</kind>
         <file>&lt;internal&gt;</file>
         <name>&lt;internal&gt;</name>
      </input_file>
      <input_file id="fl-2c">
         <path>C:\ti\ccs1040\ccs\tools\compiler\ti-cgt-c2000_20.8.0.STS\lib\</path>
         <kind>archive</kind>
         <file>rts2800_fpu64_eabi.lib</file>
         <name>s_ceil.c.obj</name>
      </input_file>
      <input_file id="fl-2d">
         <path>C:\ti\ccs1040\ccs\tools\compiler\ti-cgt-c2000_20.8.0.STS\lib\</path>
         <kind>archive</kind>
         <file>rts2800_fpu64_eabi.lib</file>
         <name>boot28.asm.obj</name>
      </input_file>
      <input_file id="fl-2e">
         <path>C:\ti\ccs1040\ccs\tools\compiler\ti-cgt-c2000_20.8.0.STS\lib\</path>
         <kind>archive</kind>
         <file>rts2800_fpu64_eabi.lib</file>
         <name>ll_aox28.asm.obj</name>
      </input_file>
      <input_file id="fl-2f">
         <path>C:\ti\ccs1040\ccs\tools\compiler\ti-cgt-c2000_20.8.0.STS\lib\</path>
         <kind>archive</kind>
         <file>rts2800_fpu64_eabi.lib</file>
         <name>ll_cmp28.asm.obj</name>
      </input_file>
      <input_file id="fl-30">
         <path>C:\ti\ccs1040\ccs\tools\compiler\ti-cgt-c2000_20.8.0.STS\lib\</path>
         <kind>archive</kind>
         <file>rts2800_fpu64_eabi.lib</file>
         <name>memcpy.c.obj</name>
      </input_file>
      <input_file id="fl-31">
         <path>C:\ti\ccs1040\ccs\tools\compiler\ti-cgt-c2000_20.8.0.STS\lib\</path>
         <kind>archive</kind>
         <file>rts2800_fpu64_eabi.lib</file>
         <name>pre_init.c.obj</name>
      </input_file>
      <input_file id="fl-32">
         <path>C:\ti\ccs1040\ccs\tools\compiler\ti-cgt-c2000_20.8.0.STS\lib\</path>
         <kind>archive</kind>
         <file>rts2800_fpu64_eabi.lib</file>
         <name>autoinit.c.obj</name>
      </input_file>
      <input_file id="fl-33">
         <path>C:\ti\ccs1040\ccs\tools\compiler\ti-cgt-c2000_20.8.0.STS\lib\</path>
         <kind>archive</kind>
         <file>rts2800_fpu64_eabi.lib</file>
         <name>copy_zero_init.c.obj</name>
      </input_file>
      <input_file id="fl-34">
         <path>C:\ti\ccs1040\ccs\tools\compiler\ti-cgt-c2000_20.8.0.STS\lib\</path>
         <kind>archive</kind>
         <file>rts2800_fpu64_eabi.lib</file>
         <name>copy_decompress_none.c.obj</name>
      </input_file>
      <input_file id="fl-35">
         <path>C:\ti\ccs1040\ccs\tools\compiler\ti-cgt-c2000_20.8.0.STS\lib\</path>
         <kind>archive</kind>
         <file>rts2800_fpu64_eabi.lib</file>
         <name>copy_decompress_lzss.c.obj</name>
      </input_file>
      <input_file id="fl-36">
         <path>C:\ti\ccs1040\ccs\tools\compiler\ti-cgt-c2000_20.8.0.STS\lib\</path>
         <kind>archive</kind>
         <file>rts2800_fpu64_eabi.lib</file>
         <name>exit.c.obj</name>
      </input_file>
      <input_file id="fl-37">
         <path>C:\ti\ccs1040\ccs\tools\compiler\ti-cgt-c2000_20.8.0.STS\lib\</path>
         <kind>archive</kind>
         <file>rts2800_fpu64_eabi.lib</file>
         <name>_lock.c.obj</name>
      </input_file>
      <input_file id="fl-38">
         <path>C:\ti\ccs1040\ccs\tools\compiler\ti-cgt-c2000_20.8.0.STS\lib\</path>
         <kind>archive</kind>
         <file>rts2800_fpu64_eabi.lib</file>
         <name>args_main.c.obj</name>
      </input_file>
      <input_file id="fl-39">
         <path>C:\ti\ccs1040\ccs\tools\compiler\ti-cgt-c2000_20.8.0.STS\lib\</path>
         <kind>archive</kind>
         <file>rts2800_fpu64_eabi.lib</file>
         <name>memset.c.obj</name>
      </input_file>
      <input_file id="fl-3a">
         <path>C:\ti\ccs1040\ccs\tools\compiler\ti-cgt-c2000_20.8.0.STS\lib\</path>
         <kind>archive</kind>
         <file>rts2800_fpu64_eabi.lib</file>
         <name>cpy_tbl.c.obj</name>
      </input_file>
      <input_file id="fl-3b">
         <path>C:\ti\ccs1040\ccs\tools\compiler\ti-cgt-c2000_20.8.0.STS\lib\</path>
         <kind>archive</kind>
         <file>rts2800_fpu64_eabi.lib</file>
         <name>startup.c.obj</name>
      </input_file>
   </input_file_list>
   <object_component_list>
      <object_component id="oc-e1">
         <name>codestart</name>
         <load_address>0x80000</load_address>
         <run_address>0x80000</run_address>
         <size>0x2</size>
         <input_file_ref idref="fl-7"/>
      </object_component>
      <object_component id="oc-790">
         <name>.text:InitSysPll</name>
         <load_address>0x82000</load_address>
         <run_address>0x82000</run_address>
         <size>0x101</size>
         <input_file_ref idref="fl-18"/>
      </object_component>
      <object_component id="oc-79c">
         <name>.text:InitPeripheralClocks</name>
         <load_address>0x82101</load_address>
         <run_address>0x82101</run_address>
         <size>0xdf</size>
         <input_file_ref idref="fl-18"/>
      </object_component>
      <object_component id="oc-825">
         <name>.text</name>
         <load_address>0x821e0</load_address>
         <run_address>0x821e0</run_address>
         <size>0xd9</size>
         <input_file_ref idref="fl-2c"/>
      </object_component>
      <object_component id="oc-796">
         <name>.text:InitAuxPll</name>
         <load_address>0x822b9</load_address>
         <run_address>0x822b9</run_address>
         <size>0xc0</size>
         <input_file_ref idref="fl-18"/>
      </object_component>
      <object_component id="oc-639">
         <name>.text:InitGpioInOutConfig</name>
         <load_address>0x82379</load_address>
         <run_address>0x82379</run_address>
         <size>0xba</size>
         <input_file_ref idref="fl-4"/>
      </object_component>
      <object_component id="oc-7c3">
         <name>.text:AdcSetMode</name>
         <load_address>0x82433</load_address>
         <run_address>0x82433</run_address>
         <size>0xb2</size>
         <input_file_ref idref="fl-6"/>
      </object_component>
      <object_component id="oc-78a">
         <name>.text:VerifyXTAL</name>
         <load_address>0x824e5</load_address>
         <run_address>0x824e5</run_address>
         <size>0xb0</size>
         <input_file_ref idref="fl-18"/>
      </object_component>
      <object_component id="oc-657">
         <name>.text:Adc_Config</name>
         <load_address>0x82595</load_address>
         <run_address>0x82595</run_address>
         <size>0xa5</size>
         <input_file_ref idref="fl-4"/>
      </object_component>
      <object_component id="oc-847">
         <name>.text:IsPLLValid</name>
         <load_address>0x8263a</load_address>
         <run_address>0x8263a</run_address>
         <size>0x94</size>
         <input_file_ref idref="fl-18"/>
      </object_component>
      <object_component id="oc-8f6">
         <name>.text:ComputeCntrSeedValue</name>
         <load_address>0x826ce</load_address>
         <run_address>0x826ce</run_address>
         <size>0x8f</size>
         <input_file_ref idref="fl-18"/>
      </object_component>
      <object_component id="oc-64b">
         <name>.text:EPwm1_Config</name>
         <load_address>0x8275d</load_address>
         <run_address>0x8275d</run_address>
         <size>0x7e</size>
         <input_file_ref idref="fl-4"/>
      </object_component>
      <object_component id="oc-ec">
         <name>.text:adca1_isr</name>
         <load_address>0x827db</load_address>
         <run_address>0x827db</run_address>
         <size>0x78</size>
         <input_file_ref idref="fl-2"/>
      </object_component>
      <object_component id="oc-651">
         <name>.text:EPwm2_Config</name>
         <load_address>0x82853</load_address>
         <run_address>0x82853</run_address>
         <size>0x70</size>
         <input_file_ref idref="fl-4"/>
      </object_component>
      <object_component id="oc-615">
         <name>.text:InitSysCtrl</name>
         <load_address>0x828c3</load_address>
         <run_address>0x828c3</run_address>
         <size>0x61</size>
         <input_file_ref idref="fl-18"/>
      </object_component>
      <object_component id="oc-63f">
         <name>.text:InitPWMEnaFltGpioConfig</name>
         <load_address>0x82924</load_address>
         <run_address>0x82924</run_address>
         <size>0x57</size>
         <input_file_ref idref="fl-4"/>
      </object_component>
      <object_component id="oc-f2">
         <name>.text:main</name>
         <load_address>0x8297b</load_address>
         <run_address>0x8297b</run_address>
         <size>0x52</size>
         <input_file_ref idref="fl-3"/>
      </object_component>
      <object_component id="oc-645">
         <name>.text:InitMcBspSPIConfig</name>
         <load_address>0x829cd</load_address>
         <run_address>0x829cd</run_address>
         <size>0x4a</size>
         <input_file_ref idref="fl-4"/>
      </object_component>
      <object_component id="oc-f8">
         <name>.text:Task_100us</name>
         <load_address>0x82a17</load_address>
         <run_address>0x82a17</run_address>
         <size>0x45</size>
         <input_file_ref idref="fl-5"/>
      </object_component>
      <object_component id="oc-663">
         <name>.text:InitCpuTimers</name>
         <load_address>0x82a5c</load_address>
         <run_address>0x82a5c</run_address>
         <size>0x3b</size>
         <input_file_ref idref="fl-8"/>
      </object_component>
      <object_component id="oc-d4">
         <name>.text:decompress:lzss</name>
         <load_address>0x82a97</load_address>
         <run_address>0x82a97</run_address>
         <size>0x31</size>
         <input_file_ref idref="fl-35"/>
      </object_component>
      <object_component id="oc-83b">
         <name>.text:SysXtalOscSel</name>
         <load_address>0x82ac8</load_address>
         <run_address>0x82ac8</run_address>
         <size>0x2c</size>
         <input_file_ref idref="fl-18"/>
      </object_component>
      <object_component id="oc-897">
         <name>.text:__TI_auto_init_nobinit_nopinit</name>
         <load_address>0x82af4</load_address>
         <run_address>0x82af4</run_address>
         <size>0x2b</size>
         <input_file_ref idref="fl-32"/>
      </object_component>
      <object_component id="oc-805">
         <name>.text</name>
         <load_address>0x82b1f</load_address>
         <run_address>0x82b1f</run_address>
         <size>0x29</size>
         <input_file_ref idref="fl-36"/>
      </object_component>
      <object_component id="oc-880">
         <name>.text:CalAdcINL</name>
         <load_address>0x82b48</load_address>
         <run_address>0x82b48</run_address>
         <size>0x26</size>
         <input_file_ref idref="fl-6"/>
      </object_component>
      <object_component id="oc-66c">
         <name>.text:ConfigCpuTimer</name>
         <load_address>0x82b6e</load_address>
         <run_address>0x82b6e</run_address>
         <size>0x23</size>
         <input_file_ref idref="fl-8"/>
      </object_component>
      <object_component id="oc-65d">
         <name>.text:SPIDAC_Config</name>
         <load_address>0x82b91</load_address>
         <run_address>0x82b91</run_address>
         <size>0x21</size>
         <input_file_ref idref="fl-4"/>
      </object_component>
      <object_component id="oc-62d">
         <name>.text:InitPieCtrl</name>
         <load_address>0x82bb2</load_address>
         <run_address>0x82bb2</run_address>
         <size>0x1f</size>
         <input_file_ref idref="fl-14"/>
      </object_component>
      <object_component id="oc-82f">
         <name>.text:SysXtalOscSESel</name>
         <load_address>0x82bd1</load_address>
         <run_address>0x82bd1</run_address>
         <size>0x1e</size>
         <input_file_ref idref="fl-18"/>
      </object_component>
      <object_component id="oc-5e7">
         <name>.text</name>
         <load_address>0x82bef</load_address>
         <run_address>0x82bef</run_address>
         <size>0x1d</size>
         <input_file_ref idref="fl-30"/>
      </object_component>
      <object_component id="oc-8e6">
         <name>.text:PollX1Counter</name>
         <load_address>0x82c0c</load_address>
         <run_address>0x82c0c</run_address>
         <size>0x1b</size>
         <input_file_ref idref="fl-18"/>
      </object_component>
      <object_component id="oc-81d">
         <name>.text:GPIO_EnableUnbondedIOPullupsFor176Pin</name>
         <load_address>0x82c27</load_address>
         <run_address>0x82c27</run_address>
         <size>0x19</size>
         <input_file_ref idref="fl-12"/>
      </object_component>
      <object_component id="oc-762">
         <name>.text</name>
         <load_address>0x82c40</load_address>
         <run_address>0x82c40</run_address>
         <size>0x19</size>
         <input_file_ref idref="fl-2d"/>
      </object_component>
      <object_component id="oc-84e">
         <name>.text:AuxXtalOscSESel</name>
         <load_address>0x82c59</load_address>
         <run_address>0x82c59</run_address>
         <size>0x18</size>
         <input_file_ref idref="fl-18"/>
      </object_component>
      <object_component id="oc-85a">
         <name>.text:AuxXtalOscSel</name>
         <load_address>0x82c71</load_address>
         <run_address>0x82c71</run_address>
         <size>0x18</size>
         <input_file_ref idref="fl-18"/>
      </object_component>
      <object_component id="oc-8dd">
         <name>.text</name>
         <load_address>0x82c89</load_address>
         <run_address>0x82c89</run_address>
         <size>0x18</size>
         <input_file_ref idref="fl-2e"/>
      </object_component>
      <object_component id="oc-621">
         <name>.text:InitEPwm1Gpio</name>
         <load_address>0x82ca1</load_address>
         <run_address>0x82ca1</run_address>
         <size>0x16</size>
         <input_file_ref idref="fl-10"/>
      </object_component>
      <object_component id="oc-627">
         <name>.text:InitEPwm2Gpio</name>
         <load_address>0x82cb7</load_address>
         <run_address>0x82cb7</run_address>
         <size>0x16</size>
         <input_file_ref idref="fl-10"/>
      </object_component>
      <object_component id="oc-61b">
         <name>.text:InitGpioConfig</name>
         <load_address>0x82ccd</load_address>
         <run_address>0x82ccd</run_address>
         <size>0x14</size>
         <input_file_ref idref="fl-4"/>
      </object_component>
      <object_component id="oc-633">
         <name>.text:InitPieVectTable</name>
         <load_address>0x82ce1</load_address>
         <run_address>0x82ce1</run_address>
         <size>0x11</size>
         <input_file_ref idref="fl-15"/>
      </object_component>
      <object_component id="oc-778">
         <name>.text:DisableDog</name>
         <load_address>0x82cf2</load_address>
         <run_address>0x82cf2</run_address>
         <size>0xd</size>
         <input_file_ref idref="fl-18"/>
      </object_component>
      <object_component id="oc-410">
         <name>.text:EMPTY_ISR</name>
         <load_address>0x82cff</load_address>
         <run_address>0x82cff</run_address>
         <size>0xd</size>
         <input_file_ref idref="fl-c"/>
      </object_component>
      <object_component id="oc-5ef">
         <name>.text:decompress:ZI:__TI_zero_init_nomemset</name>
         <load_address>0x82d0c</load_address>
         <run_address>0x82d0c</run_address>
         <size>0xd</size>
         <input_file_ref idref="fl-33"/>
      </object_component>
      <object_component id="oc-7ff">
         <name>.text</name>
         <load_address>0x82d19</load_address>
         <run_address>0x82d19</run_address>
         <size>0xc</size>
         <input_file_ref idref="fl-38"/>
      </object_component>
      <object_component id="oc-5de">
         <name>.text:ADCA1_ISR</name>
         <load_address>0x82d25</load_address>
         <run_address>0x82d25</run_address>
         <size>0xa</size>
         <input_file_ref idref="fl-c"/>
      </object_component>
      <object_component id="oc-5d8">
         <name>.text:ADCA2_ISR</name>
         <load_address>0x82d2f</load_address>
         <run_address>0x82d2f</run_address>
         <size>0xa</size>
         <input_file_ref idref="fl-c"/>
      </object_component>
      <object_component id="oc-5d2">
         <name>.text:ADCA3_ISR</name>
         <load_address>0x82d39</load_address>
         <run_address>0x82d39</run_address>
         <size>0xa</size>
         <input_file_ref idref="fl-c"/>
      </object_component>
      <object_component id="oc-5cc">
         <name>.text:ADCA4_ISR</name>
         <load_address>0x82d43</load_address>
         <run_address>0x82d43</run_address>
         <size>0xa</size>
         <input_file_ref idref="fl-c"/>
      </object_component>
      <object_component id="oc-5c6">
         <name>.text:ADCA_EVT_ISR</name>
         <load_address>0x82d4d</load_address>
         <run_address>0x82d4d</run_address>
         <size>0xa</size>
         <input_file_ref idref="fl-c"/>
      </object_component>
      <object_component id="oc-5c0">
         <name>.text:ADCB1_ISR</name>
         <load_address>0x82d57</load_address>
         <run_address>0x82d57</run_address>
         <size>0xa</size>
         <input_file_ref idref="fl-c"/>
      </object_component>
      <object_component id="oc-5ba">
         <name>.text:ADCB2_ISR</name>
         <load_address>0x82d61</load_address>
         <run_address>0x82d61</run_address>
         <size>0xa</size>
         <input_file_ref idref="fl-c"/>
      </object_component>
      <object_component id="oc-5b4">
         <name>.text:ADCB3_ISR</name>
         <load_address>0x82d6b</load_address>
         <run_address>0x82d6b</run_address>
         <size>0xa</size>
         <input_file_ref idref="fl-c"/>
      </object_component>
      <object_component id="oc-5ae">
         <name>.text:ADCB4_ISR</name>
         <load_address>0x82d75</load_address>
         <run_address>0x82d75</run_address>
         <size>0xa</size>
         <input_file_ref idref="fl-c"/>
      </object_component>
      <object_component id="oc-5a8">
         <name>.text:ADCB_EVT_ISR</name>
         <load_address>0x82d7f</load_address>
         <run_address>0x82d7f</run_address>
         <size>0xa</size>
         <input_file_ref idref="fl-c"/>
      </object_component>
      <object_component id="oc-5a2">
         <name>.text:ADCC1_ISR</name>
         <load_address>0x82d89</load_address>
         <run_address>0x82d89</run_address>
         <size>0xa</size>
         <input_file_ref idref="fl-c"/>
      </object_component>
      <object_component id="oc-59c">
         <name>.text:ADCC2_ISR</name>
         <load_address>0x82d93</load_address>
         <run_address>0x82d93</run_address>
         <size>0xa</size>
         <input_file_ref idref="fl-c"/>
      </object_component>
      <object_component id="oc-596">
         <name>.text:ADCC3_ISR</name>
         <load_address>0x82d9d</load_address>
         <run_address>0x82d9d</run_address>
         <size>0xa</size>
         <input_file_ref idref="fl-c"/>
      </object_component>
      <object_component id="oc-590">
         <name>.text:ADCC4_ISR</name>
         <load_address>0x82da7</load_address>
         <run_address>0x82da7</run_address>
         <size>0xa</size>
         <input_file_ref idref="fl-c"/>
      </object_component>
      <object_component id="oc-58a">
         <name>.text:ADCC_EVT_ISR</name>
         <load_address>0x82db1</load_address>
         <run_address>0x82db1</run_address>
         <size>0xa</size>
         <input_file_ref idref="fl-c"/>
      </object_component>
      <object_component id="oc-584">
         <name>.text:ADCD1_ISR</name>
         <load_address>0x82dbb</load_address>
         <run_address>0x82dbb</run_address>
         <size>0xa</size>
         <input_file_ref idref="fl-c"/>
      </object_component>
      <object_component id="oc-57e">
         <name>.text:ADCD2_ISR</name>
         <load_address>0x82dc5</load_address>
         <run_address>0x82dc5</run_address>
         <size>0xa</size>
         <input_file_ref idref="fl-c"/>
      </object_component>
      <object_component id="oc-578">
         <name>.text:ADCD3_ISR</name>
         <load_address>0x82dcf</load_address>
         <run_address>0x82dcf</run_address>
         <size>0xa</size>
         <input_file_ref idref="fl-c"/>
      </object_component>
      <object_component id="oc-572">
         <name>.text:ADCD4_ISR</name>
         <load_address>0x82dd9</load_address>
         <run_address>0x82dd9</run_address>
         <size>0xa</size>
         <input_file_ref idref="fl-c"/>
      </object_component>
      <object_component id="oc-56c">
         <name>.text:ADCD_EVT_ISR</name>
         <load_address>0x82de3</load_address>
         <run_address>0x82de3</run_address>
         <size>0xa</size>
         <input_file_ref idref="fl-c"/>
      </object_component>
      <object_component id="oc-854">
         <name>.text:AuxAuxClkSel</name>
         <load_address>0x82ded</load_address>
         <run_address>0x82ded</run_address>
         <size>0xa</size>
         <input_file_ref idref="fl-18"/>
      </object_component>
      <object_component id="oc-566">
         <name>.text:CANA0_ISR</name>
         <load_address>0x82df7</load_address>
         <run_address>0x82df7</run_address>
         <size>0xa</size>
         <input_file_ref idref="fl-c"/>
      </object_component>
      <object_component id="oc-560">
         <name>.text:CANA1_ISR</name>
         <load_address>0x82e01</load_address>
         <run_address>0x82e01</run_address>
         <size>0xa</size>
         <input_file_ref idref="fl-c"/>
      </object_component>
      <object_component id="oc-55a">
         <name>.text:CANB0_ISR</name>
         <load_address>0x82e0b</load_address>
         <run_address>0x82e0b</run_address>
         <size>0xa</size>
         <input_file_ref idref="fl-c"/>
      </object_component>
      <object_component id="oc-554">
         <name>.text:CANB1_ISR</name>
         <load_address>0x82e15</load_address>
         <run_address>0x82e15</run_address>
         <size>0xa</size>
         <input_file_ref idref="fl-c"/>
      </object_component>
      <object_component id="oc-54e">
         <name>.text:CIPC0_ISR</name>
         <load_address>0x82e1f</load_address>
         <run_address>0x82e1f</run_address>
         <size>0xa</size>
         <input_file_ref idref="fl-c"/>
      </object_component>
      <object_component id="oc-548">
         <name>.text:CIPC1_ISR</name>
         <load_address>0x82e29</load_address>
         <run_address>0x82e29</run_address>
         <size>0xa</size>
         <input_file_ref idref="fl-c"/>
      </object_component>
      <object_component id="oc-542">
         <name>.text:CIPC2_ISR</name>
         <load_address>0x82e33</load_address>
         <run_address>0x82e33</run_address>
         <size>0xa</size>
         <input_file_ref idref="fl-c"/>
      </object_component>
      <object_component id="oc-53c">
         <name>.text:CIPC3_ISR</name>
         <load_address>0x82e3d</load_address>
         <run_address>0x82e3d</run_address>
         <size>0xa</size>
         <input_file_ref idref="fl-c"/>
      </object_component>
      <object_component id="oc-536">
         <name>.text:CLA1CRC_ISR</name>
         <load_address>0x82e47</load_address>
         <run_address>0x82e47</run_address>
         <size>0xa</size>
         <input_file_ref idref="fl-c"/>
      </object_component>
      <object_component id="oc-530">
         <name>.text:CLA1_1_ISR</name>
         <load_address>0x82e51</load_address>
         <run_address>0x82e51</run_address>
         <size>0xa</size>
         <input_file_ref idref="fl-c"/>
      </object_component>
      <object_component id="oc-52a">
         <name>.text:CLA1_2_ISR</name>
         <load_address>0x82e5b</load_address>
         <run_address>0x82e5b</run_address>
         <size>0xa</size>
         <input_file_ref idref="fl-c"/>
      </object_component>
      <object_component id="oc-524">
         <name>.text:CLA1_3_ISR</name>
         <load_address>0x82e65</load_address>
         <run_address>0x82e65</run_address>
         <size>0xa</size>
         <input_file_ref idref="fl-c"/>
      </object_component>
      <object_component id="oc-51e">
         <name>.text:CLA1_4_ISR</name>
         <load_address>0x82e6f</load_address>
         <run_address>0x82e6f</run_address>
         <size>0xa</size>
         <input_file_ref idref="fl-c"/>
      </object_component>
      <object_component id="oc-518">
         <name>.text:CLA1_5_ISR</name>
         <load_address>0x82e79</load_address>
         <run_address>0x82e79</run_address>
         <size>0xa</size>
         <input_file_ref idref="fl-c"/>
      </object_component>
      <object_component id="oc-512">
         <name>.text:CLA1_6_ISR</name>
         <load_address>0x82e83</load_address>
         <run_address>0x82e83</run_address>
         <size>0xa</size>
         <input_file_ref idref="fl-c"/>
      </object_component>
      <object_component id="oc-50c">
         <name>.text:CLA1_7_ISR</name>
         <load_address>0x82e8d</load_address>
         <run_address>0x82e8d</run_address>
         <size>0xa</size>
         <input_file_ref idref="fl-c"/>
      </object_component>
      <object_component id="oc-506">
         <name>.text:CLA1_8_ISR</name>
         <load_address>0x82e97</load_address>
         <run_address>0x82e97</run_address>
         <size>0xa</size>
         <input_file_ref idref="fl-c"/>
      </object_component>
      <object_component id="oc-500">
         <name>.text:CLA_OVERFLOW_ISR</name>
         <load_address>0x82ea1</load_address>
         <run_address>0x82ea1</run_address>
         <size>0xa</size>
         <input_file_ref idref="fl-c"/>
      </object_component>
      <object_component id="oc-4fa">
         <name>.text:CLA_UNDERFLOW_ISR</name>
         <load_address>0x82eab</load_address>
         <run_address>0x82eab</run_address>
         <size>0xa</size>
         <input_file_ref idref="fl-c"/>
      </object_component>
      <object_component id="oc-4f4">
         <name>.text:CLB1_ISR</name>
         <load_address>0x82eb5</load_address>
         <run_address>0x82eb5</run_address>
         <size>0xa</size>
         <input_file_ref idref="fl-c"/>
      </object_component>
      <object_component id="oc-4ee">
         <name>.text:CLB2_ISR</name>
         <load_address>0x82ebf</load_address>
         <run_address>0x82ebf</run_address>
         <size>0xa</size>
         <input_file_ref idref="fl-c"/>
      </object_component>
      <object_component id="oc-4e8">
         <name>.text:CLB3_ISR</name>
         <load_address>0x82ec9</load_address>
         <run_address>0x82ec9</run_address>
         <size>0xa</size>
         <input_file_ref idref="fl-c"/>
      </object_component>
      <object_component id="oc-4e2">
         <name>.text:CLB4_ISR</name>
         <load_address>0x82ed3</load_address>
         <run_address>0x82ed3</run_address>
         <size>0xa</size>
         <input_file_ref idref="fl-c"/>
      </object_component>
      <object_component id="oc-4dc">
         <name>.text:CLB5_ISR</name>
         <load_address>0x82edd</load_address>
         <run_address>0x82edd</run_address>
         <size>0xa</size>
         <input_file_ref idref="fl-c"/>
      </object_component>
      <object_component id="oc-4d6">
         <name>.text:CLB6_ISR</name>
         <load_address>0x82ee7</load_address>
         <run_address>0x82ee7</run_address>
         <size>0xa</size>
         <input_file_ref idref="fl-c"/>
      </object_component>
      <object_component id="oc-4d0">
         <name>.text:CLB7_ISR</name>
         <load_address>0x82ef1</load_address>
         <run_address>0x82ef1</run_address>
         <size>0xa</size>
         <input_file_ref idref="fl-c"/>
      </object_component>
      <object_component id="oc-4ca">
         <name>.text:CLB8_ISR</name>
         <load_address>0x82efb</load_address>
         <run_address>0x82efb</run_address>
         <size>0xa</size>
         <input_file_ref idref="fl-c"/>
      </object_component>
      <object_component id="oc-4c4">
         <name>.text:CMTOCPUXIPC0_ISR</name>
         <load_address>0x82f05</load_address>
         <run_address>0x82f05</run_address>
         <size>0xa</size>
         <input_file_ref idref="fl-c"/>
      </object_component>
      <object_component id="oc-4be">
         <name>.text:CMTOCPUXIPC1_ISR</name>
         <load_address>0x82f0f</load_address>
         <run_address>0x82f0f</run_address>
         <size>0xa</size>
         <input_file_ref idref="fl-c"/>
      </object_component>
      <object_component id="oc-4b8">
         <name>.text:CMTOCPUXIPC2_ISR</name>
         <load_address>0x82f19</load_address>
         <run_address>0x82f19</run_address>
         <size>0xa</size>
         <input_file_ref idref="fl-c"/>
      </object_component>
      <object_component id="oc-4b2">
         <name>.text:CMTOCPUXIPC3_ISR</name>
         <load_address>0x82f23</load_address>
         <run_address>0x82f23</run_address>
         <size>0xa</size>
         <input_file_ref idref="fl-c"/>
      </object_component>
      <object_component id="oc-4ac">
         <name>.text:CMTOCPUXIPC4_ISR</name>
         <load_address>0x82f2d</load_address>
         <run_address>0x82f2d</run_address>
         <size>0xa</size>
         <input_file_ref idref="fl-c"/>
      </object_component>
      <object_component id="oc-4a6">
         <name>.text:CMTOCPUXIPC5_ISR</name>
         <load_address>0x82f37</load_address>
         <run_address>0x82f37</run_address>
         <size>0xa</size>
         <input_file_ref idref="fl-c"/>
      </object_component>
      <object_component id="oc-4a0">
         <name>.text:CMTOCPUXIPC6_ISR</name>
         <load_address>0x82f41</load_address>
         <run_address>0x82f41</run_address>
         <size>0xa</size>
         <input_file_ref idref="fl-c"/>
      </object_component>
      <object_component id="oc-49a">
         <name>.text:CMTOCPUXIPC7_ISR</name>
         <load_address>0x82f4b</load_address>
         <run_address>0x82f4b</run_address>
         <size>0xa</size>
         <input_file_ref idref="fl-c"/>
      </object_component>
      <object_component id="oc-494">
         <name>.text:CM_STATUS_ISR</name>
         <load_address>0x82f55</load_address>
         <run_address>0x82f55</run_address>
         <size>0xa</size>
         <input_file_ref idref="fl-c"/>
      </object_component>
      <object_component id="oc-48e">
         <name>.text:CPUCRC_ISR</name>
         <load_address>0x82f5f</load_address>
         <run_address>0x82f5f</run_address>
         <size>0xa</size>
         <input_file_ref idref="fl-c"/>
      </object_component>
      <object_component id="oc-488">
         <name>.text:DATALOG_ISR</name>
         <load_address>0x82f69</load_address>
         <run_address>0x82f69</run_address>
         <size>0xa</size>
         <input_file_ref idref="fl-c"/>
      </object_component>
      <object_component id="oc-482">
         <name>.text:DMA_CH1_ISR</name>
         <load_address>0x82f73</load_address>
         <run_address>0x82f73</run_address>
         <size>0xa</size>
         <input_file_ref idref="fl-c"/>
      </object_component>
      <object_component id="oc-47c">
         <name>.text:DMA_CH2_ISR</name>
         <load_address>0x82f7d</load_address>
         <run_address>0x82f7d</run_address>
         <size>0xa</size>
         <input_file_ref idref="fl-c"/>
      </object_component>
      <object_component id="oc-476">
         <name>.text:DMA_CH3_ISR</name>
         <load_address>0x82f87</load_address>
         <run_address>0x82f87</run_address>
         <size>0xa</size>
         <input_file_ref idref="fl-c"/>
      </object_component>
      <object_component id="oc-470">
         <name>.text:DMA_CH4_ISR</name>
         <load_address>0x82f91</load_address>
         <run_address>0x82f91</run_address>
         <size>0xa</size>
         <input_file_ref idref="fl-c"/>
      </object_component>
      <object_component id="oc-46a">
         <name>.text:DMA_CH5_ISR</name>
         <load_address>0x82f9b</load_address>
         <run_address>0x82f9b</run_address>
         <size>0xa</size>
         <input_file_ref idref="fl-c"/>
      </object_component>
      <object_component id="oc-464">
         <name>.text:DMA_CH6_ISR</name>
         <load_address>0x82fa5</load_address>
         <run_address>0x82fa5</run_address>
         <size>0xa</size>
         <input_file_ref idref="fl-c"/>
      </object_component>
      <object_component id="oc-45e">
         <name>.text:ECAP1_ISR</name>
         <load_address>0x82faf</load_address>
         <run_address>0x82faf</run_address>
         <size>0xa</size>
         <input_file_ref idref="fl-c"/>
      </object_component>
      <object_component id="oc-458">
         <name>.text:ECAP2_ISR</name>
         <load_address>0x82fb9</load_address>
         <run_address>0x82fb9</run_address>
         <size>0xa</size>
         <input_file_ref idref="fl-c"/>
      </object_component>
      <object_component id="oc-452">
         <name>.text:ECAP3_ISR</name>
         <load_address>0x82fc3</load_address>
         <run_address>0x82fc3</run_address>
         <size>0xa</size>
         <input_file_ref idref="fl-c"/>
      </object_component>
      <object_component id="oc-44c">
         <name>.text:ECAP4_ISR</name>
         <load_address>0x82fcd</load_address>
         <run_address>0x82fcd</run_address>
         <size>0xa</size>
         <input_file_ref idref="fl-c"/>
      </object_component>
      <object_component id="oc-446">
         <name>.text:ECAP5_ISR</name>
         <load_address>0x82fd7</load_address>
         <run_address>0x82fd7</run_address>
         <size>0xa</size>
         <input_file_ref idref="fl-c"/>
      </object_component>
      <object_component id="oc-440">
         <name>.text:ECAP6_2_ISR</name>
         <load_address>0x82fe1</load_address>
         <run_address>0x82fe1</run_address>
         <size>0xa</size>
         <input_file_ref idref="fl-c"/>
      </object_component>
      <object_component id="oc-43a">
         <name>.text:ECAP6_ISR</name>
         <load_address>0x82feb</load_address>
         <run_address>0x82feb</run_address>
         <size>0xa</size>
         <input_file_ref idref="fl-c"/>
      </object_component>
      <object_component id="oc-434">
         <name>.text:ECAP7_2_ISR</name>
         <load_address>0x82ff5</load_address>
         <run_address>0x82ff5</run_address>
         <size>0xa</size>
         <input_file_ref idref="fl-c"/>
      </object_component>
      <object_component id="oc-42e">
         <name>.text:ECAP7_ISR</name>
         <load_address>0x82fff</load_address>
         <run_address>0x82fff</run_address>
         <size>0xa</size>
         <input_file_ref idref="fl-c"/>
      </object_component>
      <object_component id="oc-428">
         <name>.text:ECATRST_ISR</name>
         <load_address>0x83009</load_address>
         <run_address>0x83009</run_address>
         <size>0xa</size>
         <input_file_ref idref="fl-c"/>
      </object_component>
      <object_component id="oc-422">
         <name>.text:ECATSYNC0_ISR</name>
         <load_address>0x83013</load_address>
         <run_address>0x83013</run_address>
         <size>0xa</size>
         <input_file_ref idref="fl-c"/>
      </object_component>
      <object_component id="oc-41c">
         <name>.text:ECATSYNC1_ISR</name>
         <load_address>0x8301d</load_address>
         <run_address>0x8301d</run_address>
         <size>0xa</size>
         <input_file_ref idref="fl-c"/>
      </object_component>
      <object_component id="oc-416">
         <name>.text:ECAT_ISR</name>
         <load_address>0x83027</load_address>
         <run_address>0x83027</run_address>
         <size>0xa</size>
         <input_file_ref idref="fl-c"/>
      </object_component>
      <object_component id="oc-40a">
         <name>.text:EMU_ISR</name>
         <load_address>0x83031</load_address>
         <run_address>0x83031</run_address>
         <size>0xa</size>
         <input_file_ref idref="fl-c"/>
      </object_component>
      <object_component id="oc-404">
         <name>.text:EPWM10_ISR</name>
         <load_address>0x8303b</load_address>
         <run_address>0x8303b</run_address>
         <size>0xa</size>
         <input_file_ref idref="fl-c"/>
      </object_component>
      <object_component id="oc-3fe">
         <name>.text:EPWM10_TZ_ISR</name>
         <load_address>0x83045</load_address>
         <run_address>0x83045</run_address>
         <size>0xa</size>
         <input_file_ref idref="fl-c"/>
      </object_component>
      <object_component id="oc-3f8">
         <name>.text:EPWM11_ISR</name>
         <load_address>0x8304f</load_address>
         <run_address>0x8304f</run_address>
         <size>0xa</size>
         <input_file_ref idref="fl-c"/>
      </object_component>
      <object_component id="oc-3f2">
         <name>.text:EPWM11_TZ_ISR</name>
         <load_address>0x83059</load_address>
         <run_address>0x83059</run_address>
         <size>0xa</size>
         <input_file_ref idref="fl-c"/>
      </object_component>
      <object_component id="oc-3ec">
         <name>.text:EPWM12_ISR</name>
         <load_address>0x83063</load_address>
         <run_address>0x83063</run_address>
         <size>0xa</size>
         <input_file_ref idref="fl-c"/>
      </object_component>
      <object_component id="oc-3e6">
         <name>.text:EPWM12_TZ_ISR</name>
         <load_address>0x8306d</load_address>
         <run_address>0x8306d</run_address>
         <size>0xa</size>
         <input_file_ref idref="fl-c"/>
      </object_component>
      <object_component id="oc-3e0">
         <name>.text:EPWM13_ISR</name>
         <load_address>0x83077</load_address>
         <run_address>0x83077</run_address>
         <size>0xa</size>
         <input_file_ref idref="fl-c"/>
      </object_component>
      <object_component id="oc-3da">
         <name>.text:EPWM13_TZ_ISR</name>
         <load_address>0x83081</load_address>
         <run_address>0x83081</run_address>
         <size>0xa</size>
         <input_file_ref idref="fl-c"/>
      </object_component>
      <object_component id="oc-3d4">
         <name>.text:EPWM14_ISR</name>
         <load_address>0x8308b</load_address>
         <run_address>0x8308b</run_address>
         <size>0xa</size>
         <input_file_ref idref="fl-c"/>
      </object_component>
      <object_component id="oc-3ce">
         <name>.text:EPWM14_TZ_ISR</name>
         <load_address>0x83095</load_address>
         <run_address>0x83095</run_address>
         <size>0xa</size>
         <input_file_ref idref="fl-c"/>
      </object_component>
      <object_component id="oc-3c8">
         <name>.text:EPWM15_ISR</name>
         <load_address>0x8309f</load_address>
         <run_address>0x8309f</run_address>
         <size>0xa</size>
         <input_file_ref idref="fl-c"/>
      </object_component>
      <object_component id="oc-3c2">
         <name>.text:EPWM15_TZ_ISR</name>
         <load_address>0x830a9</load_address>
         <run_address>0x830a9</run_address>
         <size>0xa</size>
         <input_file_ref idref="fl-c"/>
      </object_component>
      <object_component id="oc-3bc">
         <name>.text:EPWM16_ISR</name>
         <load_address>0x830b3</load_address>
         <run_address>0x830b3</run_address>
         <size>0xa</size>
         <input_file_ref idref="fl-c"/>
      </object_component>
      <object_component id="oc-3b6">
         <name>.text:EPWM16_TZ_ISR</name>
         <load_address>0x830bd</load_address>
         <run_address>0x830bd</run_address>
         <size>0xa</size>
         <input_file_ref idref="fl-c"/>
      </object_component>
      <object_component id="oc-3b0">
         <name>.text:EPWM1_ISR</name>
         <load_address>0x830c7</load_address>
         <run_address>0x830c7</run_address>
         <size>0xa</size>
         <input_file_ref idref="fl-c"/>
      </object_component>
      <object_component id="oc-3aa">
         <name>.text:EPWM1_TZ_ISR</name>
         <load_address>0x830d1</load_address>
         <run_address>0x830d1</run_address>
         <size>0xa</size>
         <input_file_ref idref="fl-c"/>
      </object_component>
      <object_component id="oc-3a4">
         <name>.text:EPWM2_ISR</name>
         <load_address>0x830db</load_address>
         <run_address>0x830db</run_address>
         <size>0xa</size>
         <input_file_ref idref="fl-c"/>
      </object_component>
      <object_component id="oc-39e">
         <name>.text:EPWM2_TZ_ISR</name>
         <load_address>0x830e5</load_address>
         <run_address>0x830e5</run_address>
         <size>0xa</size>
         <input_file_ref idref="fl-c"/>
      </object_component>
      <object_component id="oc-398">
         <name>.text:EPWM3_ISR</name>
         <load_address>0x830ef</load_address>
         <run_address>0x830ef</run_address>
         <size>0xa</size>
         <input_file_ref idref="fl-c"/>
      </object_component>
      <object_component id="oc-392">
         <name>.text:EPWM3_TZ_ISR</name>
         <load_address>0x830f9</load_address>
         <run_address>0x830f9</run_address>
         <size>0xa</size>
         <input_file_ref idref="fl-c"/>
      </object_component>
      <object_component id="oc-38c">
         <name>.text:EPWM4_ISR</name>
         <load_address>0x83103</load_address>
         <run_address>0x83103</run_address>
         <size>0xa</size>
         <input_file_ref idref="fl-c"/>
      </object_component>
      <object_component id="oc-386">
         <name>.text:EPWM4_TZ_ISR</name>
         <load_address>0x8310d</load_address>
         <run_address>0x8310d</run_address>
         <size>0xa</size>
         <input_file_ref idref="fl-c"/>
      </object_component>
      <object_component id="oc-380">
         <name>.text:EPWM5_ISR</name>
         <load_address>0x83117</load_address>
         <run_address>0x83117</run_address>
         <size>0xa</size>
         <input_file_ref idref="fl-c"/>
      </object_component>
      <object_component id="oc-37a">
         <name>.text:EPWM5_TZ_ISR</name>
         <load_address>0x83121</load_address>
         <run_address>0x83121</run_address>
         <size>0xa</size>
         <input_file_ref idref="fl-c"/>
      </object_component>
      <object_component id="oc-374">
         <name>.text:EPWM6_ISR</name>
         <load_address>0x8312b</load_address>
         <run_address>0x8312b</run_address>
         <size>0xa</size>
         <input_file_ref idref="fl-c"/>
      </object_component>
      <object_component id="oc-36e">
         <name>.text:EPWM6_TZ_ISR</name>
         <load_address>0x83135</load_address>
         <run_address>0x83135</run_address>
         <size>0xa</size>
         <input_file_ref idref="fl-c"/>
      </object_component>
      <object_component id="oc-368">
         <name>.text:EPWM7_ISR</name>
         <load_address>0x8313f</load_address>
         <run_address>0x8313f</run_address>
         <size>0xa</size>
         <input_file_ref idref="fl-c"/>
      </object_component>
      <object_component id="oc-362">
         <name>.text:EPWM7_TZ_ISR</name>
         <load_address>0x83149</load_address>
         <run_address>0x83149</run_address>
         <size>0xa</size>
         <input_file_ref idref="fl-c"/>
      </object_component>
      <object_component id="oc-35c">
         <name>.text:EPWM8_ISR</name>
         <load_address>0x83153</load_address>
         <run_address>0x83153</run_address>
         <size>0xa</size>
         <input_file_ref idref="fl-c"/>
      </object_component>
      <object_component id="oc-356">
         <name>.text:EPWM8_TZ_ISR</name>
         <load_address>0x8315d</load_address>
         <run_address>0x8315d</run_address>
         <size>0xa</size>
         <input_file_ref idref="fl-c"/>
      </object_component>
      <object_component id="oc-350">
         <name>.text:EPWM9_ISR</name>
         <load_address>0x83167</load_address>
         <run_address>0x83167</run_address>
         <size>0xa</size>
         <input_file_ref idref="fl-c"/>
      </object_component>
      <object_component id="oc-34a">
         <name>.text:EPWM9_TZ_ISR</name>
         <load_address>0x83171</load_address>
         <run_address>0x83171</run_address>
         <size>0xa</size>
         <input_file_ref idref="fl-c"/>
      </object_component>
      <object_component id="oc-344">
         <name>.text:EQEP1_ISR</name>
         <load_address>0x8317b</load_address>
         <run_address>0x8317b</run_address>
         <size>0xa</size>
         <input_file_ref idref="fl-c"/>
      </object_component>
      <object_component id="oc-33e">
         <name>.text:EQEP2_ISR</name>
         <load_address>0x83185</load_address>
         <run_address>0x83185</run_address>
         <size>0xa</size>
         <input_file_ref idref="fl-c"/>
      </object_component>
      <object_component id="oc-338">
         <name>.text:EQEP3_ISR</name>
         <load_address>0x8318f</load_address>
         <run_address>0x8318f</run_address>
         <size>0xa</size>
         <input_file_ref idref="fl-c"/>
      </object_component>
      <object_component id="oc-332">
         <name>.text:FMC_ISR</name>
         <load_address>0x83199</load_address>
         <run_address>0x83199</run_address>
         <size>0xa</size>
         <input_file_ref idref="fl-c"/>
      </object_component>
      <object_component id="oc-32c">
         <name>.text:FPU_OFLOW_ISR</name>
         <load_address>0x831a3</load_address>
         <run_address>0x831a3</run_address>
         <size>0xa</size>
         <input_file_ref idref="fl-c"/>
      </object_component>
      <object_component id="oc-326">
         <name>.text:FPU_UFLOW_ISR</name>
         <load_address>0x831ad</load_address>
         <run_address>0x831ad</run_address>
         <size>0xa</size>
         <input_file_ref idref="fl-c"/>
      </object_component>
      <object_component id="oc-320">
         <name>.text:FSIRXA1_ISR</name>
         <load_address>0x831b7</load_address>
         <run_address>0x831b7</run_address>
         <size>0xa</size>
         <input_file_ref idref="fl-c"/>
      </object_component>
      <object_component id="oc-31a">
         <name>.text:FSIRXA2_ISR</name>
         <load_address>0x831c1</load_address>
         <run_address>0x831c1</run_address>
         <size>0xa</size>
         <input_file_ref idref="fl-c"/>
      </object_component>
      <object_component id="oc-314">
         <name>.text:FSIRXB1_ISR</name>
         <load_address>0x831cb</load_address>
         <run_address>0x831cb</run_address>
         <size>0xa</size>
         <input_file_ref idref="fl-c"/>
      </object_component>
      <object_component id="oc-30e">
         <name>.text:FSIRXB2_ISR</name>
         <load_address>0x831d5</load_address>
         <run_address>0x831d5</run_address>
         <size>0xa</size>
         <input_file_ref idref="fl-c"/>
      </object_component>
      <object_component id="oc-308">
         <name>.text:FSIRXC1_ISR</name>
         <load_address>0x831df</load_address>
         <run_address>0x831df</run_address>
         <size>0xa</size>
         <input_file_ref idref="fl-c"/>
      </object_component>
      <object_component id="oc-302">
         <name>.text:FSIRXC2_ISR</name>
         <load_address>0x831e9</load_address>
         <run_address>0x831e9</run_address>
         <size>0xa</size>
         <input_file_ref idref="fl-c"/>
      </object_component>
      <object_component id="oc-2fc">
         <name>.text:FSIRXD1_ISR</name>
         <load_address>0x831f3</load_address>
         <run_address>0x831f3</run_address>
         <size>0xa</size>
         <input_file_ref idref="fl-c"/>
      </object_component>
      <object_component id="oc-2f6">
         <name>.text:FSIRXD2_ISR</name>
         <load_address>0x831fd</load_address>
         <run_address>0x831fd</run_address>
         <size>0xa</size>
         <input_file_ref idref="fl-c"/>
      </object_component>
      <object_component id="oc-2f0">
         <name>.text:FSIRXE1_ISR</name>
         <load_address>0x83207</load_address>
         <run_address>0x83207</run_address>
         <size>0xa</size>
         <input_file_ref idref="fl-c"/>
      </object_component>
      <object_component id="oc-2ea">
         <name>.text:FSIRXE2_ISR</name>
         <load_address>0x83211</load_address>
         <run_address>0x83211</run_address>
         <size>0xa</size>
         <input_file_ref idref="fl-c"/>
      </object_component>
      <object_component id="oc-2e4">
         <name>.text:FSIRXF1_ISR</name>
         <load_address>0x8321b</load_address>
         <run_address>0x8321b</run_address>
         <size>0xa</size>
         <input_file_ref idref="fl-c"/>
      </object_component>
      <object_component id="oc-2de">
         <name>.text:FSIRXF2_ISR</name>
         <load_address>0x83225</load_address>
         <run_address>0x83225</run_address>
         <size>0xa</size>
         <input_file_ref idref="fl-c"/>
      </object_component>
      <object_component id="oc-2d8">
         <name>.text:FSIRXG1_ISR</name>
         <load_address>0x8322f</load_address>
         <run_address>0x8322f</run_address>
         <size>0xa</size>
         <input_file_ref idref="fl-c"/>
      </object_component>
      <object_component id="oc-2d2">
         <name>.text:FSIRXG2_ISR</name>
         <load_address>0x83239</load_address>
         <run_address>0x83239</run_address>
         <size>0xa</size>
         <input_file_ref idref="fl-c"/>
      </object_component>
      <object_component id="oc-2cc">
         <name>.text:FSIRXH1_ISR</name>
         <load_address>0x83243</load_address>
         <run_address>0x83243</run_address>
         <size>0xa</size>
         <input_file_ref idref="fl-c"/>
      </object_component>
      <object_component id="oc-2c6">
         <name>.text:FSIRXH2_ISR</name>
         <load_address>0x8324d</load_address>
         <run_address>0x8324d</run_address>
         <size>0xa</size>
         <input_file_ref idref="fl-c"/>
      </object_component>
      <object_component id="oc-2c0">
         <name>.text:FSITXA1_ISR</name>
         <load_address>0x83257</load_address>
         <run_address>0x83257</run_address>
         <size>0xa</size>
         <input_file_ref idref="fl-c"/>
      </object_component>
      <object_component id="oc-2ba">
         <name>.text:FSITXA2_ISR</name>
         <load_address>0x83261</load_address>
         <run_address>0x83261</run_address>
         <size>0xa</size>
         <input_file_ref idref="fl-c"/>
      </object_component>
      <object_component id="oc-2b4">
         <name>.text:FSITXB1_ISR</name>
         <load_address>0x8326b</load_address>
         <run_address>0x8326b</run_address>
         <size>0xa</size>
         <input_file_ref idref="fl-c"/>
      </object_component>
      <object_component id="oc-2ae">
         <name>.text:FSITXB2_ISR</name>
         <load_address>0x83275</load_address>
         <run_address>0x83275</run_address>
         <size>0xa</size>
         <input_file_ref idref="fl-c"/>
      </object_component>
      <object_component id="oc-784">
         <name>.text:GPIO_EnableUnbondedIOPullups</name>
         <load_address>0x8327f</load_address>
         <run_address>0x8327f</run_address>
         <size>0xa</size>
         <input_file_ref idref="fl-12"/>
      </object_component>
      <object_component id="oc-2a8">
         <name>.text:I2CA_FIFO_ISR</name>
         <load_address>0x83289</load_address>
         <run_address>0x83289</run_address>
         <size>0xa</size>
         <input_file_ref idref="fl-c"/>
      </object_component>
      <object_component id="oc-2a2">
         <name>.text:I2CA_HIGH_ISR</name>
         <load_address>0x83293</load_address>
         <run_address>0x83293</run_address>
         <size>0xa</size>
         <input_file_ref idref="fl-c"/>
      </object_component>
      <object_component id="oc-29c">
         <name>.text:I2CA_ISR</name>
         <load_address>0x8329d</load_address>
         <run_address>0x8329d</run_address>
         <size>0xa</size>
         <input_file_ref idref="fl-c"/>
      </object_component>
      <object_component id="oc-296">
         <name>.text:I2CB_FIFO_ISR</name>
         <load_address>0x832a7</load_address>
         <run_address>0x832a7</run_address>
         <size>0xa</size>
         <input_file_ref idref="fl-c"/>
      </object_component>
      <object_component id="oc-290">
         <name>.text:I2CB_ISR</name>
         <load_address>0x832b1</load_address>
         <run_address>0x832b1</run_address>
         <size>0xa</size>
         <input_file_ref idref="fl-c"/>
      </object_component>
      <object_component id="oc-28a">
         <name>.text:ILLEGAL_ISR</name>
         <load_address>0x832bb</load_address>
         <run_address>0x832bb</run_address>
         <size>0xa</size>
         <input_file_ref idref="fl-c"/>
      </object_component>
      <object_component id="oc-284">
         <name>.text:MCANSS0_ISR</name>
         <load_address>0x832c5</load_address>
         <run_address>0x832c5</run_address>
         <size>0xa</size>
         <input_file_ref idref="fl-c"/>
      </object_component>
      <object_component id="oc-27e">
         <name>.text:MCANSS1_ISR</name>
         <load_address>0x832cf</load_address>
         <run_address>0x832cf</run_address>
         <size>0xa</size>
         <input_file_ref idref="fl-c"/>
      </object_component>
      <object_component id="oc-278">
         <name>.text:MCANSS_ECC_CORR_PLS_ISR</name>
         <load_address>0x832d9</load_address>
         <run_address>0x832d9</run_address>
         <size>0xa</size>
         <input_file_ref idref="fl-c"/>
      </object_component>
      <object_component id="oc-272">
         <name>.text:MCANSS_WAKE_AND_TS_PLS_ISR</name>
         <load_address>0x832e3</load_address>
         <run_address>0x832e3</run_address>
         <size>0xa</size>
         <input_file_ref idref="fl-c"/>
      </object_component>
      <object_component id="oc-26c">
         <name>.text:MCBSPA_RX_ISR</name>
         <load_address>0x832ed</load_address>
         <run_address>0x832ed</run_address>
         <size>0xa</size>
         <input_file_ref idref="fl-c"/>
      </object_component>
      <object_component id="oc-266">
         <name>.text:MCBSPA_TX_ISR</name>
         <load_address>0x832f7</load_address>
         <run_address>0x832f7</run_address>
         <size>0xa</size>
         <input_file_ref idref="fl-c"/>
      </object_component>
      <object_component id="oc-260">
         <name>.text:MCBSPB_RX_ISR</name>
         <load_address>0x83301</load_address>
         <run_address>0x83301</run_address>
         <size>0xa</size>
         <input_file_ref idref="fl-c"/>
      </object_component>
      <object_component id="oc-25a">
         <name>.text:MCBSPB_TX_ISR</name>
         <load_address>0x8330b</load_address>
         <run_address>0x8330b</run_address>
         <size>0xa</size>
         <input_file_ref idref="fl-c"/>
      </object_component>
      <object_component id="oc-254">
         <name>.text:MPOST_ISR</name>
         <load_address>0x83315</load_address>
         <run_address>0x83315</run_address>
         <size>0xa</size>
         <input_file_ref idref="fl-c"/>
      </object_component>
      <object_component id="oc-24e">
         <name>.text:NMI_ISR</name>
         <load_address>0x8331f</load_address>
         <run_address>0x8331f</run_address>
         <size>0xa</size>
         <input_file_ref idref="fl-c"/>
      </object_component>
      <object_component id="oc-248">
         <name>.text:NOTUSED_ISR</name>
         <load_address>0x83329</load_address>
         <run_address>0x83329</run_address>
         <size>0xa</size>
         <input_file_ref idref="fl-c"/>
      </object_component>
      <object_component id="oc-242">
         <name>.text:PIE_RESERVED_ISR</name>
         <load_address>0x83333</load_address>
         <run_address>0x83333</run_address>
         <size>0xa</size>
         <input_file_ref idref="fl-c"/>
      </object_component>
      <object_component id="oc-23c">
         <name>.text:PMBUSA_ISR</name>
         <load_address>0x8333d</load_address>
         <run_address>0x8333d</run_address>
         <size>0xa</size>
         <input_file_ref idref="fl-c"/>
      </object_component>
      <object_component id="oc-236">
         <name>.text:RTOS_ISR</name>
         <load_address>0x83347</load_address>
         <run_address>0x83347</run_address>
         <size>0xa</size>
         <input_file_ref idref="fl-c"/>
      </object_component>
      <object_component id="oc-230">
         <name>.text:SCIA_RX_ISR</name>
         <load_address>0x83351</load_address>
         <run_address>0x83351</run_address>
         <size>0xa</size>
         <input_file_ref idref="fl-c"/>
      </object_component>
      <object_component id="oc-22a">
         <name>.text:SCIA_TX_ISR</name>
         <load_address>0x8335b</load_address>
         <run_address>0x8335b</run_address>
         <size>0xa</size>
         <input_file_ref idref="fl-c"/>
      </object_component>
      <object_component id="oc-224">
         <name>.text:SCIB_RX_ISR</name>
         <load_address>0x83365</load_address>
         <run_address>0x83365</run_address>
         <size>0xa</size>
         <input_file_ref idref="fl-c"/>
      </object_component>
      <object_component id="oc-21e">
         <name>.text:SCIB_TX_ISR</name>
         <load_address>0x8336f</load_address>
         <run_address>0x8336f</run_address>
         <size>0xa</size>
         <input_file_ref idref="fl-c"/>
      </object_component>
      <object_component id="oc-218">
         <name>.text:SCIC_RX_ISR</name>
         <load_address>0x83379</load_address>
         <run_address>0x83379</run_address>
         <size>0xa</size>
         <input_file_ref idref="fl-c"/>
      </object_component>
      <object_component id="oc-212">
         <name>.text:SCIC_TX_ISR</name>
         <load_address>0x83383</load_address>
         <run_address>0x83383</run_address>
         <size>0xa</size>
         <input_file_ref idref="fl-c"/>
      </object_component>
      <object_component id="oc-20c">
         <name>.text:SCID_RX_ISR</name>
         <load_address>0x8338d</load_address>
         <run_address>0x8338d</run_address>
         <size>0xa</size>
         <input_file_ref idref="fl-c"/>
      </object_component>
      <object_component id="oc-206">
         <name>.text:SCID_TX_ISR</name>
         <load_address>0x83397</load_address>
         <run_address>0x83397</run_address>
         <size>0xa</size>
         <input_file_ref idref="fl-c"/>
      </object_component>
      <object_component id="oc-200">
         <name>.text:SDFM1DR1_ISR</name>
         <load_address>0x833a1</load_address>
         <run_address>0x833a1</run_address>
         <size>0xa</size>
         <input_file_ref idref="fl-c"/>
      </object_component>
      <object_component id="oc-1fa">
         <name>.text:SDFM1DR2_ISR</name>
         <load_address>0x833ab</load_address>
         <run_address>0x833ab</run_address>
         <size>0xa</size>
         <input_file_ref idref="fl-c"/>
      </object_component>
      <object_component id="oc-1f4">
         <name>.text:SDFM1DR3_ISR</name>
         <load_address>0x833b5</load_address>
         <run_address>0x833b5</run_address>
         <size>0xa</size>
         <input_file_ref idref="fl-c"/>
      </object_component>
      <object_component id="oc-1ee">
         <name>.text:SDFM1DR4_ISR</name>
         <load_address>0x833bf</load_address>
         <run_address>0x833bf</run_address>
         <size>0xa</size>
         <input_file_ref idref="fl-c"/>
      </object_component>
      <object_component id="oc-1e8">
         <name>.text:SDFM1_ISR</name>
         <load_address>0x833c9</load_address>
         <run_address>0x833c9</run_address>
         <size>0xa</size>
         <input_file_ref idref="fl-c"/>
      </object_component>
      <object_component id="oc-1e2">
         <name>.text:SDFM2DR1_ISR</name>
         <load_address>0x833d3</load_address>
         <run_address>0x833d3</run_address>
         <size>0xa</size>
         <input_file_ref idref="fl-c"/>
      </object_component>
      <object_component id="oc-1dc">
         <name>.text:SDFM2DR2_ISR</name>
         <load_address>0x833dd</load_address>
         <run_address>0x833dd</run_address>
         <size>0xa</size>
         <input_file_ref idref="fl-c"/>
      </object_component>
      <object_component id="oc-1d6">
         <name>.text:SDFM2DR3_ISR</name>
         <load_address>0x833e7</load_address>
         <run_address>0x833e7</run_address>
         <size>0xa</size>
         <input_file_ref idref="fl-c"/>
      </object_component>
      <object_component id="oc-1d0">
         <name>.text:SDFM2DR4_ISR</name>
         <load_address>0x833f1</load_address>
         <run_address>0x833f1</run_address>
         <size>0xa</size>
         <input_file_ref idref="fl-c"/>
      </object_component>
      <object_component id="oc-1ca">
         <name>.text:SDFM2_ISR</name>
         <load_address>0x833fb</load_address>
         <run_address>0x833fb</run_address>
         <size>0xa</size>
         <input_file_ref idref="fl-c"/>
      </object_component>
      <object_component id="oc-1c4">
         <name>.text:SPIA_RX_ISR</name>
         <load_address>0x83405</load_address>
         <run_address>0x83405</run_address>
         <size>0xa</size>
         <input_file_ref idref="fl-c"/>
      </object_component>
      <object_component id="oc-1be">
         <name>.text:SPIA_TX_ISR</name>
         <load_address>0x8340f</load_address>
         <run_address>0x8340f</run_address>
         <size>0xa</size>
         <input_file_ref idref="fl-c"/>
      </object_component>
      <object_component id="oc-1b8">
         <name>.text:SPIB_RX_ISR</name>
         <load_address>0x83419</load_address>
         <run_address>0x83419</run_address>
         <size>0xa</size>
         <input_file_ref idref="fl-c"/>
      </object_component>
      <object_component id="oc-1b2">
         <name>.text:SPIB_TX_ISR</name>
         <load_address>0x83423</load_address>
         <run_address>0x83423</run_address>
         <size>0xa</size>
         <input_file_ref idref="fl-c"/>
      </object_component>
      <object_component id="oc-1ac">
         <name>.text:SPIC_RX_ISR</name>
         <load_address>0x8342d</load_address>
         <run_address>0x8342d</run_address>
         <size>0xa</size>
         <input_file_ref idref="fl-c"/>
      </object_component>
      <object_component id="oc-1a6">
         <name>.text:SPIC_TX_ISR</name>
         <load_address>0x83437</load_address>
         <run_address>0x83437</run_address>
         <size>0xa</size>
         <input_file_ref idref="fl-c"/>
      </object_component>
      <object_component id="oc-1a0">
         <name>.text:SPID_RX_ISR</name>
         <load_address>0x83441</load_address>
         <run_address>0x83441</run_address>
         <size>0xa</size>
         <input_file_ref idref="fl-c"/>
      </object_component>
      <object_component id="oc-19a">
         <name>.text:SPID_TX_ISR</name>
         <load_address>0x8344b</load_address>
         <run_address>0x8344b</run_address>
         <size>0xa</size>
         <input_file_ref idref="fl-c"/>
      </object_component>
      <object_component id="oc-194">
         <name>.text:SYS_ERR_ISR</name>
         <load_address>0x83455</load_address>
         <run_address>0x83455</run_address>
         <size>0xa</size>
         <input_file_ref idref="fl-c"/>
      </object_component>
      <object_component id="oc-835">
         <name>.text:SysIntOsc1Sel</name>
         <load_address>0x8345f</load_address>
         <run_address>0x8345f</run_address>
         <size>0xa</size>
         <input_file_ref idref="fl-18"/>
      </object_component>
      <object_component id="oc-18e">
         <name>.text:TIMER0_ISR</name>
         <load_address>0x83469</load_address>
         <run_address>0x83469</run_address>
         <size>0xa</size>
         <input_file_ref idref="fl-c"/>
      </object_component>
      <object_component id="oc-188">
         <name>.text:TIMER1_ISR</name>
         <load_address>0x83473</load_address>
         <run_address>0x83473</run_address>
         <size>0xa</size>
         <input_file_ref idref="fl-c"/>
      </object_component>
      <object_component id="oc-182">
         <name>.text:TIMER2_ISR</name>
         <load_address>0x8347d</load_address>
         <run_address>0x8347d</run_address>
         <size>0xa</size>
         <input_file_ref idref="fl-c"/>
      </object_component>
      <object_component id="oc-17c">
         <name>.text:USBA_ISR</name>
         <load_address>0x83487</load_address>
         <run_address>0x83487</run_address>
         <size>0xa</size>
         <input_file_ref idref="fl-c"/>
      </object_component>
      <object_component id="oc-176">
         <name>.text:USER10_ISR</name>
         <load_address>0x83491</load_address>
         <run_address>0x83491</run_address>
         <size>0xa</size>
         <input_file_ref idref="fl-c"/>
      </object_component>
      <object_component id="oc-170">
         <name>.text:USER11_ISR</name>
         <load_address>0x8349b</load_address>
         <run_address>0x8349b</run_address>
         <size>0xa</size>
         <input_file_ref idref="fl-c"/>
      </object_component>
      <object_component id="oc-16a">
         <name>.text:USER12_ISR</name>
         <load_address>0x834a5</load_address>
         <run_address>0x834a5</run_address>
         <size>0xa</size>
         <input_file_ref idref="fl-c"/>
      </object_component>
      <object_component id="oc-164">
         <name>.text:USER1_ISR</name>
         <load_address>0x834af</load_address>
         <run_address>0x834af</run_address>
         <size>0xa</size>
         <input_file_ref idref="fl-c"/>
      </object_component>
      <object_component id="oc-15e">
         <name>.text:USER2_ISR</name>
         <load_address>0x834b9</load_address>
         <run_address>0x834b9</run_address>
         <size>0xa</size>
         <input_file_ref idref="fl-c"/>
      </object_component>
      <object_component id="oc-158">
         <name>.text:USER3_ISR</name>
         <load_address>0x834c3</load_address>
         <run_address>0x834c3</run_address>
         <size>0xa</size>
         <input_file_ref idref="fl-c"/>
      </object_component>
      <object_component id="oc-152">
         <name>.text:USER4_ISR</name>
         <load_address>0x834cd</load_address>
         <run_address>0x834cd</run_address>
         <size>0xa</size>
         <input_file_ref idref="fl-c"/>
      </object_component>
      <object_component id="oc-14c">
         <name>.text:USER5_ISR</name>
         <load_address>0x834d7</load_address>
         <run_address>0x834d7</run_address>
         <size>0xa</size>
         <input_file_ref idref="fl-c"/>
      </object_component>
      <object_component id="oc-146">
         <name>.text:USER6_ISR</name>
         <load_address>0x834e1</load_address>
         <run_address>0x834e1</run_address>
         <size>0xa</size>
         <input_file_ref idref="fl-c"/>
      </object_component>
      <object_component id="oc-140">
         <name>.text:USER7_ISR</name>
         <load_address>0x834eb</load_address>
         <run_address>0x834eb</run_address>
         <size>0xa</size>
         <input_file_ref idref="fl-c"/>
      </object_component>
      <object_component id="oc-13a">
         <name>.text:USER8_ISR</name>
         <load_address>0x834f5</load_address>
         <run_address>0x834f5</run_address>
         <size>0xa</size>
         <input_file_ref idref="fl-c"/>
      </object_component>
      <object_component id="oc-134">
         <name>.text:USER9_ISR</name>
         <load_address>0x834ff</load_address>
         <run_address>0x834ff</run_address>
         <size>0xa</size>
         <input_file_ref idref="fl-c"/>
      </object_component>
      <object_component id="oc-12e">
         <name>.text:WAKE_ISR</name>
         <load_address>0x83509</load_address>
         <run_address>0x83509</run_address>
         <size>0xa</size>
         <input_file_ref idref="fl-c"/>
      </object_component>
      <object_component id="oc-128">
         <name>.text:XINT1_ISR</name>
         <load_address>0x83513</load_address>
         <run_address>0x83513</run_address>
         <size>0xa</size>
         <input_file_ref idref="fl-c"/>
      </object_component>
      <object_component id="oc-122">
         <name>.text:XINT2_ISR</name>
         <load_address>0x8351d</load_address>
         <run_address>0x8351d</run_address>
         <size>0xa</size>
         <input_file_ref idref="fl-c"/>
      </object_component>
      <object_component id="oc-11c">
         <name>.text:XINT3_ISR</name>
         <load_address>0x83527</load_address>
         <run_address>0x83527</run_address>
         <size>0xa</size>
         <input_file_ref idref="fl-c"/>
      </object_component>
      <object_component id="oc-116">
         <name>.text:XINT4_ISR</name>
         <load_address>0x83531</load_address>
         <run_address>0x83531</run_address>
         <size>0xa</size>
         <input_file_ref idref="fl-c"/>
      </object_component>
      <object_component id="oc-10d">
         <name>.text:XINT5_ISR</name>
         <load_address>0x8353b</load_address>
         <run_address>0x8353b</run_address>
         <size>0xa</size>
         <input_file_ref idref="fl-c"/>
      </object_component>
      <object_component id="oc-922">
         <name>.text</name>
         <load_address>0x83545</load_address>
         <run_address>0x83545</run_address>
         <size>0x9</size>
         <input_file_ref idref="fl-37"/>
      </object_component>
      <object_component id="oc-860">
         <name>.text:AuxIntOsc2Sel</name>
         <load_address>0x8354e</load_address>
         <run_address>0x8354e</run_address>
         <size>0x8</size>
         <input_file_ref idref="fl-18"/>
      </object_component>
      <object_component id="oc-841">
         <name>.text:SysIntOsc2Sel</name>
         <load_address>0x83556</load_address>
         <run_address>0x83556</run_address>
         <size>0x8</size>
         <input_file_ref idref="fl-18"/>
      </object_component>
      <object_component id="oc-da">
         <name>.text:decompress:none</name>
         <load_address>0x8355e</load_address>
         <run_address>0x8355e</run_address>
         <size>0x8</size>
         <input_file_ref idref="fl-34"/>
      </object_component>
      <object_component id="oc-5fb">
         <name>.text</name>
         <load_address>0x83566</load_address>
         <run_address>0x83566</run_address>
         <size>0x8</size>
         <input_file_ref idref="fl-7"/>
      </object_component>
      <object_component id="oc-7f8">
         <name>.text</name>
         <load_address>0x8356e</load_address>
         <run_address>0x8356e</run_address>
         <size>0x2</size>
         <input_file_ref idref="fl-31"/>
      </object_component>
      <object_component id="oc-908">
         <name>.text</name>
         <load_address>0x83570</load_address>
         <run_address>0x83570</run_address>
         <size>0x1</size>
         <input_file_ref idref="fl-3b"/>
      </object_component>
      <object_component id="oc-a54">
         <name>.cinit..data.load</name>
         <load_address>0x88000</load_address>
         <run_address>0x88000</run_address>
         <size>0xa</size>
      </object_component>
      <object_component id="oc-a51">
         <name>__TI_handler_table</name>
         <load_address>0x8800a</load_address>
         <run_address>0x8800a</run_address>
         <size>0x6</size>
      </object_component>
      <object_component id="oc-a53">
         <name>.cinit..bss.load</name>
         <load_address>0x88010</load_address>
         <run_address>0x88010</run_address>
         <size>0x4</size>
      </object_component>
      <object_component id="oc-a55">
         <name>.cinit.PieVectTableFile.load</name>
         <load_address>0x88014</load_address>
         <run_address>0x88014</run_address>
         <size>0x4</size>
      </object_component>
      <object_component id="oc-a52">
         <name>__TI_cinit_table</name>
         <load_address>0x88018</load_address>
         <run_address>0x88018</run_address>
         <size>0xc</size>
      </object_component>
      <object_component id="oc-5e4">
         <name>.stack</name>
         <uninitialized>true</uninitialized>
         <run_address>0x400</run_address>
         <size>0x0</size>
         <input_file_ref idref="fl-2d"/>
      </object_component>
      <object_component id="oc-a56">
         <name>.stack</name>
         <uninitialized>true</uninitialized>
         <run_address>0x400</run_address>
         <size>0x0</size>
      </object_component>
      <object_component id="oc-669">
         <name>.bss</name>
         <uninitialized>true</uninitialized>
         <run_address>0xa800</run_address>
         <size>0x18</size>
         <input_file_ref idref="fl-8"/>
      </object_component>
      <object_component id="oc-604">
         <name>.data</name>
         <load_address>0xa822</load_address>
         <run_address>0xa822</run_address>
         <size>0x1</size>
         <input_file_ref idref="fl-2"/>
      </object_component>
      <object_component id="oc-8c9">
         <name>.data</name>
         <load_address>0xa818</load_address>
         <run_address>0xa818</run_address>
         <size>0x6</size>
         <input_file_ref idref="fl-36"/>
      </object_component>
      <object_component id="oc-8cc">
         <name>.data:_lock</name>
         <load_address>0xa81e</load_address>
         <run_address>0xa81e</run_address>
         <size>0x2</size>
         <input_file_ref idref="fl-37"/>
      </object_component>
      <object_component id="oc-93f">
         <name>.data:_unlock</name>
         <load_address>0xa820</load_address>
         <run_address>0xa820</run_address>
         <size>0x2</size>
         <input_file_ref idref="fl-37"/>
      </object_component>
      <object_component id="oc-113">
         <name>.const</name>
         <load_address>0x90000</load_address>
         <run_address>0x90000</run_address>
         <size>0x1c0</size>
[...]
         <name>CANA0_ISR</name>
         <value>0x82df7</value>
         <object_component_ref idref="oc-566"/>
      </symbol>
      <symbol id="sm-8e3">
         <name>CANB0_ISR</name>
         <value>0x82e0b</value>
         <object_component_ref idref="oc-55a"/>
      </symbol>
      <symbol id="sm-8e4">
         <name>CLB5_ISR</name>
         <value>0x82edd</value>
         <object_component_ref idref="oc-4dc"/>
      </symbol>
      <symbol id="sm-8e5">
         <name>ECAP7_2_ISR</name>
         <value>0x82ff5</value>
         <object_component_ref idref="oc-434"/>
      </symbol>
      <symbol id="sm-8e6">
         <name>FSIRXA1_ISR</name>
         <value>0x831b7</value>
         <object_component_ref idref="oc-320"/>
      </symbol>
      <symbol id="sm-8e7">
         <name>EPWM1_TZ_ISR</name>
         <value>0x830d1</value>
         <object_component_ref idref="oc-3aa"/>
      </symbol>
      <symbol id="sm-8e8">
         <name>FSIRXB1_ISR</name>
         <value>0x831cb</value>
         <object_component_ref idref="oc-314"/>
      </symbol>
      <symbol id="sm-8e9">
         <name>FSIRXC1_ISR</name>
         <value>0x831df</value>
         <object_component_ref idref="oc-308"/>
      </symbol>
      <symbol id="sm-8ea">
         <name>FSIRXD1_ISR</name>
         <value>0x831f3</value>
         <object_component_ref idref="oc-2fc"/>
      </symbol>
      <symbol id="sm-8eb">
         <name>I2CA_FIFO_ISR</name>
         <value>0x83289</value>
         <object_component_ref idref="oc-2a8"/>
      </symbol>
      <symbol id="sm-8ec">
         <name>FSIRXE1_ISR</name>
         <value>0x83207</value>
         <object_component_ref idref="oc-2f0"/>
      </symbol>
      <symbol id="sm-8ed">
         <name>FSIRXF1_ISR</name>
         <value>0x8321b</value>
         <object_component_ref idref="oc-2e4"/>
      </symbol>
      <symbol id="sm-8ee">
         <name>FSIRXG1_ISR</name>
         <value>0x8322f</value>
         <object_component_ref idref="oc-2d8"/>
      </symbol>
      <symbol id="sm-8ef">
         <name>FSIRXH1_ISR</name>
         <value>0x83243</value>
         <object_component_ref idref="oc-2cc"/>
      </symbol>
      <symbol id="sm-8f0">
         <name>EPWM2_ISR</name>
         <value>0x830db</value>
         <object_component_ref idref="oc-3a4"/>
      </symbol>
      <symbol id="sm-8f1">
         <name>USBA_ISR</name>
         <value>0x83487</value>
         <object_component_ref idref="oc-17c"/>
      </symbol>
      <symbol id="sm-8f2">
         <name>SDFM1DR4_ISR</name>
         <value>0x833bf</value>
         <object_component_ref idref="oc-1ee"/>
      </symbol>
      <symbol id="sm-8f3">
         <name>ADCD_EVT_ISR</name>
         <value>0x82de3</value>
         <object_component_ref idref="oc-56c"/>
      </symbol>
      <symbol id="sm-8f4">
         <name>DMA_CH3_ISR</name>
         <value>0x82f87</value>
         <object_component_ref idref="oc-476"/>
      </symbol>
      <symbol id="sm-8f5">
         <name>FMC_ISR</name>
         <value>0x83199</value>
         <object_component_ref idref="oc-332"/>
      </symbol>
      <symbol id="sm-8f6">
         <name>ADCC_EVT_ISR</name>
         <value>0x82db1</value>
         <object_component_ref idref="oc-58a"/>
      </symbol>
      <symbol id="sm-8f7">
         <name>EPWM11_ISR</name>
         <value>0x8304f</value>
         <object_component_ref idref="oc-3f8"/>
      </symbol>
      <symbol id="sm-8f8">
         <name>DATALOG_ISR</name>
         <value>0x82f69</value>
         <object_component_ref idref="oc-488"/>
      </symbol>
      <symbol id="sm-8f9">
         <name>XINT2_ISR</name>
         <value>0x8351d</value>
         <object_component_ref idref="oc-122"/>
      </symbol>
      <symbol id="sm-8fa">
         <name>PIE_RESERVED_ISR</name>
         <value>0x83333</value>
         <object_component_ref idref="oc-242"/>
      </symbol>
      <symbol id="sm-8fb">
         <name>SCIB_RX_ISR</name>
         <value>0x83365</value>
         <object_component_ref idref="oc-224"/>
      </symbol>
      <symbol id="sm-8fc">
         <name>SCIB_TX_ISR</name>
         <value>0x8336f</value>
         <object_component_ref idref="oc-21e"/>
      </symbol>
      <symbol id="sm-8fd">
         <name>I2CB_ISR</name>
         <value>0x832b1</value>
         <object_component_ref idref="oc-290"/>
      </symbol>
      <symbol id="sm-8fe">
         <name>CANA1_ISR</name>
         <value>0x82e01</value>
         <object_component_ref idref="oc-560"/>
      </symbol>
      <symbol id="sm-8ff">
         <name>SPIC_RX_ISR</name>
         <value>0x8342d</value>
         <object_component_ref idref="oc-1ac"/>
      </symbol>
      <symbol id="sm-900">
         <name>CANB1_ISR</name>
         <value>0x82e15</value>
         <object_component_ref idref="oc-554"/>
      </symbol>
      <symbol id="sm-901">
         <name>CPUCRC_ISR</name>
         <value>0x82f5f</value>
         <object_component_ref idref="oc-48e"/>
      </symbol>
      <symbol id="sm-902">
         <name>CLB6_ISR</name>
         <value>0x82ee7</value>
         <object_component_ref idref="oc-4d6"/>
      </symbol>
      <symbol id="sm-903">
         <name>SPIC_TX_ISR</name>
         <value>0x83437</value>
         <object_component_ref idref="oc-1a6"/>
      </symbol>
      <symbol id="sm-904">
         <name>EPWM15_TZ_ISR</name>
         <value>0x830a9</value>
         <object_component_ref idref="oc-3c2"/>
      </symbol>
      <symbol id="sm-905">
         <name>FSIRXA2_ISR</name>
         <value>0x831c1</value>
         <object_component_ref idref="oc-31a"/>
      </symbol>
      <symbol id="sm-906">
         <name>FSIRXB2_ISR</name>
         <value>0x831d5</value>
         <object_component_ref idref="oc-30e"/>
      </symbol>
      <symbol id="sm-907">
         <name>EPWM12_TZ_ISR</name>
         <value>0x8306d</value>
         <object_component_ref idref="oc-3e6"/>
      </symbol>
      <symbol id="sm-908">
         <name>FSIRXC2_ISR</name>
         <value>0x831e9</value>
         <object_component_ref idref="oc-302"/>
      </symbol>
      <symbol id="sm-909">
         <name>ILLEGAL_ISR</name>
         <value>0x832bb</value>
         <object_component_ref idref="oc-28a"/>
      </symbol>
      <symbol id="sm-90a">
         <name>FSIRXD2_ISR</name>
         <value>0x831fd</value>
         <object_component_ref idref="oc-2f6"/>
      </symbol>
      <symbol id="sm-90b">
         <name>FSIRXE2_ISR</name>
         <value>0x83211</value>
         <object_component_ref idref="oc-2ea"/>
      </symbol>
      <symbol id="sm-90c">
         <name>FSIRXF2_ISR</name>
         <value>0x83225</value>
         <object_component_ref idref="oc-2de"/>
      </symbol>
      <symbol id="sm-90d">
         <name>FSIRXG2_ISR</name>
         <value>0x83239</value>
         <object_component_ref idref="oc-2d2"/>
      </symbol>
      <symbol id="sm-90e">
         <name>FSIRXH2_ISR</name>
         <value>0x8324d</value>
         <object_component_ref idref="oc-2c6"/>
      </symbol>
      <symbol id="sm-90f">
         <name>EPWM3_ISR</name>
         <value>0x830ef</value>
         <object_component_ref idref="oc-398"/>
      </symbol>
      <symbol id="sm-910">
         <name>I2CA_HIGH_ISR</name>
         <value>0x83293</value>
         <object_component_ref idref="oc-2a2"/>
      </symbol>
      <symbol id="sm-911">
         <name>FPU_UFLOW_ISR</name>
         <value>0x831ad</value>
         <object_component_ref idref="oc-326"/>
      </symbol>
      <symbol id="sm-912">
         <name>TIMER0_ISR</name>
         <value>0x83469</value>
         <object_component_ref idref="oc-18e"/>
      </symbol>
      <symbol id="sm-913">
         <name>EPWM10_ISR</name>
         <value>0x8303b</value>
         <object_component_ref idref="oc-404"/>
      </symbol>
      <symbol id="sm-914">
         <name>USER3_ISR</name>
         <value>0x834c3</value>
         <object_component_ref idref="oc-158"/>
      </symbol>
      <symbol id="sm-92b">
         <name>InitEPwm1Gpio</name>
         <value>0x82ca1</value>
         <object_component_ref idref="oc-621"/>
      </symbol>
      <symbol id="sm-92c">
         <name>InitEPwm2Gpio</name>
         <value>0x82cb7</value>
         <object_component_ref idref="oc-627"/>
      </symbol>
      <symbol id="sm-942">
         <name>GPIO_EnableUnbondedIOPullupsFor176Pin</name>
         <value>0x82c27</value>
         <object_component_ref idref="oc-81d"/>
      </symbol>
      <symbol id="sm-943">
         <name>GPIO_EnableUnbondedIOPullups</name>
         <value>0x8327f</value>
         <object_component_ref idref="oc-784"/>
      </symbol>
      <symbol id="sm-951">
         <name>InitPieCtrl</name>
         <value>0x82bb2</value>
         <object_component_ref idref="oc-62d"/>
      </symbol>
      <symbol id="sm-964">
         <name>InitPieVectTable</name>
         <value>0x82ce1</value>
         <object_component_ref idref="oc-633"/>
      </symbol>
      <symbol id="sm-965">
         <name>PieVectTableInit</name>
         <value>0x90000</value>
         <object_component_ref idref="oc-113"/>
      </symbol>
      <symbol id="sm-a23">
         <name>ComputeCntrSeedValue</name>
         <value>0x826ce</value>
         <object_component_ref idref="oc-8f6"/>
      </symbol>
      <symbol id="sm-a24">
         <name>VerifyXTAL</name>
         <value>0x824e5</value>
         <object_component_ref idref="oc-78a"/>
      </symbol>
      <symbol id="sm-a25">
         <name>IsPLLValid</name>
         <value>0x8263a</value>
         <object_component_ref idref="oc-847"/>
      </symbol>
      <symbol id="sm-a26">
         <name>InitPeripheralClocks</name>
         <value>0x82101</value>
         <object_component_ref idref="oc-79c"/>
      </symbol>
      <symbol id="sm-a27">
         <name>SysIntOsc1Sel</name>
         <value>0x8345f</value>
         <object_component_ref idref="oc-835"/>
      </symbol>
      <symbol id="sm-a28">
         <name>SysXtalOscSel</name>
         <value>0x82ac8</value>
         <object_component_ref idref="oc-83b"/>
      </symbol>
      <symbol id="sm-a29">
         <name>SysXtalOscSESel</name>
         <value>0x82bd1</value>
         <object_component_ref idref="oc-82f"/>
      </symbol>
      <symbol id="sm-a2a">
         <name>AuxIntOsc2Sel</name>
         <value>0x8354e</value>
         <object_component_ref idref="oc-860"/>
      </symbol>
      <symbol id="sm-a2b">
         <name>InitSysCtrl</name>
         <value>0x828c3</value>
         <object_component_ref idref="oc-615"/>
      </symbol>
      <symbol id="sm-a2c">
         <name>InitAuxPll</name>
         <value>0x822b9</value>
         <object_component_ref idref="oc-796"/>
      </symbol>
      <symbol id="sm-a2d">
         <name>InitFlash</name>
         <value>0x8000</value>
         <object_component_ref idref="oc-77e"/>
      </symbol>
      <symbol id="sm-a2e">
         <name>DisableDog</name>
         <value>0x82cf2</value>
         <object_component_ref idref="oc-778"/>
      </symbol>
      <symbol id="sm-a2f">
         <name>AuxAuxClkSel</name>
         <value>0x82ded</value>
         <object_component_ref idref="oc-854"/>
      </symbol>
      <symbol id="sm-a30">
         <name>AuxXtalOscSESel</name>
         <value>0x82c59</value>
         <object_component_ref idref="oc-84e"/>
      </symbol>
      <symbol id="sm-a31">
         <name>AuxXtalOscSel</name>
         <value>0x82c71</value>
         <object_component_ref idref="oc-85a"/>
      </symbol>
      <symbol id="sm-a32">
         <name>InitSysPll</name>
         <value>0x82000</value>
         <object_component_ref idref="oc-790"/>
      </symbol>
      <symbol id="sm-a33">
         <name>SysIntOsc2Sel</name>
         <value>0x83556</value>
         <object_component_ref idref="oc-841"/>
      </symbol>
      <symbol id="sm-a3c">
         <name>F28x_usDelay</name>
         <value>0x802c</value>
         <object_component_ref idref="oc-7c9"/>
      </symbol>
      <symbol id="sm-aba">
         <name>EPwm2Regs</name>
         <value>0x4100</value>
         <object_component_ref idref="oc-60a"/>
      </symbol>
      <symbol id="sm-abb">
         <name>AdcbRegs</name>
         <value>0x7480</value>
         <object_component_ref idref="oc-7ba"/>
      </symbol>
      <symbol id="sm-abc">
         <name>AdccRegs</name>
         <value>0x7500</value>
         <object_component_ref idref="oc-7bd"/>
      </symbol>
      <symbol id="sm-abd">
         <name>ClkCfgRegs</name>
         <value>0x5d200</value>
         <object_component_ref idref="oc-7a5"/>
      </symbol>
      <symbol id="sm-abe">
         <name>AdcdRegs</name>
         <value>0x7580</value>
         <object_component_ref idref="oc-7c0"/>
      </symbol>
      <symbol id="sm-abf">
         <name>CpuTimer2Regs</name>
         <value>0xc10</value>
         <object_component_ref idref="oc-7d6"/>
      </symbol>
      <symbol id="sm-ac0">
         <name>PieVectTable</name>
         <value>0xd00</value>
         <object_component_ref idref="oc-672"/>
      </symbol>
      <symbol id="sm-ac1">
         <name>GpioCtrlRegs</name>
         <value>0x7c00</value>
         <object_component_ref idref="oc-7aa"/>
      </symbol>
      <symbol id="sm-ac2">
         <name>Dcc0Regs</name>
         <value>0x5e700</value>
         <object_component_ref idref="oc-82b"/>
      </symbol>
      <symbol id="sm-ac3">
         <name>CpuSysRegs</name>
         <value>0x5d300</value>
         <object_component_ref idref="oc-675"/>
      </symbol>
      <symbol id="sm-ac4">
         <name>CpuTimer0Regs</name>
         <value>0xc00</value>
         <object_component_ref idref="oc-678"/>
      </symbol>
      <symbol id="sm-ac5">
         <name>Dcc1Regs</name>
         <value>0x5e740</value>
         <object_component_ref idref="oc-8f3"/>
      </symbol>
      <symbol id="sm-ac6">
         <name>Flash0CtrlRegs</name>
         <value>0x5f800</value>
         <object_component_ref idref="oc-813"/>
      </symbol>
      <symbol id="sm-ac7">
         <name>CpuTimer1Regs</name>
         <value>0xc08</value>
         <object_component_ref idref="oc-7d3"/>
      </symbol>
      <symbol id="sm-ac8">
         <name>Dcc2Regs</name>
         <value>0x5e780</value>
         <object_component_ref idref="oc-8f0"/>
      </symbol>
      <symbol id="sm-ac9">
         <name>DevCfgRegs</name>
         <value>0x5d000</value>
         <object_component_ref idref="oc-81a"/>
      </symbol>
      <symbol id="sm-aca">
         <name>Flash0EccRegs</name>
         <value>0x5fb00</value>
         <object_component_ref idref="oc-816"/>
      </symbol>
      <symbol id="sm-acb">
         <name>PieCtrlRegs</name>
         <value>0xce0</value>
         <object_component_ref idref="oc-610"/>
      </symbol>
      <symbol id="sm-acc">
         <name>WdRegs</name>
         <value>0x7000</value>
         <object_component_ref idref="oc-80f"/>
      </symbol>
      <symbol id="sm-acd">
         <name>GpioDataRegs</name>
         <value>0x7f00</value>
         <object_component_ref idref="oc-601"/>
      </symbol>
      <symbol id="sm-ace">
         <name>SpiaRegs</name>
         <value>0x6100</value>
         <object_component_ref idref="oc-7cf"/>
      </symbol>
      <symbol id="sm-acf">
         <name>EPwm1Regs</name>
         <value>0x4000</value>
         <object_component_ref idref="oc-607"/>
      </symbol>
      <symbol id="sm-ad0">
         <name>AnalogSubsysRegs</name>
         <value>0x5d700</value>
         <object_component_ref idref="oc-7a2"/>
      </symbol>
      <symbol id="sm-ad1">
         <name>AdcaRegs</name>
         <value>0x7400</value>
         <object_component_ref idref="oc-60d"/>
      </symbol>
      <symbol id="sm-ae9">
         <name>ceil</name>
         <value>0x821e0</value>
         <object_component_ref idref="oc-825"/>
      </symbol>
      <symbol id="sm-aea">
         <name>ceill</name>
         <value>0x821e0</value>
         <object_component_ref idref="oc-825"/>
      </symbol>
      <symbol id="sm-af4">
         <name>_c_int00</name>
         <value>0x82c40</value>
         <object_component_ref idref="oc-762"/>
      </symbol>
      <symbol id="sm-af5">
         <name>__stack</name>
         <value>0x400</value>
         <object_component_ref idref="oc-5e4"/>
      </symbol>
      <symbol id="sm-afd">
         <name>__c28xabi_orll</name>
         <value>0x82c91</value>
         <object_component_ref idref="oc-8dd"/>
      </symbol>
      <symbol id="sm-afe">
         <name>__c28xabi_xorll</name>
         <value>0x82c99</value>
         <object_component_ref idref="oc-8dd"/>
      </symbol>
      <symbol id="sm-aff">
         <name>__c28xabi_andll</name>
         <value>0x82c89</value>
         <object_component_ref idref="oc-8dd"/>
      </symbol>
      <symbol id="sm-b12">
         <name>memcpy</name>
         <value>0x82bef</value>
         <object_component_ref idref="oc-5e7"/>
      </symbol>
      <symbol id="sm-b1f">
         <name>_system_pre_init</name>
         <value>0x8356e</value>
         <object_component_ref idref="oc-7f8"/>
      </symbol>
      <symbol id="sm-b2e">
         <name>__TI_auto_init_nobinit_nopinit</name>
         <value>0x82af4</value>
         <object_component_ref idref="oc-897"/>
      </symbol>
      <symbol id="sm-b3d">
         <name>__TI_zero_init_nomemset</name>
         <value>0x82d0c</value>
         <object_component_ref idref="oc-5ef"/>
      </symbol>
      <symbol id="sm-b4a">
         <name>__TI_decompress_none</name>
         <value>0x8355e</value>
         <object_component_ref idref="oc-da"/>
      </symbol>
      <symbol id="sm-b5e">
         <name>__TI_decompress_lzss</name>
         <value>0x82a97</value>
         <object_component_ref idref="oc-d4"/>
      </symbol>
      <symbol id="sm-b74">
         <name>C$$EXIT</name>
         <value>0x82b1f</value>
         <object_component_ref idref="oc-805"/>
      </symbol>
      <symbol id="sm-b75">
         <name>abort</name>
         <value>0x82b1f</value>
         <object_component_ref idref="oc-805"/>
      </symbol>
      <symbol id="sm-b76">
         <name>exit</name>
         <value>0x82b21</value>
         <object_component_ref idref="oc-805"/>
      </symbol>
      <symbol id="sm-b77">
         <name>__TI_dtors_ptr</name>
         <value>0xa81c</value>
         <object_component_ref idref="oc-8c9"/>
      </symbol>
      <symbol id="sm-b78">
         <name>__TI_cleanup_ptr</name>
         <value>0xa81a</value>
         <object_component_ref idref="oc-8c9"/>
      </symbol>
      <symbol id="sm-b79">
         <name>__TI_enable_exit_profile_output</name>
         <value>0xa818</value>
         <object_component_ref idref="oc-8c9"/>
      </symbol>
      <symbol id="sm-b90">
         <name>_nop</name>
         <value>0x8354d</value>
         <object_component_ref idref="oc-922"/>
      </symbol>
      <symbol id="sm-b91">
         <name>_lock</name>
         <value>0xa81e</value>
         <object_component_ref idref="oc-8cc"/>
      </symbol>
      <symbol id="sm-b92">
         <name>_unlock</name>
         <value>0xa820</value>
         <object_component_ref idref="oc-93f"/>
      </symbol>
      <symbol id="sm-b93">
         <name>_register_lock</name>
         <value>0x83549</value>
         <object_component_ref idref="oc-922"/>
      </symbol>
      <symbol id="sm-b94">
         <name>_register_unlock</name>
         <value>0x83545</value>
         <object_component_ref idref="oc-922"/>
      </symbol>
      <symbol id="sm-ba3">
         <name>_args_main</name>
         <value>0x82d19</value>
         <object_component_ref idref="oc-7ff"/>
      </symbol>
      <symbol id="sm-bb2">
         <name>_system_post_cinit</name>
         <value>0x83570</value>
         <object_component_ref idref="oc-908"/>
      </symbol>
      <symbol id="sm-bb4">
         <name>__c_args__</name>
         <value>0x0</value>
      </symbol>
   </symbol_table>
   <title>Link successful</title>
</link_info>
