******************************************************************************
             TMS320C2000 Linker PC v20.8.0                     
******************************************************************************
>> Linked Wed Jan 19 11:37:10 2022

OUTPUT FILE NAME:   <220119_Inverter_PFC_AM.out>
ENTRY POINT SYMBOL: "code_start"  address: 00080000


MEMORY CONFIGURATION

         name            origin    length      used     unused   attr    fill
----------------------  --------  ---------  --------  --------  ----  --------
  BOOT_RSVD             00000002   000001ae  00000000  000001ae  RWIX
  RAMM0                 000001b0   00000250  00000000  00000250  RWIX
  RAMM1                 00000400   00000400  00000100  00000300  RWIX
  ADCARESULT            00000b00   00000018  00000018  00000000  RWIX
  ADCBRESULT            00000b20   00000018  00000018  00000000  RWIX
  ADCCRESULT            00000b40   00000018  00000000  00000018  RWIX
  ADCDRESULT            00000b60   00000018  00000000  00000018  RWIX
  CPUTIMER0             00000c00   00000008  00000008  00000000  RWIX
  CPUTIMER1             00000c08   00000008  00000008  00000000  RWIX
  CPUTIMER2             00000c10   00000008  00000008  00000000  RWIX
  PIECTRL               00000ce0   0000001a  0000001a  00000000  RWIX
  PIEVECTTABLE          00000d00   00000200  000001c0  00000040  RWIX
  DMA                   00001000   00000200  00000000  00000200  RWIX
  CLA1                  00001400   00000080  00000000  00000080  RWIX
  CLB1LOGICCFG          00003000   00000052  00000000  00000052  RWIX
  CLB1LOGICCTRL         00003100   00000040  00000000  00000040  RWIX
  CLB1DATAEXCH          00003180   00000080  00000000  00000080  RWIX
  CLB2LOGICCFG          00003200   00000052  00000000  00000052  RWIX
  CLB2LOGICCTRL         00003300   00000040  00000000  00000040  RWIX
  CLB2DATAEXCH          00003380   00000080  00000000  00000080  RWIX
  CLB3LOGICCFG          00003400   00000052  00000000  00000052  RWIX
  CLB3LOGICCTRL         00003500   00000040  00000000  00000040  RWIX
  CLB3DATAEXCH          00003580   00000080  00000000  00000080  RWIX
  CLB4LOGICCFG          00003600   00000052  00000000  00000052  RWIX
  CLB4LOGICCTRL         00003700   00000040  00000000  00000040  RWIX
  CLB4DATAEXCH          00003780   00000080  00000000  00000080  RWIX
  CLB5LOGICCFG          00003800   00000052  00000000  00000052  RWIX
  CLB5LOGICCTRL         00003900   00000040  00000000  00000040  RWIX
  CLB5DATAEXCH          00003980   00000080  00000000  00000080  RWIX
  CLB6LOGICCFG          00003a00   00000052  00000000  00000052  RWIX
  CLB6LOGICCTRL         00003b00   00000040  00000000  00000040  RWIX
  CLB6DATAEXCH          00003b80   00000080  00000000  00000080  RWIX
  CLB7LOGICCFG          00003c00   00000052  00000000  00000052  RWIX
  CLB7LOGICCTRL         00003d00   00000040  00000000  00000040  RWIX
  CLB7DATAEXCH          00003d80   00000080  00000000  00000080  RWIX
  CLB8LOGICCFG          00003e00   00000052  00000000  00000052  RWIX
  CLB8LOGICCTRL         00003f00   00000040  00000000  00000040  RWIX
  CLB8DATAEXCH          00003f80   00000080  00000000  00000080  RWIX
  EPWM1                 00004000   00000100  00000100  00000000  RWIX
  EPWM2                 00004100   00000100  00000100  00000000  RWIX
  EPWM3                 00004200   00000100  00000100  00000000  RWIX
  EPWM4                 00004300   00000100  00000000  00000100  RWIX
  EPWM5                 00004400   00000100  00000000  00000100  RWIX
  EPWM6                 00004500   00000100  00000000  00000100  RWIX
  EPWM7                 00004600   00000100  00000000  00000100  RWIX
  EPWM8                 00004700   00000100  00000000  00000100  RWIX
  EPWM9                 00004800   00000100  00000000  00000100  RWIX
  EPWM10                00004900   00000100  00000000  00000100  RWIX
  EPWM11                00004a00   00000100  00000000  00000100  RWIX
  EPWM12                00004b00   00000100  00000000  00000100  RWIX
  EPWM13                00004c00   00000100  00000000  00000100  RWIX
  EPWM14                00004d00   00000100  00000000  00000100  RWIX
  EPWM15                00004e00   00000100  00000000  00000100  RWIX
  EPWM16                00004f00   00000100  00000000  00000100  RWIX
  EQEP1                 00005100   00000040  00000000  00000040  RWIX
  EQEP2                 00005140   00000040  00000000  00000040  RWIX
  EQEP3                 00005180   00000040  00000000  00000040  RWIX
  ECAP1                 00005200   00000020  00000000  00000020  RWIX
  ECAP2                 00005240   00000020  00000000  00000020  RWIX
  ECAP3                 00005280   00000020  00000000  00000020  RWIX
  ECAP4                 000052c0   00000020  00000000  00000020  RWIX
  ECAP5                 00005300   00000020  00000000  00000020  RWIX
  ECAP6                 00005340   00000020  00000000  00000020  RWIX
  HRCAP6                00005360   00000020  00000000  00000020  RWIX
  ECAP7                 00005380   00000020  00000000  00000020  RWIX
  HRCAP7                000053a0   00000020  00000000  00000020  RWIX
  DACA                  00005c00   00000008  00000000  00000008  RWIX
  DACB                  00005c10   00000008  00000000  00000008  RWIX
  DACC                  00005c20   00000008  00000000  00000008  RWIX
  CMPSS1                00005c80   00000020  00000000  00000020  RWIX
  CMPSS2                00005ca0   00000020  00000000  00000020  RWIX
  CMPSS3                00005cc0   00000020  00000000  00000020  RWIX
  CMPSS4                00005ce0   00000020  00000000  00000020  RWIX
  CMPSS5                00005d00   00000020  00000000  00000020  RWIX
  CMPSS6                00005d20   00000020  00000000  00000020  RWIX
  CMPSS7                00005d40   00000020  00000000  00000020  RWIX
  CMPSS8                00005d60   00000020  00000000  00000020  RWIX
  SDFM1                 00005e00   00000080  00000000  00000080  RWIX
  SDFM2                 00005e80   00000080  00000000  00000080  RWIX
  MCBSPA                00006000   00000024  00000000  00000024  RWIX
  MCBSPB                00006040   00000024  00000000  00000024  RWIX
  SPIA                  00006100   00000010  00000010  00000000  RWIX
  SPIB                  00006110   00000010  00000000  00000010  RWIX
  SPIC                  00006120   00000010  00000000  00000010  RWIX
  SPID                  00006130   00000010  00000000  00000010  RWIX
  BGCRCCPU              00006340   00000040  00000000  00000040  RWIX
  BGCRCCLA1             00006380   00000040  00000000  00000040  RWIX
  PMBUSA                00006400   00000020  00000000  00000020  RWIX
  FSITXA                00006600   00000050  00000000  00000050  RWIX
  FSIRXA                00006680   00000050  00000000  00000050  RWIX
  FSITXB                00006700   00000050  00000000  00000050  RWIX
  FSIRXB                00006780   00000050  00000000  00000050  RWIX
  FSIRXC                00006880   00000050  00000000  00000050  RWIX
  FSIRXD                00006980   00000050  00000000  00000050  RWIX
  FSIRXE                00006a80   00000050  00000000  00000050  RWIX
  FSIRXF                00006b80   00000050  00000000  00000050  RWIX
  FSIRXG                00006c80   00000050  00000000  00000050  RWIX
  FSIRXH                00006d80   00000050  00000000  00000050  RWIX
  WD                    00007000   0000002b  0000002b  00000000  RWIX
  NMIINTRUPT            00007060   00000010  00000000  00000010  RWIX
  XINT                  00007070   0000000b  00000000  0000000b  RWIX
  SCIA                  00007200   00000010  00000000  00000010  RWIX
  SCIB                  00007210   00000010  00000000  00000010  RWIX
  SCIC                  00007220   00000010  00000000  00000010  RWIX
  SCID                  00007230   00000010  00000000  00000010  RWIX
  I2CA                  00007300   00000022  00000000  00000022  RWIX
  I2CB                  00007340   00000022  00000000  00000022  RWIX
  ADCA                  00007400   00000080  0000007c  00000004  RWIX
  ADCB                  00007480   00000080  0000007c  00000004  RWIX
  ADCC                  00007500   00000080  0000007c  00000004  RWIX
  ADCD                  00007580   00000080  0000007c  00000004  RWIX
  INPUTXBAR             00007900   00000020  00000000  00000020  RWIX
  XBAR                  00007920   00000020  00000000  00000020  RWIX
  SYNCSOC               00007940   00000006  00000000  00000006  RWIX
  CLBINPUTXBAR          00007960   00000020  00000000  00000020  RWIX
  DMACLASRCSEL          00007980   0000001a  00000000  0000001a  RWIX
  EPWMXBAR              00007a00   00000040  00000000  00000040  RWIX
  CLBXBAR               00007a40   00000040  00000000  00000040  RWIX
  OUTPUTXBAR            00007a80   00000040  00000000  00000040  RWIX
  CLBOUTPUTXBAR         00007bc0   00000040  00000000  00000040  RWIX
  GPIOCTRL              00007c00   00000200  00000180  00000080  RWIX
  GPIODATA              00007f00   00000040  00000030  00000010  RWIX
  GPIODATAREAD          00007f80   00000010  00000000  00000010  RWIX
  RAMLS0                00008000   00000800  00000030  000007d0  RWIX
  RAMLS1                00008800   00000800  00000000  00000800  RWIX
  RAMLS2                00009000   00000800  00000000  00000800  RWIX
  RAMLS3                00009800   00000800  00000000  00000800  RWIX
  RAMLS4                0000a000   00000800  00000000  00000800  RWIX
  RAMLS5                0000a800   00000800  00000298  00000568  RWIX
  RAMLS6                0000b000   00000800  00000000  00000800  RWIX
  RAMLS7                0000b800   00000800  00000000  00000800  RWIX
  RAMD0                 0000c000   00000800  00000000  00000800  RWIX
  RAMD1                 0000c800   00000800  00000000  00000800  RWIX
  RAMGS0                0000d000   00001000  00000000  00001000  RWIX
  RAMGS1                0000e000   00001000  00000000  00001000  RWIX
  RAMGS2                0000f000   00001000  00000000  00001000  RWIX
  RAMGS3                00010000   00001000  00000000  00001000  RWIX
  RAMGS4                00011000   00001000  00000000  00001000  RWIX
  RAMGS5                00012000   00001000  00000000  00001000  RWIX
  RAMGS6                00013000   00001000  00000000  00001000  RWIX
  RAMGS7                00014000   00001000  00000000  00001000  RWIX
  RAMGS8                00015000   00001000  00000000  00001000  RWIX
  RAMGS9                00016000   00001000  00000000  00001000  RWIX
  RAMGS10               00017000   00001000  00000000  00001000  RWIX
  RAMGS11               00018000   00001000  00000000  00001000  RWIX
  RAMGS12               00019000   00001000  00000000  00001000  RWIX
  RAMGS13               0001a000   00001000  00000000  00001000  RWIX
  RAMGS14               0001b000   00001000  00000000  00001000  RWIX
  RAMGS15               0001c000   00001000  00000000  00001000  RWIX
  CMTOCPURAM            00038000   00000800  00000000  00000800  RWIX
  CPUTOCMRAM            00039000   00000800  00000000  00000800  RWIX
  CPU1TOCPU2RAM         0003a000   00000800  00000000  00000800  RWIX
  CPU2TOCPU1RAM         0003b000   00000800  00000000  00000800  RWIX
  EMIF1                 00047000   00000070  00000000  00000070  RWIX
  EMIF2                 00047800   00000070  00000000  00000070  RWIX
  CANA                  00048000   00000200  00000000  00000200  RWIX
  CANA_MSG_RAM          00049000   00000800  00000000  00000800  RWIX
  CANB                  0004a000   00000200  00000000  00000200  RWIX
  CANB_MSG_RAM          0004b000   00000800  00000000  00000800  RWIX
  ESCSS                 00057e00   00000024  00000000  00000024  RWIX
  ESCSSCONFIG           00057f00   00000016  00000000  00000016  RWIX
  CPU1TOCPU2IPC         0005ce00   00000026  00000000  00000026  RWIX
  CPU1TOCMIPC           0005ce40   00000026  00000000  00000026  RWIX
  DEVCFG                0005d000   000001a0  000001a0  00000000  RWIX
  CLKCFG                0005d200   00000100  0000003a  000000c6  RWIX
  CPUSYS                0005d300   000000a0  0000009c  00000004  RWIX
  SYSSTATUS             0005d400   00000100  00000000  00000100  RWIX
  SYSPERIPHAC           0005d500   00000200  00000000  00000200  RWIX
  ANALOGSUBSYS          0005d700   00000100  0000003e  000000c2  RWIX
  CMCONF                0005dc00   00000400  00000000  00000400  RWIX
  DCC0                  0005e700   00000038  0000002c  0000000c  RWIX
  DCC1                  0005e740   00000038  0000002c  0000000c  RWIX
  DCC2                  0005e780   00000038  0000002c  0000000c  RWIX
  ERADGLOBAL            0005e800   00000013  00000000  00000013  RWIX
  ERADHWBP1             0005e900   00000008  00000000  00000008  RWIX
  ERADHWBP2             0005e908   00000008  00000000  00000008  RWIX
  ERADHWBP3             0005e910   00000008  00000000  00000008  RWIX
  ERADHWBP4             0005e918   00000008  00000000  00000008  RWIX
  ERADHWBP5             0005e920   00000008  00000000  00000008  RWIX
  ERADHWBP6             0005e928   00000008  00000000  00000008  RWIX
  ERADHWBP7             0005e930   00000008  00000000  00000008  RWIX
  ERADHWBP8             0005e938   00000008  00000000  00000008  RWIX
  ERADCOUNTER1          0005e980   00000010  00000000  00000010  RWIX
  ERADCOUNTER2          0005e990   00000010  00000000  00000010  RWIX
  ERADCOUNTER3          0005e9a0   00000010  00000000  00000010  RWIX
  ERADCOUNTER4          0005e9b0   00000010  00000000  00000010  RWIX
  ERADCRCGLOBAL         0005ea00   00000010  00000000  00000010  RWIX
  ERADCRC1              0005ea10   00000010  00000000  00000010  RWIX
  ERADCRC2              0005ea20   00000010  00000000  00000010  RWIX
  ERADCRC3              0005ea30   00000010  00000000  00000010  RWIX
  ERADCRC4              0005ea40   00000010  00000000  00000010  RWIX
  ERADCRC5              0005ea50   00000010  00000000  00000010  RWIX
  ERADCRC6              0005ea60   00000010  00000000  00000010  RWIX
  ERADCRC7              0005ea70   00000010  00000000  00000010  RWIX
  ERADCRC8              0005ea80   00000010  00000000  00000010  RWIX
  DCSMZ1                0005f000   0000003e  00000000  0000003e  RWIX
  DCSMZ2                0005f080   0000003e  00000000  0000003e  RWIX
  DCSMCOMMON            0005f0c0   00000020  00000000  00000020  RWIX
  MEMCFG                0005f400   000000c0  00000000  000000c0  RWIX
  EMIF1CONFIG           0005f4c0   00000020  00000000  00000020  RWIX
  EMIF2CONFIG           0005f4e0   00000020  00000000  00000020  RWIX
  ACCESSPROTECTION      0005f500   00000040  00000000  00000040  RWIX
  MEMORYERROR           0005f540   00000040  00000000  00000040  RWIX
  ROMWAITSTATE          0005f580   00000008  00000000  00000008  RWIX
  ROMPREFETCH           0005f588   00000008  00000000  00000008  RWIX
  TESTERROR             0005f590   00000010  00000000  00000010  RWIX
  FLASH0CTRL            0005f800   00000182  00000182  00000000  RWIX
  FLASH0ECC             0005fb00   00000028  00000028  00000000  RWIX
  DCSMZ1OTP             00078000   00000020  00000000  00000020  RWIX
  DCSMZ2OTP             00078200   00000020  00000000  00000020  RWIX
  BEGIN                 00080000   00000002  00000002  00000000  RWIX
  FLASH0                00080002   00001ffe  00000000  00001ffe  RWIX
  FLASH1                00082000   00002000  00001ffd  00000003  RWIX
  FLASH2                00084000   00002000  000010a4  00000f5c  RWIX
  FLASH3                00086000   00002000  00000030  00001fd0  RWIX
  FLASH4                00088000   00008000  00000054  00007fac  RWIX
  FLASH5                00090000   00008000  00000268  00007d98  RWIX
  FLASH6                00098000   00008000  00000000  00008000  RWIX
  FLASH7                000a0000   00008000  00000000  00008000  RWIX
  FLASH8                000a8000   00008000  00000000  00008000  RWIX
  FLASH9                000b0000   00008000  00000000  00008000  RWIX
  FLASH10               000b8000   00002000  00000000  00002000  RWIX
  FLASH11               000ba000   00002000  00000000  00002000  RWIX
  FLASH12               000bc000   00002000  00000000  00002000  RWIX
  FLASH13               000be000   00002000  00000000  00002000  RWIX
  RESET                 003fffc0   00000002  00000000  00000002  RWIX


SECTION ALLOCATION MAP

 output                                  attributes/
section   page    origin      length       input sections
--------  ----  ----------  ----------   ----------------
codestart 
*          0    00080000    00000002     
                  00080000    00000002     f2838x_codestartbranch.obj (codestart)

.cinit     0    00088000    00000054     
                  00088000    00000039     (.cinit..data.load) [load image, compression = lzss]
                  00088039    00000001     --HOLE-- [fill = 0]
                  0008803a    00000006     (__TI_handler_table)
                  00088040    00000004     (.cinit..bss.load) [load image, compression = zero_init]
                  00088044    00000004     (.cinit.PieVectTableFile.load) [load image, compression = zero_init]
                  00088048    0000000c     (__TI_cinit_table)

.reset     0    003fffc0    00000000     DSECT

.stack     0    00000400    00000100     UNINITIALIZED
                  00000400    00000100     --HOLE--

.init_array 
*          0    00082000    00000000     UNINITIALIZED

.bss       0    0000a950    00000148     UNINITIALIZED
                  0000a950    00000022     ISR_Control.obj (.bss)
                  0000a972    00000002     Sequence.obj (.bss)
                  0000a974    0000000c     --HOLE--
                  0000a980    000000c2     ADC.obj (.bss)
                  0000aa42    00000032     Task_Control.obj (.bss)
                  0000aa74    0000000c     --HOLE--
                  0000aa80    00000018     f2838x_cputimers.obj (.bss)

PieVectTableFile 
*          0    00000d00    000001c0     UNINITIALIZED
                  00000d00    000001c0     f2838x_globalvariabledefs.obj (PieVectTableFile)

EmuKeyVar 
*          0    00000d00    00000000     UNINITIALIZED

EmuBModeVar 
*          0    00000d00    00000000     UNINITIALIZED

EmuBootPinsVar 
*          0    00000d00    00000000     UNINITIALIZED

FlashCallbackVar 
*          0    00000d00    00000000     UNINITIALIZED

FlashScalingVar 
*          0    00000d00    00000000     UNINITIALIZED

.data      0    0000a800    00000150     UNINITIALIZED
                  0000a800    0000009e     Task_Control.obj (.data)
                  0000a89e    00000022     Sequence.obj (.data)
                  0000a8c0    00000062     ISR_Control.obj (.data)
                  0000a922    00000012     Parameter.obj (.data)
                  0000a934    00000006     rts2800_fpu64_eabi.lib : exit.c.obj (.data)
                  0000a93a    00000003     ADC.obj (.data:giSPIdata)
                  0000a93d    00000001     rts2800_fpu64_eabi.lib : errno.c.obj (.data)
                  0000a93e    00000002                            : _lock.c.obj (.data:_lock)
                  0000a940    0000000e     ADC.obj (.data)
                  0000a94e    00000002     rts2800_fpu64_eabi.lib : _lock.c.obj (.data:_unlock)

.const     0    00090000    00000268     
                  00090000    000001c0     f2838x_pievect.obj (.const)
                  000901c0    00000084     rts2800_fpu64_eabi.lib : k_rem_pio2.c.obj (.const:ipio2)
                  00090244    00000020                            : k_rem_pio2.c.obj (.const:PIo2)
                  00090264    00000004                            : k_rem_pio2.c.obj (.const:init_jk)

.TI.ramfunc 
*          0    00086000    00000030     RUN ADDR = 00008000
                  00086000    0000002c     f2838x_sysctrl.obj (.TI.ramfunc:InitFlash)
                  0008602c    00000004     f2838x_usdelay.obj (.TI.ramfunc)

AdcaResultRegsFile 
*          0    00000b00    00000018     UNINITIALIZED
                  00000b00    00000018     f2838x_globalvariabledefs.obj (AdcaResultRegsFile)

AdcbResultRegsFile 
*          0    00000b20    00000018     UNINITIALIZED
                  00000b20    00000018     f2838x_globalvariabledefs.obj (AdcbResultRegsFile)

AdcaRegsFile 
*          0    00007400    0000007c     UNINITIALIZED
                  00007400    0000007c     f2838x_globalvariabledefs.obj (AdcaRegsFile)

AdcbRegsFile 
*          0    00007480    0000007c     UNINITIALIZED
                  00007480    0000007c     f2838x_globalvariabledefs.obj (AdcbRegsFile)

AdccRegsFile 
*          0    00007500    0000007c     UNINITIALIZED
                  00007500    0000007c     f2838x_globalvariabledefs.obj (AdccRegsFile)

AdcdRegsFile 
*          0    00007580    0000007c     UNINITIALIZED
                  00007580    0000007c     f2838x_globalvariabledefs.obj (AdcdRegsFile)

AnalogSubsysRegsFile 
*          0    0005d700    0000003e     UNINITIALIZED
                  0005d700    0000003e     f2838x_globalvariabledefs.obj (AnalogSubsysRegsFile)

ClkCfgRegsFile 
*          0    0005d200    0000003a     UNINITIALIZED
                  0005d200    0000003a     f2838x_globalvariabledefs.obj (ClkCfgRegsFile)

CpuTimer0RegsFile 
*          0    00000c00    00000008     UNINITIALIZED
                  00000c00    00000008     f2838x_globalvariabledefs.obj (CpuTimer0RegsFile)

CpuTimer1RegsFile 
*          0    00000c08    00000008     UNINITIALIZED
                  00000c08    00000008     f2838x_globalvariabledefs.obj (CpuTimer1RegsFile)

CpuTimer2RegsFile 
*          0    00000c10    00000008     UNINITIALIZED
                  00000c10    00000008     f2838x_globalvariabledefs.obj (CpuTimer2RegsFile)

CpuSysRegsFile 
*          0    0005d300    0000009c     UNINITIALIZED
                  0005d300    0000009c     f2838x_globalvariabledefs.obj (CpuSysRegsFile)

Dcc0RegsFile 
*          0    0005e700    0000002c     UNINITIALIZED
                  0005e700    0000002c     f2838x_globalvariabledefs.obj (Dcc0RegsFile)

Dcc1RegsFile 
*          0    0005e740    0000002c     UNINITIALIZED
                  0005e740    0000002c     f2838x_globalvariabledefs.obj (Dcc1RegsFile)

Dcc2RegsFile 
*          0    0005e780    0000002c     UNINITIALIZED
                  0005e780    0000002c     f2838x_globalvariabledefs.obj (Dcc2RegsFile)

DevCfgRegsFile 
*          0    0005d000    000001a0     UNINITIALIZED
                  0005d000    000001a0     f2838x_globalvariabledefs.obj (DevCfgRegsFile)

EPwm1RegsFile 
*          0    00004000    00000100     UNINITIALIZED
                  00004000    00000100     f2838x_globalvariabledefs.obj (EPwm1RegsFile)

EPwm2RegsFile 
*          0    00004100    00000100     UNINITIALIZED
                  00004100    00000100     f2838x_globalvariabledefs.obj (EPwm2RegsFile)

EPwm3RegsFile 
*          0    00004200    00000100     UNINITIALIZED
                  00004200    00000100     f2838x_globalvariabledefs.obj (EPwm3RegsFile)

Flash0CtrlRegsFile 
*          0    0005f800    00000182     UNINITIALIZED
                  0005f800    00000182     f2838x_globalvariabledefs.obj (Flash0CtrlRegsFile)

Flash0EccRegsFile 
*          0    0005fb00    00000028     UNINITIALIZED
                  0005fb00    00000028     f2838x_globalvariabledefs.obj (Flash0EccRegsFile)

GpioCtrlRegsFile 
*          0    00007c00    00000180     UNINITIALIZED
                  00007c00    00000180     f2838x_globalvariabledefs.obj (GpioCtrlRegsFile)

GpioDataRegsFile 
*          0    00007f00    00000030     UNINITIALIZED
                  00007f00    00000030     f2838x_globalvariabledefs.obj (GpioDataRegsFile)

PieCtrlRegsFile 
*          0    00000ce0    0000001a     UNINITIALIZED
                  00000ce0    0000001a     f2838x_globalvariabledefs.obj (PieCtrlRegsFile)

SpiaRegsFile 
*          0    00006100    00000010     UNINITIALIZED
                  00006100    00000010     f2838x_globalvariabledefs.obj (SpiaRegsFile)

WdRegsFile 
*          0    00007000    0000002b     UNINITIALIZED
                  00007000    0000002b     f2838x_globalvariabledefs.obj (WdRegsFile)

dcsm_z1otp_link_pointer 
*          0    00000002    00000000     

dcsm_z1otp_jlm_enable 
*          0    00000002    00000000     

dcsm_z1otp_gpreg 
*          0    00000002    00000000     

dcsm_z1otp_pswd_lock 
*          0    00000002    00000000     

dcsm_z1otp_crc_lock 
*          0    00000002    00000000     

dcsm_z1otp_jtag_pswdh 
*          0    00000002    00000000     

dcsm_z1otp_cmac_key 
*          0    00000002    00000000     

dcsm_zsel_z1 
*          0    00000002    00000000     

dcsm_z2otp_link_pointer 
*          0    00000002    00000000     

dcsm_rsvd_z2 
*          0    00000002    00000000     

dcsm_z2otp_gpreg 
*          0    00000002    00000000     

dcsm_z2otp_pswd_lock 
*          0    00000002    00000000     

dcsm_z2otp_crc_lock 
*          0    00000002    00000000     

dcsm_rsvd1_z2 
*          0    00000002    00000000     

dcsm_zsel_z2 
*          0    00000002    00000000     

.text.1    0    00082000    00001ffd     
                  00082000    0000045f     rts2800_fpu64_eabi.lib : k_rem_pio2.c.obj (.text)
                  0008245f    0000033c     ADC.obj (.text:ADC_LPF_RMS_Calc_100us)
                  0008279b    00000001     rts2800_fpu64_eabi.lib : startup.c.obj (.text)
                  0008279c    000002cb                            : e_rem_pio2.c.obj (.text)
                  00082a67    000001cf     ADC.obj (.text:InitFilterVar_100us)
                  00082c36    0000014b     Task_Control.obj (.text:GridPartCalc_100us)
                  00082d81    0000012f     ADC.obj (.text:SPIDAC_100us)
                  00082eb0    00000101     f2838x_sysctrl.obj (.text:InitSysPll)
                  00082fb1    000000f4     Task_Control.obj (.text:SoftStart_100us)
                  000830a5    000000df     f2838x_sysctrl.obj (.text:InitPeripheralClocks)
                  00083184    000000dc     ADC.obj (.text:ADC_Offset_Calc_100us)
                  00083260    000000da     rts2800_fpu64_eabi.lib : s_floor.c.obj (.text)
                  0008333a    000000d9                            : s_ceil.c.obj (.text)
                  00083413    000000c0     f2838x_sysctrl.obj (.text:InitAuxPll)
                  000834d3    000000b4     Peripheral_Config.obj (.text:InitGpioInOutConfig)
                  00083587    000000b2     f2838x_adc.obj (.text:AdcSetMode)
                  00083639    000000b1     ISR_Control.obj (.text:ILPFC_Ctrl)
                  000836ea    000000b0     f2838x_sysctrl.obj (.text:VerifyXTAL)
                  0008379a    000000a7     rts2800_fpu64_eabi.lib : s_scalbn.c.obj (.text)
                  00083841    000000a5     Peripheral_Config.obj (.text:Adc_Config)
                  000838e6    00000094     f2838x_sysctrl.obj (.text:IsPLLValid)
                  0008397a    00000091     ISR_Control.obj (.text:Init_VoPFC_cont)
                  00083a0b    0000008f     f2838x_sysctrl.obj (.text:ComputeCntrSeedValue)
                  00083a9a    0000008b     ISR_Control.obj (.text:Init_ILPFC_cont)
                  00083b25    0000008b     rts2800_fpu64_eabi.lib : k_sin.c.obj (.text)
                  00083bb0    0000007c     Task_Control.obj (.text:Precharging_100us)
                  00083c2c    0000007b     Task_Control.obj (.text:GridPartCalcGainInit)
                  00083ca7    00000078     ISR.obj (.text:adca1_isr)
                  00083d1f    00000077     rts2800_fpu64_eabi.lib : k_cos.c.obj (.text)
                  00083d96    00000075     Peripheral_Config.obj (.text:EPwm2_Config)
                  00083e0b    00000074     ADC.obj (.text:ADC_Calc)
                  00083e7f    0000006f     rts2800_fpu64_eabi.lib : s_cos.c.obj (.text)
                  00083eee    0000006b                            : s_sin.c.obj (.text)
                  00083f59    00000064     Peripheral_Config.obj (.text:EPwm1_Config)
                  00083fbd    0000003e     ISR_Control.obj (.text:VoPFC_Ctrl)
                  00083ffb    00000002     rts2800_fpu64_eabi.lib : pre_init.c.obj (.text)

.text.2    0    00084000    000010a4     
                  00084000    00000063     Func.obj (.text:PI_Control_calc)
                  00084063    00000061     f2838x_sysctrl.obj (.text:InitSysCtrl)
                  000840c4    00000061     Parameter.obj (.text:ParameterSetting)
                  00084125    00000060     Func.obj (.text:LPF2)
                  00084185    0000005f     Func.obj (.text:DPID_Control_calc)
                  000841e4    0000005d     Func.obj (.text:APF2)
                  00084241    0000005b     Sequence.obj (.text:ChkFltState)
                  0008429c    00000059     Task.obj (.text:Task_100us)
                  000842f5    00000058     Main.obj (.text:main)
                  0008434d    00000057     Peripheral_Config.obj (.text:InitPWMEnaFltGpioConfig)
                  000843a4    00000051     Func.obj (.text:park_calc)
                  000843f5    0000004d     Task_Control.obj (.text:PFCRly_100us)
                  00084442    0000004a     Peripheral_Config.obj (.text:InitMcBspSPIConfig)
                  0008448c    0000003b     f2838x_cputimers.obj (.text:InitCpuTimers)
                  000844c7    00000039     Sequence.obj (.text:ChkInhibitState)
                  00084500    00000032     Sequence.obj (.text:ChkNormalState)
                  00084532    00000031     rts2800_fpu64_eabi.lib : copy_decompress_lzss.c.obj (.text:decompress:lzss)
                  00084563    0000002c     Func.obj (.text:LPF1)
                  0008458f    0000002c     f2838x_sysctrl.obj (.text:SysXtalOscSel)
                  000845bb    0000002b     rts2800_fpu64_eabi.lib : autoinit.c.obj (.text:__TI_auto_init_nobinit_nopinit)
                  000845e6    0000002a                            : s_copysign.c.obj (.text)
                  00084610    00000029                            : exit.c.obj (.text)
                  00084639    00000026     f2838x_adc.obj (.text:CalAdcINL)
                  0008465f    00000023     Sequence.obj (.text:ChkMainState)
                  00084682    00000023     f2838x_cputimers.obj (.text:ConfigCpuTimer)
                  000846a5    00000022     rts2800_fpu64_eabi.lib : i_div28.asm.obj (.text)
                  000846c7    00000021     Peripheral_Config.obj (.text:SPIDAC_Config)
                  000846e8    0000001f     f2838x_piectrl.obj (.text:InitPieCtrl)
                  00084707    0000001e     f2838x_sysctrl.obj (.text:SysXtalOscSESel)
                  00084725    0000001d     rts2800_fpu64_eabi.lib : memcpy.c.obj (.text)
                  00084742    0000001b     f2838x_sysctrl.obj (.text:PollX1Counter)
                  0008475d    00000019     f2838x_gpio.obj (.text:GPIO_EnableUnbondedIOPullupsFor176Pin)
                  00084776    00000019     rts2800_fpu64_eabi.lib : boot28.asm.obj (.text)
                  0008478f    00000018     f2838x_sysctrl.obj (.text:AuxXtalOscSESel)
                  000847a7    00000018     f2838x_sysctrl.obj (.text:AuxXtalOscSel)
                  000847bf    00000018     rts2800_fpu64_eabi.lib : ll_aox28.asm.obj (.text)
                  000847d7    00000016     f2838x_epwm.obj (.text:InitEPwm1Gpio)
                  000847ed    00000016     f2838x_epwm.obj (.text:InitEPwm2Gpio)
                  00084803    00000014     Peripheral_Config.obj (.text:InitGpioConfig)
                  00084817    00000011     f2838x_pievect.obj (.text:InitPieVectTable)
                  00084828    0000000d     f2838x_sysctrl.obj (.text:DisableDog)
                  00084835    0000000d     f2838x_defaultisr.obj (.text:EMPTY_ISR)
                  00084842    0000000d     rts2800_fpu64_eabi.lib : copy_zero_init.c.obj (.text:decompress:ZI:__TI_zero_init_nomemset)
                  0008484f    0000000c                            : args_main.c.obj (.text)
                  0008485b    0000000a     f2838x_defaultisr.obj (.text:ADCA1_ISR)
                  00084865    0000000a     f2838x_defaultisr.obj (.text:ADCA2_ISR)
                  0008486f    0000000a     f2838x_defaultisr.obj (.text:ADCA3_ISR)
                  00084879    0000000a     f2838x_defaultisr.obj (.text:ADCA4_ISR)
                  00084883    0000000a     f2838x_defaultisr.obj (.text:ADCA_EVT_ISR)
                  0008488d    0000000a     f2838x_defaultisr.obj (.text:ADCB1_ISR)
                  00084897    0000000a     f2838x_defaultisr.obj (.text:ADCB2_ISR)
                  000848a1    0000000a     f2838x_defaultisr.obj (.text:ADCB3_ISR)
                  000848ab    0000000a     f2838x_defaultisr.obj (.text:ADCB4_ISR)
                  000848b5    0000000a     f2838x_defaultisr.obj (.text:ADCB_EVT_ISR)
                  000848bf    0000000a     f2838x_defaultisr.obj (.text:ADCC1_ISR)
                  000848c9    0000000a     f2838x_defaultisr.obj (.text:ADCC2_ISR)
                  000848d3    0000000a     f2838x_defaultisr.obj (.text:ADCC3_ISR)
                  000848dd    0000000a     f2838x_defaultisr.obj (.text:ADCC4_ISR)
                  000848e7    0000000a     f2838x_defaultisr.obj (.text:ADCC_EVT_ISR)
                  000848f1    0000000a     f2838x_defaultisr.obj (.text:ADCD1_ISR)
                  000848fb    0000000a     f2838x_defaultisr.obj (.text:ADCD2_ISR)
                  00084905    0000000a     f2838x_defaultisr.obj (.text:ADCD3_ISR)
                  0008490f    0000000a     f2838x_defaultisr.obj (.text:ADCD4_ISR)
                  00084919    0000000a     f2838x_defaultisr.obj (.text:ADCD_EVT_ISR)
                  00084923    0000000a     f2838x_sysctrl.obj (.text:AuxAuxClkSel)
                  0008492d    0000000a     f2838x_defaultisr.obj (.text:CANA0_ISR)
                  00084937    0000000a     f2838x_defaultisr.obj (.text:CANA1_ISR)
                  00084941    0000000a     f2838x_defaultisr.obj (.text:CANB0_ISR)
                  0008494b    0000000a     f2838x_defaultisr.obj (.text:CANB1_ISR)
                  00084955    0000000a     f2838x_defaultisr.obj (.text:CIPC0_ISR)
                  0008495f    0000000a     f2838x_defaultisr.obj (.text:CIPC1_ISR)
                  00084969    0000000a     f2838x_defaultisr.obj (.text:CIPC2_ISR)
                  00084973    0000000a     f2838x_defaultisr.obj (.text:CIPC3_ISR)
                  0008497d    0000000a     f2838x_defaultisr.obj (.text:CLA1CRC_ISR)
                  00084987    0000000a     f2838x_defaultisr.obj (.text:CLA1_1_ISR)
                  00084991    0000000a     f2838x_defaultisr.obj (.text:CLA1_2_ISR)
                  0008499b    0000000a     f2838x_defaultisr.obj (.text:CLA1_3_ISR)
                  000849a5    0000000a     f2838x_defaultisr.obj (.text:CLA1_4_ISR)
                  000849af    0000000a     f2838x_defaultisr.obj (.text:CLA1_5_ISR)
                  000849b9    0000000a     f2838x_defaultisr.obj (.text:CLA1_6_ISR)
                  000849c3    0000000a     f2838x_defaultisr.obj (.text:CLA1_7_ISR)
                  000849cd    0000000a     f2838x_defaultisr.obj (.text:CLA1_8_ISR)
                  000849d7    0000000a     f2838x_defaultisr.obj (.text:CLA_OVERFLOW_ISR)
                  000849e1    0000000a     f2838x_defaultisr.obj (.text:CLA_UNDERFLOW_ISR)
                  000849eb    0000000a     f2838x_defaultisr.obj (.text:CLB1_ISR)
                  000849f5    0000000a     f2838x_defaultisr.obj (.text:CLB2_ISR)
                  000849ff    0000000a     f2838x_defaultisr.obj (.text:CLB3_ISR)
                  00084a09    0000000a     f2838x_defaultisr.obj (.text:CLB4_ISR)
                  00084a13    0000000a     f2838x_defaultisr.obj (.text:CLB5_ISR)
                  00084a1d    0000000a     f2838x_defaultisr.obj (.text:CLB6_ISR)
                  00084a27    0000000a     f2838x_defaultisr.obj (.text:CLB7_ISR)
                  00084a31    0000000a     f2838x_defaultisr.obj (.text:CLB8_ISR)
                  00084a3b    0000000a     f2838x_defaultisr.obj (.text:CMTOCPUXIPC0_ISR)
                  00084a45    0000000a     f2838x_defaultisr.obj (.text:CMTOCPUXIPC1_ISR)
                  00084a4f    0000000a     f2838x_defaultisr.obj (.text:CMTOCPUXIPC2_ISR)
                  00084a59    0000000a     f2838x_defaultisr.obj (.text:CMTOCPUXIPC3_ISR)
                  00084a63    0000000a     f2838x_defaultisr.obj (.text:CMTOCPUXIPC4_ISR)
                  00084a6d    0000000a     f2838x_defaultisr.obj (.text:CMTOCPUXIPC5_ISR)
                  00084a77    0000000a     f2838x_defaultisr.obj (.text:CMTOCPUXIPC6_ISR)
                  00084a81    0000000a     f2838x_defaultisr.obj (.text:CMTOCPUXIPC7_ISR)
                  00084a8b    0000000a     f2838x_defaultisr.obj (.text:CM_STATUS_ISR)
                  00084a95    0000000a     f2838x_defaultisr.obj (.text:CPUCRC_ISR)
                  00084a9f    0000000a     f2838x_defaultisr.obj (.text:DATALOG_ISR)
                  00084aa9    0000000a     f2838x_defaultisr.obj (.text:DMA_CH1_ISR)
                  00084ab3    0000000a     f2838x_defaultisr.obj (.text:DMA_CH2_ISR)
                  00084abd    0000000a     f2838x_defaultisr.obj (.text:DMA_CH3_ISR)
                  00084ac7    0000000a     f2838x_defaultisr.obj (.text:DMA_CH4_ISR)
                  00084ad1    0000000a     f2838x_defaultisr.obj (.text:DMA_CH5_ISR)
                  00084adb    0000000a     f2838x_defaultisr.obj (.text:DMA_CH6_ISR)
                  00084ae5    0000000a     f2838x_defaultisr.obj (.text:ECAP1_ISR)
                  00084aef    0000000a     f2838x_defaultisr.obj (.text:ECAP2_ISR)
                  00084af9    0000000a     f2838x_defaultisr.obj (.text:ECAP3_ISR)
                  00084b03    0000000a     f2838x_defaultisr.obj (.text:ECAP4_ISR)
                  00084b0d    0000000a     f2838x_defaultisr.obj (.text:ECAP5_ISR)
                  00084b17    0000000a     f2838x_defaultisr.obj (.text:ECAP6_2_ISR)
                  00084b21    0000000a     f2838x_defaultisr.obj (.text:ECAP6_ISR)
                  00084b2b    0000000a     f2838x_defaultisr.obj (.text:ECAP7_2_ISR)
                  00084b35    0000000a     f2838x_defaultisr.obj (.text:ECAP7_ISR)
                  00084b3f    0000000a     f2838x_defaultisr.obj (.text:ECATRST_ISR)
                  00084b49    0000000a     f2838x_defaultisr.obj (.text:ECATSYNC0_ISR)
                  00084b53    0000000a     f2838x_defaultisr.obj (.text:ECATSYNC1_ISR)
                  00084b5d    0000000a     f2838x_defaultisr.obj (.text:ECAT_ISR)
                  00084b67    0000000a     f2838x_defaultisr.obj (.text:EMU_ISR)
                  00084b71    0000000a     f2838x_defaultisr.obj (.text:EPWM10_ISR)
                  00084b7b    0000000a     f2838x_defaultisr.obj (.text:EPWM10_TZ_ISR)
                  00084b85    0000000a     f2838x_defaultisr.obj (.text:EPWM11_ISR)
                  00084b8f    0000000a     f2838x_defaultisr.obj (.text:EPWM11_TZ_ISR)
                  00084b99    0000000a     f2838x_defaultisr.obj (.text:EPWM12_ISR)
                  00084ba3    0000000a     f2838x_defaultisr.obj (.text:EPWM12_TZ_ISR)
                  00084bad    0000000a     f2838x_defaultisr.obj (.text:EPWM13_ISR)
                  00084bb7    0000000a     f2838x_defaultisr.obj (.text:EPWM13_TZ_ISR)
                  00084bc1    0000000a     f2838x_defaultisr.obj (.text:EPWM14_ISR)
                  00084bcb    0000000a     f2838x_defaultisr.obj (.text:EPWM14_TZ_ISR)
                  00084bd5    0000000a     f2838x_defaultisr.obj (.text:EPWM15_ISR)
                  00084bdf    0000000a     f2838x_defaultisr.obj (.text:EPWM15_TZ_ISR)
                  00084be9    0000000a     f2838x_defaultisr.obj (.text:EPWM16_ISR)
                  00084bf3    0000000a     f2838x_defaultisr.obj (.text:EPWM16_TZ_ISR)
                  00084bfd    0000000a     f2838x_defaultisr.obj (.text:EPWM1_ISR)
                  00084c07    0000000a     f2838x_defaultisr.obj (.text:EPWM1_TZ_ISR)
                  00084c11    0000000a     f2838x_defaultisr.obj (.text:EPWM2_ISR)
                  00084c1b    0000000a     f2838x_defaultisr.obj (.text:EPWM2_TZ_ISR)
                  00084c25    0000000a     f2838x_defaultisr.obj (.text:EPWM3_ISR)
                  00084c2f    0000000a     f2838x_defaultisr.obj (.text:EPWM3_TZ_ISR)
                  00084c39    0000000a     f2838x_defaultisr.obj (.text:EPWM4_ISR)
                  00084c43    0000000a     f2838x_defaultisr.obj (.text:EPWM4_TZ_ISR)
                  00084c4d    0000000a     f2838x_defaultisr.obj (.text:EPWM5_ISR)
                  00084c57    0000000a     f2838x_defaultisr.obj (.text:EPWM5_TZ_ISR)
                  00084c61    0000000a     f2838x_defaultisr.obj (.text:EPWM6_ISR)
                  00084c6b    0000000a     f2838x_defaultisr.obj (.text:EPWM6_TZ_ISR)
                  00084c75    0000000a     f2838x_defaultisr.obj (.text:EPWM7_ISR)
                  00084c7f    0000000a     f2838x_defaultisr.obj (.text:EPWM7_TZ_ISR)
                  00084c89    0000000a     f2838x_defaultisr.obj (.text:EPWM8_ISR)
                  00084c93    0000000a     f2838x_defaultisr.obj (.text:EPWM8_TZ_ISR)
                  00084c9d    0000000a     f2838x_defaultisr.obj (.text:EPWM9_ISR)
                  00084ca7    0000000a     f2838x_defaultisr.obj (.text:EPWM9_TZ_ISR)
                  00084cb1    0000000a     f2838x_defaultisr.obj (.text:EQEP1_ISR)
                  00084cbb    0000000a     f2838x_defaultisr.obj (.text:EQEP2_ISR)
                  00084cc5    0000000a     f2838x_defaultisr.obj (.text:EQEP3_ISR)
                  00084ccf    0000000a     f2838x_defaultisr.obj (.text:FMC_ISR)
                  00084cd9    0000000a     f2838x_defaultisr.obj (.text:FPU_OFLOW_ISR)
                  00084ce3    0000000a     f2838x_defaultisr.obj (.text:FPU_UFLOW_ISR)
                  00084ced    0000000a     f2838x_defaultisr.obj (.text:FSIRXA1_ISR)
                  00084cf7    0000000a     f2838x_defaultisr.obj (.text:FSIRXA2_ISR)
                  00084d01    0000000a     f2838x_defaultisr.obj (.text:FSIRXB1_ISR)
                  00084d0b    0000000a     f2838x_defaultisr.obj (.text:FSIRXB2_ISR)
                  00084d15    0000000a     f2838x_defaultisr.obj (.text:FSIRXC1_ISR)
                  00084d1f    0000000a     f2838x_defaultisr.obj (.text:FSIRXC2_ISR)
                  00084d29    0000000a     f2838x_defaultisr.obj (.text:FSIRXD1_ISR)
                  00084d33    0000000a     f2838x_defaultisr.obj (.text:FSIRXD2_ISR)
                  00084d3d    0000000a     f2838x_defaultisr.obj (.text:FSIRXE1_ISR)
                  00084d47    0000000a     f2838x_defaultisr.obj (.text:FSIRXE2_ISR)
                  00084d51    0000000a     f2838x_defaultisr.obj (.text:FSIRXF1_ISR)
                  00084d5b    0000000a     f2838x_defaultisr.obj (.text:FSIRXF2_ISR)
                  00084d65    0000000a     f2838x_defaultisr.obj (.text:FSIRXG1_ISR)
                  00084d6f    0000000a     f2838x_defaultisr.obj (.text:FSIRXG2_ISR)
                  00084d79    0000000a     f2838x_defaultisr.obj (.text:FSIRXH1_ISR)
                  00084d83    0000000a     f2838x_defaultisr.obj (.text:FSIRXH2_ISR)
                  00084d8d    0000000a     f2838x_defaultisr.obj (.text:FSITXA1_ISR)
                  00084d97    0000000a     f2838x_defaultisr.obj (.text:FSITXA2_ISR)
                  00084da1    0000000a     f2838x_defaultisr.obj (.text:FSITXB1_ISR)
                  00084dab    0000000a     f2838x_defaultisr.obj (.text:FSITXB2_ISR)
                  00084db5    0000000a     f2838x_gpio.obj (.text:GPIO_EnableUnbondedIOPullups)
                  00084dbf    0000000a     f2838x_defaultisr.obj (.text:I2CA_FIFO_ISR)
                  00084dc9    0000000a     f2838x_defaultisr.obj (.text:I2CA_HIGH_ISR)
                  00084dd3    0000000a     f2838x_defaultisr.obj (.text:I2CA_ISR)
                  00084ddd    0000000a     f2838x_defaultisr.obj (.text:I2CB_FIFO_ISR)
                  00084de7    0000000a     f2838x_defaultisr.obj (.text:I2CB_ISR)
                  00084df1    0000000a     f2838x_defaultisr.obj (.text:ILLEGAL_ISR)
                  00084dfb    0000000a     f2838x_defaultisr.obj (.text:MCANSS0_ISR)
                  00084e05    0000000a     f2838x_defaultisr.obj (.text:MCANSS1_ISR)
                  00084e0f    0000000a     f2838x_defaultisr.obj (.text:MCANSS_ECC_CORR_PLS_ISR)
                  00084e19    0000000a     f2838x_defaultisr.obj (.text:MCANSS_WAKE_AND_TS_PLS_ISR)
                  00084e23    0000000a     f2838x_defaultisr.obj (.text:MCBSPA_RX_ISR)
                  00084e2d    0000000a     f2838x_defaultisr.obj (.text:MCBSPA_TX_ISR)
                  00084e37    0000000a     f2838x_defaultisr.obj (.text:MCBSPB_RX_ISR)
                  00084e41    0000000a     f2838x_defaultisr.obj (.text:MCBSPB_TX_ISR)
                  00084e4b    0000000a     f2838x_defaultisr.obj (.text:MPOST_ISR)
                  00084e55    0000000a     f2838x_defaultisr.obj (.text:NMI_ISR)
                  00084e5f    0000000a     f2838x_defaultisr.obj (.text:NOTUSED_ISR)
                  00084e69    0000000a     f2838x_defaultisr.obj (.text:PIE_RESERVED_ISR)
                  00084e73    0000000a     f2838x_defaultisr.obj (.text:PMBUSA_ISR)
                  00084e7d    0000000a     f2838x_defaultisr.obj (.text:RTOS_ISR)
                  00084e87    0000000a     f2838x_defaultisr.obj (.text:SCIA_RX_ISR)
                  00084e91    0000000a     f2838x_defaultisr.obj (.text:SCIA_TX_ISR)
                  00084e9b    0000000a     f2838x_defaultisr.obj (.text:SCIB_RX_ISR)
                  00084ea5    0000000a     f2838x_defaultisr.obj (.text:SCIB_TX_ISR)
                  00084eaf    0000000a     f2838x_defaultisr.obj (.text:SCIC_RX_ISR)
                  00084eb9    0000000a     f2838x_defaultisr.obj (.text:SCIC_TX_ISR)
                  00084ec3    0000000a     f2838x_defaultisr.obj (.text:SCID_RX_ISR)
                  00084ecd    0000000a     f2838x_defaultisr.obj (.text:SCID_TX_ISR)
                  00084ed7    0000000a     f2838x_defaultisr.obj (.text:SDFM1DR1_ISR)
                  00084ee1    0000000a     f2838x_defaultisr.obj (.text:SDFM1DR2_ISR)
                  00084eeb    0000000a     f2838x_defaultisr.obj (.text:SDFM1DR3_ISR)
                  00084ef5    0000000a     f2838x_defaultisr.obj (.text:SDFM1DR4_ISR)
                  00084eff    0000000a     f2838x_defaultisr.obj (.text:SDFM1_ISR)
                  00084f09    0000000a     f2838x_defaultisr.obj (.text:SDFM2DR1_ISR)
                  00084f13    0000000a     f2838x_defaultisr.obj (.text:SDFM2DR2_ISR)
                  00084f1d    0000000a     f2838x_defaultisr.obj (.text:SDFM2DR3_ISR)
                  00084f27    0000000a     f2838x_defaultisr.obj (.text:SDFM2DR4_ISR)
                  00084f31    0000000a     f2838x_defaultisr.obj (.text:SDFM2_ISR)
                  00084f3b    0000000a     f2838x_defaultisr.obj (.text:SPIA_RX_ISR)
                  00084f45    0000000a     f2838x_defaultisr.obj (.text:SPIA_TX_ISR)
                  00084f4f    0000000a     f2838x_defaultisr.obj (.text:SPIB_RX_ISR)
                  00084f59    0000000a     f2838x_defaultisr.obj (.text:SPIB_TX_ISR)
                  00084f63    0000000a     f2838x_defaultisr.obj (.text:SPIC_RX_ISR)
                  00084f6d    0000000a     f2838x_defaultisr.obj (.text:SPIC_TX_ISR)
                  00084f77    0000000a     f2838x_defaultisr.obj (.text:SPID_RX_ISR)
                  00084f81    0000000a     f2838x_defaultisr.obj (.text:SPID_TX_ISR)
                  00084f8b    0000000a     f2838x_defaultisr.obj (.text:SYS_ERR_ISR)
                  00084f95    0000000a     f2838x_sysctrl.obj (.text:SysIntOsc1Sel)
                  00084f9f    0000000a     f2838x_defaultisr.obj (.text:TIMER0_ISR)
                  00084fa9    0000000a     f2838x_defaultisr.obj (.text:TIMER1_ISR)
                  00084fb3    0000000a     f2838x_defaultisr.obj (.text:TIMER2_ISR)
                  00084fbd    0000000a     f2838x_defaultisr.obj (.text:USBA_ISR)
                  00084fc7    0000000a     f2838x_defaultisr.obj (.text:USER10_ISR)
                  00084fd1    0000000a     f2838x_defaultisr.obj (.text:USER11_ISR)
                  00084fdb    0000000a     f2838x_defaultisr.obj (.text:USER12_ISR)
                  00084fe5    0000000a     f2838x_defaultisr.obj (.text:USER1_ISR)
                  00084fef    0000000a     f2838x_defaultisr.obj (.text:USER2_ISR)
                  00084ff9    0000000a     f2838x_defaultisr.obj (.text:USER3_ISR)
                  00085003    0000000a     f2838x_defaultisr.obj (.text:USER4_ISR)
                  0008500d    0000000a     f2838x_defaultisr.obj (.text:USER5_ISR)
                  00085017    0000000a     f2838x_defaultisr.obj (.text:USER6_ISR)
                  00085021    0000000a     f2838x_defaultisr.obj (.text:USER7_ISR)
                  0008502b    0000000a     f2838x_defaultisr.obj (.text:USER8_ISR)
                  00085035    0000000a     f2838x_defaultisr.obj (.text:USER9_ISR)
                  0008503f    0000000a     f2838x_defaultisr.obj (.text:WAKE_ISR)
                  00085049    0000000a     f2838x_defaultisr.obj (.text:XINT1_ISR)
                  00085053    0000000a     f2838x_defaultisr.obj (.text:XINT2_ISR)
                  0008505d    0000000a     f2838x_defaultisr.obj (.text:XINT3_ISR)
                  00085067    0000000a     f2838x_defaultisr.obj (.text:XINT4_ISR)
                  00085071    0000000a     f2838x_defaultisr.obj (.text:XINT5_ISR)
                  0008507b    00000009     rts2800_fpu64_eabi.lib : _lock.c.obj (.text)
                  00085084    00000008     f2838x_sysctrl.obj (.text:AuxIntOsc2Sel)
                  0008508c    00000008     f2838x_sysctrl.obj (.text:SysIntOsc2Sel)
                  00085094    00000008     rts2800_fpu64_eabi.lib : copy_decompress_none.c.obj (.text:decompress:none)
                  0008509c    00000008     f2838x_codestartbranch.obj (.text)

MODULE SUMMARY

       Module                          code    ro data   rw data
       ------                          ----    -------   -------
    .\
       ADC.obj                         1930    0         211    
       Task_Control.obj                899     0         208    
       Peripheral_Config.obj           776     0         0      
       ISR_Control.obj                 523     0         132    
       Func.obj                        508     0         0      
       Sequence.obj                    233     0         36     
       ISR.obj                         120     0         0      
       Parameter.obj                   97      0         18     
       Task.obj                        89      0         0      
       Main.obj                        88      0         0      
    +--+-------------------------------+-------+---------+---------+
       Total:                          5263    0         605    
                                                                
    .\F2838x_common\source\
       f2838x_defaultisr.obj           2063    0         0      
       f2838x_sysctrl.obj              1522    0         0      
       f2838x_pievect.obj              17      448       0      
       f2838x_adc.obj                  216     0         0      
       f2838x_cputimers.obj            94      0         24     
       f2838x_epwm.obj                 44      0         0      
       f2838x_gpio.obj                 35      0         0      
       f2838x_piectrl.obj              31      0         0      
       f2838x_codestartbranch.obj      10      0         0      
       f2838x_usdelay.obj              8       0         0      
    +--+-------------------------------+-------+---------+---------+
       Total:                          4040    448       24     
                                                                
    .\F2838x_headers\source\
       f2838x_globalvariabledefs.obj   0       0         3551   
    +--+-------------------------------+-------+---------+---------+
       Total:                          0       0         3551   
                                                                
    C:\ti\ccs1010\ccs\tools\compiler\ti-cgt-c2000_20.8.0.STS\lib\rts2800_fpu64_eabi.lib
       k_rem_pio2.c.obj                1119    168       0      
       e_rem_pio2.c.obj                715     0         0      
       s_floor.c.obj                   218     0         0      
       s_ceil.c.obj                    217     0         0      
       s_scalbn.c.obj                  167     0         0      
       k_sin.c.obj                     139     0         0      
       k_cos.c.obj                     119     0         0      
       s_cos.c.obj                     111     0         0      
       s_sin.c.obj                     107     0         0      
       copy_decompress_lzss.c.obj      49      0         0      
       exit.c.obj                      41      0         6      
       autoinit.c.obj                  43      0         0      
       s_copysign.c.obj                42      0         0      
       i_div28.asm.obj                 34      0         0      
       memcpy.c.obj                    29      0         0      
       boot28.asm.obj                  25      0         0      
       ll_aox28.asm.obj                24      0         0      
       _lock.c.obj                     9       0         4      
       copy_zero_init.c.obj            13      0         0      
       args_main.c.obj                 12      0         0      
       copy_decompress_none.c.obj      8       0         0      
       pre_init.c.obj                  2       0         0      
       errno.c.obj                     0       0         1      
       startup.c.obj                   1       0         0      
    +--+-------------------------------+-------+---------+---------+
       Total:                          3244    168       11     
                                                                
       Stack:                          0       0         256    
       Linker Generated:               0       83        0      
    +--+-------------------------------+-------+---------+---------+
       Grand Total:                    12547   699       4447   


LINKER GENERATED COPY TABLES

__TI_cinit_table @ 00088048 records: 3, size/record: 4, table size: 12
	.data: load addr=00088000, load size=00000039 bytes, run addr=0000a800, run size=00000150 bytes, compression=lzss
	.bss: load addr=00088040, load size=00000004 bytes, run addr=0000a950, run size=00000148 bytes, compression=zero_init
	PieVectTableFile: load addr=00088044, load size=00000004 bytes, run addr=00000d00, run size=000001c0 bytes, compression=zero_init


LINKER GENERATED HANDLER TABLE

__TI_handler_table @ 0008803a records: 3, size/record: 2, table size: 6
	index: 0, handler: __TI_zero_init
	index: 1, handler: __TI_decompress_lzss
	index: 2, handler: __TI_decompress_none


GLOBAL DATA SYMBOLS: SORTED BY DATA PAGE

address     data page           name
--------    ----------------    ----
00000400      10 (00000400)     __stack

00000b00      2c (00000b00)     AdcaResultRegs
00000b20      2c (00000b00)     AdcbResultRegs

00000c00      30 (00000c00)     CpuTimer0Regs
00000c08      30 (00000c00)     CpuTimer1Regs
00000c10      30 (00000c00)     CpuTimer2Regs

00000ce0      33 (00000cc0)     PieCtrlRegs

00000d00      34 (00000d00)     PieVectTable

00004000     100 (00004000)     EPwm1Regs

00004100     104 (00004100)     EPwm2Regs

00004200     108 (00004200)     EPwm3Regs

00006100     184 (00006100)     SpiaRegs

00007000     1c0 (00007000)     WdRegs

00007400     1d0 (00007400)     AdcaRegs

00007480     1d2 (00007480)     AdcbRegs

00007500     1d4 (00007500)     AdccRegs

00007580     1d6 (00007580)     AdcdRegs

00007c00     1f0 (00007c00)     GpioCtrlRegs

00007f00     1fc (00007f00)     GpioDataRegs

0000a800     2a0 (0000a800)     giPrecharCplCntCal
0000a802     2a0 (0000a800)     giPrecharFltCntCal
0000a804     2a0 (0000a800)     gfPrecharCplTimeCal
0000a806     2a0 (0000a800)     gfPrecharFltTimeCal
0000a808     2a0 (0000a800)     giPFCRlyCplCntCal
0000a80a     2a0 (0000a800)     gfPFCRlyCplTimeCal
0000a80c     2a0 (0000a800)     giPartCalcCplCntCal
0000a80e     2a0 (0000a800)     gfVoPFCrefCal
0000a810     2a0 (0000a800)     gfSsCplTimeCal
0000a812     2a0 (0000a800)     gfSsFltTimeCal
0000a814     2a0 (0000a800)     giSsCplCntCal
0000a816     2a0 (0000a800)     giSsFltCntCal
0000a818     2a0 (0000a800)     gfTssCal
0000a81a     2a0 (0000a800)     gfFssCal
0000a81c     2a0 (0000a800)     gdqVgrid_dqs
0000a820     2a0 (0000a800)     gdqVgrid_dqe
0000a824     2a0 (0000a800)     gdqVgrid_dqe_LPF
0000a828     2a0 (0000a800)     gf1Wgrid_LPF
0000a830     2a0 (0000a800)     gf1Votref_LPF

0000a840     2a1 (0000a840)     gf2Vgrid_qs_APF
0000a84c     2a1 (0000a840)     gf2Vgrid_de_LPF
0000a858     2a1 (0000a840)     gf2Vgrid_qe_LPF

0000a880     2a2 (0000a880)     gPiVgrid_angle
0000a89e     2a2 (0000a880)     INT_FLT_STATE
0000a89f     2a2 (0000a880)     INT_FLTSUB_STATE
0000a8a0     2a2 (0000a880)     INT_INHIBIT_STATE
0000a8a1     2a2 (0000a880)     INT_NORMAL_STATE
0000a8a2     2a2 (0000a880)     INT_SUB_STATE
0000a8a3     2a2 (0000a880)     giFlag_Run
0000a8a4     2a2 (0000a880)     giTEST_Mode
0000a8a5     2a2 (0000a880)     giModeState
0000a8a6     2a2 (0000a880)     giFlag_FltClr
0000a8a7     2a2 (0000a880)     giVgridUVInhibitFlag
0000a8a8     2a2 (0000a880)     gfVCBOVFlt
0000a8aa     2a2 (0000a880)     gfVCBUVFlt
0000a8ac     2a2 (0000a880)     gfiLPFCOCFlt
0000a8ae     2a2 (0000a880)     gfOutCurrOCFlt
0000a8b0     2a2 (0000a880)     gfVgridOVFlt
0000a8b2     2a2 (0000a880)     gfVgridUVFlt
0000a8b4     2a2 (0000a880)     gfVoPFCOVFlt
0000a8b6     2a2 (0000a880)     gfVoPFCUVFlt
0000a8b8     2a2 (0000a880)     gfTempFlt
0000a8ba     2a2 (0000a880)     gfVgridUVInhibit
0000a8bc     2a2 (0000a880)     gfVoPFCUVInhibit
0000a8be     2a2 (0000a880)     fltvalue

0000a8c0     2a3 (0000a8c0)     gfKpc
0000a8c2     2a3 (0000a8c0)     gcVoPFC

0000a900     2a4 (0000a900)     gcILPFC
0000a922     2a4 (0000a900)     L
0000a924     2a4 (0000a900)     Lest
0000a926     2a4 (0000a900)     Co
0000a928     2a4 (0000a900)     Cf
0000a92a     2a4 (0000a900)     gc
0000a92c     2a4 (0000a900)     KgfVgrid
0000a92e     2a4 (0000a900)     KgfVoPFC
0000a930     2a4 (0000a900)     Ki
0000a932     2a4 (0000a900)     Km
0000a934     2a4 (0000a900)     __TI_enable_exit_profile_output
0000a936     2a4 (0000a900)     __TI_cleanup_ptr
0000a938     2a4 (0000a900)     __TI_dtors_ptr
0000a93a     2a4 (0000a900)     giSPIdata
0000a93d     2a4 (0000a900)     errno
0000a93e     2a4 (0000a900)     _lock

0000a940     2a5 (0000a940)     giSPIdataindex
0000a941     2a5 (0000a940)     giSPIdatamode
0000a942     2a5 (0000a940)     AdcOffset_CalcCnt_Max
0000a944     2a5 (0000a940)     AdcStable_Cnt_Max
0000a946     2a5 (0000a940)     GainVgrid
0000a948     2a5 (0000a940)     GainVoPFC
0000a94a     2a5 (0000a940)     GainI
0000a94c     2a5 (0000a940)     gfT_temp
0000a94e     2a5 (0000a940)     _unlock
0000a950     2a5 (0000a940)     giflag_PosCycle
0000a951     2a5 (0000a940)     giflag_NegCycle
0000a952     2a5 (0000a940)     giFlag_HSSW_Deadzone
0000a953     2a5 (0000a940)     giFlag_LSSW_Deadzone
0000a954     2a5 (0000a940)     giFlag_ILCtrlCpl_Delay
0000a955     2a5 (0000a940)     giFlag_ILCtrlCpl
0000a956     2a5 (0000a940)     giFlag_EPwmTZCLR
0000a958     2a5 (0000a940)     giPos_dead_cnt
0000a95a     2a5 (0000a940)     giNeg_dead_cnt
0000a95c     2a5 (0000a940)     gfHSSW_VmAL
0000a95e     2a5 (0000a940)     gfHSSW_VmAH
0000a960     2a5 (0000a940)     gfHSSW_VmBL
0000a962     2a5 (0000a940)     gfHSSW_VmBH
0000a964     2a5 (0000a940)     gfLSSW_VmL
0000a966     2a5 (0000a940)     gfLSSW_VmH
0000a968     2a5 (0000a940)     Vm_dead
0000a96a     2a5 (0000a940)     gfVoPFCref
0000a96c     2a5 (0000a940)     gfPFC_FF
0000a96e     2a5 (0000a940)     gfIPFCref
0000a970     2a5 (0000a940)     gfIPFCphaseref
0000a972     2a5 (0000a940)     INT_MAIN_STATE
0000a973     2a5 (0000a940)     INT_MODE_STATE

0000a980     2a6 (0000a980)     AdcOffset_CalcCnt
0000a981     2a6 (0000a980)     giADCoffsetCplFlag
0000a982     2a6 (0000a980)     AdcStable_Cnt
0000a983     2a6 (0000a980)     giADCStableFlag
0000a984     2a6 (0000a980)     ADCRESULT0
0000a986     2a6 (0000a980)     ADCRESULT1
0000a988     2a6 (0000a980)     ADCRESULT2
0000a98a     2a6 (0000a980)     ADCRESULT3
0000a98c     2a6 (0000a980)     gfVgrid
0000a98e     2a6 (0000a980)     gfVgrid1
0000a990     2a6 (0000a980)     gfVgrid_LPF10
0000a992     2a6 (0000a980)     gfVgrid_LPF100
0000a994     2a6 (0000a980)     gfVgrid_LPF1K
0000a996     2a6 (0000a980)     gfVgrid_Offset
0000a998     2a6 (0000a980)     gfVgrid_Offset1
0000a99a     2a6 (0000a980)     gfVgrid_Offset_LPF10
0000a99c     2a6 (0000a980)     gfVgrid_Offset_Cal
0000a99e     2a6 (0000a980)     gfVgrid_fabs
0000a9a0     2a6 (0000a980)     gfVgrid_fabs1
0000a9a2     2a6 (0000a980)     gfVgrid_fabs2
0000a9a4     2a6 (0000a980)     gfVgrid_fabs_LPF5
0000a9a6     2a6 (0000a980)     gfVgrid_fabs_LPF5_1
0000a9a8     2a6 (0000a980)     gfVgrid_fabs_LPF5_2
0000a9aa     2a6 (0000a980)     gfVgrid_RMS
0000a9ac     2a6 (0000a980)     gfVoPFC
0000a9ae     2a6 (0000a980)     gfVoPFC1
0000a9b0     2a6 (0000a980)     gfVoPFC_LPF10
0000a9b2     2a6 (0000a980)     gfVoPFC_LPF100
0000a9b4     2a6 (0000a980)     gfVoPFC_LPF1K
0000a9b6     2a6 (0000a980)     gfVoPFC_Offset
0000a9b8     2a6 (0000a980)     gfVoPFC_Offset1
0000a9ba     2a6 (0000a980)     gfVoPFC_Offset_LPF10
0000a9bc     2a6 (0000a980)     gfVoPFC_Offset_Cal
0000a9be     2a6 (0000a980)     gfiLphaseA

0000a9c0     2a7 (0000a9c0)     gfiLphaseA1
0000a9c2     2a7 (0000a9c0)     gfiLphaseA_LPF10
0000a9c4     2a7 (0000a9c0)     gfiLphaseA_LPF100
0000a9c6     2a7 (0000a9c0)     gfiLphaseA_LPF1K
0000a9c8     2a7 (0000a9c0)     gfiLphaseA_Offset
0000a9ca     2a7 (0000a9c0)     gfiLphaseA_Offset1
0000a9cc     2a7 (0000a9c0)     gfiLphaseA_Offset_LPF10
0000a9ce     2a7 (0000a9c0)     gfiLphaseA_Offset_Cal
0000a9d0     2a7 (0000a9c0)     gfiLphaseA_fabs
0000a9d2     2a7 (0000a9c0)     gfiLphaseA_fabs1
0000a9d4     2a7 (0000a9c0)     gfiLphaseA_fabs2
0000a9d6     2a7 (0000a9c0)     gfiLphaseA_fabs_LPF5
0000a9d8     2a7 (0000a9c0)     gfiLphaseA_fabs_LPF5_1
0000a9da     2a7 (0000a9c0)     gfiLphaseA_fabs_LPF5_2
0000a9dc     2a7 (0000a9c0)     gfiLphaseA_RMS
0000a9de     2a7 (0000a9c0)     gfiLphaseB
0000a9e0     2a7 (0000a9c0)     gfiLphaseB1
0000a9e2     2a7 (0000a9c0)     gfiLphaseB_LPF10
0000a9e4     2a7 (0000a9c0)     gfiLphaseB_LPF100
0000a9e6     2a7 (0000a9c0)     gfiLphaseB_LPF1K
0000a9e8     2a7 (0000a9c0)     gfiLphaseB_Offset
0000a9ea     2a7 (0000a9c0)     gfiLphaseB_Offset1
0000a9ec     2a7 (0000a9c0)     gfiLphaseB_Offset_LPF10
0000a9ee     2a7 (0000a9c0)     gfiLphaseB_Offset_Cal
0000a9f0     2a7 (0000a9c0)     gfiLphaseB_fabs
0000a9f2     2a7 (0000a9c0)     gfiLphaseB_fabs1
0000a9f4     2a7 (0000a9c0)     gfiLphaseB_fabs2
0000a9f6     2a7 (0000a9c0)     gfiLphaseB_fabs_LPF5
0000a9f8     2a7 (0000a9c0)     gfiLphaseB_fabs_LPF5_1
0000a9fa     2a7 (0000a9c0)     gfiLphaseB_fabs_LPF5_2
0000a9fc     2a7 (0000a9c0)     gfiLphaseB_RMS
0000a9fe     2a7 (0000a9c0)     gfTFilterSamp

0000aa00     2a8 (0000aa00)     gfFFilterSamp
0000aa02     2a8 (0000aa00)     WcLPF1_1K
0000aa04     2a8 (0000aa00)     WcLPF1_100
0000aa06     2a8 (0000aa00)     WcLPF1_50
0000aa08     2a8 (0000aa00)     WcLPF1_10
0000aa0a     2a8 (0000aa00)     WcLPF1_5
0000aa0c     2a8 (0000aa00)     WcLPF1_1
0000aa0e     2a8 (0000aa00)     WcLPF1_0P1
0000aa10     2a8 (0000aa00)     WcLPF2_5
0000aa12     2a8 (0000aa00)     gfLPF1A1K
0000aa14     2a8 (0000aa00)     gfLPF1B1K
0000aa16     2a8 (0000aa00)     gfLPF1C1K
0000aa18     2a8 (0000aa00)     gfLPF1A100
0000aa1a     2a8 (0000aa00)     gfLPF1B100
0000aa1c     2a8 (0000aa00)     gfLPF1C100
0000aa1e     2a8 (0000aa00)     gfLPF1A50
0000aa20     2a8 (0000aa00)     gfLPF1B50
0000aa22     2a8 (0000aa00)     gfLPF1C50
0000aa24     2a8 (0000aa00)     gfLPF1A10
0000aa26     2a8 (0000aa00)     gfLPF1B10
0000aa28     2a8 (0000aa00)     gfLPF1C10
0000aa2a     2a8 (0000aa00)     gfLPF1A5
0000aa2c     2a8 (0000aa00)     gfLPF1B5
0000aa2e     2a8 (0000aa00)     gfLPF1C5
0000aa30     2a8 (0000aa00)     gfLPF1A1
0000aa32     2a8 (0000aa00)     gfLPF1B1
0000aa34     2a8 (0000aa00)     gfLPF1C1
0000aa36     2a8 (0000aa00)     gfLPF1A0P1
0000aa38     2a8 (0000aa00)     gfLPF1B0P1
0000aa3a     2a8 (0000aa00)     gfLPF1C0P1
0000aa3c     2a8 (0000aa00)     gfLPF2A5
0000aa3e     2a8 (0000aa00)     gfLPF2B5

0000aa40     2a9 (0000aa40)     gfLPF2C5
0000aa42     2a9 (0000aa40)     giFlag_PrecharCpl
0000aa43     2a9 (0000aa40)     giFlag_PrecharFlt
0000aa44     2a9 (0000aa40)     giFlag_PrecharState
0000aa45     2a9 (0000aa40)     giFlag_PFCRlyCpl
0000aa46     2a9 (0000aa40)     giFlag_PFCRlyState
0000aa47     2a9 (0000aa40)     giFlag_PFCRlyONGate
0000aa48     2a9 (0000aa40)     giPartCalcCplCnt
0000aa49     2a9 (0000aa40)     giFlag_PartCalcCpl
0000aa4a     2a9 (0000aa40)     giFlag_SsFlt
0000aa4b     2a9 (0000aa40)     giFlag_SsState
0000aa4c     2a9 (0000aa40)     giFlag_SsCpl
0000aa4d     2a9 (0000aa40)     giFlag_NormalState
0000aa4e     2a9 (0000aa40)     giPrecharCplCnt
0000aa50     2a9 (0000aa40)     giPrecharFltCnt
0000aa52     2a9 (0000aa40)     giPFCRlyCplCnt
0000aa54     2a9 (0000aa40)     gfWgrid
0000aa56     2a9 (0000aa40)     gfWgrid_LPF
0000aa58     2a9 (0000aa40)     gfTheta_Grid
0000aa5a     2a9 (0000aa40)     gfTheta_Grid_Comp
0000aa5c     2a9 (0000aa40)     gfVgrid_Mag
0000aa5e     2a9 (0000aa40)     gfWgrid_PC
0000aa60     2a9 (0000aa40)     gfGridAngleKp
0000aa62     2a9 (0000aa40)     gfGridAngleKi
0000aa64     2a9 (0000aa40)     gfVoPFCrefSS
0000aa66     2a9 (0000aa40)     giSsCplCnt
0000aa68     2a9 (0000aa40)     giSsFltCnt
0000aa6a     2a9 (0000aa40)     gfdelVoPFCrefCal
0000aa6c     2a9 (0000aa40)     gfVotref
0000aa6e     2a9 (0000aa40)     gfVotrefLPF
0000aa70     2a9 (0000aa40)     gfVotrefSS
0000aa72     2a9 (0000aa40)     gfdelVotref

0000aa80     2aa (0000aa80)     CpuTimer0
0000aa88     2aa (0000aa80)     CpuTimer1
0000aa90     2aa (0000aa80)     CpuTimer2

0005d000    1740 (0005d000)     DevCfgRegs

0005d200    1748 (0005d200)     ClkCfgRegs

0005d300    174c (0005d300)     CpuSysRegs

0005d700    175c (0005d700)     AnalogSubsysRegs

0005e700    179c (0005e700)     Dcc0Regs

0005e740    179d (0005e740)     Dcc1Regs

0005e780    179e (0005e780)     Dcc2Regs

0005f800    17e0 (0005f800)     Flash0CtrlRegs

0005fb00    17ec (0005fb00)     Flash0EccRegs

00090000    2400 (00090000)     PieVectTableInit


GLOBAL SYMBOLS: SORTED ALPHABETICALLY BY Name 

page  address   name                                 
----  -------   ----                                 
0     0008485b  ADCA1_ISR                            
0     00084865  ADCA2_ISR                            
0     0008486f  ADCA3_ISR                            
0     00084879  ADCA4_ISR                            
0     00084883  ADCA_EVT_ISR                         
0     0008488d  ADCB1_ISR                            
0     00084897  ADCB2_ISR                            
0     000848a1  ADCB3_ISR                            
0     000848ab  ADCB4_ISR                            
0     000848b5  ADCB_EVT_ISR                         
0     000848bf  ADCC1_ISR                            
0     000848c9  ADCC2_ISR                            
0     000848d3  ADCC3_ISR                            
0     000848dd  ADCC4_ISR                            
0     000848e7  ADCC_EVT_ISR                         
0     000848f1  ADCD1_ISR                            
0     000848fb  ADCD2_ISR                            
0     00084905  ADCD3_ISR                            
0     0008490f  ADCD4_ISR                            
0     00084919  ADCD_EVT_ISR                         
0     0000a984  ADCRESULT0                           
0     0000a986  ADCRESULT1                           
0     0000a988  ADCRESULT2                           
0     0000a98a  ADCRESULT3                           
0     00083e0b  ADC_Calc                             
0     0008245f  ADC_LPF_RMS_Calc_100us               
0     00083184  ADC_Offset_Calc_100us                
0     000841e4  APF2                                 
0     0000a980  AdcOffset_CalcCnt                    
0     0000a942  AdcOffset_CalcCnt_Max                
0     00083587  AdcSetMode                           
0     0000a982  AdcStable_Cnt                        
0     0000a944  AdcStable_Cnt_Max                    
0     00083841  Adc_Config                           
0     00007400  AdcaRegs                             
0     00000b00  AdcaResultRegs                       
0     00007480  AdcbRegs                             
0     00000b20  AdcbResultRegs                       
0     00007500  AdccRegs                             
0     00007580  AdcdRegs                             
0     0005d700  AnalogSubsysRegs                     
0     00084923  AuxAuxClkSel                         
0     00085084  AuxIntOsc2Sel                        
0     0008478f  AuxXtalOscSESel                      
0     000847a7  AuxXtalOscSel                        
0     00084610  C$$EXIT                              
0     0008492d  CANA0_ISR                            
0     00084937  CANA1_ISR                            
0     00084941  CANB0_ISR                            
0     0008494b  CANB1_ISR                            
0     00084955  CIPC0_ISR                            
0     0008495f  CIPC1_ISR                            
0     00084969  CIPC2_ISR                            
0     00084973  CIPC3_ISR                            
0     0008497d  CLA1CRC_ISR                          
0     00084987  CLA1_1_ISR                           
0     00084991  CLA1_2_ISR                           
0     0008499b  CLA1_3_ISR                           
0     000849a5  CLA1_4_ISR                           
0     000849af  CLA1_5_ISR                           
0     000849b9  CLA1_6_ISR                           
0     000849c3  CLA1_7_ISR                           
0     000849cd  CLA1_8_ISR                           
0     000849d7  CLA_OVERFLOW_ISR                     
0     000849e1  CLA_UNDERFLOW_ISR                    
0     000849eb  CLB1_ISR                             
0     000849f5  CLB2_ISR                             
0     000849ff  CLB3_ISR                             
0     00084a09  CLB4_ISR                             
0     00084a13  CLB5_ISR                             
0     00084a1d  CLB6_ISR                             
0     00084a27  CLB7_ISR                             
0     00084a31  CLB8_ISR                             
0     00084a3b  CMTOCPUXIPC0_ISR                     
0     00084a45  CMTOCPUXIPC1_ISR                     
0     00084a4f  CMTOCPUXIPC2_ISR                     
0     00084a59  CMTOCPUXIPC3_ISR                     
0     00084a63  CMTOCPUXIPC4_ISR                     
0     00084a6d  CMTOCPUXIPC5_ISR                     
0     00084a77  CMTOCPUXIPC6_ISR                     
0     00084a81  CMTOCPUXIPC7_ISR                     
0     00084a8b  CM_STATUS_ISR                        
0     00084a95  CPUCRC_ISR                           
0     00084639  CalAdcINL                            
0     0000a928  Cf                                   
0     00084241  ChkFltState                          
0     000844c7  ChkInhibitState                      
0     0008465f  ChkMainState                         
0     00084500  ChkNormalState                       
0     0005d200  ClkCfgRegs                           
0     0000a926  Co                                   
0     00083a0b  ComputeCntrSeedValue                 
0     00084682  ConfigCpuTimer                       
0     0005d300  CpuSysRegs                           
0     0000aa80  CpuTimer0                            
0     00000c00  CpuTimer0Regs                        
0     0000aa88  CpuTimer1                            
0     00000c08  CpuTimer1Regs                        
0     0000aa90  CpuTimer2                            
0     00000c10  CpuTimer2Regs                        
0     00084a9f  DATALOG_ISR                          
0     00084aa9  DMA_CH1_ISR                          
0     00084ab3  DMA_CH2_ISR                          
0     00084abd  DMA_CH3_ISR                          
0     00084ac7  DMA_CH4_ISR                          
0     00084ad1  DMA_CH5_ISR                          
0     00084adb  DMA_CH6_ISR                          
0     00084185  DPID_Control_calc                    
0     0005e700  Dcc0Regs                             
0     0005e740  Dcc1Regs                             
0     0005e780  Dcc2Regs                             
0     0005d000  DevCfgRegs                           
0     00084828  DisableDog                           
0     00084ae5  ECAP1_ISR                            
0     00084aef  ECAP2_ISR                            
0     00084af9  ECAP3_ISR                            
0     00084b03  ECAP4_ISR                            
0     00084b0d  ECAP5_ISR                            
0     00084b17  ECAP6_2_ISR                          
0     00084b21  ECAP6_ISR                            
0     00084b2b  ECAP7_2_ISR                          
0     00084b35  ECAP7_ISR                            
0     00084b3f  ECATRST_ISR                          
0     00084b49  ECATSYNC0_ISR                        
0     00084b53  ECATSYNC1_ISR                        
0     00084b5d  ECAT_ISR                             
0     00084835  EMPTY_ISR                            
0     00084b67  EMU_ISR                              
0     00084b71  EPWM10_ISR                           
0     00084b7b  EPWM10_TZ_ISR                        
0     00084b85  EPWM11_ISR                           
0     00084b8f  EPWM11_TZ_ISR                        
0     00084b99  EPWM12_ISR                           
0     00084ba3  EPWM12_TZ_ISR                        
0     00084bad  EPWM13_ISR                           
0     00084bb7  EPWM13_TZ_ISR                        
0     00084bc1  EPWM14_ISR                           
0     00084bcb  EPWM14_TZ_ISR                        
0     00084bd5  EPWM15_ISR                           
0     00084bdf  EPWM15_TZ_ISR                        
0     00084be9  EPWM16_ISR                           
0     00084bf3  EPWM16_TZ_ISR                        
0     00084bfd  EPWM1_ISR                            
0     00084c07  EPWM1_TZ_ISR                         
0     00084c11  EPWM2_ISR                            
0     00084c1b  EPWM2_TZ_ISR                         
0     00084c25  EPWM3_ISR                            
0     00084c2f  EPWM3_TZ_ISR                         
0     00084c39  EPWM4_ISR                            
0     00084c43  EPWM4_TZ_ISR                         
0     00084c4d  EPWM5_ISR                            
0     00084c57  EPWM5_TZ_ISR                         
0     00084c61  EPWM6_ISR                            
0     00084c6b  EPWM6_TZ_ISR                         
0     00084c75  EPWM7_ISR                            
0     00084c7f  EPWM7_TZ_ISR                         
0     00084c89  EPWM8_ISR                            
0     00084c93  EPWM8_TZ_ISR                         
0     00084c9d  EPWM9_ISR                            
0     00084ca7  EPWM9_TZ_ISR                         
0     00004000  EPwm1Regs                            
0     00083f59  EPwm1_Config                         
0     00004100  EPwm2Regs                            
0     00083d96  EPwm2_Config                         
0     00004200  EPwm3Regs                            
0     00084cb1  EQEP1_ISR                            
0     00084cbb  EQEP2_ISR                            
0     00084cc5  EQEP3_ISR                            
0     0000802c  F28x_usDelay                         
0     00084ccf  FMC_ISR                              
0     00084cd9  FPU_OFLOW_ISR                        
0     00084ce3  FPU_UFLOW_ISR                        
0     00084ced  FSIRXA1_ISR                          
0     00084cf7  FSIRXA2_ISR                          
0     00084d01  FSIRXB1_ISR                          
0     00084d0b  FSIRXB2_ISR                          
0     00084d15  FSIRXC1_ISR                          
0     00084d1f  FSIRXC2_ISR                          
0     00084d29  FSIRXD1_ISR                          
0     00084d33  FSIRXD2_ISR                          
0     00084d3d  FSIRXE1_ISR                          
0     00084d47  FSIRXE2_ISR                          
0     00084d51  FSIRXF1_ISR                          
0     00084d5b  FSIRXF2_ISR                          
0     00084d65  FSIRXG1_ISR                          
0     00084d6f  FSIRXG2_ISR                          
0     00084d79  FSIRXH1_ISR                          
0     00084d83  FSIRXH2_ISR                          
0     00084d8d  FSITXA1_ISR                          
0     00084d97  FSITXA2_ISR                          
0     00084da1  FSITXB1_ISR                          
0     00084dab  FSITXB2_ISR                          
0     0005f800  Flash0CtrlRegs                       
0     0005fb00  Flash0EccRegs                        
0     00084db5  GPIO_EnableUnbondedIOPullups         
0     0008475d  GPIO_EnableUnbondedIOPullupsFor176Pin
0     0000a94a  GainI                                
0     0000a946  GainVgrid                            
0     0000a948  GainVoPFC                            
0     00007c00  GpioCtrlRegs                         
0     00007f00  GpioDataRegs                         
0     00083c2c  GridPartCalcGainInit                 
0     00082c36  GridPartCalc_100us                   
0     00084dbf  I2CA_FIFO_ISR                        
0     00084dc9  I2CA_HIGH_ISR                        
0     00084dd3  I2CA_ISR                             
0     00084ddd  I2CB_FIFO_ISR                        
0     00084de7  I2CB_ISR                             
0     00084df1  ILLEGAL_ISR                          
0     00083639  ILPFC_Ctrl                           
0     0000a89f  INT_FLTSUB_STATE                     
0     0000a89e  INT_FLT_STATE                        
0     0000a8a0  INT_INHIBIT_STATE                    
0     0000a972  INT_MAIN_STATE                       
0     0000a973  INT_MODE_STATE                       
0     0000a8a1  INT_NORMAL_STATE                     
0     0000a8a2  INT_SUB_STATE                        
0     00083413  InitAuxPll                           
0     0008448c  InitCpuTimers                        
0     000847d7  InitEPwm1Gpio                        
0     000847ed  InitEPwm2Gpio                        
0     00082a67  InitFilterVar_100us                  
0     00008000  InitFlash                            
0     00084803  InitGpioConfig                       
0     000834d3  InitGpioInOutConfig                  
0     00084442  InitMcBspSPIConfig                   
0     0008434d  InitPWMEnaFltGpioConfig              
0     000830a5  InitPeripheralClocks                 
0     000846e8  InitPieCtrl                          
0     00084817  InitPieVectTable                     
0     00084063  InitSysCtrl                          
0     00082eb0  InitSysPll                           
0     00083a9a  Init_ILPFC_cont                      
0     0008397a  Init_VoPFC_cont                      
0     000838e6  IsPLLValid                           
0     0000a92c  KgfVgrid                             
0     0000a92e  KgfVoPFC                             
0     0000a930  Ki                                   
0     0000a932  Km                                   
0     0000a922  L                                    
[...]
0     0000aa38  gfLPF1B0P1                           
0     0000aa3a  gfLPF1C0P1                           
0     0000aa3c  gfLPF2A5                             
0     0000aa3e  gfLPF2B5                             
0     0000aa40  gfLPF2C5                             
0     0000aa42  giFlag_PrecharCpl                    
0     0000aa43  giFlag_PrecharFlt                    
0     0000aa44  giFlag_PrecharState                  
0     0000aa45  giFlag_PFCRlyCpl                     
0     0000aa46  giFlag_PFCRlyState                   
0     0000aa47  giFlag_PFCRlyONGate                  
0     0000aa48  giPartCalcCplCnt                     
0     0000aa49  giFlag_PartCalcCpl                   
0     0000aa4a  giFlag_SsFlt                         
0     0000aa4b  giFlag_SsState                       
0     0000aa4c  giFlag_SsCpl                         
0     0000aa4d  giFlag_NormalState                   
0     0000aa4e  giPrecharCplCnt                      
0     0000aa50  giPrecharFltCnt                      
0     0000aa52  giPFCRlyCplCnt                       
0     0000aa54  gfWgrid                              
0     0000aa56  gfWgrid_LPF                          
0     0000aa58  gfTheta_Grid                         
0     0000aa5a  gfTheta_Grid_Comp                    
0     0000aa5c  gfVgrid_Mag                          
0     0000aa5e  gfWgrid_PC                           
0     0000aa60  gfGridAngleKp                        
0     0000aa62  gfGridAngleKi                        
0     0000aa64  gfVoPFCrefSS                         
0     0000aa66  giSsCplCnt                           
0     0000aa68  giSsFltCnt                           
0     0000aa6a  gfdelVoPFCrefCal                     
0     0000aa6c  gfVotref                             
0     0000aa6e  gfVotrefLPF                          
0     0000aa70  gfVotrefSS                           
0     0000aa72  gfdelVotref                          
0     0000aa80  CpuTimer0                            
0     0000aa88  CpuTimer1                            
0     0000aa90  CpuTimer2                            
0     0005d000  DevCfgRegs                           
0     0005d200  ClkCfgRegs                           
0     0005d300  CpuSysRegs                           
0     0005d700  AnalogSubsysRegs                     
0     0005e700  Dcc0Regs                             
0     0005e740  Dcc1Regs                             
0     0005e780  Dcc2Regs                             
0     0005f800  Flash0CtrlRegs                       
0     0005fb00  Flash0EccRegs                        
0     00080000  code_start                           
0     00082000  __kernel_rem_pio2                    
0     0008245f  ADC_LPF_RMS_Calc_100us               
0     0008279b  _system_post_cinit                   
0     0008279c  __rem_pio2                           
0     00082a67  InitFilterVar_100us                  
0     00082c36  GridPartCalc_100us                   
0     00082d81  SPIDAC_100us                         
0     00082eb0  InitSysPll                           
0     00082fb1  SoftStart_100us                      
0     000830a5  InitPeripheralClocks                 
0     00083184  ADC_Offset_Calc_100us                
0     00083260  floor                                
0     00083260  floorl                               
0     0008333a  ceil                                 
0     0008333a  ceill                                
0     00083413  InitAuxPll                           
0     000834d3  InitGpioInOutConfig                  
0     00083587  AdcSetMode                           
0     00083639  ILPFC_Ctrl                           
0     000836ea  VerifyXTAL                           
0     0008379a  ldexp                                
0     0008379a  ldexpl                               
0     0008379a  scalbn                               
0     0008379a  scalbnl                              
0     00083841  Adc_Config                           
0     000838e6  IsPLLValid                           
0     0008397a  Init_VoPFC_cont                      
0     00083a0b  ComputeCntrSeedValue                 
0     00083a9a  Init_ILPFC_cont                      
0     00083b25  __kernel_sin                         
0     00083bb0  Precharging_100us                    
0     00083c2c  GridPartCalcGainInit                 
0     00083ca7  adca1_isr                            
0     00083d1f  __kernel_cos                         
0     00083d96  EPwm2_Config                         
0     00083e0b  ADC_Calc                             
0     00083e7f  cos                                  
0     00083e7f  cosl                                 
0     00083eee  sin                                  
0     00083eee  sinl                                 
0     00083f59  EPwm1_Config                         
0     00083fbd  VoPFC_Ctrl                           
0     00083ffb  _system_pre_init                     
0     00084000  PI_Control_calc                      
0     00084063  InitSysCtrl                          
0     000840c4  ParameterSetting                     
0     00084125  LPF2                                 
0     00084185  DPID_Control_calc                    
0     000841e4  APF2                                 
0     00084241  ChkFltState                          
0     0008429c  Task_100us                           
0     000842f5  main                                 
0     0008434d  InitPWMEnaFltGpioConfig              
0     000843a4  park_calc                            
0     000843f5  PFCRly_100us                         
0     00084442  InitMcBspSPIConfig                   
0     0008448c  InitCpuTimers                        
0     000844c7  ChkInhibitState                      
0     00084500  ChkNormalState                       
0     00084532  __TI_decompress_lzss                 
0     00084563  LPF1                                 
0     0008458f  SysXtalOscSel                        
0     000845bb  __TI_auto_init_nobinit_nopinit       
0     000845e6  copysign                             
0     000845e6  copysignl                            
0     00084610  C$$EXIT                              
0     00084610  abort                                
0     00084612  exit                                 
0     00084639  CalAdcINL                            
0     0008465f  ChkMainState                         
0     00084682  ConfigCpuTimer                       
0     000846a5  __c28xabi_divi                       
0     000846b6  __c28xabi_modi                       
0     000846c7  SPIDAC_Config                        
0     000846e8  InitPieCtrl                          
0     00084707  SysXtalOscSESel                      
0     00084725  memcpy                               
0     0008475d  GPIO_EnableUnbondedIOPullupsFor176Pin
0     00084776  _c_int00                             
0     0008478f  AuxXtalOscSESel                      
0     000847a7  AuxXtalOscSel                        
0     000847bf  __c28xabi_andll                      
0     000847c7  __c28xabi_orll                       
0     000847cf  __c28xabi_xorll                      
0     000847d7  InitEPwm1Gpio                        
0     000847ed  InitEPwm2Gpio                        
0     00084803  InitGpioConfig                       
0     00084817  InitPieVectTable                     
0     00084828  DisableDog                           
0     00084835  EMPTY_ISR                            
0     00084842  __TI_zero_init_nomemset              
0     0008484f  _args_main                           
0     0008485b  ADCA1_ISR                            
0     00084865  ADCA2_ISR                            
0     0008486f  ADCA3_ISR                            
0     00084879  ADCA4_ISR                            
0     00084883  ADCA_EVT_ISR                         
0     0008488d  ADCB1_ISR                            
0     00084897  ADCB2_ISR                            
0     000848a1  ADCB3_ISR                            
0     000848ab  ADCB4_ISR                            
0     000848b5  ADCB_EVT_ISR                         
0     000848bf  ADCC1_ISR                            
0     000848c9  ADCC2_ISR                            
0     000848d3  ADCC3_ISR                            
0     000848dd  ADCC4_ISR                            
0     000848e7  ADCC_EVT_ISR                         
0     000848f1  ADCD1_ISR                            
0     000848fb  ADCD2_ISR                            
0     00084905  ADCD3_ISR                            
0     0008490f  ADCD4_ISR                            
0     00084919  ADCD_EVT_ISR                         
0     00084923  AuxAuxClkSel                         
0     0008492d  CANA0_ISR                            
0     00084937  CANA1_ISR                            
0     00084941  CANB0_ISR                            
0     0008494b  CANB1_ISR                            
0     00084955  CIPC0_ISR                            
0     0008495f  CIPC1_ISR                            
0     00084969  CIPC2_ISR                            
0     00084973  CIPC3_ISR                            
0     0008497d  CLA1CRC_ISR                          
0     00084987  CLA1_1_ISR                           
0     00084991  CLA1_2_ISR                           
0     0008499b  CLA1_3_ISR                           
0     000849a5  CLA1_4_ISR                           
0     000849af  CLA1_5_ISR                           
0     000849b9  CLA1_6_ISR                           
0     000849c3  CLA1_7_ISR                           
0     000849cd  CLA1_8_ISR                           
0     000849d7  CLA_OVERFLOW_ISR                     
0     000849e1  CLA_UNDERFLOW_ISR                    
0     000849eb  CLB1_ISR                             
0     000849f5  CLB2_ISR                             
0     000849ff  CLB3_ISR                             
0     00084a09  CLB4_ISR                             
0     00084a13  CLB5_ISR                             
0     00084a1d  CLB6_ISR                             
0     00084a27  CLB7_ISR                             
0     00084a31  CLB8_ISR                             
0     00084a3b  CMTOCPUXIPC0_ISR                     
0     00084a45  CMTOCPUXIPC1_ISR                     
0     00084a4f  CMTOCPUXIPC2_ISR                     
0     00084a59  CMTOCPUXIPC3_ISR                     
0     00084a63  CMTOCPUXIPC4_ISR                     
0     00084a6d  CMTOCPUXIPC5_ISR                     
0     00084a77  CMTOCPUXIPC6_ISR                     
0     00084a81  CMTOCPUXIPC7_ISR                     
0     00084a8b  CM_STATUS_ISR                        
0     00084a95  CPUCRC_ISR                           
0     00084a9f  DATALOG_ISR                          
0     00084aa9  DMA_CH1_ISR                          
0     00084ab3  DMA_CH2_ISR                          
0     00084abd  DMA_CH3_ISR                          
0     00084ac7  DMA_CH4_ISR                          
0     00084ad1  DMA_CH5_ISR                          
0     00084adb  DMA_CH6_ISR                          
0     00084ae5  ECAP1_ISR                            
0     00084aef  ECAP2_ISR                            
0     00084af9  ECAP3_ISR                            
0     00084b03  ECAP4_ISR                            
0     00084b0d  ECAP5_ISR                            
0     00084b17  ECAP6_2_ISR                          
0     00084b21  ECAP6_ISR                            
0     00084b2b  ECAP7_2_ISR                          
0     00084b35  ECAP7_ISR                            
0     00084b3f  ECATRST_ISR                          
0     00084b49  ECATSYNC0_ISR                        
0     00084b53  ECATSYNC1_ISR                        
0     00084b5d  ECAT_ISR                             
0     00084b67  EMU_ISR                              
0     00084b71  EPWM10_ISR                           
0     00084b7b  EPWM10_TZ_ISR                        
0     00084b85  EPWM11_ISR                           
0     00084b8f  EPWM11_TZ_ISR                        
0     00084b99  EPWM12_ISR                           
0     00084ba3  EPWM12_TZ_ISR                        
0     00084bad  EPWM13_ISR                           
0     00084bb7  EPWM13_TZ_ISR                        
0     00084bc1  EPWM14_ISR                           
0     00084bcb  EPWM14_TZ_ISR                        
0     00084bd5  EPWM15_ISR                           
0     00084bdf  EPWM15_TZ_ISR                        
0     00084be9  EPWM16_ISR                           
0     00084bf3  EPWM16_TZ_ISR                        
0     00084bfd  EPWM1_ISR                            
0     00084c07  EPWM1_TZ_ISR                         
0     00084c11  EPWM2_ISR                            
0     00084c1b  EPWM2_TZ_ISR                         
0     00084c25  EPWM3_ISR                            
0     00084c2f  EPWM3_TZ_ISR                         
0     00084c39  EPWM4_ISR                            
0     00084c43  EPWM4_TZ_ISR                         
0     00084c4d  EPWM5_ISR                            
0     00084c57  EPWM5_TZ_ISR                         
0     00084c61  EPWM6_ISR                            
0     00084c6b  EPWM6_TZ_ISR                         
0     00084c75  EPWM7_ISR                            
0     00084c7f  EPWM7_TZ_ISR                         
0     00084c89  EPWM8_ISR                            
0     00084c93  EPWM8_TZ_ISR                         
0     00084c9d  EPWM9_ISR                            
0     00084ca7  EPWM9_TZ_ISR                         
0     00084cb1  EQEP1_ISR                            
0     00084cbb  EQEP2_ISR                            
0     00084cc5  EQEP3_ISR                            
0     00084ccf  FMC_ISR                              
0     00084cd9  FPU_OFLOW_ISR                        
0     00084ce3  FPU_UFLOW_ISR                        
0     00084ced  FSIRXA1_ISR                          
0     00084cf7  FSIRXA2_ISR                          
0     00084d01  FSIRXB1_ISR                          
0     00084d0b  FSIRXB2_ISR                          
0     00084d15  FSIRXC1_ISR                          
0     00084d1f  FSIRXC2_ISR                          
0     00084d29  FSIRXD1_ISR                          
0     00084d33  FSIRXD2_ISR                          
0     00084d3d  FSIRXE1_ISR                          
0     00084d47  FSIRXE2_ISR                          
0     00084d51  FSIRXF1_ISR                          
0     00084d5b  FSIRXF2_ISR                          
0     00084d65  FSIRXG1_ISR                          
0     00084d6f  FSIRXG2_ISR                          
0     00084d79  FSIRXH1_ISR                          
0     00084d83  FSIRXH2_ISR                          
0     00084d8d  FSITXA1_ISR                          
0     00084d97  FSITXA2_ISR                          
0     00084da1  FSITXB1_ISR                          
0     00084dab  FSITXB2_ISR                          
0     00084db5  GPIO_EnableUnbondedIOPullups         
0     00084dbf  I2CA_FIFO_ISR                        
0     00084dc9  I2CA_HIGH_ISR                        
0     00084dd3  I2CA_ISR                             
0     00084ddd  I2CB_FIFO_ISR                        
0     00084de7  I2CB_ISR                             
0     00084df1  ILLEGAL_ISR                          
0     00084dfb  MCANSS0_ISR                          
0     00084e05  MCANSS1_ISR                          
0     00084e0f  MCANSS_ECC_CORR_PLS_ISR              
0     00084e19  MCANSS_WAKE_AND_TS_PLS_ISR           
0     00084e23  MCBSPA_RX_ISR                        
0     00084e2d  MCBSPA_TX_ISR                        
0     00084e37  MCBSPB_RX_ISR                        
0     00084e41  MCBSPB_TX_ISR                        
0     00084e4b  MPOST_ISR                            
0     00084e55  NMI_ISR                              
0     00084e5f  NOTUSED_ISR                          
0     00084e69  PIE_RESERVED_ISR                     
0     00084e73  PMBUSA_ISR                           
0     00084e7d  RTOS_ISR                             
0     00084e87  SCIA_RX_ISR                          
0     00084e91  SCIA_TX_ISR                          
0     00084e9b  SCIB_RX_ISR                          
0     00084ea5  SCIB_TX_ISR                          
0     00084eaf  SCIC_RX_ISR                          
0     00084eb9  SCIC_TX_ISR                          
0     00084ec3  SCID_RX_ISR                          
0     00084ecd  SCID_TX_ISR                          
0     00084ed7  SDFM1DR1_ISR                         
0     00084ee1  SDFM1DR2_ISR                         
0     00084eeb  SDFM1DR3_ISR                         
0     00084ef5  SDFM1DR4_ISR                         
0     00084eff  SDFM1_ISR                            
0     00084f09  SDFM2DR1_ISR                         
0     00084f13  SDFM2DR2_ISR                         
0     00084f1d  SDFM2DR3_ISR                         
0     00084f27  SDFM2DR4_ISR                         
0     00084f31  SDFM2_ISR                            
0     00084f3b  SPIA_RX_ISR                          
0     00084f45  SPIA_TX_ISR                          
0     00084f4f  SPIB_RX_ISR                          
0     00084f59  SPIB_TX_ISR                          
0     00084f63  SPIC_RX_ISR                          
0     00084f6d  SPIC_TX_ISR                          
0     00084f77  SPID_RX_ISR                          
0     00084f81  SPID_TX_ISR                          
0     00084f8b  SYS_ERR_ISR                          
0     00084f95  SysIntOsc1Sel                        
0     00084f9f  TIMER0_ISR                           
0     00084fa9  TIMER1_ISR                           
0     00084fb3  TIMER2_ISR                           
0     00084fbd  USBA_ISR                             
0     00084fc7  USER10_ISR                           
0     00084fd1  USER11_ISR                           
0     00084fdb  USER12_ISR                           
0     00084fe5  USER1_ISR                            
0     00084fef  USER2_ISR                            
0     00084ff9  USER3_ISR                            
0     00085003  USER4_ISR                            
0     0008500d  USER5_ISR                            
0     00085017  USER6_ISR                            
0     00085021  USER7_ISR                            
0     0008502b  USER8_ISR                            
0     00085035  USER9_ISR                            
0     0008503f  WAKE_ISR                             
0     00085049  XINT1_ISR                            
0     00085053  XINT2_ISR                            
0     0008505d  XINT3_ISR                            
0     00085067  XINT4_ISR                            
0     00085071  XINT5_ISR                            
0     0008507b  _register_unlock                     
0     0008507f  _register_lock                       
0     00085083  _nop                                 
0     00085084  AuxIntOsc2Sel                        
0     0008508c  SysIntOsc2Sel                        
0     00085094  __TI_decompress_none                 
0     00086000  RamfuncsLoadStart                    
0     00086030  RamfuncsLoadEnd                      
0     0008803a  __TI_Handler_Table_Base              
0     00088040  __TI_Handler_Table_Limit             
0     00088048  __TI_CINIT_Base                      
0     00088054  __TI_CINIT_Limit                     
0     00088054  __TI_CINIT_Warm                      
0     00090000  PieVectTableInit                     
abs   00000030  RamfuncsLoadSize                     
abs   00000030  RamfuncsRunSize                      
abs   00000100  __TI_STACK_SIZE                      
abs   ffffffff  __TI_pprof_out_hndl                  
abs   ffffffff  __TI_prof_data_size                  
abs   ffffffff  __TI_prof_data_start                 
n/a   UNDEFED   __c_args__                           

[582 symbols]
