<?xml version="1.0" encoding="ISO-8859-1" ?>
<link_info>
   <banner>TMS320C2000 Linker PC v20.8.0.STS</banner>
   <copyright>Copyright (c) 1996-2018 Texas Instruments Incorporated</copyright>
   <link_time>0x629da581</link_time>
   <link_errors>0x0</link_errors>
   <output_file>220523_Unipolar_Inverter_PFC_DCtest.out</output_file>
   <entry_point>
      <name>code_start</name>
      <address>0x80000</address>
   </entry_point>
   <input_file_list>
      <input_file id="fl-2">
         <path>.\</path>
         <kind>object</kind>
         <file>ADC.obj</file>
         <name>ADC.obj</name>
      </input_file>
      <input_file id="fl-3">
         <path>.\</path>
         <kind>object</kind>
         <file>Func.obj</file>
         <name>Func.obj</name>
      </input_file>
      <input_file id="fl-4">
         <path>.\</path>
         <kind>object</kind>
         <file>ISR.obj</file>
         <name>ISR.obj</name>
      </input_file>
      <input_file id="fl-5">
         <path>.\</path>
         <kind>object</kind>
         <file>ISR_Control.obj</file>
         <name>ISR_Control.obj</name>
      </input_file>
      <input_file id="fl-6">
         <path>.\</path>
         <kind>object</kind>
         <file>Main.obj</file>
         <name>Main.obj</name>
      </input_file>
      <input_file id="fl-7">
         <path>.\</path>
         <kind>object</kind>
         <file>Parameter.obj</file>
         <name>Parameter.obj</name>
      </input_file>
      <input_file id="fl-8">
         <path>.\</path>
         <kind>object</kind>
         <file>Peripheral_Config.obj</file>
         <name>Peripheral_Config.obj</name>
      </input_file>
      <input_file id="fl-9">
         <path>.\</path>
         <kind>object</kind>
         <file>Sequence.obj</file>
         <name>Sequence.obj</name>
      </input_file>
      <input_file id="fl-a">
         <path>.\</path>
         <kind>object</kind>
         <file>Task.obj</file>
         <name>Task.obj</name>
      </input_file>
      <input_file id="fl-b">
         <path>.\</path>
         <kind>object</kind>
         <file>Task_Control.obj</file>
         <name>Task_Control.obj</name>
      </input_file>
      <input_file id="fl-c">
         <path>.\F2838x_common\source\</path>
         <kind>object</kind>
         <file>f2838x_adc.obj</file>
         <name>f2838x_adc.obj</name>
      </input_file>
      <input_file id="fl-d">
         <path>.\F2838x_common\source\</path>
         <kind>object</kind>
         <file>f2838x_codestartbranch.obj</file>
         <name>f2838x_codestartbranch.obj</name>
      </input_file>
      <input_file id="fl-e">
         <path>.\F2838x_common\source\</path>
         <kind>object</kind>
         <file>f2838x_cputimers.obj</file>
         <name>f2838x_cputimers.obj</name>
      </input_file>
      <input_file id="fl-f">
         <path>.\F2838x_common\source\</path>
         <kind>object</kind>
         <file>f2838x_dbgier.obj</file>
         <name>f2838x_dbgier.obj</name>
      </input_file>
      <input_file id="fl-10">
         <path>.\F2838x_common\source\</path>
         <kind>object</kind>
         <file>f2838x_dcsm_z1otp.obj</file>
         <name>f2838x_dcsm_z1otp.obj</name>
      </input_file>
      <input_file id="fl-11">
         <path>.\F2838x_common\source\</path>
         <kind>object</kind>
         <file>f2838x_dcsm_z2otp.obj</file>
         <name>f2838x_dcsm_z2otp.obj</name>
      </input_file>
      <input_file id="fl-12">
         <path>.\F2838x_common\source\</path>
         <kind>object</kind>
         <file>f2838x_defaultisr.obj</file>
         <name>f2838x_defaultisr.obj</name>
      </input_file>
      <input_file id="fl-13">
         <path>.\F2838x_common\source\</path>
         <kind>object</kind>
         <file>f2838x_dma.obj</file>
         <name>f2838x_dma.obj</name>
      </input_file>
      <input_file id="fl-14">
         <path>.\F2838x_common\source\</path>
         <kind>object</kind>
         <file>f2838x_ecap.obj</file>
         <name>f2838x_ecap.obj</name>
      </input_file>
      <input_file id="fl-15">
         <path>.\F2838x_common\source\</path>
         <kind>object</kind>
         <file>f2838x_emif.obj</file>
         <name>f2838x_emif.obj</name>
      </input_file>
      <input_file id="fl-16">
         <path>.\F2838x_common\source\</path>
         <kind>object</kind>
         <file>f2838x_epwm.obj</file>
         <name>f2838x_epwm.obj</name>
      </input_file>
      <input_file id="fl-17">
         <path>.\F2838x_common\source\</path>
         <kind>object</kind>
         <file>f2838x_eqep.obj</file>
         <name>f2838x_eqep.obj</name>
      </input_file>
      <input_file id="fl-18">
         <path>.\F2838x_common\source\</path>
         <kind>object</kind>
         <file>f2838x_gpio.obj</file>
         <name>f2838x_gpio.obj</name>
      </input_file>
      <input_file id="fl-19">
         <path>.\F2838x_common\source\</path>
         <kind>object</kind>
         <file>f2838x_mcbsp.obj</file>
         <name>f2838x_mcbsp.obj</name>
      </input_file>
      <input_file id="fl-1a">
         <path>.\F2838x_common\source\</path>
         <kind>object</kind>
         <file>f2838x_piectrl.obj</file>
         <name>f2838x_piectrl.obj</name>
      </input_file>
      <input_file id="fl-1b">
         <path>.\F2838x_common\source\</path>
         <kind>object</kind>
         <file>f2838x_pievect.obj</file>
         <name>f2838x_pievect.obj</name>
      </input_file>
      <input_file id="fl-1c">
         <path>.\F2838x_common\source\</path>
         <kind>object</kind>
         <file>f2838x_sdfm_drivers.obj</file>
         <name>f2838x_sdfm_drivers.obj</name>
      </input_file>
      <input_file id="fl-1d">
         <path>.\F2838x_common\source\</path>
         <kind>object</kind>
         <file>f2838x_struct.obj</file>
         <name>f2838x_struct.obj</name>
      </input_file>
      <input_file id="fl-1e">
         <path>.\F2838x_common\source\</path>
         <kind>object</kind>
         <file>f2838x_sysctrl.obj</file>
         <name>f2838x_sysctrl.obj</name>
      </input_file>
      <input_file id="fl-1f">
         <path>.\F2838x_common\source\</path>
         <kind>object</kind>
         <file>f2838x_tempsensorconv.obj</file>
         <name>f2838x_tempsensorconv.obj</name>
      </input_file>
      <input_file id="fl-20">
         <path>.\F2838x_common\source\</path>
         <kind>object</kind>
         <file>f2838x_usdelay.obj</file>
         <name>f2838x_usdelay.obj</name>
      </input_file>
      <input_file id="fl-21">
         <path>.\F2838x_headers\source\</path>
         <kind>object</kind>
         <file>f2838x_globalvariabledefs.obj</file>
         <name>f2838x_globalvariabledefs.obj</name>
      </input_file>
      <input_file id="fl-26">
         <kind>object</kind>
         <file>&lt;internal&gt;</file>
         <name>&lt;internal&gt;</name>
      </input_file>
      <input_file id="fl-32">
         <path>C:\ti\ccs1040\ccs\tools\compiler\ti-cgt-c2000_20.8.0.STS\lib\</path>
         <kind>archive</kind>
         <file>rts2800_fpu64_eabi.lib</file>
         <name>s_ceil.c.obj</name>
      </input_file>
      <input_file id="fl-33">
         <path>C:\ti\ccs1040\ccs\tools\compiler\ti-cgt-c2000_20.8.0.STS\lib\</path>
         <kind>archive</kind>
         <file>rts2800_fpu64_eabi.lib</file>
         <name>s_cos.c.obj</name>
      </input_file>
      <input_file id="fl-34">
         <path>C:\ti\ccs1040\ccs\tools\compiler\ti-cgt-c2000_20.8.0.STS\lib\</path>
         <kind>archive</kind>
         <file>rts2800_fpu64_eabi.lib</file>
         <name>s_sin.c.obj</name>
      </input_file>
      <input_file id="fl-35">
         <path>C:\ti\ccs1040\ccs\tools\compiler\ti-cgt-c2000_20.8.0.STS\lib\</path>
         <kind>archive</kind>
         <file>rts2800_fpu64_eabi.lib</file>
         <name>boot28.asm.obj</name>
      </input_file>
      <input_file id="fl-36">
         <path>C:\ti\ccs1040\ccs\tools\compiler\ti-cgt-c2000_20.8.0.STS\lib\</path>
         <kind>archive</kind>
         <file>rts2800_fpu64_eabi.lib</file>
         <name>ll_aox28.asm.obj</name>
      </input_file>
      <input_file id="fl-37">
         <path>C:\ti\ccs1040\ccs\tools\compiler\ti-cgt-c2000_20.8.0.STS\lib\</path>
         <kind>archive</kind>
         <file>rts2800_fpu64_eabi.lib</file>
         <name>ll_cmp28.asm.obj</name>
      </input_file>
      <input_file id="fl-38">
         <path>C:\ti\ccs1040\ccs\tools\compiler\ti-cgt-c2000_20.8.0.STS\lib\</path>
         <kind>archive</kind>
         <file>rts2800_fpu64_eabi.lib</file>
         <name>memcpy.c.obj</name>
      </input_file>
      <input_file id="fl-39">
         <path>C:\ti\ccs1040\ccs\tools\compiler\ti-cgt-c2000_20.8.0.STS\lib\</path>
         <kind>archive</kind>
         <file>rts2800_fpu64_eabi.lib</file>
         <name>pre_init.c.obj</name>
      </input_file>
      <input_file id="fl-3a">
         <path>C:\ti\ccs1040\ccs\tools\compiler\ti-cgt-c2000_20.8.0.STS\lib\</path>
         <kind>archive</kind>
         <file>rts2800_fpu64_eabi.lib</file>
         <name>autoinit.c.obj</name>
      </input_file>
      <input_file id="fl-3b">
         <path>C:\ti\ccs1040\ccs\tools\compiler\ti-cgt-c2000_20.8.0.STS\lib\</path>
         <kind>archive</kind>
         <file>rts2800_fpu64_eabi.lib</file>
         <name>copy_zero_init.c.obj</name>
      </input_file>
      <input_file id="fl-3c">
         <path>C:\ti\ccs1040\ccs\tools\compiler\ti-cgt-c2000_20.8.0.STS\lib\</path>
         <kind>archive</kind>
         <file>rts2800_fpu64_eabi.lib</file>
         <name>copy_decompress_none.c.obj</name>
      </input_file>
      <input_file id="fl-3d">
         <path>C:\ti\ccs1040\ccs\tools\compiler\ti-cgt-c2000_20.8.0.STS\lib\</path>
         <kind>archive</kind>
         <file>rts2800_fpu64_eabi.lib</file>
         <name>copy_decompress_lzss.c.obj</name>
      </input_file>
      <input_file id="fl-3e">
         <path>C:\ti\ccs1040\ccs\tools\compiler\ti-cgt-c2000_20.8.0.STS\lib\</path>
         <kind>archive</kind>
         <file>rts2800_fpu64_eabi.lib</file>
         <name>exit.c.obj</name>
      </input_file>
      <input_file id="fl-3f">
         <path>C:\ti\ccs1040\ccs\tools\compiler\ti-cgt-c2000_20.8.0.STS\lib\</path>
         <kind>archive</kind>
         <file>rts2800_fpu64_eabi.lib</file>
         <name>_lock.c.obj</name>
      </input_file>
      <input_file id="fl-40">
         <path>C:\ti\ccs1040\ccs\tools\compiler\ti-cgt-c2000_20.8.0.STS\lib\</path>
         <kind>archive</kind>
         <file>rts2800_fpu64_eabi.lib</file>
         <name>args_main.c.obj</name>
      </input_file>
      <input_file id="fl-41">
         <path>C:\ti\ccs1040\ccs\tools\compiler\ti-cgt-c2000_20.8.0.STS\lib\</path>
         <kind>archive</kind>
         <file>rts2800_fpu64_eabi.lib</file>
         <name>memset.c.obj</name>
      </input_file>
      <input_file id="fl-42">
         <path>C:\ti\ccs1040\ccs\tools\compiler\ti-cgt-c2000_20.8.0.STS\lib\</path>
         <kind>archive</kind>
         <file>rts2800_fpu64_eabi.lib</file>
         <name>e_rem_pio2.c.obj</name>
      </input_file>
      <input_file id="fl-43">
         <path>C:\ti\ccs1040\ccs\tools\compiler\ti-cgt-c2000_20.8.0.STS\lib\</path>
         <kind>archive</kind>
         <file>rts2800_fpu64_eabi.lib</file>
         <name>k_rem_pio2.c.obj</name>
      </input_file>
      <input_file id="fl-44">
         <path>C:\ti\ccs1040\ccs\tools\compiler\ti-cgt-c2000_20.8.0.STS\lib\</path>
         <kind>archive</kind>
         <file>rts2800_fpu64_eabi.lib</file>
         <name>k_cos.c.obj</name>
      </input_file>
      <input_file id="fl-45">
         <path>C:\ti\ccs1040\ccs\tools\compiler\ti-cgt-c2000_20.8.0.STS\lib\</path>
         <kind>archive</kind>
         <file>rts2800_fpu64_eabi.lib</file>
         <name>k_sin.c.obj</name>
      </input_file>
      <input_file id="fl-46">
         <path>C:\ti\ccs1040\ccs\tools\compiler\ti-cgt-c2000_20.8.0.STS\lib\</path>
         <kind>archive</kind>
         <file>rts2800_fpu64_eabi.lib</file>
         <name>s_floor.c.obj</name>
      </input_file>
      <input_file id="fl-47">
         <path>C:\ti\ccs1040\ccs\tools\compiler\ti-cgt-c2000_20.8.0.STS\lib\</path>
         <kind>archive</kind>
         <file>rts2800_fpu64_eabi.lib</file>
         <name>s_scalbn.c.obj</name>
      </input_file>
      <input_file id="fl-48">
         <path>C:\ti\ccs1040\ccs\tools\compiler\ti-cgt-c2000_20.8.0.STS\lib\</path>
         <kind>archive</kind>
         <file>rts2800_fpu64_eabi.lib</file>
         <name>s_copysign.c.obj</name>
      </input_file>
      <input_file id="fl-49">
         <path>C:\ti\ccs1040\ccs\tools\compiler\ti-cgt-c2000_20.8.0.STS\lib\</path>
         <kind>archive</kind>
         <file>rts2800_fpu64_eabi.lib</file>
         <name>i_div28.asm.obj</name>
      </input_file>
      <input_file id="fl-4a">
         <path>C:\ti\ccs1040\ccs\tools\compiler\ti-cgt-c2000_20.8.0.STS\lib\</path>
         <kind>archive</kind>
         <file>rts2800_fpu64_eabi.lib</file>
         <name>cpy_tbl.c.obj</name>
      </input_file>
      <input_file id="fl-4b">
         <path>C:\ti\ccs1040\ccs\tools\compiler\ti-cgt-c2000_20.8.0.STS\lib\</path>
         <kind>archive</kind>
         <file>rts2800_fpu64_eabi.lib</file>
         <name>startup.c.obj</name>
      </input_file>
      <input_file id="fl-4c">
         <path>C:\ti\ccs1040\ccs\tools\compiler\ti-cgt-c2000_20.8.0.STS\lib\</path>
         <kind>archive</kind>
         <file>rts2800_fpu64_eabi.lib</file>
         <name>errno.c.obj</name>
      </input_file>
   </input_file_list>
   <object_component_list>
      <object_component id="oc-e1">
         <name>codestart</name>
         <load_address>0x80000</load_address>
         <run_address>0x80000</run_address>
         <size>0x2</size>
         <input_file_ref idref="fl-d"/>
      </object_component>
      <object_component id="oc-6a4">
         <name>.text:ADC_LPF_RMS_Calc_100us</name>
         <load_address>0x82000</load_address>
         <run_address>0x82000</run_address>
         <size>0x291</size>
         <input_file_ref idref="fl-2"/>
      </object_component>
      <object_component id="oc-687">
         <name>.text:InitFilterVar_100us</name>
         <load_address>0x82291</load_address>
         <run_address>0x82291</run_address>
         <size>0x1cf</size>
         <input_file_ref idref="fl-2"/>
      </object_component>
      <object_component id="oc-6aa">
         <name>.text:SPIDAC_100us</name>
         <load_address>0x82460</load_address>
         <run_address>0x82460</run_address>
         <size>0x1b1</size>
         <input_file_ref idref="fl-2"/>
      </object_component>
      <object_component id="oc-7d6">
         <name>.text:InitSysPll</name>
         <load_address>0x82611</load_address>
         <run_address>0x82611</run_address>
         <size>0x101</size>
         <input_file_ref idref="fl-1e"/>
      </object_component>
      <object_component id="oc-ec">
         <name>.text:adca1_isr</name>
         <load_address>0x82712</load_address>
         <run_address>0x82712</run_address>
         <size>0xf0</size>
         <input_file_ref idref="fl-4"/>
      </object_component>
      <object_component id="oc-7e2">
         <name>.text:InitPeripheralClocks</name>
         <load_address>0x82802</load_address>
         <run_address>0x82802</run_address>
         <size>0xdf</size>
         <input_file_ref idref="fl-1e"/>
      </object_component>
      <object_component id="oc-69e">
         <name>.text:ADC_Offset_Calc_100us</name>
         <load_address>0x828e1</load_address>
         <run_address>0x828e1</run_address>
         <size>0xdc</size>
         <input_file_ref idref="fl-2"/>
      </object_component>
      <object_component id="oc-893">
         <name>.text</name>
         <load_address>0x829bd</load_address>
         <run_address>0x829bd</run_address>
         <size>0xd9</size>
         <input_file_ref idref="fl-32"/>
      </object_component>
      <object_component id="oc-7dc">
         <name>.text:InitAuxPll</name>
         <load_address>0x82a96</load_address>
         <run_address>0x82a96</run_address>
         <size>0xc0</size>
         <input_file_ref idref="fl-1e"/>
      </object_component>
      <object_component id="oc-648">
         <name>.text:InitGpioInOutConfig</name>
         <load_address>0x82b56</load_address>
         <run_address>0x82b56</run_address>
         <size>0xb4</size>
         <input_file_ref idref="fl-8"/>
      </object_component>
      <object_component id="oc-80b">
         <name>.text:AdcSetMode</name>
         <load_address>0x82c0a</load_address>
         <run_address>0x82c0a</run_address>
         <size>0xb2</size>
         <input_file_ref idref="fl-c"/>
      </object_component>
      <object_component id="oc-7d0">
         <name>.text:VerifyXTAL</name>
         <load_address>0x82cbc</load_address>
         <run_address>0x82cbc</run_address>
         <size>0xb0</size>
         <input_file_ref idref="fl-1e"/>
      </object_component>
      <object_component id="oc-66c">
         <name>.text:Adc_Config</name>
         <load_address>0x82d6c</load_address>
         <run_address>0x82d6c</run_address>
         <size>0xa5</size>
         <input_file_ref idref="fl-8"/>
      </object_component>
      <object_component id="oc-8b5">
         <name>.text:IsPLLValid</name>
         <load_address>0x82e11</load_address>
         <run_address>0x82e11</run_address>
         <size>0x94</size>
         <input_file_ref idref="fl-1e"/>
      </object_component>
      <object_component id="oc-978">
         <name>.text:ComputeCntrSeedValue</name>
         <load_address>0x82ea5</load_address>
         <run_address>0x82ea5</run_address>
         <size>0x8f</size>
         <input_file_ref idref="fl-1e"/>
      </object_component>
      <object_component id="oc-660">
         <name>.text:EPwm2_Config</name>
         <load_address>0x82f34</load_address>
         <run_address>0x82f34</run_address>
         <size>0x75</size>
         <input_file_ref idref="fl-8"/>
      </object_component>
      <object_component id="oc-604">
         <name>.text:ADC_Calc</name>
         <load_address>0x82fa9</load_address>
         <run_address>0x82fa9</run_address>
         <size>0x74</size>
         <input_file_ref idref="fl-2"/>
      </object_component>
      <object_component id="oc-666">
         <name>.text:EPwm3_Config</name>
         <load_address>0x8301d</load_address>
         <run_address>0x8301d</run_address>
         <size>0x66</size>
         <input_file_ref idref="fl-8"/>
      </object_component>
      <object_component id="oc-65a">
         <name>.text:EPwm1_Config</name>
         <load_address>0x83083</load_address>
         <run_address>0x83083</run_address>
         <size>0x64</size>
         <input_file_ref idref="fl-8"/>
      </object_component>
      <object_component id="oc-61e">
         <name>.text:InitSysCtrl</name>
         <load_address>0x830e7</load_address>
         <run_address>0x830e7</run_address>
         <size>0x61</size>
         <input_file_ref idref="fl-1e"/>
      </object_component>
      <object_component id="oc-68d">
         <name>.text:ParameterSetting</name>
         <load_address>0x83148</load_address>
         <run_address>0x83148</run_address>
         <size>0x61</size>
         <input_file_ref idref="fl-7"/>
      </object_component>
      <object_component id="oc-f2">
         <name>.text:main</name>
         <load_address>0x831a9</load_address>
         <run_address>0x831a9</run_address>
         <size>0x5c</size>
         <input_file_ref idref="fl-6"/>
      </object_component>
      <object_component id="oc-64e">
         <name>.text:InitPWMEnaFltGpioConfig</name>
         <load_address>0x83205</load_address>
         <run_address>0x83205</run_address>
         <size>0x57</size>
         <input_file_ref idref="fl-8"/>
      </object_component>
      <object_component id="oc-f8">
         <name>.text:Task_100us</name>
         <load_address>0x8325c</load_address>
         <run_address>0x8325c</run_address>
         <size>0x51</size>
         <input_file_ref idref="fl-a"/>
      </object_component>
      <object_component id="oc-654">
         <name>.text:InitMcBspSPIConfig</name>
         <load_address>0x832ad</load_address>
         <run_address>0x832ad</run_address>
         <size>0x4a</size>
         <input_file_ref idref="fl-8"/>
      </object_component>
      <object_component id="oc-678">
         <name>.text:InitCpuTimers</name>
         <load_address>0x832f7</load_address>
         <run_address>0x832f7</run_address>
         <size>0x3b</size>
         <input_file_ref idref="fl-e"/>
      </object_component>
      <object_component id="oc-d4">
         <name>.text:decompress:lzss</name>
         <load_address>0x83332</load_address>
         <run_address>0x83332</run_address>
         <size>0x31</size>
         <input_file_ref idref="fl-3d"/>
      </object_component>
      <object_component id="oc-8a9">
         <name>.text:SysXtalOscSel</name>
         <load_address>0x83363</load_address>
         <run_address>0x83363</run_address>
         <size>0x2c</size>
         <input_file_ref idref="fl-1e"/>
      </object_component>
      <object_component id="oc-916">
         <name>.text:__TI_auto_init_nobinit_nopinit</name>
         <load_address>0x8338f</load_address>
         <run_address>0x8338f</run_address>
         <size>0x2b</size>
         <input_file_ref idref="fl-3a"/>
      </object_component>
      <object_component id="oc-865">
         <name>.text</name>
         <load_address>0x833ba</load_address>
         <run_address>0x833ba</run_address>
         <size>0x29</size>
         <input_file_ref idref="fl-3e"/>
      </object_component>
      <object_component id="oc-8ee">
         <name>.text:CalAdcINL</name>
         <load_address>0x833e3</load_address>
         <run_address>0x833e3</run_address>
         <size>0x26</size>
         <input_file_ref idref="fl-c"/>
      </object_component>
      <object_component id="oc-681">
         <name>.text:ConfigCpuTimer</name>
         <load_address>0x83409</load_address>
         <run_address>0x83409</run_address>
         <size>0x23</size>
         <input_file_ref idref="fl-e"/>
      </object_component>
      <object_component id="oc-672">
         <name>.text:SPIDAC_Config</name>
         <load_address>0x8342c</load_address>
         <run_address>0x8342c</run_address>
         <size>0x21</size>
         <input_file_ref idref="fl-8"/>
      </object_component>
      <object_component id="oc-63c">
         <name>.text:InitPieCtrl</name>
         <load_address>0x8344d</load_address>
         <run_address>0x8344d</run_address>
         <size>0x1f</size>
         <input_file_ref idref="fl-1a"/>
      </object_component>
      <object_component id="oc-89d">
         <name>.text:SysXtalOscSESel</name>
         <load_address>0x8346c</load_address>
         <run_address>0x8346c</run_address>
         <size>0x1e</size>
         <input_file_ref idref="fl-1e"/>
      </object_component>
      <object_component id="oc-5e7">
         <name>.text</name>
         <load_address>0x8348a</load_address>
         <run_address>0x8348a</run_address>
         <size>0x1d</size>
         <input_file_ref idref="fl-38"/>
      </object_component>
      <object_component id="oc-968">
         <name>.text:PollX1Counter</name>
         <load_address>0x834a7</load_address>
         <run_address>0x834a7</run_address>
         <size>0x1b</size>
         <input_file_ref idref="fl-1e"/>
      </object_component>
      <object_component id="oc-88b">
         <name>.text:GPIO_EnableUnbondedIOPullupsFor176Pin</name>
         <load_address>0x834c2</load_address>
         <run_address>0x834c2</run_address>
         <size>0x19</size>
         <input_file_ref idref="fl-18"/>
      </object_component>
      <object_component id="oc-795">
         <name>.text</name>
         <load_address>0x834db</load_address>
         <run_address>0x834db</run_address>
         <size>0x19</size>
         <input_file_ref idref="fl-35"/>
      </object_component>
      <object_component id="oc-8bc">
         <name>.text:AuxXtalOscSESel</name>
         <load_address>0x834f4</load_address>
         <run_address>0x834f4</run_address>
         <size>0x18</size>
         <input_file_ref idref="fl-1e"/>
      </object_component>
      <object_component id="oc-8c8">
         <name>.text:AuxXtalOscSel</name>
         <load_address>0x8350c</load_address>
         <run_address>0x8350c</run_address>
         <size>0x18</size>
         <input_file_ref idref="fl-1e"/>
      </object_component>
      <object_component id="oc-636">
         <name>.text:InitEPwm3Gpio</name>
         <load_address>0x83524</load_address>
         <run_address>0x83524</run_address>
         <size>0x18</size>
         <input_file_ref idref="fl-16"/>
      </object_component>
      <object_component id="oc-95f">
         <name>.text</name>
         <load_address>0x8353c</load_address>
         <run_address>0x8353c</run_address>
         <size>0x18</size>
         <input_file_ref idref="fl-36"/>
      </object_component>
      <object_component id="oc-62a">
         <name>.text:InitEPwm1Gpio</name>
         <load_address>0x83554</load_address>
         <run_address>0x83554</run_address>
         <size>0x16</size>
         <input_file_ref idref="fl-16"/>
      </object_component>
      <object_component id="oc-630">
         <name>.text:InitEPwm2Gpio</name>
         <load_address>0x8356a</load_address>
         <run_address>0x8356a</run_address>
         <size>0x16</size>
         <input_file_ref idref="fl-16"/>
      </object_component>
      <object_component id="oc-624">
         <name>.text:InitGpioConfig</name>
         <load_address>0x83580</load_address>
         <run_address>0x83580</run_address>
         <size>0x14</size>
         <input_file_ref idref="fl-8"/>
      </object_component>
      <object_component id="oc-642">
         <name>.text:InitPieVectTable</name>
         <load_address>0x83594</load_address>
         <run_address>0x83594</run_address>
         <size>0x11</size>
         <input_file_ref idref="fl-1b"/>
      </object_component>
      <object_component id="oc-7be">
         <name>.text:DisableDog</name>
         <load_address>0x835a5</load_address>
         <run_address>0x835a5</run_address>
         <size>0xd</size>
         <input_file_ref idref="fl-1e"/>
      </object_component>
      <object_component id="oc-410">
         <name>.text:EMPTY_ISR</name>
         <load_address>0x835b2</load_address>
         <run_address>0x835b2</run_address>
         <size>0xd</size>
         <input_file_ref idref="fl-12"/>
      </object_component>
      <object_component id="oc-5ef">
         <name>.text:decompress:ZI:__TI_zero_init_nomemset</name>
         <load_address>0x835bf</load_address>
         <run_address>0x835bf</run_address>
         <size>0xd</size>
         <input_file_ref idref="fl-3b"/>
      </object_component>
      <object_component id="oc-85f">
         <name>.text</name>
         <load_address>0x835cc</load_address>
         <run_address>0x835cc</run_address>
         <size>0xc</size>
         <input_file_ref idref="fl-40"/>
      </object_component>
      <object_component id="oc-5de">
         <name>.text:ADCA1_ISR</name>
         <load_address>0x835d8</load_address>
         <run_address>0x835d8</run_address>
         <size>0xa</size>
         <input_file_ref idref="fl-12"/>
      </object_component>
      <object_component id="oc-5d8">
         <name>.text:ADCA2_ISR</name>
         <load_address>0x835e2</load_address>
         <run_address>0x835e2</run_address>
         <size>0xa</size>
         <input_file_ref idref="fl-12"/>
      </object_component>
      <object_component id="oc-5d2">
         <name>.text:ADCA3_ISR</name>
         <load_address>0x835ec</load_address>
         <run_address>0x835ec</run_address>
         <size>0xa</size>
         <input_file_ref idref="fl-12"/>
      </object_component>
      <object_component id="oc-5cc">
         <name>.text:ADCA4_ISR</name>
         <load_address>0x835f6</load_address>
         <run_address>0x835f6</run_address>
         <size>0xa</size>
         <input_file_ref idref="fl-12"/>
      </object_component>
      <object_component id="oc-5c6">
         <name>.text:ADCA_EVT_ISR</name>
         <load_address>0x83600</load_address>
         <run_address>0x83600</run_address>
         <size>0xa</size>
         <input_file_ref idref="fl-12"/>
      </object_component>
      <object_component id="oc-5c0">
         <name>.text:ADCB1_ISR</name>
         <load_address>0x8360a</load_address>
         <run_address>0x8360a</run_address>
         <size>0xa</size>
         <input_file_ref idref="fl-12"/>
      </object_component>
      <object_component id="oc-5ba">
         <name>.text:ADCB2_ISR</name>
         <load_address>0x83614</load_address>
         <run_address>0x83614</run_address>
         <size>0xa</size>
         <input_file_ref idref="fl-12"/>
      </object_component>
      <object_component id="oc-5b4">
         <name>.text:ADCB3_ISR</name>
         <load_address>0x8361e</load_address>
         <run_address>0x8361e</run_address>
         <size>0xa</size>
         <input_file_ref idref="fl-12"/>
      </object_component>
      <object_component id="oc-5ae">
         <name>.text:ADCB4_ISR</name>
         <load_address>0x83628</load_address>
         <run_address>0x83628</run_address>
         <size>0xa</size>
         <input_file_ref idref="fl-12"/>
      </object_component>
      <object_component id="oc-5a8">
         <name>.text:ADCB_EVT_ISR</name>
         <load_address>0x83632</load_address>
         <run_address>0x83632</run_address>
         <size>0xa</size>
         <input_file_ref idref="fl-12"/>
      </object_component>
      <object_component id="oc-5a2">
         <name>.text:ADCC1_ISR</name>
         <load_address>0x8363c</load_address>
         <run_address>0x8363c</run_address>
         <size>0xa</size>
         <input_file_ref idref="fl-12"/>
      </object_component>
      <object_component id="oc-59c">
         <name>.text:ADCC2_ISR</name>
         <load_address>0x83646</load_address>
         <run_address>0x83646</run_address>
         <size>0xa</size>
         <input_file_ref idref="fl-12"/>
      </object_component>
      <object_component id="oc-596">
         <name>.text:ADCC3_ISR</name>
         <load_address>0x83650</load_address>
         <run_address>0x83650</run_address>
         <size>0xa</size>
         <input_file_ref idref="fl-12"/>
      </object_component>
      <object_component id="oc-590">
         <name>.text:ADCC4_ISR</name>
         <load_address>0x8365a</load_address>
         <run_address>0x8365a</run_address>
         <size>0xa</size>
         <input_file_ref idref="fl-12"/>
      </object_component>
      <object_component id="oc-58a">
         <name>.text:ADCC_EVT_ISR</name>
         <load_address>0x83664</load_address>
         <run_address>0x83664</run_address>
         <size>0xa</size>
         <input_file_ref idref="fl-12"/>
      </object_component>
      <object_component id="oc-584">
         <name>.text:ADCD1_ISR</name>
         <load_address>0x8366e</load_address>
         <run_address>0x8366e</run_address>
         <size>0xa</size>
         <input_file_ref idref="fl-12"/>
      </object_component>
      <object_component id="oc-57e">
         <name>.text:ADCD2_ISR</name>
         <load_address>0x83678</load_address>
         <run_address>0x83678</run_address>
         <size>0xa</size>
         <input_file_ref idref="fl-12"/>
      </object_component>
      <object_component id="oc-578">
         <name>.text:ADCD3_ISR</name>
         <load_address>0x83682</load_address>
         <run_address>0x83682</run_address>
         <size>0xa</size>
         <input_file_ref idref="fl-12"/>
      </object_component>
      <object_component id="oc-572">
         <name>.text:ADCD4_ISR</name>
         <load_address>0x8368c</load_address>
         <run_address>0x8368c</run_address>
         <size>0xa</size>
         <input_file_ref idref="fl-12"/>
      </object_component>
      <object_component id="oc-56c">
         <name>.text:ADCD_EVT_ISR</name>
         <load_address>0x83696</load_address>
         <run_address>0x83696</run_address>
         <size>0xa</size>
         <input_file_ref idref="fl-12"/>
      </object_component>
      <object_component id="oc-8c2">
         <name>.text:AuxAuxClkSel</name>
         <load_address>0x836a0</load_address>
         <run_address>0x836a0</run_address>
         <size>0xa</size>
         <input_file_ref idref="fl-1e"/>
      </object_component>
      <object_component id="oc-566">
         <name>.text:CANA0_ISR</name>
         <load_address>0x836aa</load_address>
         <run_address>0x836aa</run_address>
         <size>0xa</size>
         <input_file_ref idref="fl-12"/>
      </object_component>
      <object_component id="oc-560">
         <name>.text:CANA1_ISR</name>
         <load_address>0x836b4</load_address>
         <run_address>0x836b4</run_address>
         <size>0xa</size>
         <input_file_ref idref="fl-12"/>
      </object_component>
      <object_component id="oc-55a">
         <name>.text:CANB0_ISR</name>
         <load_address>0x836be</load_address>
         <run_address>0x836be</run_address>
         <size>0xa</size>
         <input_file_ref idref="fl-12"/>
      </object_component>
      <object_component id="oc-554">
         <name>.text:CANB1_ISR</name>
         <load_address>0x836c8</load_address>
         <run_address>0x836c8</run_address>
         <size>0xa</size>
         <input_file_ref idref="fl-12"/>
      </object_component>
      <object_component id="oc-54e">
         <name>.text:CIPC0_ISR</name>
         <load_address>0x836d2</load_address>
         <run_address>0x836d2</run_address>
         <size>0xa</size>
         <input_file_ref idref="fl-12"/>
      </object_component>
      <object_component id="oc-548">
         <name>.text:CIPC1_ISR</name>
         <load_address>0x836dc</load_address>
         <run_address>0x836dc</run_address>
         <size>0xa</size>
         <input_file_ref idref="fl-12"/>
      </object_component>
      <object_component id="oc-542">
         <name>.text:CIPC2_ISR</name>
         <load_address>0x836e6</load_address>
         <run_address>0x836e6</run_address>
         <size>0xa</size>
         <input_file_ref idref="fl-12"/>
      </object_component>
      <object_component id="oc-53c">
         <name>.text:CIPC3_ISR</name>
         <load_address>0x836f0</load_address>
         <run_address>0x836f0</run_address>
         <size>0xa</size>
         <input_file_ref idref="fl-12"/>
      </object_component>
      <object_component id="oc-536">
         <name>.text:CLA1CRC_ISR</name>
         <load_address>0x836fa</load_address>
         <run_address>0x836fa</run_address>
         <size>0xa</size>
         <input_file_ref idref="fl-12"/>
      </object_component>
      <object_component id="oc-530">
         <name>.text:CLA1_1_ISR</name>
         <load_address>0x83704</load_address>
         <run_address>0x83704</run_address>
         <size>0xa</size>
         <input_file_ref idref="fl-12"/>
      </object_component>
      <object_component id="oc-52a">
         <name>.text:CLA1_2_ISR</name>
         <load_address>0x8370e</load_address>
         <run_address>0x8370e</run_address>
         <size>0xa</size>
         <input_file_ref idref="fl-12"/>
      </object_component>
      <object_component id="oc-524">
         <name>.text:CLA1_3_ISR</name>
         <load_address>0x83718</load_address>
         <run_address>0x83718</run_address>
         <size>0xa</size>
         <input_file_ref idref="fl-12"/>
      </object_component>
      <object_component id="oc-51e">
         <name>.text:CLA1_4_ISR</name>
         <load_address>0x83722</load_address>
         <run_address>0x83722</run_address>
         <size>0xa</size>
         <input_file_ref idref="fl-12"/>
      </object_component>
      <object_component id="oc-518">
         <name>.text:CLA1_5_ISR</name>
         <load_address>0x8372c</load_address>
         <run_address>0x8372c</run_address>
         <size>0xa</size>
         <input_file_ref idref="fl-12"/>
      </object_component>
      <object_component id="oc-512">
         <name>.text:CLA1_6_ISR</name>
         <load_address>0x83736</load_address>
         <run_address>0x83736</run_address>
         <size>0xa</size>
         <input_file_ref idref="fl-12"/>
      </object_component>
      <object_component id="oc-50c">
         <name>.text:CLA1_7_ISR</name>
         <load_address>0x83740</load_address>
         <run_address>0x83740</run_address>
         <size>0xa</size>
         <input_file_ref idref="fl-12"/>
      </object_component>
      <object_component id="oc-506">
         <name>.text:CLA1_8_ISR</name>
         <load_address>0x8374a</load_address>
         <run_address>0x8374a</run_address>
         <size>0xa</size>
         <input_file_ref idref="fl-12"/>
      </object_component>
      <object_component id="oc-500">
         <name>.text:CLA_OVERFLOW_ISR</name>
         <load_address>0x83754</load_address>
         <run_address>0x83754</run_address>
         <size>0xa</size>
         <input_file_ref idref="fl-12"/>
      </object_component>
      <object_component id="oc-4fa">
         <name>.text:CLA_UNDERFLOW_ISR</name>
         <load_address>0x8375e</load_address>
         <run_address>0x8375e</run_address>
         <size>0xa</size>
         <input_file_ref idref="fl-12"/>
      </object_component>
      <object_component id="oc-4f4">
         <name>.text:CLB1_ISR</name>
         <load_address>0x83768</load_address>
         <run_address>0x83768</run_address>
         <size>0xa</size>
         <input_file_ref idref="fl-12"/>
      </object_component>
      <object_component id="oc-4ee">
         <name>.text:CLB2_ISR</name>
         <load_address>0x83772</load_address>
         <run_address>0x83772</run_address>
         <size>0xa</size>
         <input_file_ref idref="fl-12"/>
      </object_component>
      <object_component id="oc-4e8">
         <name>.text:CLB3_ISR</name>
         <load_address>0x8377c</load_address>
         <run_address>0x8377c</run_address>
         <size>0xa</size>
         <input_file_ref idref="fl-12"/>
      </object_component>
      <object_component id="oc-4e2">
         <name>.text:CLB4_ISR</name>
         <load_address>0x83786</load_address>
         <run_address>0x83786</run_address>
         <size>0xa</size>
         <input_file_ref idref="fl-12"/>
      </object_component>
      <object_component id="oc-4dc">
         <name>.text:CLB5_ISR</name>
         <load_address>0x83790</load_address>
         <run_address>0x83790</run_address>
         <size>0xa</size>
         <input_file_ref idref="fl-12"/>
      </object_component>
      <object_component id="oc-4d6">
         <name>.text:CLB6_ISR</name>
         <load_address>0x8379a</load_address>
         <run_address>0x8379a</run_address>
         <size>0xa</size>
         <input_file_ref idref="fl-12"/>
      </object_component>
      <object_component id="oc-4d0">
         <name>.text:CLB7_ISR</name>
         <load_address>0x837a4</load_address>
         <run_address>0x837a4</run_address>
         <size>0xa</size>
         <input_file_ref idref="fl-12"/>
      </object_component>
      <object_component id="oc-4ca">
         <name>.text:CLB8_ISR</name>
         <load_address>0x837ae</load_address>
         <run_address>0x837ae</run_address>
         <size>0xa</size>
         <input_file_ref idref="fl-12"/>
      </object_component>
      <object_component id="oc-4c4">
         <name>.text:CMTOCPUXIPC0_ISR</name>
         <load_address>0x837b8</load_address>
         <run_address>0x837b8</run_address>
         <size>0xa</size>
         <input_file_ref idref="fl-12"/>
      </object_component>
      <object_component id="oc-4be">
         <name>.text:CMTOCPUXIPC1_ISR</name>
         <load_address>0x837c2</load_address>
         <run_address>0x837c2</run_address>
         <size>0xa</size>
         <input_file_ref idref="fl-12"/>
      </object_component>
      <object_component id="oc-4b8">
         <name>.text:CMTOCPUXIPC2_ISR</name>
         <load_address>0x837cc</load_address>
         <run_address>0x837cc</run_address>
         <size>0xa</size>
         <input_file_ref idref="fl-12"/>
      </object_component>
      <object_component id="oc-4b2">
         <name>.text:CMTOCPUXIPC3_ISR</name>
         <load_address>0x837d6</load_address>
         <run_address>0x837d6</run_address>
         <size>0xa</size>
         <input_file_ref idref="fl-12"/>
      </object_component>
      <object_component id="oc-4ac">
         <name>.text:CMTOCPUXIPC4_ISR</name>
         <load_address>0x837e0</load_address>
         <run_address>0x837e0</run_address>
         <size>0xa</size>
         <input_file_ref idref="fl-12"/>
      </object_component>
      <object_component id="oc-4a6">
         <name>.text:CMTOCPUXIPC5_ISR</name>
         <load_address>0x837ea</load_address>
         <run_address>0x837ea</run_address>
         <size>0xa</size>
         <input_file_ref idref="fl-12"/>
      </object_component>
      <object_component id="oc-4a0">
         <name>.text:CMTOCPUXIPC6_ISR</name>
         <load_address>0x837f4</load_address>
         <run_address>0x837f4</run_address>
         <size>0xa</size>
         <input_file_ref idref="fl-12"/>
      </object_component>
      <object_component id="oc-49a">
         <name>.text:CMTOCPUXIPC7_ISR</name>
         <load_address>0x837fe</load_address>
         <run_address>0x837fe</run_address>
         <size>0xa</size>
         <input_file_ref idref="fl-12"/>
      </object_component>
      <object_component id="oc-494">
         <name>.text:CM_STATUS_ISR</name>
         <load_address>0x83808</load_address>
         <run_address>0x83808</run_address>
         <size>0xa</size>
         <input_file_ref idref="fl-12"/>
      </object_component>
      <object_component id="oc-48e">
         <name>.text:CPUCRC_ISR</name>
         <load_address>0x83812</load_address>
         <run_address>0x83812</run_address>
         <size>0xa</size>
         <input_file_ref idref="fl-12"/>
      </object_component>
      <object_component id="oc-488">
         <name>.text:DATALOG_ISR</name>
         <load_address>0x8381c</load_address>
         <run_address>0x8381c</run_address>
         <size>0xa</size>
         <input_file_ref idref="fl-12"/>
      </object_component>
      <object_component id="oc-482">
         <name>.text:DMA_CH1_ISR</name>
         <load_address>0x83826</load_address>
         <run_address>0x83826</run_address>
         <size>0xa</size>
         <input_file_ref idref="fl-12"/>
      </object_component>
      <object_component id="oc-47c">
         <name>.text:DMA_CH2_ISR</name>
         <load_address>0x83830</load_address>
         <run_address>0x83830</run_address>
         <size>0xa</size>
         <input_file_ref idref="fl-12"/>
      </object_component>
      <object_component id="oc-476">
         <name>.text:DMA_CH3_ISR</name>
         <load_address>0x8383a</load_address>
         <run_address>0x8383a</run_address>
         <size>0xa</size>
         <input_file_ref idref="fl-12"/>
      </object_component>
      <object_component id="oc-470">
         <name>.text:DMA_CH4_ISR</name>
         <load_address>0x83844</load_address>
         <run_address>0x83844</run_address>
         <size>0xa</size>
         <input_file_ref idref="fl-12"/>
      </object_component>
      <object_component id="oc-46a">
         <name>.text:DMA_CH5_ISR</name>
         <load_address>0x8384e</load_address>
         <run_address>0x8384e</run_address>
         <size>0xa</size>
         <input_file_ref idref="fl-12"/>
      </object_component>
      <object_component id="oc-464">
         <name>.text:DMA_CH6_ISR</name>
         <load_address>0x83858</load_address>
         <run_address>0x83858</run_address>
         <size>0xa</size>
         <input_file_ref idref="fl-12"/>
      </object_component>
      <object_component id="oc-45e">
         <name>.text:ECAP1_ISR</name>
         <load_address>0x83862</load_address>
         <run_address>0x83862</run_address>
         <size>0xa</size>
         <input_file_ref idref="fl-12"/>
      </object_component>
      <object_component id="oc-458">
         <name>.text:ECAP2_ISR</name>
         <load_address>0x8386c</load_address>
         <run_address>0x8386c</run_address>
         <size>0xa</size>
         <input_file_ref idref="fl-12"/>
      </object_component>
      <object_component id="oc-452">
         <name>.text:ECAP3_ISR</name>
         <load_address>0x83876</load_address>
         <run_address>0x83876</run_address>
         <size>0xa</size>
         <input_file_ref idref="fl-12"/>
      </object_component>
      <object_component id="oc-44c">
         <name>.text:ECAP4_ISR</name>
         <load_address>0x83880</load_address>
         <run_address>0x83880</run_address>
         <size>0xa</size>
         <input_file_ref idref="fl-12"/>
      </object_component>
      <object_component id="oc-446">
         <name>.text:ECAP5_ISR</name>
         <load_address>0x8388a</load_address>
         <run_address>0x8388a</run_address>
         <size>0xa</size>
         <input_file_ref idref="fl-12"/>
      </object_component>
      <object_component id="oc-440">
         <name>.text:ECAP6_2_ISR</name>
         <load_address>0x83894</load_address>
         <run_address>0x83894</run_address>
         <size>0xa</size>
         <input_file_ref idref="fl-12"/>
      </object_component>
      <object_component id="oc-43a">
         <name>.text:ECAP6_ISR</name>
         <load_address>0x8389e</load_address>
         <run_address>0x8389e</run_address>
         <size>0xa</size>
         <input_file_ref idref="fl-12"/>
      </object_component>
      <object_component id="oc-434">
         <name>.text:ECAP7_2_ISR</name>
         <load_address>0x838a8</load_address>
         <run_address>0x838a8</run_address>
         <size>0xa</size>
         <input_file_ref idref="fl-12"/>
      </object_component>
      <object_component id="oc-42e">
         <name>.text:ECAP7_ISR</name>
         <load_address>0x838b2</load_address>
         <run_address>0x838b2</run_address>
         <size>0xa</size>
         <input_file_ref idref="fl-12"/>
      </object_component>
      <object_component id="oc-428">
         <name>.text:ECATRST_ISR</name>
         <load_address>0x838bc</load_address>
         <run_address>0x838bc</run_address>
         <size>0xa</size>
         <input_file_ref idref="fl-12"/>
      </object_component>
      <object_component id="oc-422">
         <name>.text:ECATSYNC0_ISR</name>
         <load_address>0x838c6</load_address>
         <run_address>0x838c6</run_address>
         <size>0xa</size>
         <input_file_ref idref="fl-12"/>
      </object_component>
      <object_component id="oc-41c">
         <name>.text:ECATSYNC1_ISR</name>
         <load_address>0x838d0</load_address>
         <run_address>0x838d0</run_address>
         <size>0xa</size>
         <input_file_ref idref="fl-12"/>
      </object_component>
      <object_component id="oc-416">
         <name>.text:ECAT_ISR</name>
         <load_address>0x838da</load_address>
         <run_address>0x838da</run_address>
         <size>0xa</size>
         <input_file_ref idref="fl-12"/>
      </object_component>
      <object_component id="oc-40a">
         <name>.text:EMU_ISR</name>
         <load_address>0x838e4</load_address>
         <run_address>0x838e4</run_address>
         <size>0xa</size>
         <input_file_ref idref="fl-12"/>
      </object_component>
      <object_component id="oc-404">
         <name>.text:EPWM10_ISR</name>
         <load_address>0x838ee</load_address>
         <run_address>0x838ee</run_address>
         <size>0xa</size>
         <input_file_ref idref="fl-12"/>
      </object_component>
      <object_component id="oc-3fe">
         <name>.text:EPWM10_TZ_ISR</name>
         <load_address>0x838f8</load_address>
         <run_address>0x838f8</run_address>
         <size>0xa</size>
         <input_file_ref idref="fl-12"/>
      </object_component>
      <object_component id="oc-3f8">
         <name>.text:EPWM11_ISR</name>
         <load_address>0x83902</load_address>
         <run_address>0x83902</run_address>
         <size>0xa</size>
         <input_file_ref idref="fl-12"/>
      </object_component>
      <object_component id="oc-3f2">
         <name>.text:EPWM11_TZ_ISR</name>
         <load_address>0x8390c</load_address>
         <run_address>0x8390c</run_address>
         <size>0xa</size>
         <input_file_ref idref="fl-12"/>
      </object_component>
      <object_component id="oc-3ec">
         <name>.text:EPWM12_ISR</name>
         <load_address>0x83916</load_address>
         <run_address>0x83916</run_address>
         <size>0xa</size>
         <input_file_ref idref="fl-12"/>
      </object_component>
      <object_component id="oc-3e6">
         <name>.text:EPWM12_TZ_ISR</name>
         <load_address>0x83920</load_address>
         <run_address>0x83920</run_address>
         <size>0xa</size>
         <input_file_ref idref="fl-12"/>
      </object_component>
      <object_component id="oc-3e0">
         <name>.text:EPWM13_ISR</name>
         <load_address>0x8392a</load_address>
         <run_address>0x8392a</run_address>
         <size>0xa</size>
         <input_file_ref idref="fl-12"/>
      </object_component>
      <object_component id="oc-3da">
         <name>.text:EPWM13_TZ_ISR</name>
         <load_address>0x83934</load_address>
         <run_address>0x83934</run_address>
         <size>0xa</size>
         <input_file_ref idref="fl-12"/>
      </object_component>
      <object_component id="oc-3d4">
         <name>.text:EPWM14_ISR</name>
         <load_address>0x8393e</load_address>
         <run_address>0x8393e</run_address>
         <size>0xa</size>
         <input_file_ref idref="fl-12"/>
      </object_component>
      <object_component id="oc-3ce">
         <name>.text:EPWM14_TZ_ISR</name>
         <load_address>0x83948</load_address>
         <run_address>0x83948</run_address>
         <size>0xa</size>
         <input_file_ref idref="fl-12"/>
      </object_component>
      <object_component id="oc-3c8">
         <name>.text:EPWM15_ISR</name>
         <load_address>0x83952</load_address>
         <run_address>0x83952</run_address>
         <size>0xa</size>
         <input_file_ref idref="fl-12"/>
      </object_component>
      <object_component id="oc-3c2">
         <name>.text:EPWM15_TZ_ISR</name>
         <load_address>0x8395c</load_address>
         <run_address>0x8395c</run_address>
         <size>0xa</size>
         <input_file_ref idref="fl-12"/>
      </object_component>
      <object_component id="oc-3bc">
         <name>.text:EPWM16_ISR</name>
         <load_address>0x83966</load_address>
         <run_address>0x83966</run_address>
         <size>0xa</size>
         <input_file_ref idref="fl-12"/>
      </object_component>
      <object_component id="oc-3b6">
         <name>.text:EPWM16_TZ_ISR</name>
         <load_address>0x83970</load_address>
         <run_address>0x83970</run_address>
         <size>0xa</size>
         <input_file_ref idref="fl-12"/>
      </object_component>
      <object_component id="oc-3b0">
         <name>.text:EPWM1_ISR</name>
         <load_address>0x8397a</load_address>
         <run_address>0x8397a</run_address>
         <size>0xa</size>
         <input_file_ref idref="fl-12"/>
      </object_component>
      <object_component id="oc-3aa">
         <name>.text:EPWM1_TZ_ISR</name>
         <load_address>0x83984</load_address>
         <run_address>0x83984</run_address>
         <size>0xa</size>
         <input_file_ref idref="fl-12"/>
      </object_component>
      <object_component id="oc-3a4">
         <name>.text:EPWM2_ISR</name>
         <load_address>0x8398e</load_address>
         <run_address>0x8398e</run_address>
         <size>0xa</size>
         <input_file_ref idref="fl-12"/>
      </object_component>
      <object_component id="oc-39e">
         <name>.text:EPWM2_TZ_ISR</name>
         <load_address>0x83998</load_address>
         <run_address>0x83998</run_address>
         <size>0xa</size>
         <input_file_ref idref="fl-12"/>
      </object_component>
      <object_component id="oc-398">
         <name>.text:EPWM3_ISR</name>
         <load_address>0x839a2</load_address>
         <run_address>0x839a2</run_address>
         <size>0xa</size>
         <input_file_ref idref="fl-12"/>
      </object_component>
      <object_component id="oc-392">
         <name>.text:EPWM3_TZ_ISR</name>
         <load_address>0x839ac</load_address>
         <run_address>0x839ac</run_address>
         <size>0xa</size>
         <input_file_ref idref="fl-12"/>
      </object_component>
      <object_component id="oc-38c">
         <name>.text:EPWM4_ISR</name>
         <load_address>0x839b6</load_address>
         <run_address>0x839b6</run_address>
         <size>0xa</size>
         <input_file_ref idref="fl-12"/>
      </object_component>
      <object_component id="oc-386">
         <name>.text:EPWM4_TZ_ISR</name>
         <load_address>0x839c0</load_address>
         <run_address>0x839c0</run_address>
         <size>0xa</size>
         <input_file_ref idref="fl-12"/>
      </object_component>
      <object_component id="oc-380">
         <name>.text:EPWM5_ISR</name>
         <load_address>0x839ca</load_address>
         <run_address>0x839ca</run_address>
         <size>0xa</size>
         <input_file_ref idref="fl-12"/>
      </object_component>
      <object_component id="oc-37a">
         <name>.text:EPWM5_TZ_ISR</name>
         <load_address>0x839d4</load_address>
         <run_address>0x839d4</run_address>
         <size>0xa</size>
         <input_file_ref idref="fl-12"/>
      </object_component>
      <object_component id="oc-374">
         <name>.text:EPWM6_ISR</name>
         <load_address>0x839de</load_address>
         <run_address>0x839de</run_address>
         <size>0xa</size>
         <input_file_ref idref="fl-12"/>
      </object_component>
      <object_component id="oc-36e">
         <name>.text:EPWM6_TZ_ISR</name>
         <load_address>0x839e8</load_address>
         <run_address>0x839e8</run_address>
         <size>0xa</size>
         <input_file_ref idref="fl-12"/>
      </object_component>
      <object_component id="oc-368">
         <name>.text:EPWM7_ISR</name>
         <load_address>0x839f2</load_address>
         <run_address>0x839f2</run_address>
         <size>0xa</size>
         <input_file_ref idref="fl-12"/>
      </object_component>
      <object_component id="oc-362">
         <name>.text:EPWM7_TZ_ISR</name>
         <load_address>0x839fc</load_address>
         <run_address>0x839fc</run_address>
         <size>0xa</size>
         <input_file_ref idref="fl-12"/>
      </object_component>
      <object_component id="oc-35c">
         <name>.text:EPWM8_ISR</name>
         <load_address>0x83a06</load_address>
         <run_address>0x83a06</run_address>
         <size>0xa</size>
         <input_file_ref idref="fl-12"/>
      </object_component>
      <object_component id="oc-356">
         <name>.text:EPWM8_TZ_ISR</name>
         <load_address>0x83a10</load_address>
         <run_address>0x83a10</run_address>
         <size>0xa</size>
         <input_file_ref idref="fl-12"/>
      </object_component>
      <object_component id="oc-350">
         <name>.text:EPWM9_ISR</name>
         <load_address>0x83a1a</load_address>
         <run_address>0x83a1a</run_address>
         <size>0xa</size>
         <input_file_ref idref="fl-12"/>
      </object_component>
      <object_component id="oc-34a">
         <name>.text:EPWM9_TZ_ISR</name>
         <load_address>0x83a24</load_address>
         <run_address>0x83a24</run_address>
         <size>0xa</size>
         <input_file_ref idref="fl-12"/>
      </object_component>
      <object_component id="oc-344">
         <name>.text:EQEP1_ISR</name>
         <load_address>0x83a2e</load_address>
         <run_address>0x83a2e</run_address>
         <size>0xa</size>
         <input_file_ref idref="fl-12"/>
      </object_component>
      <object_component id="oc-33e">
         <name>.text:EQEP2_ISR</name>
         <load_address>0x83a38</load_address>
         <run_address>0x83a38</run_address>
         <size>0xa</size>
         <input_file_ref idref="fl-12"/>
      </object_component>
      <object_component id="oc-338">
         <name>.text:EQEP3_ISR</name>
         <load_address>0x83a42</load_address>
         <run_address>0x83a42</run_address>
         <size>0xa</size>
         <input_file_ref idref="fl-12"/>
      </object_component>
      <object_component id="oc-332">
         <name>.text:FMC_ISR</name>
         <load_address>0x83a4c</load_address>
         <run_address>0x83a4c</run_address>
         <size>0xa</size>
         <input_file_ref idref="fl-12"/>
      </object_component>
      <object_component id="oc-32c">
         <name>.text:FPU_OFLOW_ISR</name>
         <load_address>0x83a56</load_address>
         <run_address>0x83a56</run_address>
         <size>0xa</size>
         <input_file_ref idref="fl-12"/>
      </object_component>
      <object_component id="oc-326">
         <name>.text:FPU_UFLOW_ISR</name>
         <load_address>0x83a60</load_address>
         <run_address>0x83a60</run_address>
         <size>0xa</size>
         <input_file_ref idref="fl-12"/>
      </object_component>
      <object_component id="oc-320">
         <name>.text:FSIRXA1_ISR</name>
         <load_address>0x83a6a</load_address>
         <run_address>0x83a6a</run_address>
         <size>0xa</size>
         <input_file_ref idref="fl-12"/>
      </object_component>
      <object_component id="oc-31a">
         <name>.text:FSIRXA2_ISR</name>
         <load_address>0x83a74</load_address>
         <run_address>0x83a74</run_address>
         <size>0xa</size>
         <input_file_ref idref="fl-12"/>
      </object_component>
      <object_component id="oc-314">
         <name>.text:FSIRXB1_ISR</name>
         <load_address>0x83a7e</load_address>
         <run_address>0x83a7e</run_address>
         <size>0xa</size>
         <input_file_ref idref="fl-12"/>
      </object_component>
      <object_component id="oc-30e">
         <name>.text:FSIRXB2_ISR</name>
         <load_address>0x83a88</load_address>
         <run_address>0x83a88</run_address>
         <size>0xa</size>
         <input_file_ref idref="fl-12"/>
      </object_component>
      <object_component id="oc-308">
         <name>.text:FSIRXC1_ISR</name>
         <load_address>0x83a92</load_address>
         <run_address>0x83a92</run_address>
         <size>0xa</size>
         <input_file_ref idref="fl-12"/>
      </object_component>
      <object_component id="oc-302">
         <name>.text:FSIRXC2_ISR</name>
         <load_address>0x83a9c</load_address>
         <run_address>0x83a9c</run_address>
         <size>0xa</size>
         <input_file_ref idref="fl-12"/>
      </object_component>
      <object_component id="oc-2fc">
         <name>.text:FSIRXD1_ISR</name>
         <load_address>0x83aa6</load_address>
         <run_address>0x83aa6</run_address>
         <size>0xa</size>
         <input_file_ref idref="fl-12"/>
      </object_component>
      <object_component id="oc-2f6">
         <name>.text:FSIRXD2_ISR</name>
         <load_address>0x83ab0</load_address>
         <run_address>0x83ab0</run_address>
         <size>0xa</size>
         <input_file_ref idref="fl-12"/>
      </object_component>
      <object_component id="oc-2f0">
         <name>.text:FSIRXE1_ISR</name>
         <load_address>0x83aba</load_address>
         <run_address>0x83aba</run_address>
         <size>0xa</size>
         <input_file_ref idref="fl-12"/>
      </object_component>
      <object_component id="oc-2ea">
         <name>.text:FSIRXE2_ISR</name>
         <load_address>0x83ac4</load_address>
         <run_address>0x83ac4</run_address>
         <size>0xa</size>
         <input_file_ref idref="fl-12"/>
      </object_component>
      <object_component id="oc-2e4">
         <name>.text:FSIRXF1_ISR</name>
         <load_address>0x83ace</load_address>
         <run_address>0x83ace</run_address>
         <size>0xa</size>
         <input_file_ref idref="fl-12"/>
      </object_component>
      <object_component id="oc-2de">
         <name>.text:FSIRXF2_ISR</name>
         <load_address>0x83ad8</load_address>
         <run_address>0x83ad8</run_address>
         <size>0xa</size>
         <input_file_ref idref="fl-12"/>
      </object_component>
      <object_component id="oc-2d8">
         <name>.text:FSIRXG1_ISR</name>
         <load_address>0x83ae2</load_address>
         <run_address>0x83ae2</run_address>
         <size>0xa</size>
         <input_file_ref idref="fl-12"/>
      </object_component>
      <object_component id="oc-2d2">
         <name>.text:FSIRXG2_ISR</name>
         <load_address>0x83aec</load_address>
         <run_address>0x83aec</run_address>
         <size>0xa</size>
         <input_file_ref idref="fl-12"/>
      </object_component>
      <object_component id="oc-2cc">
         <name>.text:FSIRXH1_ISR</name>
         <load_address>0x83af6</load_address>
         <run_address>0x83af6</run_address>
         <size>0xa</size>
         <input_file_ref idref="fl-12"/>
      </object_component>
      <object_component id="oc-2c6">
         <name>.text:FSIRXH2_ISR</name>
         <load_address>0x83b00</load_address>
         <run_address>0x83b00</run_address>
         <size>0xa</size>
         <input_file_ref idref="fl-12"/>
      </object_component>
      <object_component id="oc-2c0">
         <name>.text:FSITXA1_ISR</name>
         <load_address>0x83b0a</load_address>
         <run_address>0x83b0a</run_address>
         <size>0xa</size>
         <input_file_ref idref="fl-12"/>
      </object_component>
      <object_component id="oc-2ba">
         <name>.text:FSITXA2_ISR</name>
         <load_address>0x83b14</load_address>
         <run_address>0x83b14</run_address>
         <size>0xa</size>
         <input_file_ref idref="fl-12"/>
      </object_component>
      <object_component id="oc-2b4">
         <name>.text:FSITXB1_ISR</name>
         <load_address>0x83b1e</load_address>
         <run_address>0x83b1e</run_address>
         <size>0xa</size>
         <input_file_ref idref="fl-12"/>
      </object_component>
      <object_component id="oc-2ae">
         <name>.text:FSITXB2_ISR</name>
         <load_address>0x83b28</load_address>
         <run_address>0x83b28</run_address>
         <size>0xa</size>
         <input_file_ref idref="fl-12"/>
      </object_component>
      <object_component id="oc-7ca">
         <name>.text:GPIO_EnableUnbondedIOPullups</name>
         <load_address>0x83b32</load_address>
         <run_address>0x83b32</run_address>
         <size>0xa</size>
         <input_file_ref idref="fl-18"/>
      </object_component>
      <object_component id="oc-2a8">
         <name>.text:I2CA_FIFO_ISR</name>
         <load_address>0x83b3c</load_address>
         <run_address>0x83b3c</run_address>
         <size>0xa</size>
         <input_file_ref idref="fl-12"/>
      </object_component>
      <object_component id="oc-2a2">
         <name>.text:I2CA_HIGH_ISR</name>
         <load_address>0x83b46</load_address>
         <run_address>0x83b46</run_address>
         <size>0xa</size>
         <input_file_ref idref="fl-12"/>
      </object_component>
      <object_component id="oc-29c">
         <name>.text:I2CA_ISR</name>
         <load_address>0x83b50</load_address>
         <run_address>0x83b50</run_address>
         <size>0xa</size>
         <input_file_ref idref="fl-12"/>
      </object_component>
      <object_component id="oc-296">
         <name>.text:I2CB_FIFO_ISR</name>
         <load_address>0x83b5a</load_address>
         <run_address>0x83b5a</run_address>
         <size>0xa</size>
         <input_file_ref idref="fl-12"/>
      </object_component>
      <object_component id="oc-290">
         <name>.text:I2CB_ISR</name>
         <load_address>0x83b64</load_address>
         <run_address>0x83b64</run_address>
         <size>0xa</size>
         <input_file_ref idref="fl-12"/>
      </object_component>
      <object_component id="oc-28a">
         <name>.text:ILLEGAL_ISR</name>
         <load_address>0x83b6e</load_address>
         <run_address>0x83b6e</run_address>
         <size>0xa</size>
         <input_file_ref idref="fl-12"/>
      </object_component>
      <object_component id="oc-284">
         <name>.text:MCANSS0_ISR</name>
         <load_address>0x83b78</load_address>
         <run_address>0x83b78</run_address>
         <size>0xa</size>
         <input_file_ref idref="fl-12"/>
      </object_component>
      <object_component id="oc-27e">
         <name>.text:MCANSS1_ISR</name>
         <load_address>0x83b82</load_address>
         <run_address>0x83b82</run_address>
         <size>0xa</size>
         <input_file_ref idref="fl-12"/>
      </object_component>
      <object_component id="oc-278">
         <name>.text:MCANSS_ECC_CORR_PLS_ISR</name>
         <load_address>0x83b8c</load_address>
         <run_address>0x83b8c</run_address>
         <size>0xa</size>
         <input_file_ref idref="fl-12"/>
      </object_component>
      <object_component id="oc-272">
         <name>.text:MCANSS_WAKE_AND_TS_PLS_ISR</name>
         <load_address>0x83b96</load_address>
         <run_address>0x83b96</run_address>
         <size>0xa</size>
         <input_file_ref idref="fl-12"/>
      </object_component>
      <object_component id="oc-26c">
         <name>.text:MCBSPA_RX_ISR</name>
         <load_address>0x83ba0</load_address>
         <run_address>0x83ba0</run_address>
         <size>0xa</size>
         <input_file_ref idref="fl-12"/>
      </object_component>
      <object_component id="oc-266">
         <name>.text:MCBSPA_TX_ISR</name>
         <load_address>0x83baa</load_address>
         <run_address>0x83baa</run_address>
         <size>0xa</size>
         <input_file_ref idref="fl-12"/>
      </object_component>
      <object_component id="oc-260">
         <name>.text:MCBSPB_RX_ISR</name>
         <load_address>0x83bb4</load_address>
         <run_address>0x83bb4</run_address>
         <size>0xa</size>
         <input_file_ref idref="fl-12"/>
      </object_component>
      <object_component id="oc-25a">
         <name>.text:MCBSPB_TX_ISR</name>
         <load_address>0x83bbe</load_address>
         <run_address>0x83bbe</run_address>
         <size>0xa</size>
         <input_file_ref idref="fl-12"/>
      </object_component>
      <object_component id="oc-254">
         <name>.text:MPOST_ISR</name>
         <load_address>0x83bc8</load_address>
         <run_address>0x83bc8</run_address>
         <size>0xa</size>
         <input_file_ref idref="fl-12"/>
      </object_component>
      <object_component id="oc-24e">
         <name>.text:NMI_ISR</name>
         <load_address>0x83bd2</load_address>
         <run_address>0x83bd2</run_address>
         <size>0xa</size>
         <input_file_ref idref="fl-12"/>
      </object_component>
      <object_component id="oc-248">
         <name>.text:NOTUSED_ISR</name>
         <load_address>0x83bdc</load_address>
         <run_address>0x83bdc</run_address>
         <size>0xa</size>
         <input_file_ref idref="fl-12"/>
      </object_component>
      <object_component id="oc-242">
         <name>.text:PIE_RESERVED_ISR</name>
         <load_address>0x83be6</load_address>
         <run_address>0x83be6</run_address>
         <size>0xa</size>
         <input_file_ref idref="fl-12"/>
      </object_component>
      <object_component id="oc-23c">
         <name>.text:PMBUSA_ISR</name>
         <load_address>0x83bf0</load_address>
         <run_address>0x83bf0</run_address>
         <size>0xa</size>
         <input_file_ref idref="fl-12"/>
      </object_component>
      <object_component id="oc-236">
         <name>.text:RTOS_ISR</name>
         <load_address>0x83bfa</load_address>
         <run_address>0x83bfa</run_address>
         <size>0xa</size>
         <input_file_ref idref="fl-12"/>
      </object_component>
      <object_component id="oc-230">
         <name>.text:SCIA_RX_ISR</name>
         <load_address>0x83c04</load_address>
         <run_address>0x83c04</run_address>
         <size>0xa</size>
         <input_file_ref idref="fl-12"/>
      </object_component>
      <object_component id="oc-22a">
         <name>.text:SCIA_TX_ISR</name>
         <load_address>0x83c0e</load_address>
         <run_address>0x83c0e</run_address>
         <size>0xa</size>
         <input_file_ref idref="fl-12"/>
      </object_component>
      <object_component id="oc-224">
         <name>.text:SCIB_RX_ISR</name>
         <load_address>0x83c18</load_address>
         <run_address>0x83c18</run_address>
         <size>0xa</size>
         <input_file_ref idref="fl-12"/>
      </object_component>
      <object_component id="oc-21e">
         <name>.text:SCIB_TX_ISR</name>
         <load_address>0x83c22</load_address>
         <run_address>0x83c22</run_address>
         <size>0xa</size>
         <input_file_ref idref="fl-12"/>
      </object_component>
      <object_component id="oc-218">
         <name>.text:SCIC_RX_ISR</name>
         <load_address>0x83c2c</load_address>
         <run_address>0x83c2c</run_address>
         <size>0xa</size>
         <input_file_ref idref="fl-12"/>
      </object_component>
      <object_component id="oc-212">
         <name>.text:SCIC_TX_ISR</name>
         <load_address>0x83c36</load_address>
         <run_address>0x83c36</run_address>
         <size>0xa</size>
         <input_file_ref idref="fl-12"/>
      </object_component>
      <object_component id="oc-20c">
         <name>.text:SCID_RX_ISR</name>
         <load_address>0x83c40</load_address>
         <run_address>0x83c40</run_address>
         <size>0xa</size>
         <input_file_ref idref="fl-12"/>
      </object_component>
      <object_component id="oc-206">
         <name>.text:SCID_TX_ISR</name>
         <load_address>0x83c4a</load_address>
         <run_address>0x83c4a</run_address>
         <size>0xa</size>
         <input_file_ref idref="fl-12"/>
      </object_component>
      <object_component id="oc-200">
         <name>.text:SDFM1DR1_ISR</name>
         <load_address>0x83c54</load_address>
         <run_address>0x83c54</run_address>
         <size>0xa</size>
         <input_file_ref idref="fl-12"/>
      </object_component>
      <object_component id="oc-1fa">
         <name>.text:SDFM1DR2_ISR</name>
         <load_address>0x83c5e</load_address>
         <run_address>0x83c5e</run_address>
         <size>0xa</size>
         <input_file_ref idref="fl-12"/>
      </object_component>
      <object_component id="oc-1f4">
         <name>.text:SDFM1DR3_ISR</name>
         <load_address>0x83c68</load_address>
         <run_address>0x83c68</run_address>
         <size>0xa</size>
         <input_file_ref idref="fl-12"/>
      </object_component>
      <object_component id="oc-1ee">
         <name>.text:SDFM1DR4_ISR</name>
         <load_address>0x83c72</load_address>
         <run_address>0x83c72</run_address>
         <size>0xa</size>
         <input_file_ref idref="fl-12"/>
      </object_component>
      <object_component id="oc-1e8">
         <name>.text:SDFM1_ISR</name>
         <load_address>0x83c7c</load_address>
         <run_address>0x83c7c</run_address>
         <size>0xa</size>
         <input_file_ref idref="fl-12"/>
      </object_component>
      <object_component id="oc-1e2">
         <name>.text:SDFM2DR1_ISR</name>
         <load_address>0x83c86</load_address>
         <run_address>0x83c86</run_address>
         <size>0xa</size>
         <input_file_ref idref="fl-12"/>
      </object_component>
      <object_component id="oc-1dc">
         <name>.text:SDFM2DR2_ISR</name>
         <load_address>0x83c90</load_address>
         <run_address>0x83c90</run_address>
         <size>0xa</size>
         <input_file_ref idref="fl-12"/>
      </object_component>
      <object_component id="oc-1d6">
         <name>.text:SDFM2DR3_ISR</name>
         <load_address>0x83c9a</load_address>
         <run_address>0x83c9a</run_address>
         <size>0xa</size>
         <input_file_ref idref="fl-12"/>
      </object_component>
      <object_component id="oc-1d0">
         <name>.text:SDFM2DR4_ISR</name>
         <load_address>0x83ca4</load_address>
         <run_address>0x83ca4</run_address>
         <size>0xa</size>
         <input_file_ref idref="fl-12"/>
      </object_component>
      <object_component id="oc-1ca">
         <name>.text:SDFM2_ISR</name>
         <load_address>0x83cae</load_address>
         <run_address>0x83cae</run_address>
         <size>0xa</size>
         <input_file_ref idref="fl-12"/>
      </object_component>
      <object_component id="oc-1c4">
         <name>.text:SPIA_RX_ISR</name>
         <load_address>0x83cb8</load_address>
         <run_address>0x83cb8</run_address>
         <size>0xa</size>
         <input_file_ref idref="fl-12"/>
      </object_component>
      <object_component id="oc-1be">
         <name>.text:SPIA_TX_ISR</name>
         <load_address>0x83cc2</load_address>
         <run_address>0x83cc2</run_address>
         <size>0xa</size>
         <input_file_ref idref="fl-12"/>
      </object_component>
      <object_component id="oc-1b8">
         <name>.text:SPIB_RX_ISR</name>
         <load_address>0x83ccc</load_address>
         <run_address>0x83ccc</run_address>
         <size>0xa</size>
         <input_file_ref idref="fl-12"/>
      </object_component>
      <object_component id="oc-1b2">
         <name>.text:SPIB_TX_ISR</name>
         <load_address>0x83cd6</load_address>
         <run_address>0x83cd6</run_address>
         <size>0xa</size>
         <input_file_ref idref="fl-12"/>
      </object_component>
      <object_component id="oc-1ac">
         <name>.text:SPIC_RX_ISR</name>
         <load_address>0x83ce0</load_address>
         <run_address>0x83ce0</run_address>
         <size>0xa</size>
         <input_file_ref idref="fl-12"/>
      </object_component>
      <object_component id="oc-1a6">
         <name>.text:SPIC_TX_ISR</name>
         <load_address>0x83cea</load_address>
         <run_address>0x83cea</run_address>
         <size>0xa</size>
         <input_file_ref idref="fl-12"/>
      </object_component>
      <object_component id="oc-1a0">
         <name>.text:SPID_RX_ISR</name>
         <load_address>0x83cf4</load_address>
         <run_address>0x83cf4</run_address>
         <size>0xa</size>
         <input_file_ref idref="fl-12"/>
      </object_component>
      <object_component id="oc-19a">
         <name>.text:SPID_TX_ISR</name>
         <load_address>0x83cfe</load_address>
         <run_address>0x83cfe</run_address>
         <size>0xa</size>
         <input_file_ref idref="fl-12"/>
      </object_component>
      <object_component id="oc-194">
         <name>.text:SYS_ERR_ISR</name>
         <load_address>0x83d08</load_address>
         <run_address>0x83d08</run_address>
         <size>0xa</size>
         <input_file_ref idref="fl-12"/>
      </object_component>
      <object_component id="oc-8a3">
         <name>.text:SysIntOsc1Sel</name>
         <load_address>0x83d12</load_address>
         <run_address>0x83d12</run_address>
         <size>0xa</size>
         <input_file_ref idref="fl-1e"/>
      </object_component>
      <object_component id="oc-18e">
         <name>.text:TIMER0_ISR</name>
         <load_address>0x83d1c</load_address>
         <run_address>0x83d1c</run_address>
         <size>0xa</size>
         <input_file_ref idref="fl-12"/>
      </object_component>
      <object_component id="oc-188">
         <name>.text:TIMER1_ISR</name>
         <load_address>0x83d26</load_address>
         <run_address>0x83d26</run_address>
         <size>0xa</size>
         <input_file_ref idref="fl-12"/>
      </object_component>
      <object_component id="oc-182">
         <name>.text:TIMER2_ISR</name>
         <load_address>0x83d30</load_address>
         <run_address>0x83d30</run_address>
         <size>0xa</size>
         <input_file_ref idref="fl-12"/>
      </object_component>
      <object_component id="oc-17c">
         <name>.text:USBA_ISR</name>
         <load_address>0x83d3a</load_address>
         <run_address>0x83d3a</run_address>
         <size>0xa</size>
         <input_file_ref idref="fl-12"/>
      </object_component>
      <object_component id="oc-176">
         <name>.text:USER10_ISR</name>
         <load_address>0x83d44</load_address>
         <run_address>0x83d44</run_address>
         <size>0xa</size>
         <input_file_ref idref="fl-12"/>
      </object_component>
      <object_component id="oc-170">
         <name>.text:USER11_ISR</name>
         <load_address>0x83d4e</load_address>
         <run_address>0x83d4e</run_address>
         <size>0xa</size>
         <input_file_ref idref="fl-12"/>
      </object_component>
      <object_component id="oc-16a">
         <name>.text:USER12_ISR</name>
         <load_address>0x83d58</load_address>
         <run_address>0x83d58</run_address>
         <size>0xa</size>
         <input_file_ref idref="fl-12"/>
      </object_component>
      <object_component id="oc-164">
         <name>.text:USER1_ISR</name>
         <load_address>0x83d62</load_address>
         <run_address>0x83d62</run_address>
         <size>0xa</size>
         <input_file_ref idref="fl-12"/>
      </object_component>
      <object_component id="oc-15e">
         <name>.text:USER2_ISR</name>
         <load_address>0x83d6c</load_address>
         <run_address>0x83d6c</run_address>
         <size>0xa</size>
         <input_file_ref idref="fl-12"/>
      </object_component>
      <object_component id="oc-158">
         <name>.text:USER3_ISR</name>
         <load_address>0x83d76</load_address>
         <run_address>0x83d76</run_address>
         <size>0xa</size>
         <input_file_ref idref="fl-12"/>
      </object_component>
      <object_component id="oc-152">
         <name>.text:USER4_ISR</name>
         <load_address>0x83d80</load_address>
         <run_address>0x83d80</run_address>
         <size>0xa</size>
         <input_file_ref idref="fl-12"/>
      </object_component>
      <object_component id="oc-14c">
         <name>.text:USER5_ISR</name>
         <load_address>0x83d8a</load_address>
         <run_address>0x83d8a</run_address>
         <size>0xa</size>
         <input_file_ref idref="fl-12"/>
      </object_component>
      <object_component id="oc-146">
         <name>.text:USER6_ISR</name>
         <load_address>0x83d94</load_address>
         <run_address>0x83d94</run_address>
         <size>0xa</size>
         <input_file_ref idref="fl-12"/>
      </object_component>
      <object_component id="oc-140">
         <name>.text:USER7_ISR</name>
         <load_address>0x83d9e</load_address>
         <run_address>0x83d9e</run_address>
         <size>0xa</size>
         <input_file_ref idref="fl-12"/>
      </object_component>
      <object_component id="oc-13a">
         <name>.text:USER8_ISR</name>
         <load_address>0x83da8</load_address>
         <run_address>0x83da8</run_address>
         <size>0xa</size>
         <input_file_ref idref="fl-12"/>
      </object_component>
      <object_component id="oc-134">
         <name>.text:USER9_ISR</name>
         <load_address>0x83db2</load_address>
         <run_address>0x83db2</run_address>
         <size>0xa</size>
         <input_file_ref idref="fl-12"/>
      </object_component>
      <object_component id="oc-12e">
         <name>.text:WAKE_ISR</name>
         <load_address>0x83dbc</load_address>
         <run_address>0x83dbc</run_address>
         <size>0xa</size>
         <input_file_ref idref="fl-12"/>
      </object_component>
[...]
         <value>0x83a6a</value>
         <object_component_ref idref="oc-320"/>
      </symbol>
      <symbol id="sm-a68">
         <name>EPWM1_TZ_ISR</name>
         <value>0x83984</value>
         <object_component_ref idref="oc-3aa"/>
      </symbol>
      <symbol id="sm-a69">
         <name>FSIRXB1_ISR</name>
         <value>0x83a7e</value>
         <object_component_ref idref="oc-314"/>
      </symbol>
      <symbol id="sm-a6a">
         <name>FSIRXC1_ISR</name>
         <value>0x83a92</value>
         <object_component_ref idref="oc-308"/>
      </symbol>
      <symbol id="sm-a6b">
         <name>FSIRXD1_ISR</name>
         <value>0x83aa6</value>
         <object_component_ref idref="oc-2fc"/>
      </symbol>
      <symbol id="sm-a6c">
         <name>I2CA_FIFO_ISR</name>
         <value>0x83b3c</value>
         <object_component_ref idref="oc-2a8"/>
      </symbol>
      <symbol id="sm-a6d">
         <name>FSIRXE1_ISR</name>
         <value>0x83aba</value>
         <object_component_ref idref="oc-2f0"/>
      </symbol>
      <symbol id="sm-a6e">
         <name>FSIRXF1_ISR</name>
         <value>0x83ace</value>
         <object_component_ref idref="oc-2e4"/>
      </symbol>
      <symbol id="sm-a6f">
         <name>FSIRXG1_ISR</name>
         <value>0x83ae2</value>
         <object_component_ref idref="oc-2d8"/>
      </symbol>
      <symbol id="sm-a70">
         <name>FSIRXH1_ISR</name>
         <value>0x83af6</value>
         <object_component_ref idref="oc-2cc"/>
      </symbol>
      <symbol id="sm-a71">
         <name>EPWM2_ISR</name>
         <value>0x8398e</value>
         <object_component_ref idref="oc-3a4"/>
      </symbol>
      <symbol id="sm-a72">
         <name>USBA_ISR</name>
         <value>0x83d3a</value>
         <object_component_ref idref="oc-17c"/>
      </symbol>
      <symbol id="sm-a73">
         <name>SDFM1DR4_ISR</name>
         <value>0x83c72</value>
         <object_component_ref idref="oc-1ee"/>
      </symbol>
      <symbol id="sm-a74">
         <name>ADCD_EVT_ISR</name>
         <value>0x83696</value>
         <object_component_ref idref="oc-56c"/>
      </symbol>
      <symbol id="sm-a75">
         <name>DMA_CH3_ISR</name>
         <value>0x8383a</value>
         <object_component_ref idref="oc-476"/>
      </symbol>
      <symbol id="sm-a76">
         <name>FMC_ISR</name>
         <value>0x83a4c</value>
         <object_component_ref idref="oc-332"/>
      </symbol>
      <symbol id="sm-a77">
         <name>ADCC_EVT_ISR</name>
         <value>0x83664</value>
         <object_component_ref idref="oc-58a"/>
      </symbol>
      <symbol id="sm-a78">
         <name>EPWM11_ISR</name>
         <value>0x83902</value>
         <object_component_ref idref="oc-3f8"/>
      </symbol>
      <symbol id="sm-a79">
         <name>DATALOG_ISR</name>
         <value>0x8381c</value>
         <object_component_ref idref="oc-488"/>
      </symbol>
      <symbol id="sm-a7a">
         <name>XINT2_ISR</name>
         <value>0x83dd0</value>
         <object_component_ref idref="oc-122"/>
      </symbol>
      <symbol id="sm-a7b">
         <name>PIE_RESERVED_ISR</name>
         <value>0x83be6</value>
         <object_component_ref idref="oc-242"/>
      </symbol>
      <symbol id="sm-a7c">
         <name>SCIB_RX_ISR</name>
         <value>0x83c18</value>
         <object_component_ref idref="oc-224"/>
      </symbol>
      <symbol id="sm-a7d">
         <name>SCIB_TX_ISR</name>
         <value>0x83c22</value>
         <object_component_ref idref="oc-21e"/>
      </symbol>
      <symbol id="sm-a7e">
         <name>I2CB_ISR</name>
         <value>0x83b64</value>
         <object_component_ref idref="oc-290"/>
      </symbol>
      <symbol id="sm-a7f">
         <name>CANA1_ISR</name>
         <value>0x836b4</value>
         <object_component_ref idref="oc-560"/>
      </symbol>
      <symbol id="sm-a80">
         <name>SPIC_RX_ISR</name>
         <value>0x83ce0</value>
         <object_component_ref idref="oc-1ac"/>
      </symbol>
      <symbol id="sm-a81">
         <name>CANB1_ISR</name>
         <value>0x836c8</value>
         <object_component_ref idref="oc-554"/>
      </symbol>
      <symbol id="sm-a82">
         <name>CPUCRC_ISR</name>
         <value>0x83812</value>
         <object_component_ref idref="oc-48e"/>
      </symbol>
      <symbol id="sm-a83">
         <name>CLB6_ISR</name>
         <value>0x8379a</value>
         <object_component_ref idref="oc-4d6"/>
      </symbol>
      <symbol id="sm-a84">
         <name>SPIC_TX_ISR</name>
         <value>0x83cea</value>
         <object_component_ref idref="oc-1a6"/>
      </symbol>
      <symbol id="sm-a85">
         <name>EPWM15_TZ_ISR</name>
         <value>0x8395c</value>
         <object_component_ref idref="oc-3c2"/>
      </symbol>
      <symbol id="sm-a86">
         <name>FSIRXA2_ISR</name>
         <value>0x83a74</value>
         <object_component_ref idref="oc-31a"/>
      </symbol>
      <symbol id="sm-a87">
         <name>FSIRXB2_ISR</name>
         <value>0x83a88</value>
         <object_component_ref idref="oc-30e"/>
      </symbol>
      <symbol id="sm-a88">
         <name>EPWM12_TZ_ISR</name>
         <value>0x83920</value>
         <object_component_ref idref="oc-3e6"/>
      </symbol>
      <symbol id="sm-a89">
         <name>FSIRXC2_ISR</name>
         <value>0x83a9c</value>
         <object_component_ref idref="oc-302"/>
      </symbol>
      <symbol id="sm-a8a">
         <name>ILLEGAL_ISR</name>
         <value>0x83b6e</value>
         <object_component_ref idref="oc-28a"/>
      </symbol>
      <symbol id="sm-a8b">
         <name>FSIRXD2_ISR</name>
         <value>0x83ab0</value>
         <object_component_ref idref="oc-2f6"/>
      </symbol>
      <symbol id="sm-a8c">
         <name>FSIRXE2_ISR</name>
         <value>0x83ac4</value>
         <object_component_ref idref="oc-2ea"/>
      </symbol>
      <symbol id="sm-a8d">
         <name>FSIRXF2_ISR</name>
         <value>0x83ad8</value>
         <object_component_ref idref="oc-2de"/>
      </symbol>
      <symbol id="sm-a8e">
         <name>FSIRXG2_ISR</name>
         <value>0x83aec</value>
         <object_component_ref idref="oc-2d2"/>
      </symbol>
      <symbol id="sm-a8f">
         <name>FSIRXH2_ISR</name>
         <value>0x83b00</value>
         <object_component_ref idref="oc-2c6"/>
      </symbol>
      <symbol id="sm-a90">
         <name>EPWM3_ISR</name>
         <value>0x839a2</value>
         <object_component_ref idref="oc-398"/>
      </symbol>
      <symbol id="sm-a91">
         <name>I2CA_HIGH_ISR</name>
         <value>0x83b46</value>
         <object_component_ref idref="oc-2a2"/>
      </symbol>
      <symbol id="sm-a92">
         <name>FPU_UFLOW_ISR</name>
         <value>0x83a60</value>
         <object_component_ref idref="oc-326"/>
      </symbol>
      <symbol id="sm-a93">
         <name>TIMER0_ISR</name>
         <value>0x83d1c</value>
         <object_component_ref idref="oc-18e"/>
      </symbol>
      <symbol id="sm-a94">
         <name>EPWM10_ISR</name>
         <value>0x838ee</value>
         <object_component_ref idref="oc-404"/>
      </symbol>
      <symbol id="sm-a95">
         <name>USER3_ISR</name>
         <value>0x83d76</value>
         <object_component_ref idref="oc-158"/>
      </symbol>
      <symbol id="sm-ab3">
         <name>InitEPwm1Gpio</name>
         <value>0x83554</value>
         <object_component_ref idref="oc-62a"/>
      </symbol>
      <symbol id="sm-ab4">
         <name>InitEPwm2Gpio</name>
         <value>0x8356a</value>
         <object_component_ref idref="oc-630"/>
      </symbol>
      <symbol id="sm-ab5">
         <name>InitEPwm3Gpio</name>
         <value>0x83524</value>
         <object_component_ref idref="oc-636"/>
      </symbol>
      <symbol id="sm-acb">
         <name>GPIO_EnableUnbondedIOPullupsFor176Pin</name>
         <value>0x834c2</value>
         <object_component_ref idref="oc-88b"/>
      </symbol>
      <symbol id="sm-acc">
         <name>GPIO_EnableUnbondedIOPullups</name>
         <value>0x83b32</value>
         <object_component_ref idref="oc-7ca"/>
      </symbol>
      <symbol id="sm-ada">
         <name>InitPieCtrl</name>
         <value>0x8344d</value>
         <object_component_ref idref="oc-63c"/>
      </symbol>
      <symbol id="sm-aed">
         <name>InitPieVectTable</name>
         <value>0x83594</value>
         <object_component_ref idref="oc-642"/>
      </symbol>
      <symbol id="sm-aee">
         <name>PieVectTableInit</name>
         <value>0x90000</value>
         <object_component_ref idref="oc-113"/>
      </symbol>
      <symbol id="sm-bac">
         <name>ComputeCntrSeedValue</name>
         <value>0x82ea5</value>
         <object_component_ref idref="oc-978"/>
      </symbol>
      <symbol id="sm-bad">
         <name>VerifyXTAL</name>
         <value>0x82cbc</value>
         <object_component_ref idref="oc-7d0"/>
      </symbol>
      <symbol id="sm-bae">
         <name>IsPLLValid</name>
         <value>0x82e11</value>
         <object_component_ref idref="oc-8b5"/>
      </symbol>
      <symbol id="sm-baf">
         <name>InitPeripheralClocks</name>
         <value>0x82802</value>
         <object_component_ref idref="oc-7e2"/>
      </symbol>
      <symbol id="sm-bb0">
         <name>SysIntOsc1Sel</name>
         <value>0x83d12</value>
         <object_component_ref idref="oc-8a3"/>
      </symbol>
      <symbol id="sm-bb1">
         <name>SysXtalOscSel</name>
         <value>0x83363</value>
         <object_component_ref idref="oc-8a9"/>
      </symbol>
      <symbol id="sm-bb2">
         <name>SysXtalOscSESel</name>
         <value>0x8346c</value>
         <object_component_ref idref="oc-89d"/>
      </symbol>
      <symbol id="sm-bb3">
         <name>AuxIntOsc2Sel</name>
         <value>0x83e01</value>
         <object_component_ref idref="oc-8ce"/>
      </symbol>
      <symbol id="sm-bb4">
         <name>InitSysCtrl</name>
         <value>0x830e7</value>
         <object_component_ref idref="oc-61e"/>
      </symbol>
      <symbol id="sm-bb5">
         <name>InitAuxPll</name>
         <value>0x82a96</value>
         <object_component_ref idref="oc-7dc"/>
      </symbol>
      <symbol id="sm-bb6">
         <name>InitFlash</name>
         <value>0x8000</value>
         <object_component_ref idref="oc-7c4"/>
      </symbol>
      <symbol id="sm-bb7">
         <name>DisableDog</name>
         <value>0x835a5</value>
         <object_component_ref idref="oc-7be"/>
      </symbol>
      <symbol id="sm-bb8">
         <name>AuxAuxClkSel</name>
         <value>0x836a0</value>
         <object_component_ref idref="oc-8c2"/>
      </symbol>
      <symbol id="sm-bb9">
         <name>AuxXtalOscSESel</name>
         <value>0x834f4</value>
         <object_component_ref idref="oc-8bc"/>
      </symbol>
      <symbol id="sm-bba">
         <name>AuxXtalOscSel</name>
         <value>0x8350c</value>
         <object_component_ref idref="oc-8c8"/>
      </symbol>
      <symbol id="sm-bbb">
         <name>InitSysPll</name>
         <value>0x82611</value>
         <object_component_ref idref="oc-7d6"/>
      </symbol>
      <symbol id="sm-bbc">
         <name>SysIntOsc2Sel</name>
         <value>0x83e09</value>
         <object_component_ref idref="oc-8af"/>
      </symbol>
      <symbol id="sm-bc5">
         <name>F28x_usDelay</name>
         <value>0x802c</value>
         <object_component_ref idref="oc-811"/>
      </symbol>
      <symbol id="sm-c52">
         <name>EPwm2Regs</name>
         <value>0x4100</value>
         <object_component_ref idref="oc-60d"/>
      </symbol>
      <symbol id="sm-c53">
         <name>AdcbRegs</name>
         <value>0x7480</value>
         <object_component_ref idref="oc-802"/>
      </symbol>
      <symbol id="sm-c54">
         <name>EPwm3Regs</name>
         <value>0x4200</value>
         <object_component_ref idref="oc-610"/>
      </symbol>
      <symbol id="sm-c55">
         <name>AdccRegs</name>
         <value>0x7500</value>
         <object_component_ref idref="oc-805"/>
      </symbol>
      <symbol id="sm-c56">
         <name>ClkCfgRegs</name>
         <value>0x5d200</value>
         <object_component_ref idref="oc-7eb"/>
      </symbol>
      <symbol id="sm-c57">
         <name>AdcdRegs</name>
         <value>0x7580</value>
         <object_component_ref idref="oc-808"/>
      </symbol>
      <symbol id="sm-c58">
         <name>CpuTimer2Regs</name>
         <value>0xc10</value>
         <object_component_ref idref="oc-81e"/>
      </symbol>
      <symbol id="sm-c59">
         <name>PieVectTable</name>
         <value>0xd00</value>
         <object_component_ref idref="oc-693"/>
      </symbol>
      <symbol id="sm-c5a">
         <name>GpioCtrlRegs</name>
         <value>0x7c00</value>
         <object_component_ref idref="oc-7f0"/>
      </symbol>
      <symbol id="sm-c5b">
         <name>Dcc0Regs</name>
         <value>0x5e700</value>
         <object_component_ref idref="oc-899"/>
      </symbol>
      <symbol id="sm-c5c">
         <name>CpuSysRegs</name>
         <value>0x5d300</value>
         <object_component_ref idref="oc-696"/>
      </symbol>
      <symbol id="sm-c5d">
         <name>CpuTimer0Regs</name>
         <value>0xc00</value>
         <object_component_ref idref="oc-81b"/>
      </symbol>
      <symbol id="sm-c5e">
         <name>Dcc1Regs</name>
         <value>0x5e740</value>
         <object_component_ref idref="oc-975"/>
      </symbol>
      <symbol id="sm-c5f">
         <name>Flash0CtrlRegs</name>
         <value>0x5f800</value>
         <object_component_ref idref="oc-881"/>
      </symbol>
      <symbol id="sm-c60">
         <name>CpuTimer1Regs</name>
         <value>0xc08</value>
         <object_component_ref idref="oc-699"/>
      </symbol>
      <symbol id="sm-c61">
         <name>Dcc2Regs</name>
         <value>0x5e780</value>
         <object_component_ref idref="oc-972"/>
      </symbol>
      <symbol id="sm-c62">
         <name>DevCfgRegs</name>
         <value>0x5d000</value>
         <object_component_ref idref="oc-888"/>
      </symbol>
      <symbol id="sm-c63">
         <name>Flash0EccRegs</name>
         <value>0x5fb00</value>
         <object_component_ref idref="oc-884"/>
      </symbol>
      <symbol id="sm-c64">
         <name>AdcaResultRegs</name>
         <value>0xb00</value>
         <object_component_ref idref="oc-79e"/>
      </symbol>
      <symbol id="sm-c65">
         <name>PieCtrlRegs</name>
         <value>0xce0</value>
         <object_component_ref idref="oc-619"/>
      </symbol>
      <symbol id="sm-c66">
         <name>WdRegs</name>
         <value>0x7000</value>
         <object_component_ref idref="oc-87d"/>
      </symbol>
      <symbol id="sm-c67">
         <name>AdcbResultRegs</name>
         <value>0xb20</value>
         <object_component_ref idref="oc-7a1"/>
      </symbol>
      <symbol id="sm-c68">
         <name>GpioDataRegs</name>
         <value>0x7f00</value>
         <object_component_ref idref="oc-601"/>
      </symbol>
      <symbol id="sm-c69">
         <name>SpiaRegs</name>
         <value>0x6100</value>
         <object_component_ref idref="oc-817"/>
      </symbol>
      <symbol id="sm-c6a">
         <name>EPwm1Regs</name>
         <value>0x4000</value>
         <object_component_ref idref="oc-60a"/>
      </symbol>
      <symbol id="sm-c6b">
         <name>AnalogSubsysRegs</name>
         <value>0x5d700</value>
         <object_component_ref idref="oc-7e8"/>
      </symbol>
      <symbol id="sm-c6c">
         <name>AdcaRegs</name>
         <value>0x7400</value>
         <object_component_ref idref="oc-613"/>
      </symbol>
      <symbol id="sm-c84">
         <name>ceil</name>
         <value>0x829bd</value>
         <object_component_ref idref="oc-893"/>
      </symbol>
      <symbol id="sm-c85">
         <name>ceill</name>
         <value>0x829bd</value>
         <object_component_ref idref="oc-893"/>
      </symbol>
      <symbol id="sm-c91">
         <name>_c_int00</name>
         <value>0x834db</value>
         <object_component_ref idref="oc-795"/>
      </symbol>
      <symbol id="sm-c92">
         <name>__stack</name>
         <value>0x400</value>
         <object_component_ref idref="oc-5e4"/>
      </symbol>
      <symbol id="sm-c9a">
         <name>__c28xabi_orll</name>
         <value>0x83544</value>
         <object_component_ref idref="oc-95f"/>
      </symbol>
      <symbol id="sm-c9b">
         <name>__c28xabi_xorll</name>
         <value>0x8354c</value>
         <object_component_ref idref="oc-95f"/>
      </symbol>
      <symbol id="sm-c9c">
         <name>__c28xabi_andll</name>
         <value>0x8353c</value>
         <object_component_ref idref="oc-95f"/>
      </symbol>
      <symbol id="sm-caf">
         <name>memcpy</name>
         <value>0x8348a</value>
         <object_component_ref idref="oc-5e7"/>
      </symbol>
      <symbol id="sm-cbc">
         <name>_system_pre_init</name>
         <value>0x83e21</value>
         <object_component_ref idref="oc-858"/>
      </symbol>
      <symbol id="sm-ccb">
         <name>__TI_auto_init_nobinit_nopinit</name>
         <value>0x8338f</value>
         <object_component_ref idref="oc-916"/>
      </symbol>
      <symbol id="sm-cda">
         <name>__TI_zero_init_nomemset</name>
         <value>0x835bf</value>
         <object_component_ref idref="oc-5ef"/>
      </symbol>
      <symbol id="sm-ce7">
         <name>__TI_decompress_none</name>
         <value>0x83e11</value>
         <object_component_ref idref="oc-da"/>
      </symbol>
      <symbol id="sm-cfb">
         <name>__TI_decompress_lzss</name>
         <value>0x83332</value>
         <object_component_ref idref="oc-d4"/>
      </symbol>
      <symbol id="sm-d11">
         <name>C$$EXIT</name>
         <value>0x833ba</value>
         <object_component_ref idref="oc-865"/>
      </symbol>
      <symbol id="sm-d12">
         <name>abort</name>
         <value>0x833ba</value>
         <object_component_ref idref="oc-865"/>
      </symbol>
      <symbol id="sm-d13">
         <name>exit</name>
         <value>0x833bc</value>
         <object_component_ref idref="oc-865"/>
      </symbol>
      <symbol id="sm-d14">
         <name>__TI_dtors_ptr</name>
         <value>0xa938</value>
         <object_component_ref idref="oc-948"/>
      </symbol>
      <symbol id="sm-d15">
         <name>__TI_cleanup_ptr</name>
         <value>0xa936</value>
         <object_component_ref idref="oc-948"/>
      </symbol>
      <symbol id="sm-d16">
         <name>__TI_enable_exit_profile_output</name>
         <value>0xa934</value>
         <object_component_ref idref="oc-948"/>
      </symbol>
      <symbol id="sm-d2d">
         <name>_nop</name>
         <value>0x83e00</value>
         <object_component_ref idref="oc-9aa"/>
      </symbol>
      <symbol id="sm-d2e">
         <name>_lock</name>
         <value>0xa93e</value>
         <object_component_ref idref="oc-94b"/>
      </symbol>
      <symbol id="sm-d2f">
         <name>_unlock</name>
         <value>0xa952</value>
         <object_component_ref idref="oc-9c7"/>
      </symbol>
      <symbol id="sm-d30">
         <name>_register_lock</name>
         <value>0x83dfc</value>
         <object_component_ref idref="oc-9aa"/>
      </symbol>
      <symbol id="sm-d31">
         <name>_register_unlock</name>
         <value>0x83df8</value>
         <object_component_ref idref="oc-9aa"/>
      </symbol>
      <symbol id="sm-d40">
         <name>_args_main</name>
         <value>0x835cc</value>
         <object_component_ref idref="oc-85f"/>
      </symbol>
      <symbol id="sm-d57">
         <name>_system_post_cinit</name>
         <value>0x83e23</value>
         <object_component_ref idref="oc-990"/>
      </symbol>
      <symbol id="sm-d5a">
         <name>__c_args__</name>
         <value>0x0</value>
      </symbol>
   </symbol_table>
   <title>Link successful</title>
</link_info>
