<?xml version="1.0" encoding="ISO-8859-1" ?>
<link_info>
   <banner>TMS320C2000 Linker PC v20.8.0.STS</banner>
   <copyright>Copyright (c) 1996-2018 Texas Instruments Incorporated</copyright>
   <link_time>0x64ffebff</link_time>
   <link_errors>0x0</link_errors>
   <output_file>230802_OBCLDC_28388D_forOnlyChargeMode.out</output_file>
   <entry_point>
      <name>code_start</name>
      <address>0x80000</address>
   </entry_point>
   <input_file_list>
      <input_file id="fl-2">
         <path>.\</path>
         <kind>object</kind>
         <file>Func.obj</file>
         <name>Func.obj</name>
      </input_file>
      <input_file id="fl-3">
         <path>.\</path>
         <kind>object</kind>
         <file>ISR.obj</file>
         <name>ISR.obj</name>
      </input_file>
      <input_file id="fl-4">
         <path>.\</path>
         <kind>object</kind>
         <file>Main.obj</file>
         <name>Main.obj</name>
      </input_file>
      <input_file id="fl-5">
         <path>.\</path>
         <kind>object</kind>
         <file>Peripheral_Config.obj</file>
         <name>Peripheral_Config.obj</name>
      </input_file>
      <input_file id="fl-6">
         <path>.\F2838x_common\source\</path>
         <kind>object</kind>
         <file>f2838x_adc.obj</file>
         <name>f2838x_adc.obj</name>
      </input_file>
      <input_file id="fl-7">
         <path>.\F2838x_common\source\</path>
         <kind>object</kind>
         <file>f2838x_codestartbranch.obj</file>
         <name>f2838x_codestartbranch.obj</name>
      </input_file>
      <input_file id="fl-8">
         <path>.\F2838x_common\source\</path>
         <kind>object</kind>
         <file>f2838x_cputimers.obj</file>
         <name>f2838x_cputimers.obj</name>
      </input_file>
      <input_file id="fl-9">
         <path>.\F2838x_common\source\</path>
         <kind>object</kind>
         <file>f2838x_dbgier.obj</file>
         <name>f2838x_dbgier.obj</name>
      </input_file>
      <input_file id="fl-a">
         <path>.\F2838x_common\source\</path>
         <kind>object</kind>
         <file>f2838x_dcsm_z1otp.obj</file>
         <name>f2838x_dcsm_z1otp.obj</name>
      </input_file>
      <input_file id="fl-b">
         <path>.\F2838x_common\source\</path>
         <kind>object</kind>
         <file>f2838x_dcsm_z2otp.obj</file>
         <name>f2838x_dcsm_z2otp.obj</name>
      </input_file>
      <input_file id="fl-c">
         <path>.\F2838x_common\source\</path>
         <kind>object</kind>
         <file>f2838x_defaultisr.obj</file>
         <name>f2838x_defaultisr.obj</name>
      </input_file>
      <input_file id="fl-d">
         <path>.\F2838x_common\source\</path>
         <kind>object</kind>
         <file>f2838x_dma.obj</file>
         <name>f2838x_dma.obj</name>
      </input_file>
      <input_file id="fl-e">
         <path>.\F2838x_common\source\</path>
         <kind>object</kind>
         <file>f2838x_ecap.obj</file>
         <name>f2838x_ecap.obj</name>
      </input_file>
      <input_file id="fl-f">
         <path>.\F2838x_common\source\</path>
         <kind>object</kind>
         <file>f2838x_emif.obj</file>
         <name>f2838x_emif.obj</name>
      </input_file>
      <input_file id="fl-10">
         <path>.\F2838x_common\source\</path>
         <kind>object</kind>
         <file>f2838x_epwm.obj</file>
         <name>f2838x_epwm.obj</name>
      </input_file>
      <input_file id="fl-11">
         <path>.\F2838x_common\source\</path>
         <kind>object</kind>
         <file>f2838x_eqep.obj</file>
         <name>f2838x_eqep.obj</name>
      </input_file>
      <input_file id="fl-12">
         <path>.\F2838x_common\source\</path>
         <kind>object</kind>
         <file>f2838x_gpio.obj</file>
         <name>f2838x_gpio.obj</name>
      </input_file>
      <input_file id="fl-13">
         <path>.\F2838x_common\source\</path>
         <kind>object</kind>
         <file>f2838x_mcbsp.obj</file>
         <name>f2838x_mcbsp.obj</name>
      </input_file>
      <input_file id="fl-14">
         <path>.\F2838x_common\source\</path>
         <kind>object</kind>
         <file>f2838x_piectrl.obj</file>
         <name>f2838x_piectrl.obj</name>
      </input_file>
      <input_file id="fl-15">
         <path>.\F2838x_common\source\</path>
         <kind>object</kind>
         <file>f2838x_pievect.obj</file>
         <name>f2838x_pievect.obj</name>
      </input_file>
      <input_file id="fl-16">
         <path>.\F2838x_common\source\</path>
         <kind>object</kind>
         <file>f2838x_sdfm_drivers.obj</file>
         <name>f2838x_sdfm_drivers.obj</name>
      </input_file>
      <input_file id="fl-17">
         <path>.\F2838x_common\source\</path>
         <kind>object</kind>
         <file>f2838x_struct.obj</file>
         <name>f2838x_struct.obj</name>
      </input_file>
      <input_file id="fl-18">
         <path>.\F2838x_common\source\</path>
         <kind>object</kind>
         <file>f2838x_sysctrl.obj</file>
         <name>f2838x_sysctrl.obj</name>
      </input_file>
      <input_file id="fl-19">
         <path>.\F2838x_common\source\</path>
         <kind>object</kind>
         <file>f2838x_tempsensorconv.obj</file>
         <name>f2838x_tempsensorconv.obj</name>
      </input_file>
      <input_file id="fl-1a">
         <path>.\F2838x_common\source\</path>
         <kind>object</kind>
         <file>f2838x_usdelay.obj</file>
         <name>f2838x_usdelay.obj</name>
      </input_file>
      <input_file id="fl-1b">
         <path>.\F2838x_headers\source\</path>
         <kind>object</kind>
         <file>f2838x_globalvariabledefs.obj</file>
         <name>f2838x_globalvariabledefs.obj</name>
      </input_file>
      <input_file id="fl-20">
         <kind>object</kind>
         <file>&lt;internal&gt;</file>
         <name>&lt;internal&gt;</name>
      </input_file>
      <input_file id="fl-2c">
         <path>C:\ti\ccs1210\ccs\tools\compiler\ti-cgt-c2000_20.8.0.STS\lib\</path>
         <kind>archive</kind>
         <file>rts2800_fpu64_eabi.lib</file>
         <name>s_ceil.c.obj</name>
      </input_file>
      <input_file id="fl-2d">
         <path>C:\ti\ccs1210\ccs\tools\compiler\ti-cgt-c2000_20.8.0.STS\lib\</path>
         <kind>archive</kind>
         <file>rts2800_fpu64_eabi.lib</file>
         <name>s_cos.c.obj</name>
      </input_file>
      <input_file id="fl-2e">
         <path>C:\ti\ccs1210\ccs\tools\compiler\ti-cgt-c2000_20.8.0.STS\lib\</path>
         <kind>archive</kind>
         <file>rts2800_fpu64_eabi.lib</file>
         <name>s_sin.c.obj</name>
      </input_file>
      <input_file id="fl-2f">
         <path>C:\ti\ccs1210\ccs\tools\compiler\ti-cgt-c2000_20.8.0.STS\lib\</path>
         <kind>archive</kind>
         <file>rts2800_fpu64_eabi.lib</file>
         <name>boot28.asm.obj</name>
      </input_file>
      <input_file id="fl-30">
         <path>C:\ti\ccs1210\ccs\tools\compiler\ti-cgt-c2000_20.8.0.STS\lib\</path>
         <kind>archive</kind>
         <file>rts2800_fpu64_eabi.lib</file>
         <name>ll_aox28.asm.obj</name>
      </input_file>
      <input_file id="fl-31">
         <path>C:\ti\ccs1210\ccs\tools\compiler\ti-cgt-c2000_20.8.0.STS\lib\</path>
         <kind>archive</kind>
         <file>rts2800_fpu64_eabi.lib</file>
         <name>ll_cmp28.asm.obj</name>
      </input_file>
      <input_file id="fl-32">
         <path>C:\ti\ccs1210\ccs\tools\compiler\ti-cgt-c2000_20.8.0.STS\lib\</path>
         <kind>archive</kind>
         <file>rts2800_fpu64_eabi.lib</file>
         <name>memcpy.c.obj</name>
      </input_file>
      <input_file id="fl-33">
         <path>C:\ti\ccs1210\ccs\tools\compiler\ti-cgt-c2000_20.8.0.STS\lib\</path>
         <kind>archive</kind>
         <file>rts2800_fpu64_eabi.lib</file>
         <name>pre_init.c.obj</name>
      </input_file>
      <input_file id="fl-34">
         <path>C:\ti\ccs1210\ccs\tools\compiler\ti-cgt-c2000_20.8.0.STS\lib\</path>
         <kind>archive</kind>
         <file>rts2800_fpu64_eabi.lib</file>
         <name>autoinit.c.obj</name>
      </input_file>
      <input_file id="fl-35">
         <path>C:\ti\ccs1210\ccs\tools\compiler\ti-cgt-c2000_20.8.0.STS\lib\</path>
         <kind>archive</kind>
         <file>rts2800_fpu64_eabi.lib</file>
         <name>copy_zero_init.c.obj</name>
      </input_file>
      <input_file id="fl-36">
         <path>C:\ti\ccs1210\ccs\tools\compiler\ti-cgt-c2000_20.8.0.STS\lib\</path>
         <kind>archive</kind>
         <file>rts2800_fpu64_eabi.lib</file>
         <name>copy_decompress_none.c.obj</name>
      </input_file>
      <input_file id="fl-37">
         <path>C:\ti\ccs1210\ccs\tools\compiler\ti-cgt-c2000_20.8.0.STS\lib\</path>
         <kind>archive</kind>
         <file>rts2800_fpu64_eabi.lib</file>
         <name>copy_decompress_lzss.c.obj</name>
      </input_file>
      <input_file id="fl-38">
         <path>C:\ti\ccs1210\ccs\tools\compiler\ti-cgt-c2000_20.8.0.STS\lib\</path>
         <kind>archive</kind>
         <file>rts2800_fpu64_eabi.lib</file>
         <name>exit.c.obj</name>
      </input_file>
      <input_file id="fl-39">
         <path>C:\ti\ccs1210\ccs\tools\compiler\ti-cgt-c2000_20.8.0.STS\lib\</path>
         <kind>archive</kind>
         <file>rts2800_fpu64_eabi.lib</file>
         <name>_lock.c.obj</name>
      </input_file>
      <input_file id="fl-3a">
         <path>C:\ti\ccs1210\ccs\tools\compiler\ti-cgt-c2000_20.8.0.STS\lib\</path>
         <kind>archive</kind>
         <file>rts2800_fpu64_eabi.lib</file>
         <name>args_main.c.obj</name>
      </input_file>
      <input_file id="fl-3b">
         <path>C:\ti\ccs1210\ccs\tools\compiler\ti-cgt-c2000_20.8.0.STS\lib\</path>
         <kind>archive</kind>
         <file>rts2800_fpu64_eabi.lib</file>
         <name>memset.c.obj</name>
      </input_file>
      <input_file id="fl-3c">
         <path>C:\ti\ccs1210\ccs\tools\compiler\ti-cgt-c2000_20.8.0.STS\lib\</path>
         <kind>archive</kind>
         <file>rts2800_fpu64_eabi.lib</file>
         <name>e_rem_pio2.c.obj</name>
      </input_file>
      <input_file id="fl-3d">
         <path>C:\ti\ccs1210\ccs\tools\compiler\ti-cgt-c2000_20.8.0.STS\lib\</path>
         <kind>archive</kind>
         <file>rts2800_fpu64_eabi.lib</file>
         <name>k_rem_pio2.c.obj</name>
      </input_file>
      <input_file id="fl-3e">
         <path>C:\ti\ccs1210\ccs\tools\compiler\ti-cgt-c2000_20.8.0.STS\lib\</path>
         <kind>archive</kind>
         <file>rts2800_fpu64_eabi.lib</file>
         <name>k_cos.c.obj</name>
      </input_file>
      <input_file id="fl-3f">
         <path>C:\ti\ccs1210\ccs\tools\compiler\ti-cgt-c2000_20.8.0.STS\lib\</path>
         <kind>archive</kind>
         <file>rts2800_fpu64_eabi.lib</file>
         <name>k_sin.c.obj</name>
      </input_file>
      <input_file id="fl-40">
         <path>C:\ti\ccs1210\ccs\tools\compiler\ti-cgt-c2000_20.8.0.STS\lib\</path>
         <kind>archive</kind>
         <file>rts2800_fpu64_eabi.lib</file>
         <name>s_floor.c.obj</name>
      </input_file>
      <input_file id="fl-41">
         <path>C:\ti\ccs1210\ccs\tools\compiler\ti-cgt-c2000_20.8.0.STS\lib\</path>
         <kind>archive</kind>
         <file>rts2800_fpu64_eabi.lib</file>
         <name>s_scalbn.c.obj</name>
      </input_file>
      <input_file id="fl-42">
         <path>C:\ti\ccs1210\ccs\tools\compiler\ti-cgt-c2000_20.8.0.STS\lib\</path>
         <kind>archive</kind>
         <file>rts2800_fpu64_eabi.lib</file>
         <name>s_copysign.c.obj</name>
      </input_file>
      <input_file id="fl-43">
         <path>C:\ti\ccs1210\ccs\tools\compiler\ti-cgt-c2000_20.8.0.STS\lib\</path>
         <kind>archive</kind>
         <file>rts2800_fpu64_eabi.lib</file>
         <name>i_div28.asm.obj</name>
      </input_file>
      <input_file id="fl-44">
         <path>C:\ti\ccs1210\ccs\tools\compiler\ti-cgt-c2000_20.8.0.STS\lib\</path>
         <kind>archive</kind>
         <file>rts2800_fpu64_eabi.lib</file>
         <name>cpy_tbl.c.obj</name>
      </input_file>
      <input_file id="fl-45">
         <path>C:\ti\ccs1210\ccs\tools\compiler\ti-cgt-c2000_20.8.0.STS\lib\</path>
         <kind>archive</kind>
         <file>rts2800_fpu64_eabi.lib</file>
         <name>startup.c.obj</name>
      </input_file>
      <input_file id="fl-46">
         <path>C:\ti\ccs1210\ccs\tools\compiler\ti-cgt-c2000_20.8.0.STS\lib\</path>
         <kind>archive</kind>
         <file>rts2800_fpu64_eabi.lib</file>
         <name>errno.c.obj</name>
      </input_file>
   </input_file_list>
   <object_component_list>
      <object_component id="oc-e1">
         <name>codestart</name>
         <load_address>0x80000</load_address>
         <run_address>0x80000</run_address>
         <size>0x2</size>
         <input_file_ref idref="fl-7"/>
      </object_component>
      <object_component id="oc-ec">
         <name>.text:adca1_isr</name>
         <load_address>0x82000</load_address>
         <run_address>0x82000</run_address>
         <size>0x2ce</size>
         <input_file_ref idref="fl-3"/>
      </object_component>
      <object_component id="oc-7cf">
         <name>.text:InitSysPll</name>
         <load_address>0x822ce</load_address>
         <run_address>0x822ce</run_address>
         <size>0x101</size>
         <input_file_ref idref="fl-18"/>
      </object_component>
      <object_component id="oc-7db">
         <name>.text:InitPeripheralClocks</name>
         <load_address>0x823cf</load_address>
         <run_address>0x823cf</run_address>
         <size>0xdf</size>
         <input_file_ref idref="fl-18"/>
      </object_component>
      <object_component id="oc-862">
         <name>.text</name>
         <load_address>0x824ae</load_address>
         <run_address>0x824ae</run_address>
         <size>0xd9</size>
         <input_file_ref idref="fl-2c"/>
      </object_component>
      <object_component id="oc-68d">
         <name>.text:Adc_Config</name>
         <load_address>0x82587</load_address>
         <run_address>0x82587</run_address>
         <size>0xd0</size>
         <input_file_ref idref="fl-5"/>
      </object_component>
      <object_component id="oc-7d5">
         <name>.text:InitAuxPll</name>
         <load_address>0x82657</load_address>
         <run_address>0x82657</run_address>
         <size>0xc0</size>
         <input_file_ref idref="fl-18"/>
      </object_component>
      <object_component id="oc-807">
         <name>.text:AdcSetMode</name>
         <load_address>0x82717</load_address>
         <run_address>0x82717</run_address>
         <size>0xb2</size>
         <input_file_ref idref="fl-6"/>
      </object_component>
      <object_component id="oc-7c9">
         <name>.text:VerifyXTAL</name>
         <load_address>0x827c9</load_address>
         <run_address>0x827c9</run_address>
         <size>0xb0</size>
         <input_file_ref idref="fl-18"/>
      </object_component>
      <object_component id="oc-884">
         <name>.text:IsPLLValid</name>
         <load_address>0x82879</load_address>
         <run_address>0x82879</run_address>
         <size>0x94</size>
         <input_file_ref idref="fl-18"/>
      </object_component>
      <object_component id="oc-931">
         <name>.text:ComputeCntrSeedValue</name>
         <load_address>0x8290d</load_address>
         <run_address>0x8290d</run_address>
         <size>0x8f</size>
         <input_file_ref idref="fl-18"/>
      </object_component>
      <object_component id="oc-669">
         <name>.text:EPwm1_Config</name>
         <load_address>0x8299c</load_address>
         <run_address>0x8299c</run_address>
         <size>0x6e</size>
         <input_file_ref idref="fl-5"/>
      </object_component>
      <object_component id="oc-62d">
         <name>.text:InitSysCtrl</name>
         <load_address>0x82a0a</load_address>
         <run_address>0x82a0a</run_address>
         <size>0x61</size>
         <input_file_ref idref="fl-18"/>
      </object_component>
      <object_component id="oc-675">
         <name>.text:EPwm3_Config</name>
         <load_address>0x82a6b</load_address>
         <run_address>0x82a6b</run_address>
         <size>0x5d</size>
         <input_file_ref idref="fl-5"/>
      </object_component>
      <object_component id="oc-663">
         <name>.text:InitPWMEnaFltGpioConfig</name>
         <load_address>0x82ac8</load_address>
         <run_address>0x82ac8</run_address>
         <size>0x5d</size>
         <input_file_ref idref="fl-5"/>
      </object_component>
      <object_component id="oc-f2">
         <name>.text:main</name>
         <load_address>0x82b25</load_address>
         <run_address>0x82b25</run_address>
         <size>0x5c</size>
         <input_file_ref idref="fl-4"/>
      </object_component>
      <object_component id="oc-66f">
         <name>.text:EPwm2_Config</name>
         <load_address>0x82b81</load_address>
         <run_address>0x82b81</run_address>
         <size>0x5b</size>
         <input_file_ref idref="fl-5"/>
      </object_component>
      <object_component id="oc-67b">
         <name>.text:EPwm4_Config</name>
         <load_address>0x82bdc</load_address>
         <run_address>0x82bdc</run_address>
         <size>0x5b</size>
         <input_file_ref idref="fl-5"/>
      </object_component>
      <object_component id="oc-681">
         <name>.text:EPwm5_Config</name>
         <load_address>0x82c37</load_address>
         <run_address>0x82c37</run_address>
         <size>0x55</size>
         <input_file_ref idref="fl-5"/>
      </object_component>
      <object_component id="oc-687">
         <name>.text:EPwm6_Config</name>
         <load_address>0x82c8c</load_address>
         <run_address>0x82c8c</run_address>
         <size>0x54</size>
         <input_file_ref idref="fl-5"/>
      </object_component>
      <object_component id="oc-693">
         <name>.text:InitCpuTimers</name>
         <load_address>0x82ce0</load_address>
         <run_address>0x82ce0</run_address>
         <size>0x3b</size>
         <input_file_ref idref="fl-8"/>
      </object_component>
      <object_component id="oc-d4">
         <name>.text:decompress:lzss</name>
         <load_address>0x82d1b</load_address>
         <run_address>0x82d1b</run_address>
         <size>0x31</size>
         <input_file_ref idref="fl-37"/>
      </object_component>
      <object_component id="oc-878">
         <name>.text:SysXtalOscSel</name>
         <load_address>0x82d4c</load_address>
         <run_address>0x82d4c</run_address>
         <size>0x2c</size>
         <input_file_ref idref="fl-18"/>
      </object_component>
      <object_component id="oc-8d2">
         <name>.text:__TI_auto_init_nobinit_nopinit</name>
         <load_address>0x82d78</load_address>
         <run_address>0x82d78</run_address>
         <size>0x2b</size>
         <input_file_ref idref="fl-34"/>
      </object_component>
      <object_component id="oc-842">
         <name>.text</name>
         <load_address>0x82da3</load_address>
         <run_address>0x82da3</run_address>
         <size>0x29</size>
         <input_file_ref idref="fl-38"/>
      </object_component>
      <object_component id="oc-8bd">
         <name>.text:CalAdcINL</name>
         <load_address>0x82dcc</load_address>
         <run_address>0x82dcc</run_address>
         <size>0x26</size>
         <input_file_ref idref="fl-6"/>
      </object_component>
      <object_component id="oc-69c">
         <name>.text:ConfigCpuTimer</name>
         <load_address>0x82df2</load_address>
         <run_address>0x82df2</run_address>
         <size>0x23</size>
         <input_file_ref idref="fl-8"/>
      </object_component>
      <object_component id="oc-657">
         <name>.text:InitPieCtrl</name>
         <load_address>0x82e15</load_address>
         <run_address>0x82e15</run_address>
         <size>0x1f</size>
         <input_file_ref idref="fl-14"/>
      </object_component>
      <object_component id="oc-86c">
         <name>.text:SysXtalOscSESel</name>
         <load_address>0x82e34</load_address>
         <run_address>0x82e34</run_address>
         <size>0x1e</size>
         <input_file_ref idref="fl-18"/>
      </object_component>
      <object_component id="oc-5e7">
         <name>.text</name>
         <load_address>0x82e52</load_address>
         <run_address>0x82e52</run_address>
         <size>0x1d</size>
         <input_file_ref idref="fl-32"/>
      </object_component>
      <object_component id="oc-921">
         <name>.text:PollX1Counter</name>
         <load_address>0x82e6f</load_address>
         <run_address>0x82e6f</run_address>
         <size>0x1b</size>
         <input_file_ref idref="fl-18"/>
      </object_component>
      <object_component id="oc-85a">
         <name>.text:GPIO_EnableUnbondedIOPullupsFor176Pin</name>
         <load_address>0x82e8a</load_address>
         <run_address>0x82e8a</run_address>
         <size>0x19</size>
         <input_file_ref idref="fl-12"/>
      </object_component>
      <object_component id="oc-791">
         <name>.text</name>
         <load_address>0x82ea3</load_address>
         <run_address>0x82ea3</run_address>
         <size>0x19</size>
         <input_file_ref idref="fl-2f"/>
      </object_component>
      <object_component id="oc-88b">
         <name>.text:AuxXtalOscSESel</name>
         <load_address>0x82ebc</load_address>
         <run_address>0x82ebc</run_address>
         <size>0x18</size>
         <input_file_ref idref="fl-18"/>
      </object_component>
      <object_component id="oc-897">
         <name>.text:AuxXtalOscSel</name>
         <load_address>0x82ed4</load_address>
         <run_address>0x82ed4</run_address>
         <size>0x18</size>
         <input_file_ref idref="fl-18"/>
      </object_component>
      <object_component id="oc-63f">
         <name>.text:InitEPwm3Gpio</name>
         <load_address>0x82eec</load_address>
         <run_address>0x82eec</run_address>
         <size>0x18</size>
         <input_file_ref idref="fl-10"/>
      </object_component>
      <object_component id="oc-645">
         <name>.text:InitEPwm4Gpio</name>
         <load_address>0x82f04</load_address>
         <run_address>0x82f04</run_address>
         <size>0x18</size>
         <input_file_ref idref="fl-10"/>
      </object_component>
      <object_component id="oc-918">
         <name>.text</name>
         <load_address>0x82f1c</load_address>
         <run_address>0x82f1c</run_address>
         <size>0x18</size>
         <input_file_ref idref="fl-30"/>
      </object_component>
      <object_component id="oc-633">
         <name>.text:InitEPwm1Gpio</name>
         <load_address>0x82f34</load_address>
         <run_address>0x82f34</run_address>
         <size>0x16</size>
         <input_file_ref idref="fl-10"/>
      </object_component>
      <object_component id="oc-639">
         <name>.text:InitEPwm2Gpio</name>
         <load_address>0x82f4a</load_address>
         <run_address>0x82f4a</run_address>
         <size>0x16</size>
         <input_file_ref idref="fl-10"/>
      </object_component>
      <object_component id="oc-64b">
         <name>.text:InitEPwm5Gpio</name>
         <load_address>0x82f60</load_address>
         <run_address>0x82f60</run_address>
         <size>0x16</size>
         <input_file_ref idref="fl-10"/>
      </object_component>
      <object_component id="oc-651">
         <name>.text:InitEPwm6Gpio</name>
         <load_address>0x82f76</load_address>
         <run_address>0x82f76</run_address>
         <size>0x16</size>
         <input_file_ref idref="fl-10"/>
      </object_component>
      <object_component id="oc-65d">
         <name>.text:InitPieVectTable</name>
         <load_address>0x82f8c</load_address>
         <run_address>0x82f8c</run_address>
         <size>0x11</size>
         <input_file_ref idref="fl-15"/>
      </object_component>
      <object_component id="oc-7b7">
         <name>.text:DisableDog</name>
         <load_address>0x82f9d</load_address>
         <run_address>0x82f9d</run_address>
         <size>0xd</size>
         <input_file_ref idref="fl-18"/>
      </object_component>
      <object_component id="oc-410">
         <name>.text:EMPTY_ISR</name>
         <load_address>0x82faa</load_address>
         <run_address>0x82faa</run_address>
         <size>0xd</size>
         <input_file_ref idref="fl-c"/>
      </object_component>
      <object_component id="oc-f8">
         <name>.text:Task_100us</name>
         <load_address>0x82fb7</load_address>
         <run_address>0x82fb7</run_address>
         <size>0xd</size>
         <input_file_ref idref="fl-3"/>
      </object_component>
      <object_component id="oc-5ef">
         <name>.text:decompress:ZI:__TI_zero_init_nomemset</name>
         <load_address>0x82fc4</load_address>
         <run_address>0x82fc4</run_address>
         <size>0xd</size>
         <input_file_ref idref="fl-35"/>
      </object_component>
      <object_component id="oc-83c">
         <name>.text</name>
         <load_address>0x82fd1</load_address>
         <run_address>0x82fd1</run_address>
         <size>0xc</size>
         <input_file_ref idref="fl-3a"/>
      </object_component>
      <object_component id="oc-5de">
         <name>.text:ADCA1_ISR</name>
         <load_address>0x82fdd</load_address>
         <run_address>0x82fdd</run_address>
         <size>0xa</size>
         <input_file_ref idref="fl-c"/>
      </object_component>
      <object_component id="oc-5d8">
         <name>.text:ADCA2_ISR</name>
         <load_address>0x82fe7</load_address>
         <run_address>0x82fe7</run_address>
         <size>0xa</size>
         <input_file_ref idref="fl-c"/>
      </object_component>
      <object_component id="oc-5d2">
         <name>.text:ADCA3_ISR</name>
         <load_address>0x82ff1</load_address>
         <run_address>0x82ff1</run_address>
         <size>0xa</size>
         <input_file_ref idref="fl-c"/>
      </object_component>
      <object_component id="oc-5cc">
         <name>.text:ADCA4_ISR</name>
         <load_address>0x82ffb</load_address>
         <run_address>0x82ffb</run_address>
         <size>0xa</size>
         <input_file_ref idref="fl-c"/>
      </object_component>
      <object_component id="oc-5c6">
         <name>.text:ADCA_EVT_ISR</name>
         <load_address>0x83005</load_address>
         <run_address>0x83005</run_address>
         <size>0xa</size>
         <input_file_ref idref="fl-c"/>
      </object_component>
      <object_component id="oc-5c0">
         <name>.text:ADCB1_ISR</name>
         <load_address>0x8300f</load_address>
         <run_address>0x8300f</run_address>
         <size>0xa</size>
         <input_file_ref idref="fl-c"/>
      </object_component>
      <object_component id="oc-5ba">
         <name>.text:ADCB2_ISR</name>
         <load_address>0x83019</load_address>
         <run_address>0x83019</run_address>
         <size>0xa</size>
         <input_file_ref idref="fl-c"/>
      </object_component>
      <object_component id="oc-5b4">
         <name>.text:ADCB3_ISR</name>
         <load_address>0x83023</load_address>
         <run_address>0x83023</run_address>
         <size>0xa</size>
         <input_file_ref idref="fl-c"/>
      </object_component>
      <object_component id="oc-5ae">
         <name>.text:ADCB4_ISR</name>
         <load_address>0x8302d</load_address>
         <run_address>0x8302d</run_address>
         <size>0xa</size>
         <input_file_ref idref="fl-c"/>
      </object_component>
      <object_component id="oc-5a8">
         <name>.text:ADCB_EVT_ISR</name>
         <load_address>0x83037</load_address>
         <run_address>0x83037</run_address>
         <size>0xa</size>
         <input_file_ref idref="fl-c"/>
      </object_component>
      <object_component id="oc-5a2">
         <name>.text:ADCC1_ISR</name>
         <load_address>0x83041</load_address>
         <run_address>0x83041</run_address>
         <size>0xa</size>
         <input_file_ref idref="fl-c"/>
      </object_component>
      <object_component id="oc-59c">
         <name>.text:ADCC2_ISR</name>
         <load_address>0x8304b</load_address>
         <run_address>0x8304b</run_address>
         <size>0xa</size>
         <input_file_ref idref="fl-c"/>
      </object_component>
      <object_component id="oc-596">
         <name>.text:ADCC3_ISR</name>
         <load_address>0x83055</load_address>
         <run_address>0x83055</run_address>
         <size>0xa</size>
         <input_file_ref idref="fl-c"/>
      </object_component>
      <object_component id="oc-590">
         <name>.text:ADCC4_ISR</name>
         <load_address>0x8305f</load_address>
         <run_address>0x8305f</run_address>
         <size>0xa</size>
         <input_file_ref idref="fl-c"/>
      </object_component>
      <object_component id="oc-58a">
         <name>.text:ADCC_EVT_ISR</name>
         <load_address>0x83069</load_address>
         <run_address>0x83069</run_address>
         <size>0xa</size>
         <input_file_ref idref="fl-c"/>
      </object_component>
      <object_component id="oc-584">
         <name>.text:ADCD1_ISR</name>
         <load_address>0x83073</load_address>
         <run_address>0x83073</run_address>
         <size>0xa</size>
         <input_file_ref idref="fl-c"/>
      </object_component>
      <object_component id="oc-57e">
         <name>.text:ADCD2_ISR</name>
         <load_address>0x8307d</load_address>
         <run_address>0x8307d</run_address>
         <size>0xa</size>
         <input_file_ref idref="fl-c"/>
      </object_component>
      <object_component id="oc-578">
         <name>.text:ADCD3_ISR</name>
         <load_address>0x83087</load_address>
         <run_address>0x83087</run_address>
         <size>0xa</size>
         <input_file_ref idref="fl-c"/>
      </object_component>
      <object_component id="oc-572">
         <name>.text:ADCD4_ISR</name>
         <load_address>0x83091</load_address>
         <run_address>0x83091</run_address>
         <size>0xa</size>
         <input_file_ref idref="fl-c"/>
      </object_component>
      <object_component id="oc-56c">
         <name>.text:ADCD_EVT_ISR</name>
         <load_address>0x8309b</load_address>
         <run_address>0x8309b</run_address>
         <size>0xa</size>
         <input_file_ref idref="fl-c"/>
      </object_component>
      <object_component id="oc-891">
         <name>.text:AuxAuxClkSel</name>
         <load_address>0x830a5</load_address>
         <run_address>0x830a5</run_address>
         <size>0xa</size>
         <input_file_ref idref="fl-18"/>
      </object_component>
      <object_component id="oc-566">
         <name>.text:CANA0_ISR</name>
         <load_address>0x830af</load_address>
         <run_address>0x830af</run_address>
         <size>0xa</size>
         <input_file_ref idref="fl-c"/>
      </object_component>
      <object_component id="oc-560">
         <name>.text:CANA1_ISR</name>
         <load_address>0x830b9</load_address>
         <run_address>0x830b9</run_address>
         <size>0xa</size>
         <input_file_ref idref="fl-c"/>
      </object_component>
      <object_component id="oc-55a">
         <name>.text:CANB0_ISR</name>
         <load_address>0x830c3</load_address>
         <run_address>0x830c3</run_address>
         <size>0xa</size>
         <input_file_ref idref="fl-c"/>
      </object_component>
      <object_component id="oc-554">
         <name>.text:CANB1_ISR</name>
         <load_address>0x830cd</load_address>
         <run_address>0x830cd</run_address>
         <size>0xa</size>
         <input_file_ref idref="fl-c"/>
      </object_component>
      <object_component id="oc-54e">
         <name>.text:CIPC0_ISR</name>
         <load_address>0x830d7</load_address>
         <run_address>0x830d7</run_address>
         <size>0xa</size>
         <input_file_ref idref="fl-c"/>
      </object_component>
      <object_component id="oc-548">
         <name>.text:CIPC1_ISR</name>
         <load_address>0x830e1</load_address>
         <run_address>0x830e1</run_address>
         <size>0xa</size>
         <input_file_ref idref="fl-c"/>
      </object_component>
      <object_component id="oc-542">
         <name>.text:CIPC2_ISR</name>
         <load_address>0x830eb</load_address>
         <run_address>0x830eb</run_address>
         <size>0xa</size>
         <input_file_ref idref="fl-c"/>
      </object_component>
      <object_component id="oc-53c">
         <name>.text:CIPC3_ISR</name>
         <load_address>0x830f5</load_address>
         <run_address>0x830f5</run_address>
         <size>0xa</size>
         <input_file_ref idref="fl-c"/>
      </object_component>
      <object_component id="oc-536">
         <name>.text:CLA1CRC_ISR</name>
         <load_address>0x830ff</load_address>
         <run_address>0x830ff</run_address>
         <size>0xa</size>
         <input_file_ref idref="fl-c"/>
      </object_component>
      <object_component id="oc-530">
         <name>.text:CLA1_1_ISR</name>
         <load_address>0x83109</load_address>
         <run_address>0x83109</run_address>
         <size>0xa</size>
         <input_file_ref idref="fl-c"/>
      </object_component>
      <object_component id="oc-52a">
         <name>.text:CLA1_2_ISR</name>
         <load_address>0x83113</load_address>
         <run_address>0x83113</run_address>
         <size>0xa</size>
         <input_file_ref idref="fl-c"/>
      </object_component>
      <object_component id="oc-524">
         <name>.text:CLA1_3_ISR</name>
         <load_address>0x8311d</load_address>
         <run_address>0x8311d</run_address>
         <size>0xa</size>
         <input_file_ref idref="fl-c"/>
      </object_component>
      <object_component id="oc-51e">
         <name>.text:CLA1_4_ISR</name>
         <load_address>0x83127</load_address>
         <run_address>0x83127</run_address>
         <size>0xa</size>
         <input_file_ref idref="fl-c"/>
      </object_component>
      <object_component id="oc-518">
         <name>.text:CLA1_5_ISR</name>
         <load_address>0x83131</load_address>
         <run_address>0x83131</run_address>
         <size>0xa</size>
         <input_file_ref idref="fl-c"/>
      </object_component>
      <object_component id="oc-512">
         <name>.text:CLA1_6_ISR</name>
         <load_address>0x8313b</load_address>
         <run_address>0x8313b</run_address>
         <size>0xa</size>
         <input_file_ref idref="fl-c"/>
      </object_component>
      <object_component id="oc-50c">
         <name>.text:CLA1_7_ISR</name>
         <load_address>0x83145</load_address>
         <run_address>0x83145</run_address>
         <size>0xa</size>
         <input_file_ref idref="fl-c"/>
      </object_component>
      <object_component id="oc-506">
         <name>.text:CLA1_8_ISR</name>
         <load_address>0x8314f</load_address>
         <run_address>0x8314f</run_address>
         <size>0xa</size>
         <input_file_ref idref="fl-c"/>
      </object_component>
      <object_component id="oc-500">
         <name>.text:CLA_OVERFLOW_ISR</name>
         <load_address>0x83159</load_address>
         <run_address>0x83159</run_address>
         <size>0xa</size>
         <input_file_ref idref="fl-c"/>
      </object_component>
      <object_component id="oc-4fa">
         <name>.text:CLA_UNDERFLOW_ISR</name>
         <load_address>0x83163</load_address>
         <run_address>0x83163</run_address>
         <size>0xa</size>
         <input_file_ref idref="fl-c"/>
      </object_component>
      <object_component id="oc-4f4">
         <name>.text:CLB1_ISR</name>
         <load_address>0x8316d</load_address>
         <run_address>0x8316d</run_address>
         <size>0xa</size>
         <input_file_ref idref="fl-c"/>
      </object_component>
      <object_component id="oc-4ee">
         <name>.text:CLB2_ISR</name>
         <load_address>0x83177</load_address>
         <run_address>0x83177</run_address>
         <size>0xa</size>
         <input_file_ref idref="fl-c"/>
      </object_component>
      <object_component id="oc-4e8">
         <name>.text:CLB3_ISR</name>
         <load_address>0x83181</load_address>
         <run_address>0x83181</run_address>
         <size>0xa</size>
         <input_file_ref idref="fl-c"/>
      </object_component>
      <object_component id="oc-4e2">
         <name>.text:CLB4_ISR</name>
         <load_address>0x8318b</load_address>
         <run_address>0x8318b</run_address>
         <size>0xa</size>
         <input_file_ref idref="fl-c"/>
      </object_component>
      <object_component id="oc-4dc">
         <name>.text:CLB5_ISR</name>
         <load_address>0x83195</load_address>
         <run_address>0x83195</run_address>
         <size>0xa</size>
         <input_file_ref idref="fl-c"/>
      </object_component>
      <object_component id="oc-4d6">
         <name>.text:CLB6_ISR</name>
         <load_address>0x8319f</load_address>
         <run_address>0x8319f</run_address>
         <size>0xa</size>
         <input_file_ref idref="fl-c"/>
      </object_component>
      <object_component id="oc-4d0">
         <name>.text:CLB7_ISR</name>
         <load_address>0x831a9</load_address>
         <run_address>0x831a9</run_address>
         <size>0xa</size>
         <input_file_ref idref="fl-c"/>
      </object_component>
      <object_component id="oc-4ca">
         <name>.text:CLB8_ISR</name>
         <load_address>0x831b3</load_address>
         <run_address>0x831b3</run_address>
         <size>0xa</size>
         <input_file_ref idref="fl-c"/>
      </object_component>
      <object_component id="oc-4c4">
         <name>.text:CMTOCPUXIPC0_ISR</name>
         <load_address>0x831bd</load_address>
         <run_address>0x831bd</run_address>
         <size>0xa</size>
         <input_file_ref idref="fl-c"/>
      </object_component>
      <object_component id="oc-4be">
         <name>.text:CMTOCPUXIPC1_ISR</name>
         <load_address>0x831c7</load_address>
         <run_address>0x831c7</run_address>
         <size>0xa</size>
         <input_file_ref idref="fl-c"/>
      </object_component>
      <object_component id="oc-4b8">
         <name>.text:CMTOCPUXIPC2_ISR</name>
         <load_address>0x831d1</load_address>
         <run_address>0x831d1</run_address>
         <size>0xa</size>
         <input_file_ref idref="fl-c"/>
      </object_component>
      <object_component id="oc-4b2">
         <name>.text:CMTOCPUXIPC3_ISR</name>
         <load_address>0x831db</load_address>
         <run_address>0x831db</run_address>
         <size>0xa</size>
         <input_file_ref idref="fl-c"/>
      </object_component>
      <object_component id="oc-4ac">
         <name>.text:CMTOCPUXIPC4_ISR</name>
         <load_address>0x831e5</load_address>
         <run_address>0x831e5</run_address>
         <size>0xa</size>
         <input_file_ref idref="fl-c"/>
      </object_component>
      <object_component id="oc-4a6">
         <name>.text:CMTOCPUXIPC5_ISR</name>
         <load_address>0x831ef</load_address>
         <run_address>0x831ef</run_address>
         <size>0xa</size>
         <input_file_ref idref="fl-c"/>
      </object_component>
      <object_component id="oc-4a0">
         <name>.text:CMTOCPUXIPC6_ISR</name>
         <load_address>0x831f9</load_address>
         <run_address>0x831f9</run_address>
         <size>0xa</size>
         <input_file_ref idref="fl-c"/>
      </object_component>
      <object_component id="oc-49a">
         <name>.text:CMTOCPUXIPC7_ISR</name>
         <load_address>0x83203</load_address>
         <run_address>0x83203</run_address>
         <size>0xa</size>
         <input_file_ref idref="fl-c"/>
      </object_component>
      <object_component id="oc-494">
         <name>.text:CM_STATUS_ISR</name>
         <load_address>0x8320d</load_address>
         <run_address>0x8320d</run_address>
         <size>0xa</size>
         <input_file_ref idref="fl-c"/>
      </object_component>
      <object_component id="oc-48e">
         <name>.text:CPUCRC_ISR</name>
         <load_address>0x83217</load_address>
         <run_address>0x83217</run_address>
         <size>0xa</size>
         <input_file_ref idref="fl-c"/>
      </object_component>
      <object_component id="oc-488">
         <name>.text:DATALOG_ISR</name>
         <load_address>0x83221</load_address>
         <run_address>0x83221</run_address>
         <size>0xa</size>
         <input_file_ref idref="fl-c"/>
      </object_component>
      <object_component id="oc-482">
         <name>.text:DMA_CH1_ISR</name>
         <load_address>0x8322b</load_address>
         <run_address>0x8322b</run_address>
         <size>0xa</size>
         <input_file_ref idref="fl-c"/>
      </object_component>
      <object_component id="oc-47c">
         <name>.text:DMA_CH2_ISR</name>
         <load_address>0x83235</load_address>
         <run_address>0x83235</run_address>
         <size>0xa</size>
         <input_file_ref idref="fl-c"/>
      </object_component>
      <object_component id="oc-476">
         <name>.text:DMA_CH3_ISR</name>
         <load_address>0x8323f</load_address>
         <run_address>0x8323f</run_address>
         <size>0xa</size>
         <input_file_ref idref="fl-c"/>
      </object_component>
      <object_component id="oc-470">
         <name>.text:DMA_CH4_ISR</name>
         <load_address>0x83249</load_address>
         <run_address>0x83249</run_address>
         <size>0xa</size>
         <input_file_ref idref="fl-c"/>
      </object_component>
      <object_component id="oc-46a">
         <name>.text:DMA_CH5_ISR</name>
         <load_address>0x83253</load_address>
         <run_address>0x83253</run_address>
         <size>0xa</size>
         <input_file_ref idref="fl-c"/>
      </object_component>
      <object_component id="oc-464">
         <name>.text:DMA_CH6_ISR</name>
         <load_address>0x8325d</load_address>
         <run_address>0x8325d</run_address>
         <size>0xa</size>
         <input_file_ref idref="fl-c"/>
      </object_component>
      <object_component id="oc-45e">
         <name>.text:ECAP1_ISR</name>
         <load_address>0x83267</load_address>
         <run_address>0x83267</run_address>
         <size>0xa</size>
         <input_file_ref idref="fl-c"/>
      </object_component>
      <object_component id="oc-458">
         <name>.text:ECAP2_ISR</name>
         <load_address>0x83271</load_address>
         <run_address>0x83271</run_address>
         <size>0xa</size>
         <input_file_ref idref="fl-c"/>
      </object_component>
      <object_component id="oc-452">
         <name>.text:ECAP3_ISR</name>
         <load_address>0x8327b</load_address>
         <run_address>0x8327b</run_address>
         <size>0xa</size>
         <input_file_ref idref="fl-c"/>
      </object_component>
      <object_component id="oc-44c">
         <name>.text:ECAP4_ISR</name>
         <load_address>0x83285</load_address>
         <run_address>0x83285</run_address>
         <size>0xa</size>
         <input_file_ref idref="fl-c"/>
      </object_component>
      <object_component id="oc-446">
         <name>.text:ECAP5_ISR</name>
         <load_address>0x8328f</load_address>
         <run_address>0x8328f</run_address>
         <size>0xa</size>
         <input_file_ref idref="fl-c"/>
      </object_component>
      <object_component id="oc-440">
         <name>.text:ECAP6_2_ISR</name>
         <load_address>0x83299</load_address>
         <run_address>0x83299</run_address>
         <size>0xa</size>
         <input_file_ref idref="fl-c"/>
      </object_component>
      <object_component id="oc-43a">
         <name>.text:ECAP6_ISR</name>
         <load_address>0x832a3</load_address>
         <run_address>0x832a3</run_address>
         <size>0xa</size>
         <input_file_ref idref="fl-c"/>
      </object_component>
      <object_component id="oc-434">
         <name>.text:ECAP7_2_ISR</name>
         <load_address>0x832ad</load_address>
         <run_address>0x832ad</run_address>
         <size>0xa</size>
         <input_file_ref idref="fl-c"/>
      </object_component>
      <object_component id="oc-42e">
         <name>.text:ECAP7_ISR</name>
         <load_address>0x832b7</load_address>
         <run_address>0x832b7</run_address>
         <size>0xa</size>
         <input_file_ref idref="fl-c"/>
      </object_component>
      <object_component id="oc-428">
         <name>.text:ECATRST_ISR</name>
         <load_address>0x832c1</load_address>
         <run_address>0x832c1</run_address>
         <size>0xa</size>
         <input_file_ref idref="fl-c"/>
      </object_component>
      <object_component id="oc-422">
         <name>.text:ECATSYNC0_ISR</name>
         <load_address>0x832cb</load_address>
         <run_address>0x832cb</run_address>
         <size>0xa</size>
         <input_file_ref idref="fl-c"/>
      </object_component>
      <object_component id="oc-41c">
         <name>.text:ECATSYNC1_ISR</name>
         <load_address>0x832d5</load_address>
         <run_address>0x832d5</run_address>
         <size>0xa</size>
         <input_file_ref idref="fl-c"/>
      </object_component>
      <object_component id="oc-416">
         <name>.text:ECAT_ISR</name>
         <load_address>0x832df</load_address>
         <run_address>0x832df</run_address>
         <size>0xa</size>
         <input_file_ref idref="fl-c"/>
      </object_component>
      <object_component id="oc-40a">
         <name>.text:EMU_ISR</name>
         <load_address>0x832e9</load_address>
         <run_address>0x832e9</run_address>
         <size>0xa</size>
         <input_file_ref idref="fl-c"/>
      </object_component>
      <object_component id="oc-404">
         <name>.text:EPWM10_ISR</name>
         <load_address>0x832f3</load_address>
         <run_address>0x832f3</run_address>
         <size>0xa</size>
         <input_file_ref idref="fl-c"/>
      </object_component>
      <object_component id="oc-3fe">
         <name>.text:EPWM10_TZ_ISR</name>
         <load_address>0x832fd</load_address>
         <run_address>0x832fd</run_address>
         <size>0xa</size>
         <input_file_ref idref="fl-c"/>
      </object_component>
      <object_component id="oc-3f8">
         <name>.text:EPWM11_ISR</name>
         <load_address>0x83307</load_address>
         <run_address>0x83307</run_address>
         <size>0xa</size>
         <input_file_ref idref="fl-c"/>
      </object_component>
      <object_component id="oc-3f2">
         <name>.text:EPWM11_TZ_ISR</name>
         <load_address>0x83311</load_address>
         <run_address>0x83311</run_address>
         <size>0xa</size>
         <input_file_ref idref="fl-c"/>
      </object_component>
      <object_component id="oc-3ec">
         <name>.text:EPWM12_ISR</name>
         <load_address>0x8331b</load_address>
         <run_address>0x8331b</run_address>
         <size>0xa</size>
         <input_file_ref idref="fl-c"/>
      </object_component>
      <object_component id="oc-3e6">
         <name>.text:EPWM12_TZ_ISR</name>
         <load_address>0x83325</load_address>
         <run_address>0x83325</run_address>
         <size>0xa</size>
         <input_file_ref idref="fl-c"/>
      </object_component>
      <object_component id="oc-3e0">
         <name>.text:EPWM13_ISR</name>
         <load_address>0x8332f</load_address>
         <run_address>0x8332f</run_address>
         <size>0xa</size>
         <input_file_ref idref="fl-c"/>
      </object_component>
      <object_component id="oc-3da">
         <name>.text:EPWM13_TZ_ISR</name>
         <load_address>0x83339</load_address>
         <run_address>0x83339</run_address>
         <size>0xa</size>
         <input_file_ref idref="fl-c"/>
      </object_component>
      <object_component id="oc-3d4">
         <name>.text:EPWM14_ISR</name>
         <load_address>0x83343</load_address>
         <run_address>0x83343</run_address>
         <size>0xa</size>
         <input_file_ref idref="fl-c"/>
      </object_component>
      <object_component id="oc-3ce">
         <name>.text:EPWM14_TZ_ISR</name>
         <load_address>0x8334d</load_address>
         <run_address>0x8334d</run_address>
         <size>0xa</size>
         <input_file_ref idref="fl-c"/>
      </object_component>
      <object_component id="oc-3c8">
         <name>.text:EPWM15_ISR</name>
         <load_address>0x83357</load_address>
         <run_address>0x83357</run_address>
         <size>0xa</size>
         <input_file_ref idref="fl-c"/>
      </object_component>
      <object_component id="oc-3c2">
         <name>.text:EPWM15_TZ_ISR</name>
         <load_address>0x83361</load_address>
         <run_address>0x83361</run_address>
         <size>0xa</size>
         <input_file_ref idref="fl-c"/>
      </object_component>
      <object_component id="oc-3bc">
         <name>.text:EPWM16_ISR</name>
         <load_address>0x8336b</load_address>
         <run_address>0x8336b</run_address>
         <size>0xa</size>
         <input_file_ref idref="fl-c"/>
      </object_component>
      <object_component id="oc-3b6">
         <name>.text:EPWM16_TZ_ISR</name>
         <load_address>0x83375</load_address>
         <run_address>0x83375</run_address>
         <size>0xa</size>
         <input_file_ref idref="fl-c"/>
      </object_component>
      <object_component id="oc-3b0">
         <name>.text:EPWM1_ISR</name>
         <load_address>0x8337f</load_address>
         <run_address>0x8337f</run_address>
         <size>0xa</size>
         <input_file_ref idref="fl-c"/>
      </object_component>
      <object_component id="oc-3aa">
         <name>.text:EPWM1_TZ_ISR</name>
         <load_address>0x83389</load_address>
         <run_address>0x83389</run_address>
         <size>0xa</size>
         <input_file_ref idref="fl-c"/>
      </object_component>
      <object_component id="oc-3a4">
         <name>.text:EPWM2_ISR</name>
         <load_address>0x83393</load_address>
         <run_address>0x83393</run_address>
         <size>0xa</size>
         <input_file_ref idref="fl-c"/>
      </object_component>
      <object_component id="oc-39e">
         <name>.text:EPWM2_TZ_ISR</name>
         <load_address>0x8339d</load_address>
         <run_address>0x8339d</run_address>
         <size>0xa</size>
         <input_file_ref idref="fl-c"/>
      </object_component>
      <object_component id="oc-398">
         <name>.text:EPWM3_ISR</name>
         <load_address>0x833a7</load_address>
         <run_address>0x833a7</run_address>
         <size>0xa</size>
         <input_file_ref idref="fl-c"/>
      </object_component>
      <object_component id="oc-392">
         <name>.text:EPWM3_TZ_ISR</name>
         <load_address>0x833b1</load_address>
         <run_address>0x833b1</run_address>
         <size>0xa</size>
         <input_file_ref idref="fl-c"/>
      </object_component>
      <object_component id="oc-38c">
         <name>.text:EPWM4_ISR</name>
         <load_address>0x833bb</load_address>
         <run_address>0x833bb</run_address>
         <size>0xa</size>
         <input_file_ref idref="fl-c"/>
      </object_component>
      <object_component id="oc-386">
         <name>.text:EPWM4_TZ_ISR</name>
         <load_address>0x833c5</load_address>
         <run_address>0x833c5</run_address>
         <size>0xa</size>
         <input_file_ref idref="fl-c"/>
      </object_component>
      <object_component id="oc-380">
         <name>.text:EPWM5_ISR</name>
         <load_address>0x833cf</load_address>
         <run_address>0x833cf</run_address>
         <size>0xa</size>
         <input_file_ref idref="fl-c"/>
      </object_component>
      <object_component id="oc-37a">
         <name>.text:EPWM5_TZ_ISR</name>
         <load_address>0x833d9</load_address>
         <run_address>0x833d9</run_address>
         <size>0xa</size>
         <input_file_ref idref="fl-c"/>
      </object_component>
      <object_component id="oc-374">
         <name>.text:EPWM6_ISR</name>
         <load_address>0x833e3</load_address>
         <run_address>0x833e3</run_address>
         <size>0xa</size>
         <input_file_ref idref="fl-c"/>
      </object_component>
      <object_component id="oc-36e">
         <name>.text:EPWM6_TZ_ISR</name>
         <load_address>0x833ed</load_address>
         <run_address>0x833ed</run_address>
         <size>0xa</size>
         <input_file_ref idref="fl-c"/>
      </object_component>
      <object_component id="oc-368">
         <name>.text:EPWM7_ISR</name>
         <load_address>0x833f7</load_address>
         <run_address>0x833f7</run_address>
         <size>0xa</size>
         <input_file_ref idref="fl-c"/>
      </object_component>
      <object_component id="oc-362">
         <name>.text:EPWM7_TZ_ISR</name>
         <load_address>0x83401</load_address>
         <run_address>0x83401</run_address>
         <size>0xa</size>
         <input_file_ref idref="fl-c"/>
      </object_component>
      <object_component id="oc-35c">
         <name>.text:EPWM8_ISR</name>
         <load_address>0x8340b</load_address>
         <run_address>0x8340b</run_address>
         <size>0xa</size>
         <input_file_ref idref="fl-c"/>
      </object_component>
      <object_component id="oc-356">
         <name>.text:EPWM8_TZ_ISR</name>
         <load_address>0x83415</load_address>
         <run_address>0x83415</run_address>
         <size>0xa</size>
         <input_file_ref idref="fl-c"/>
      </object_component>
      <object_component id="oc-350">
         <name>.text:EPWM9_ISR</name>
         <load_address>0x8341f</load_address>
         <run_address>0x8341f</run_address>
         <size>0xa</size>
         <input_file_ref idref="fl-c"/>
      </object_component>
      <object_component id="oc-34a">
         <name>.text:EPWM9_TZ_ISR</name>
         <load_address>0x83429</load_address>
         <run_address>0x83429</run_address>
         <size>0xa</size>
         <input_file_ref idref="fl-c"/>
      </object_component>
      <object_component id="oc-344">
         <name>.text:EQEP1_ISR</name>
         <load_address>0x83433</load_address>
         <run_address>0x83433</run_address>
         <size>0xa</size>
         <input_file_ref idref="fl-c"/>
      </object_component>
      <object_component id="oc-33e">
         <name>.text:EQEP2_ISR</name>
         <load_address>0x8343d</load_address>
         <run_address>0x8343d</run_address>
         <size>0xa</size>
         <input_file_ref idref="fl-c"/>
      </object_component>
      <object_component id="oc-338">
         <name>.text:EQEP3_ISR</name>
         <load_address>0x83447</load_address>
         <run_address>0x83447</run_address>
         <size>0xa</size>
         <input_file_ref idref="fl-c"/>
      </object_component>
      <object_component id="oc-332">
         <name>.text:FMC_ISR</name>
         <load_address>0x83451</load_address>
         <run_address>0x83451</run_address>
         <size>0xa</size>
         <input_file_ref idref="fl-c"/>
      </object_component>
      <object_component id="oc-32c">
         <name>.text:FPU_OFLOW_ISR</name>
         <load_address>0x8345b</load_address>
         <run_address>0x8345b</run_address>
         <size>0xa</size>
         <input_file_ref idref="fl-c"/>
      </object_component>
      <object_component id="oc-326">
         <name>.text:FPU_UFLOW_ISR</name>
         <load_address>0x83465</load_address>
         <run_address>0x83465</run_address>
         <size>0xa</size>
         <input_file_ref idref="fl-c"/>
      </object_component>
      <object_component id="oc-320">
         <name>.text:FSIRXA1_ISR</name>
         <load_address>0x8346f</load_address>
         <run_address>0x8346f</run_address>
         <size>0xa</size>
         <input_file_ref idref="fl-c"/>
      </object_component>
      <object_component id="oc-31a">
         <name>.text:FSIRXA2_ISR</name>
         <load_address>0x83479</load_address>
         <run_address>0x83479</run_address>
         <size>0xa</size>
         <input_file_ref idref="fl-c"/>
      </object_component>
      <object_component id="oc-314">
         <name>.text:FSIRXB1_ISR</name>
         <load_address>0x83483</load_address>
         <run_address>0x83483</run_address>
         <size>0xa</size>
         <input_file_ref idref="fl-c"/>
      </object_component>
      <object_component id="oc-30e">
         <name>.text:FSIRXB2_ISR</name>
         <load_address>0x8348d</load_address>
         <run_address>0x8348d</run_address>
         <size>0xa</size>
         <input_file_ref idref="fl-c"/>
      </object_component>
      <object_component id="oc-308">
         <name>.text:FSIRXC1_ISR</name>
         <load_address>0x83497</load_address>
         <run_address>0x83497</run_address>
         <size>0xa</size>
         <input_file_ref idref="fl-c"/>
      </object_component>
      <object_component id="oc-302">
         <name>.text:FSIRXC2_ISR</name>
         <load_address>0x834a1</load_address>
         <run_address>0x834a1</run_address>
         <size>0xa</size>
         <input_file_ref idref="fl-c"/>
      </object_component>
      <object_component id="oc-2fc">
         <name>.text:FSIRXD1_ISR</name>
         <load_address>0x834ab</load_address>
         <run_address>0x834ab</run_address>
         <size>0xa</size>
         <input_file_ref idref="fl-c"/>
      </object_component>
      <object_component id="oc-2f6">
         <name>.text:FSIRXD2_ISR</name>
         <load_address>0x834b5</load_address>
         <run_address>0x834b5</run_address>
         <size>0xa</size>
         <input_file_ref idref="fl-c"/>
      </object_component>
      <object_component id="oc-2f0">
         <name>.text:FSIRXE1_ISR</name>
         <load_address>0x834bf</load_address>
         <run_address>0x834bf</run_address>
         <size>0xa</size>
         <input_file_ref idref="fl-c"/>
      </object_component>
      <object_component id="oc-2ea">
         <name>.text:FSIRXE2_ISR</name>
         <load_address>0x834c9</load_address>
         <run_address>0x834c9</run_address>
         <size>0xa</size>
         <input_file_ref idref="fl-c"/>
      </object_component>
      <object_component id="oc-2e4">
         <name>.text:FSIRXF1_ISR</name>
         <load_address>0x834d3</load_address>
         <run_address>0x834d3</run_address>
         <size>0xa</size>
         <input_file_ref idref="fl-c"/>
      </object_component>
      <object_component id="oc-2de">
         <name>.text:FSIRXF2_ISR</name>
         <load_address>0x834dd</load_address>
         <run_address>0x834dd</run_address>
         <size>0xa</size>
         <input_file_ref idref="fl-c"/>
      </object_component>
      <object_component id="oc-2d8">
         <name>.text:FSIRXG1_ISR</name>
         <load_address>0x834e7</load_address>
         <run_address>0x834e7</run_address>
         <size>0xa</size>
         <input_file_ref idref="fl-c"/>
      </object_component>
      <object_component id="oc-2d2">
         <name>.text:FSIRXG2_ISR</name>
         <load_address>0x834f1</load_address>
         <run_address>0x834f1</run_address>
         <size>0xa</size>
         <input_file_ref idref="fl-c"/>
      </object_component>
      <object_component id="oc-2cc">
         <name>.text:FSIRXH1_ISR</name>
         <load_address>0x834fb</load_address>
         <run_address>0x834fb</run_address>
         <size>0xa</size>
         <input_file_ref idref="fl-c"/>
      </object_component>
      <object_component id="oc-2c6">
         <name>.text:FSIRXH2_ISR</name>
         <load_address>0x83505</load_address>
         <run_address>0x83505</run_address>
         <size>0xa</size>
         <input_file_ref idref="fl-c"/>
      </object_component>
      <object_component id="oc-2c0">
         <name>.text:FSITXA1_ISR</name>
         <load_address>0x8350f</load_address>
         <run_address>0x8350f</run_address>
         <size>0xa</size>
         <input_file_ref idref="fl-c"/>
      </object_component>
      <object_component id="oc-2ba">
         <name>.text:FSITXA2_ISR</name>
         <load_address>0x83519</load_address>
         <run_address>0x83519</run_address>
         <size>0xa</size>
         <input_file_ref idref="fl-c"/>
      </object_component>
      <object_component id="oc-2b4">
         <name>.text:FSITXB1_ISR</name>
         <load_address>0x83523</load_address>
         <run_address>0x83523</run_address>
         <size>0xa</size>
         <input_file_ref idref="fl-c"/>
      </object_component>
      <object_component id="oc-2ae">
         <name>.text:FSITXB2_ISR</name>
         <load_address>0x8352d</load_address>
         <run_address>0x8352d</run_address>
         <size>0xa</size>
         <input_file_ref idref="fl-c"/>
      </object_component>
      <object_component id="oc-7c3">
         <name>.text:GPIO_EnableUnbondedIOPullups</name>
         <load_address>0x83537</load_address>
         <run_address>0x83537</run_address>
         <size>0xa</size>
         <input_file_ref idref="fl-12"/>
      </object_component>
      <object_component id="oc-2a8">
         <name>.text:I2CA_FIFO_ISR</name>
         <load_address>0x83541</load_address>
         <run_address>0x83541</run_address>
         <size>0xa</size>
         <input_file_ref idref="fl-c"/>
      </object_component>
      <object_component id="oc-2a2">
         <name>.text:I2CA_HIGH_ISR</name>
         <load_address>0x8354b</load_address>
         <run_address>0x8354b</run_address>
         <size>0xa</size>
         <input_file_ref idref="fl-c"/>
      </object_component>
      <object_component id="oc-29c">
         <name>.text:I2CA_ISR</name>
         <load_address>0x83555</load_address>
         <run_address>0x83555</run_address>
         <size>0xa</size>
         <input_file_ref idref="fl-c"/>
      </object_component>
      <object_component id="oc-296">
         <name>.text:I2CB_FIFO_ISR</name>
         <load_address>0x8355f</load_address>
         <run_address>0x8355f</run_address>
         <size>0xa</size>
         <input_file_ref idref="fl-c"/>
      </object_component>
      <object_component id="oc-290">
         <name>.text:I2CB_ISR</name>
         <load_address>0x83569</load_address>
         <run_address>0x83569</run_address>
         <size>0xa</size>
         <input_file_ref idref="fl-c"/>
      </object_component>
      <object_component id="oc-28a">
         <name>.text:ILLEGAL_ISR</name>
         <load_address>0x83573</load_address>
         <run_address>0x83573</run_address>
         <size>0xa</size>
         <input_file_ref idref="fl-c"/>
      </object_component>
      <object_component id="oc-284">
         <name>.text:MCANSS0_ISR</name>
         <load_address>0x8357d</load_address>
         <run_address>0x8357d</run_address>
         <size>0xa</size>
         <input_file_ref idref="fl-c"/>
      </object_component>
      <object_component id="oc-27e">
         <name>.text:MCANSS1_ISR</name>
         <load_address>0x83587</load_address>
         <run_address>0x83587</run_address>
         <size>0xa</size>
         <input_file_ref idref="fl-c"/>
      </object_component>
      <object_component id="oc-278">
         <name>.text:MCANSS_ECC_CORR_PLS_ISR</name>
         <load_address>0x83591</load_address>
         <run_address>0x83591</run_address>
         <size>0xa</size>
         <input_file_ref idref="fl-c"/>
      </object_component>
      <object_component id="oc-272">
         <name>.text:MCANSS_WAKE_AND_TS_PLS_ISR</name>
         <load_address>0x8359b</load_address>
         <run_address>0x8359b</run_address>
         <size>0xa</size>
         <input_file_ref idref="fl-c"/>
      </object_component>
      <object_component id="oc-26c">
         <name>.text:MCBSPA_RX_ISR</name>
         <load_address>0x835a5</load_address>
         <run_address>0x835a5</run_address>
         <size>0xa</size>
         <input_file_ref idref="fl-c"/>
      </object_component>
      <object_component id="oc-266">
         <name>.text:MCBSPA_TX_ISR</name>
         <load_address>0x835af</load_address>
         <run_address>0x835af</run_address>
         <size>0xa</size>
         <input_file_ref idref="fl-c"/>
      </object_component>
      <object_component id="oc-260">
         <name>.text:MCBSPB_RX_ISR</name>
         <load_address>0x835b9</load_address>
         <run_address>0x835b9</run_address>
         <size>0xa</size>
         <input_file_ref idref="fl-c"/>
      </object_component>
      <object_component id="oc-25a">
         <name>.text:MCBSPB_TX_ISR</name>
         <load_address>0x835c3</load_address>
         <run_address>0x835c3</run_address>
         <size>0xa</size>
         <input_file_ref idref="fl-c"/>
      </object_component>
      <object_component id="oc-254">
         <name>.text:MPOST_ISR</name>
         <load_address>0x835cd</load_address>
         <run_address>0x835cd</run_address>
         <size>0xa</size>
         <input_file_ref idref="fl-c"/>
      </object_component>
      <object_component id="oc-24e">
         <name>.text:NMI_ISR</name>
         <load_address>0x835d7</load_address>
         <run_address>0x835d7</run_address>
         <size>0xa</size>
         <input_file_ref idref="fl-c"/>
      </object_component>
      <object_component id="oc-248">
         <name>.text:NOTUSED_ISR</name>
         <load_address>0x835e1</load_address>
         <run_address>0x835e1</run_address>
         <size>0xa</size>
         <input_file_ref idref="fl-c"/>
      </object_component>
      <object_component id="oc-242">
         <name>.text:PIE_RESERVED_ISR</name>
         <load_address>0x835eb</load_address>
         <run_address>0x835eb</run_address>
         <size>0xa</size>
         <input_file_ref idref="fl-c"/>
      </object_component>
      <object_component id="oc-23c">
         <name>.text:PMBUSA_ISR</name>
         <load_address>0x835f5</load_address>
         <run_address>0x835f5</run_address>
         <size>0xa</size>
         <input_file_ref idref="fl-c"/>
      </object_component>
      <object_component id="oc-236">
         <name>.text:RTOS_ISR</name>
         <load_address>0x835ff</load_address>
         <run_address>0x835ff</run_address>
         <size>0xa</size>
         <input_file_ref idref="fl-c"/>
      </object_component>
      <object_component id="oc-230">
         <name>.text:SCIA_RX_ISR</name>
         <load_address>0x83609</load_address>
         <run_address>0x83609</run_address>
         <size>0xa</size>
         <input_file_ref idref="fl-c"/>
      </object_component>
      <object_component id="oc-22a">
         <name>.text:SCIA_TX_ISR</name>
         <load_address>0x83613</load_address>
         <run_address>0x83613</run_address>
         <size>0xa</size>
         <input_file_ref idref="fl-c"/>
      </object_component>
      <object_component id="oc-224">
         <name>.text:SCIB_RX_ISR</name>
         <load_address>0x8361d</load_address>
         <run_address>0x8361d</run_address>
         <size>0xa</size>
         <input_file_ref idref="fl-c"/>
      </object_component>
      <object_component id="oc-21e">
         <name>.text:SCIB_TX_ISR</name>
         <load_address>0x83627</load_address>
         <run_address>0x83627</run_address>
         <size>0xa</size>
         <input_file_ref idref="fl-c"/>
      </object_component>
      <object_component id="oc-218">
         <name>.text:SCIC_RX_ISR</name>
         <load_address>0x83631</load_address>
         <run_address>0x83631</run_address>
         <size>0xa</size>
         <input_file_ref idref="fl-c"/>
      </object_component>
      <object_component id="oc-212">
         <name>.text:SCIC_TX_ISR</name>
         <load_address>0x8363b</load_address>
         <run_address>0x8363b</run_address>
         <size>0xa</size>
         <input_file_ref idref="fl-c"/>
      </object_component>
      <object_component id="oc-20c">
         <name>.text:SCID_RX_ISR</name>
         <load_address>0x83645</load_address>
         <run_address>0x83645</run_address>
         <size>0xa</size>
         <input_file_ref idref="fl-c"/>
      </object_component>
      <object_component id="oc-206">
         <name>.text:SCID_TX_ISR</name>
         <load_address>0x8364f</load_address>
         <run_address>0x8364f</run_address>
         <size>0xa</size>
         <input_file_ref idref="fl-c"/>
      </object_component>
      <object_component id="oc-200">
         <name>.text:SDFM1DR1_ISR</name>
         <load_address>0x83659</load_address>
         <run_address>0x83659</run_address>
         <size>0xa</size>
         <input_file_ref idref="fl-c"/>
      </object_component>
      <object_component id="oc-1fa">
         <name>.text:SDFM1DR2_ISR</name>
         <load_address>0x83663</load_address>
         <run_address>0x83663</run_address>
         <size>0xa</size>
         <input_file_ref idref="fl-c"/>
      </object_component>
      <object_component id="oc-1f4">
         <name>.text:SDFM1DR3_ISR</name>
         <load_address>0x8366d</load_address>
         <run_address>0x8366d</run_address>
         <size>0xa</size>
         <input_file_ref idref="fl-c"/>
      </object_component>
      <object_component id="oc-1ee">
         <name>.text:SDFM1DR4_ISR</name>
         <load_address>0x83677</load_address>
         <run_address>0x83677</run_address>
         <size>0xa</size>
         <input_file_ref idref="fl-c"/>
      </object_component>
      <object_component id="oc-1e8">
         <name>.text:SDFM1_ISR</name>
         <load_address>0x83681</load_address>
         <run_address>0x83681</run_address>
         <size>0xa</size>
         <input_file_ref idref="fl-c"/>
      </object_component>
      <object_component id="oc-1e2">
         <name>.text:SDFM2DR1_ISR</name>
         <load_address>0x8368b</load_address>
         <run_address>0x8368b</run_address>
         <size>0xa</size>
         <input_file_ref idref="fl-c"/>
      </object_component>
      <object_component id="oc-1dc">
         <name>.text:SDFM2DR2_ISR</name>
         <load_address>0x83695</load_address>
         <run_address>0x83695</run_address>
         <size>0xa</size>
         <input_file_ref idref="fl-c"/>
      </object_component>
      <object_component id="oc-1d6">
         <name>.text:SDFM2DR3_ISR</name>
         <load_address>0x8369f</load_address>
         <run_address>0x8369f</run_address>
         <size>0xa</size>
         <input_file_ref idref="fl-c"/>
      </object_component>
      <object_component id="oc-1d0">
         <name>.text:SDFM2DR4_ISR</name>
         <load_address>0x836a9</load_address>
         <run_address>0x836a9</run_address>
         <size>0xa</size>
         <input_file_ref idref="fl-c"/>
      </object_component>
      <object_component id="oc-1ca">
         <name>.text:SDFM2_ISR</name>
         <load_address>0x836b3</load_address>
         <run_address>0x836b3</run_address>
         <size>0xa</size>
         <input_file_ref idref="fl-c"/>
      </object_component>
      <object_component id="oc-1c4">
         <name>.text:SPIA_RX_ISR</name>
         <load_address>0x836bd</load_address>
         <run_address>0x836bd</run_address>
         <size>0xa</size>
         <input_file_ref idref="fl-c"/>
      </object_component>
      <object_component id="oc-1be">
         <name>.text:SPIA_TX_ISR</name>
         <load_address>0x836c7</load_address>
         <run_address>0x836c7</run_address>
         <size>0xa</size>
         <input_file_ref idref="fl-c"/>
      </object_component>
      <object_component id="oc-1b8">
         <name>.text:SPIB_RX_ISR</name>
         <load_address>0x836d1</load_address>
         <run_address>0x836d1</run_address>
         <size>0xa</size>
         <input_file_ref idref="fl-c"/>
      </object_component>
      <object_component id="oc-1b2">
         <name>.text:SPIB_TX_ISR</name>
         <load_address>0x836db</load_address>
         <run_address>0x836db</run_address>
         <size>0xa</size>
         <input_file_ref idref="fl-c"/>
      </object_component>
      <object_component id="oc-1ac">
         <name>.text:SPIC_RX_ISR</name>
         <load_address>0x836e5</load_address>
         <run_address>0x836e5</run_address>
         <size>0xa</size>
         <input_file_ref idref="fl-c"/>
      </object_component>
      <object_component id="oc-1a6">
         <name>.text:SPIC_TX_ISR</name>
         <load_address>0x836ef</load_address>
         <run_address>0x836ef</run_address>
         <size>0xa</size>
         <input_file_ref idref="fl-c"/>
      </object_component>
      <object_component id="oc-1a0">
         <name>.text:SPID_RX_ISR</name>
         <load_address>0x836f9</load_address>
         <run_address>0x836f9</run_address>
         <size>0xa</size>
         <input_file_ref idref="fl-c"/>
      </object_component>
      <object_component id="oc-19a">
         <name>.text:SPID_TX_ISR</name>
         <load_address>0x83703</load_address>
         <run_address>0x83703</run_address>
         <size>0xa</size>
         <input_file_ref idref="fl-c"/>
      </object_component>
      <object_component id="oc-194">
         <name>.text:SYS_ERR_ISR</name>
         <load_address>0x8370d</load_address>
         <run_address>0x8370d</run_address>
         <size>0xa</size>
         <input_file_ref idref="fl-c"/>
      </object_component>
      <object_component id="oc-872">
         <name>.text:SysIntOsc1Sel</name>
         <load_address>0x83717</load_address>
         <run_address>0x83717</run_address>
         <size>0xa</size>
         <input_file_ref idref="fl-18"/>
      </object_component>
      <object_component id="oc-18e">
         <name>.text:TIMER0_ISR</name>
         <load_address>0x83721</load_address>
         <run_address>0x83721</run_address>
         <size>0xa</size>
         <input_file_ref idref="fl-c"/>
      </object_component>
      <object_component id="oc-188">
         <name>.text:TIMER1_ISR</name>
         <load_address>0x8372b</load_address>
         <run_address>0x8372b</run_address>
         <size>0xa</size>
         <input_file_ref idref="fl-c"/>
      </object_component>
      <object_component id="oc-182">
         <name>.text:TIMER2_ISR</name>
         <load_address>0x83735</load_address>
         <run_address>0x83735</run_address>
         <size>0xa</size>
         <input_file_ref idref="fl-c"/>
      </object_component>
      <object_component id="oc-17c">
         <name>.text:USBA_ISR</name>
         <load_address>0x8373f</load_address>
         <run_address>0x8373f</run_address>
         <size>0xa</size>
         <input_file_ref idref="fl-c"/>
      </object_component>
      <object_component id="oc-176">
         <name>.text:USER10_ISR</name>
         <load_address>0x83749</load_address>
         <run_address>0x83749</run_address>
         <size>0xa</size>
         <input_file_ref idref="fl-c"/>
      </object_component>
      <object_component id="oc-170">
         <name>.text:USER11_ISR</name>
         <load_address>0x83753</load_address>
         <run_address>0x83753</run_address>
         <size>0xa</size>
         <input_file_ref idref="fl-c"/>
      </object_component>
      <object_component id="oc-16a">
         <name>.text:USER12_ISR</name>
         <load_address>0x8375d</load_address>
         <run_address>0x8375d</run_address>
         <size>0xa</size>
         <input_file_ref idref="fl-c"/>
      </object_component>
      <object_component id="oc-164">
         <name>.text:USER1_ISR</name>
         <load_address>0x83767</load_address>
         <run_address>0x83767</run_address>
         <size>0xa</size>
         <input_file_ref idref="fl-c"/>
      </object_component>
      <object_component id="oc-15e">
         <name>.text:USER2_ISR</name>
         <load_address>0x83771</load_address>
         <run_address>0x83771</run_address>
         <size>0xa</size>
         <input_file_ref idref="fl-c"/>
      </object_component>
      <object_component id="oc-158">
         <name>.text:USER3_ISR</name>
         <load_address>0x8377b</load_address>
         <run_address>0x8377b</run_address>
         <size>0xa</size>
         <input_file_ref idref="fl-c"/>
      </object_component>
      <object_component id="oc-152">
         <name>.text:USER4_ISR</name>
         <load_address>0x83785</load_address>
         <run_address>0x83785</run_address>
         <size>0xa</size>
         <input_file_ref idref="fl-c"/>
      </object_component>
      <object_component id="oc-14c">
         <name>.text:USER5_ISR</name>
         <load_address>0x8378f</load_address>
         <run_address>0x8378f</run_address>
         <size>0xa</size>
         <input_file_ref idref="fl-c"/>
      </object_component>
      <object_component id="oc-146">
         <name>.text:USER6_ISR</name>
         <load_address>0x83799</load_address>
         <run_address>0x83799</run_address>
         <size>0xa</size>
         <input_file_ref idref="fl-c"/>
      </object_component>
      <object_component id="oc-140">
         <name>.text:USER7_ISR</name>
         <load_address>0x837a3</load_address>
         <run_address>0x837a3</run_address>
         <size>0xa</size>
         <input_file_ref idref="fl-c"/>
      </object_component>
      <object_component id="oc-13a">
         <name>.text:USER8_ISR</name>
         <load_address>0x837ad</load_address>
         <run_address>0x837ad</run_address>
         <size>0xa</size>
         <input_file_ref idref="fl-c"/>
      </object_component>
      <object_component id="oc-134">
         <name>.text:USER9_ISR</name>
         <load_address>0x837b7</load_address>
         <run_address>0x837b7</run_address>
         <size>0xa</size>
         <input_file_ref idref="fl-c"/>
      </object_component>
      <object_component id="oc-12e">
         <name>.text:WAKE_ISR</name>
         <load_address>0x837c1</load_address>
         <run_address>0x837c1</run_address>
         <size>0xa</size>
         <input_file_ref idref="fl-c"/>
      </object_component>
      <object_component id="oc-128">
         <name>.text:XINT1_ISR</name>
         <load_address>0x837cb</load_address>
         <run_address>0x837cb</run_address>
         <size>0xa</size>
         <input_file_ref idref="fl-c"/>
      </object_component>
      <object_component id="oc-122">
         <name>.text:XINT2_ISR</name>
         <load_address>0x837d5</load_address>
         <run_address>0x837d5</run_address>
         <size>0xa</size>
         <input_file_ref idref="fl-c"/>
      </object_component>
      <object_component id="oc-11c">
         <name>.text:XINT3_ISR</name>
         <load_address>0x837df</load_address>
         <run_address>0x837df</run_address>
         <size>0xa</size>
         <input_file_ref idref="fl-c"/>
      </object_component>
      <object_component id="oc-116">
         <name>.text:XINT4_ISR</name>
         <load_address>0x837e9</load_address>
         <run_address>0x837e9</run_address>
         <size>0xa</size>
         <input_file_ref idref="fl-c"/>
      </object_component>
      <object_component id="oc-10d">
         <name>.text:XINT5_ISR</name>
         <load_address>0x837f3</load_address>
         <run_address>0x837f3</run_address>
         <size>0xa</size>
         <input_file_ref idref="fl-c"/>
      </object_component>
      <object_component id="oc-95d">
         <name>.text</name>
         <load_address>0x837fd</load_address>
         <run_address>0x837fd</run_address>
         <size>0x9</size>
         <input_file_ref idref="fl-39"/>
      </object_component>
      <object_component id="oc-89d">
         <name>.text:AuxIntOsc2Sel</name>
         <load_address>0x83806</load_address>
         <run_address>0x83806</run_address>
         <size>0x8</size>
         <input_file_ref idref="fl-18"/>
      </object_component>
      <object_component id="oc-87e">
         <name>.text:SysIntOsc2Sel</name>
         <load_address>0x8380e</load_address>
         <run_address>0x8380e</run_address>
         <size>0x8</size>
         <input_file_ref idref="fl-18"/>
      </object_component>
      <object_component id="oc-da">
         <name>.text:decompress:none</name>
         <load_address>0x83816</load_address>
         <run_address>0x83816</run_address>
         <size>0x8</size>
         <input_file_ref idref="fl-36"/>
      </object_component>
[...]
         <value>0x834bf</value>
         <object_component_ref idref="oc-2f0"/>
      </symbol>
      <symbol id="sm-90e">
         <name>FSIRXF1_ISR</name>
         <value>0x834d3</value>
         <object_component_ref idref="oc-2e4"/>
      </symbol>
      <symbol id="sm-90f">
         <name>FSIRXG1_ISR</name>
         <value>0x834e7</value>
         <object_component_ref idref="oc-2d8"/>
      </symbol>
      <symbol id="sm-910">
         <name>FSIRXH1_ISR</name>
         <value>0x834fb</value>
         <object_component_ref idref="oc-2cc"/>
      </symbol>
      <symbol id="sm-911">
         <name>EPWM2_ISR</name>
         <value>0x83393</value>
         <object_component_ref idref="oc-3a4"/>
      </symbol>
      <symbol id="sm-912">
         <name>USBA_ISR</name>
         <value>0x8373f</value>
         <object_component_ref idref="oc-17c"/>
      </symbol>
      <symbol id="sm-913">
         <name>SDFM1DR4_ISR</name>
         <value>0x83677</value>
         <object_component_ref idref="oc-1ee"/>
      </symbol>
      <symbol id="sm-914">
         <name>ADCD_EVT_ISR</name>
         <value>0x8309b</value>
         <object_component_ref idref="oc-56c"/>
      </symbol>
      <symbol id="sm-915">
         <name>DMA_CH3_ISR</name>
         <value>0x8323f</value>
         <object_component_ref idref="oc-476"/>
      </symbol>
      <symbol id="sm-916">
         <name>FMC_ISR</name>
         <value>0x83451</value>
         <object_component_ref idref="oc-332"/>
      </symbol>
      <symbol id="sm-917">
         <name>ADCC_EVT_ISR</name>
         <value>0x83069</value>
         <object_component_ref idref="oc-58a"/>
      </symbol>
      <symbol id="sm-918">
         <name>EPWM11_ISR</name>
         <value>0x83307</value>
         <object_component_ref idref="oc-3f8"/>
      </symbol>
      <symbol id="sm-919">
         <name>DATALOG_ISR</name>
         <value>0x83221</value>
         <object_component_ref idref="oc-488"/>
      </symbol>
      <symbol id="sm-91a">
         <name>XINT2_ISR</name>
         <value>0x837d5</value>
         <object_component_ref idref="oc-122"/>
      </symbol>
      <symbol id="sm-91b">
         <name>PIE_RESERVED_ISR</name>
         <value>0x835eb</value>
         <object_component_ref idref="oc-242"/>
      </symbol>
      <symbol id="sm-91c">
         <name>SCIB_RX_ISR</name>
         <value>0x8361d</value>
         <object_component_ref idref="oc-224"/>
      </symbol>
      <symbol id="sm-91d">
         <name>SCIB_TX_ISR</name>
         <value>0x83627</value>
         <object_component_ref idref="oc-21e"/>
      </symbol>
      <symbol id="sm-91e">
         <name>I2CB_ISR</name>
         <value>0x83569</value>
         <object_component_ref idref="oc-290"/>
      </symbol>
      <symbol id="sm-91f">
         <name>CANA1_ISR</name>
         <value>0x830b9</value>
         <object_component_ref idref="oc-560"/>
      </symbol>
      <symbol id="sm-920">
         <name>SPIC_RX_ISR</name>
         <value>0x836e5</value>
         <object_component_ref idref="oc-1ac"/>
      </symbol>
      <symbol id="sm-921">
         <name>CANB1_ISR</name>
         <value>0x830cd</value>
         <object_component_ref idref="oc-554"/>
      </symbol>
      <symbol id="sm-922">
         <name>CPUCRC_ISR</name>
         <value>0x83217</value>
         <object_component_ref idref="oc-48e"/>
      </symbol>
      <symbol id="sm-923">
         <name>CLB6_ISR</name>
         <value>0x8319f</value>
         <object_component_ref idref="oc-4d6"/>
      </symbol>
      <symbol id="sm-924">
         <name>SPIC_TX_ISR</name>
         <value>0x836ef</value>
         <object_component_ref idref="oc-1a6"/>
      </symbol>
      <symbol id="sm-925">
         <name>EPWM15_TZ_ISR</name>
         <value>0x83361</value>
         <object_component_ref idref="oc-3c2"/>
      </symbol>
      <symbol id="sm-926">
         <name>FSIRXA2_ISR</name>
         <value>0x83479</value>
         <object_component_ref idref="oc-31a"/>
      </symbol>
      <symbol id="sm-927">
         <name>FSIRXB2_ISR</name>
         <value>0x8348d</value>
         <object_component_ref idref="oc-30e"/>
      </symbol>
      <symbol id="sm-928">
         <name>EPWM12_TZ_ISR</name>
         <value>0x83325</value>
         <object_component_ref idref="oc-3e6"/>
      </symbol>
      <symbol id="sm-929">
         <name>FSIRXC2_ISR</name>
         <value>0x834a1</value>
         <object_component_ref idref="oc-302"/>
      </symbol>
      <symbol id="sm-92a">
         <name>ILLEGAL_ISR</name>
         <value>0x83573</value>
         <object_component_ref idref="oc-28a"/>
      </symbol>
      <symbol id="sm-92b">
         <name>FSIRXD2_ISR</name>
         <value>0x834b5</value>
         <object_component_ref idref="oc-2f6"/>
      </symbol>
      <symbol id="sm-92c">
         <name>FSIRXE2_ISR</name>
         <value>0x834c9</value>
         <object_component_ref idref="oc-2ea"/>
      </symbol>
      <symbol id="sm-92d">
         <name>FSIRXF2_ISR</name>
         <value>0x834dd</value>
         <object_component_ref idref="oc-2de"/>
      </symbol>
      <symbol id="sm-92e">
         <name>FSIRXG2_ISR</name>
         <value>0x834f1</value>
         <object_component_ref idref="oc-2d2"/>
      </symbol>
      <symbol id="sm-92f">
         <name>FSIRXH2_ISR</name>
         <value>0x83505</value>
         <object_component_ref idref="oc-2c6"/>
      </symbol>
      <symbol id="sm-930">
         <name>EPWM3_ISR</name>
         <value>0x833a7</value>
         <object_component_ref idref="oc-398"/>
      </symbol>
      <symbol id="sm-931">
         <name>I2CA_HIGH_ISR</name>
         <value>0x8354b</value>
         <object_component_ref idref="oc-2a2"/>
      </symbol>
      <symbol id="sm-932">
         <name>FPU_UFLOW_ISR</name>
         <value>0x83465</value>
         <object_component_ref idref="oc-326"/>
      </symbol>
      <symbol id="sm-933">
         <name>TIMER0_ISR</name>
         <value>0x83721</value>
         <object_component_ref idref="oc-18e"/>
      </symbol>
      <symbol id="sm-934">
         <name>EPWM10_ISR</name>
         <value>0x832f3</value>
         <object_component_ref idref="oc-404"/>
      </symbol>
      <symbol id="sm-935">
         <name>USER3_ISR</name>
         <value>0x8377b</value>
         <object_component_ref idref="oc-158"/>
      </symbol>
      <symbol id="sm-968">
         <name>InitEPwm6Gpio</name>
         <value>0x82f76</value>
         <object_component_ref idref="oc-651"/>
      </symbol>
      <symbol id="sm-969">
         <name>InitEPwm1Gpio</name>
         <value>0x82f34</value>
         <object_component_ref idref="oc-633"/>
      </symbol>
      <symbol id="sm-96a">
         <name>InitEPwm2Gpio</name>
         <value>0x82f4a</value>
         <object_component_ref idref="oc-639"/>
      </symbol>
      <symbol id="sm-96b">
         <name>InitEPwm3Gpio</name>
         <value>0x82eec</value>
         <object_component_ref idref="oc-63f"/>
      </symbol>
      <symbol id="sm-96c">
         <name>InitEPwm4Gpio</name>
         <value>0x82f04</value>
         <object_component_ref idref="oc-645"/>
      </symbol>
      <symbol id="sm-96d">
         <name>InitEPwm5Gpio</name>
         <value>0x82f60</value>
         <object_component_ref idref="oc-64b"/>
      </symbol>
      <symbol id="sm-983">
         <name>GPIO_EnableUnbondedIOPullupsFor176Pin</name>
         <value>0x82e8a</value>
         <object_component_ref idref="oc-85a"/>
      </symbol>
      <symbol id="sm-984">
         <name>GPIO_EnableUnbondedIOPullups</name>
         <value>0x83537</value>
         <object_component_ref idref="oc-7c3"/>
      </symbol>
      <symbol id="sm-992">
         <name>InitPieCtrl</name>
         <value>0x82e15</value>
         <object_component_ref idref="oc-657"/>
      </symbol>
      <symbol id="sm-9a5">
         <name>InitPieVectTable</name>
         <value>0x82f8c</value>
         <object_component_ref idref="oc-65d"/>
      </symbol>
      <symbol id="sm-9a6">
         <name>PieVectTableInit</name>
         <value>0x90000</value>
         <object_component_ref idref="oc-113"/>
      </symbol>
      <symbol id="sm-a64">
         <name>ComputeCntrSeedValue</name>
         <value>0x8290d</value>
         <object_component_ref idref="oc-931"/>
      </symbol>
      <symbol id="sm-a65">
         <name>VerifyXTAL</name>
         <value>0x827c9</value>
         <object_component_ref idref="oc-7c9"/>
      </symbol>
      <symbol id="sm-a66">
         <name>IsPLLValid</name>
         <value>0x82879</value>
         <object_component_ref idref="oc-884"/>
      </symbol>
      <symbol id="sm-a67">
         <name>InitPeripheralClocks</name>
         <value>0x823cf</value>
         <object_component_ref idref="oc-7db"/>
      </symbol>
      <symbol id="sm-a68">
         <name>SysIntOsc1Sel</name>
         <value>0x83717</value>
         <object_component_ref idref="oc-872"/>
      </symbol>
      <symbol id="sm-a69">
         <name>SysXtalOscSel</name>
         <value>0x82d4c</value>
         <object_component_ref idref="oc-878"/>
      </symbol>
      <symbol id="sm-a6a">
         <name>SysXtalOscSESel</name>
         <value>0x82e34</value>
         <object_component_ref idref="oc-86c"/>
      </symbol>
      <symbol id="sm-a6b">
         <name>AuxIntOsc2Sel</name>
         <value>0x83806</value>
         <object_component_ref idref="oc-89d"/>
      </symbol>
      <symbol id="sm-a6c">
         <name>InitSysCtrl</name>
         <value>0x82a0a</value>
         <object_component_ref idref="oc-62d"/>
      </symbol>
      <symbol id="sm-a6d">
         <name>InitAuxPll</name>
         <value>0x82657</value>
         <object_component_ref idref="oc-7d5"/>
      </symbol>
      <symbol id="sm-a6e">
         <name>InitFlash</name>
         <value>0x8000</value>
         <object_component_ref idref="oc-7bd"/>
      </symbol>
      <symbol id="sm-a6f">
         <name>DisableDog</name>
         <value>0x82f9d</value>
         <object_component_ref idref="oc-7b7"/>
      </symbol>
      <symbol id="sm-a70">
         <name>AuxAuxClkSel</name>
         <value>0x830a5</value>
         <object_component_ref idref="oc-891"/>
      </symbol>
      <symbol id="sm-a71">
         <name>AuxXtalOscSESel</name>
         <value>0x82ebc</value>
         <object_component_ref idref="oc-88b"/>
      </symbol>
      <symbol id="sm-a72">
         <name>AuxXtalOscSel</name>
         <value>0x82ed4</value>
         <object_component_ref idref="oc-897"/>
      </symbol>
      <symbol id="sm-a73">
         <name>InitSysPll</name>
         <value>0x822ce</value>
         <object_component_ref idref="oc-7cf"/>
      </symbol>
      <symbol id="sm-a74">
         <name>SysIntOsc2Sel</name>
         <value>0x8380e</value>
         <object_component_ref idref="oc-87e"/>
      </symbol>
      <symbol id="sm-a7d">
         <name>F28x_usDelay</name>
         <value>0x802c</value>
         <object_component_ref idref="oc-80d"/>
      </symbol>
      <symbol id="sm-b19">
         <name>EPwm2Regs</name>
         <value>0x4100</value>
         <object_component_ref idref="oc-616"/>
      </symbol>
      <symbol id="sm-b1a">
         <name>AdcbRegs</name>
         <value>0x7480</value>
         <object_component_ref idref="oc-7fe"/>
      </symbol>
      <symbol id="sm-b1b">
         <name>EPwm3Regs</name>
         <value>0x4200</value>
         <object_component_ref idref="oc-619"/>
      </symbol>
      <symbol id="sm-b1c">
         <name>AdccRegs</name>
         <value>0x7500</value>
         <object_component_ref idref="oc-801"/>
      </symbol>
      <symbol id="sm-b1d">
         <name>ClkCfgRegs</name>
         <value>0x5d200</value>
         <object_component_ref idref="oc-7e4"/>
      </symbol>
      <symbol id="sm-b1e">
         <name>AdcdRegs</name>
         <value>0x7580</value>
         <object_component_ref idref="oc-804"/>
      </symbol>
      <symbol id="sm-b1f">
         <name>CpuTimer2Regs</name>
         <value>0xc10</value>
         <object_component_ref idref="oc-816"/>
      </symbol>
      <symbol id="sm-b20">
         <name>PieVectTable</name>
         <value>0xd00</value>
         <object_component_ref idref="oc-6a2"/>
      </symbol>
      <symbol id="sm-b21">
         <name>EPwm4Regs</name>
         <value>0x4300</value>
         <object_component_ref idref="oc-61c"/>
      </symbol>
      <symbol id="sm-b22">
         <name>GpioCtrlRegs</name>
         <value>0x7c00</value>
         <object_component_ref idref="oc-7e9"/>
      </symbol>
      <symbol id="sm-b23">
         <name>Dcc0Regs</name>
         <value>0x5e700</value>
         <object_component_ref idref="oc-868"/>
      </symbol>
      <symbol id="sm-b24">
         <name>CpuSysRegs</name>
         <value>0x5d300</value>
         <object_component_ref idref="oc-6a5"/>
      </symbol>
      <symbol id="sm-b25">
         <name>EPwm5Regs</name>
         <value>0x4400</value>
         <object_component_ref idref="oc-61f"/>
      </symbol>
      <symbol id="sm-b26">
         <name>CpuTimer0Regs</name>
         <value>0xc00</value>
         <object_component_ref idref="oc-813"/>
      </symbol>
      <symbol id="sm-b27">
         <name>Dcc1Regs</name>
         <value>0x5e740</value>
         <object_component_ref idref="oc-92e"/>
      </symbol>
      <symbol id="sm-b28">
         <name>Flash0CtrlRegs</name>
         <value>0x5f800</value>
         <object_component_ref idref="oc-850"/>
      </symbol>
      <symbol id="sm-b29">
         <name>EPwm6Regs</name>
         <value>0x4500</value>
         <object_component_ref idref="oc-622"/>
      </symbol>
      <symbol id="sm-b2a">
         <name>CpuTimer1Regs</name>
         <value>0xc08</value>
         <object_component_ref idref="oc-6a8"/>
      </symbol>
      <symbol id="sm-b2b">
         <name>Dcc2Regs</name>
         <value>0x5e780</value>
         <object_component_ref idref="oc-92b"/>
      </symbol>
      <symbol id="sm-b2c">
         <name>DevCfgRegs</name>
         <value>0x5d000</value>
         <object_component_ref idref="oc-857"/>
      </symbol>
      <symbol id="sm-b2d">
         <name>Flash0EccRegs</name>
         <value>0x5fb00</value>
         <object_component_ref idref="oc-853"/>
      </symbol>
      <symbol id="sm-b2e">
         <name>AdcaResultRegs</name>
         <value>0xb00</value>
         <object_component_ref idref="oc-604"/>
      </symbol>
      <symbol id="sm-b2f">
         <name>AdccResultRegs</name>
         <value>0xb40</value>
         <object_component_ref idref="oc-60a"/>
      </symbol>
      <symbol id="sm-b30">
         <name>PieCtrlRegs</name>
         <value>0xce0</value>
         <object_component_ref idref="oc-628"/>
      </symbol>
      <symbol id="sm-b31">
         <name>WdRegs</name>
         <value>0x7000</value>
         <object_component_ref idref="oc-84c"/>
      </symbol>
      <symbol id="sm-b32">
         <name>AdcbResultRegs</name>
         <value>0xb20</value>
         <object_component_ref idref="oc-607"/>
      </symbol>
      <symbol id="sm-b33">
         <name>GpioDataRegs</name>
         <value>0x7f00</value>
         <object_component_ref idref="oc-601"/>
      </symbol>
      <symbol id="sm-b34">
         <name>EPwm1Regs</name>
         <value>0x4000</value>
         <object_component_ref idref="oc-613"/>
      </symbol>
      <symbol id="sm-b35">
         <name>AnalogSubsysRegs</name>
         <value>0x5d700</value>
         <object_component_ref idref="oc-7e1"/>
      </symbol>
      <symbol id="sm-b36">
         <name>AdcaRegs</name>
         <value>0x7400</value>
         <object_component_ref idref="oc-625"/>
      </symbol>
      <symbol id="sm-b4e">
         <name>ceil</name>
         <value>0x824ae</value>
         <object_component_ref idref="oc-862"/>
      </symbol>
      <symbol id="sm-b4f">
         <name>ceill</name>
         <value>0x824ae</value>
         <object_component_ref idref="oc-862"/>
      </symbol>
      <symbol id="sm-b5b">
         <name>_c_int00</name>
         <value>0x82ea3</value>
         <object_component_ref idref="oc-791"/>
      </symbol>
      <symbol id="sm-b5c">
         <name>__stack</name>
         <value>0x400</value>
         <object_component_ref idref="oc-5e4"/>
      </symbol>
      <symbol id="sm-b64">
         <name>__c28xabi_orll</name>
         <value>0x82f24</value>
         <object_component_ref idref="oc-918"/>
      </symbol>
      <symbol id="sm-b65">
         <name>__c28xabi_xorll</name>
         <value>0x82f2c</value>
         <object_component_ref idref="oc-918"/>
      </symbol>
      <symbol id="sm-b66">
         <name>__c28xabi_andll</name>
         <value>0x82f1c</value>
         <object_component_ref idref="oc-918"/>
      </symbol>
      <symbol id="sm-b79">
         <name>memcpy</name>
         <value>0x82e52</value>
         <object_component_ref idref="oc-5e7"/>
      </symbol>
      <symbol id="sm-b86">
         <name>_system_pre_init</name>
         <value>0x83826</value>
         <object_component_ref idref="oc-835"/>
      </symbol>
      <symbol id="sm-b95">
         <name>__TI_auto_init_nobinit_nopinit</name>
         <value>0x82d78</value>
         <object_component_ref idref="oc-8d2"/>
      </symbol>
      <symbol id="sm-ba4">
         <name>__TI_zero_init_nomemset</name>
         <value>0x82fc4</value>
         <object_component_ref idref="oc-5ef"/>
      </symbol>
      <symbol id="sm-bb1">
         <name>__TI_decompress_none</name>
         <value>0x83816</value>
         <object_component_ref idref="oc-da"/>
      </symbol>
      <symbol id="sm-bc5">
         <name>__TI_decompress_lzss</name>
         <value>0x82d1b</value>
         <object_component_ref idref="oc-d4"/>
      </symbol>
      <symbol id="sm-bdb">
         <name>C$$EXIT</name>
         <value>0x82da3</value>
         <object_component_ref idref="oc-842"/>
      </symbol>
      <symbol id="sm-bdc">
         <name>abort</name>
         <value>0x82da3</value>
         <object_component_ref idref="oc-842"/>
      </symbol>
      <symbol id="sm-bdd">
         <name>exit</name>
         <value>0x82da5</value>
         <object_component_ref idref="oc-842"/>
      </symbol>
      <symbol id="sm-bde">
         <name>__TI_dtors_ptr</name>
         <value>0xa84c</value>
         <object_component_ref idref="oc-904"/>
      </symbol>
      <symbol id="sm-bdf">
         <name>__TI_cleanup_ptr</name>
         <value>0xa84a</value>
         <object_component_ref idref="oc-904"/>
      </symbol>
      <symbol id="sm-be0">
         <name>__TI_enable_exit_profile_output</name>
         <value>0xa848</value>
         <object_component_ref idref="oc-904"/>
      </symbol>
      <symbol id="sm-bf7">
         <name>_nop</name>
         <value>0x83805</value>
         <object_component_ref idref="oc-95d"/>
      </symbol>
      <symbol id="sm-bf8">
         <name>_lock</name>
         <value>0xa83e</value>
         <object_component_ref idref="oc-907"/>
      </symbol>
      <symbol id="sm-bf9">
         <name>_unlock</name>
         <value>0xa84e</value>
         <object_component_ref idref="oc-97a"/>
      </symbol>
      <symbol id="sm-bfa">
         <name>_register_lock</name>
         <value>0x83801</value>
         <object_component_ref idref="oc-95d"/>
      </symbol>
      <symbol id="sm-bfb">
         <name>_register_unlock</name>
         <value>0x837fd</value>
         <object_component_ref idref="oc-95d"/>
      </symbol>
      <symbol id="sm-c0a">
         <name>_args_main</name>
         <value>0x82fd1</value>
         <object_component_ref idref="oc-83c"/>
      </symbol>
      <symbol id="sm-c21">
         <name>_system_post_cinit</name>
         <value>0x83828</value>
         <object_component_ref idref="oc-943"/>
      </symbol>
      <symbol id="sm-c24">
         <name>__c_args__</name>
         <value>0x0</value>
      </symbol>
   </symbol_table>
   <title>Link successful</title>
</link_info>
