******************************************************************************
             TMS320C2000 Linker PC v22.6.1                     
******************************************************************************
>> Linked Fri Feb 28 17:15:03 2025

OUTPUT FILE NAME:   <250227_PSFB_LDC.out>
ENTRY POINT SYMBOL: "code_start"  address: 00080000


MEMORY CONFIGURATION

         name            origin    length      used     unused   attr    fill
----------------------  --------  ---------  --------  --------  ----  --------
  BOOT_RSVD             00000002   000001ae  00000000  000001ae  RWIX
  RAMM0                 000001b0   00000250  00000000  00000250  RWIX
  RAMM1                 00000400   00000400  00000100  00000300  RWIX
  ADCARESULT            00000b00   00000018  00000018  00000000  RWIX
  ADCBRESULT            00000b20   00000018  00000000  00000018  RWIX
  ADCCRESULT            00000b40   00000018  00000000  00000018  RWIX
  ADCDRESULT            00000b60   00000018  00000000  00000018  RWIX
  CPUTIMER0             00000c00   00000008  00000008  00000000  RWIX
  CPUTIMER1             00000c08   00000008  00000008  00000000  RWIX
  CPUTIMER2             00000c10   00000008  00000008  00000000  RWIX
  PIECTRL               00000ce0   0000001a  0000001a  00000000  RWIX
  PIEVECTTABLE          00000d00   00000200  000001c0  00000040  RWIX
  DMA                   00001000   00000200  00000000  00000200  RWIX
  CLA1                  00001400   00000080  00000000  00000080  RWIX
  CLB1LOGICCFG          00003000   00000052  00000000  00000052  RWIX
  CLB1LOGICCTRL         00003100   00000040  00000000  00000040  RWIX
  CLB1DATAEXCH          00003180   00000080  00000000  00000080  RWIX
  CLB2LOGICCFG          00003200   00000052  00000000  00000052  RWIX
  CLB2LOGICCTRL         00003300   00000040  00000000  00000040  RWIX
  CLB2DATAEXCH          00003380   00000080  00000000  00000080  RWIX
  CLB3LOGICCFG          00003400   00000052  00000000  00000052  RWIX
  CLB3LOGICCTRL         00003500   00000040  00000000  00000040  RWIX
  CLB3DATAEXCH          00003580   00000080  00000000  00000080  RWIX
  CLB4LOGICCFG          00003600   00000052  00000000  00000052  RWIX
  CLB4LOGICCTRL         00003700   00000040  00000000  00000040  RWIX
  CLB4DATAEXCH          00003780   00000080  00000000  00000080  RWIX
  CLB5LOGICCFG          00003800   00000052  00000000  00000052  RWIX
  CLB5LOGICCTRL         00003900   00000040  00000000  00000040  RWIX
  CLB5DATAEXCH          00003980   00000080  00000000  00000080  RWIX
  CLB6LOGICCFG          00003a00   00000052  00000000  00000052  RWIX
  CLB6LOGICCTRL         00003b00   00000040  00000000  00000040  RWIX
  CLB6DATAEXCH          00003b80   00000080  00000000  00000080  RWIX
  CLB7LOGICCFG          00003c00   00000052  00000000  00000052  RWIX
  CLB7LOGICCTRL         00003d00   00000040  00000000  00000040  RWIX
  CLB7DATAEXCH          00003d80   00000080  00000000  00000080  RWIX
  CLB8LOGICCFG          00003e00   00000052  00000000  00000052  RWIX
  CLB8LOGICCTRL         00003f00   00000040  00000000  00000040  RWIX
  CLB8DATAEXCH          00003f80   00000080  00000000  00000080  RWIX
  EPWM1                 00004000   00000100  00000100  00000000  RWIX
  EPWM2                 00004100   00000100  00000100  00000000  RWIX
  EPWM3                 00004200   00000100  00000100  00000000  RWIX
  EPWM4                 00004300   00000100  00000100  00000000  RWIX
  EPWM5                 00004400   00000100  00000100  00000000  RWIX
  EPWM6                 00004500   00000100  00000100  00000000  RWIX
  EPWM7                 00004600   00000100  00000100  00000000  RWIX
  EPWM8                 00004700   00000100  00000100  00000000  RWIX
  EPWM9                 00004800   00000100  00000100  00000000  RWIX
  EPWM10                00004900   00000100  00000100  00000000  RWIX
  EPWM11                00004a00   00000100  00000100  00000000  RWIX
  EPWM12                00004b00   00000100  00000100  00000000  RWIX
  EPWM13                00004c00   00000100  00000000  00000100  RWIX
  EPWM14                00004d00   00000100  00000000  00000100  RWIX
  EPWM15                00004e00   00000100  00000000  00000100  RWIX
  EPWM16                00004f00   00000100  00000000  00000100  RWIX
  EQEP1                 00005100   00000040  00000000  00000040  RWIX
  EQEP2                 00005140   00000040  00000000  00000040  RWIX
  EQEP3                 00005180   00000040  00000000  00000040  RWIX
  ECAP1                 00005200   00000020  00000000  00000020  RWIX
  ECAP2                 00005240   00000020  00000000  00000020  RWIX
  ECAP3                 00005280   00000020  00000000  00000020  RWIX
  ECAP4                 000052c0   00000020  00000000  00000020  RWIX
  ECAP5                 00005300   00000020  00000000  00000020  RWIX
  ECAP6                 00005340   00000020  00000000  00000020  RWIX
  HRCAP6                00005360   00000020  00000000  00000020  RWIX
  ECAP7                 00005380   00000020  00000000  00000020  RWIX
  HRCAP7                000053a0   00000020  00000000  00000020  RWIX
  DACA                  00005c00   00000008  00000000  00000008  RWIX
  DACB                  00005c10   00000008  00000000  00000008  RWIX
  DACC                  00005c20   00000008  00000000  00000008  RWIX
  CMPSS1                00005c80   00000020  00000000  00000020  RWIX
  CMPSS2                00005ca0   00000020  00000000  00000020  RWIX
  CMPSS3                00005cc0   00000020  00000000  00000020  RWIX
  CMPSS4                00005ce0   00000020  00000000  00000020  RWIX
  CMPSS5                00005d00   00000020  00000000  00000020  RWIX
  CMPSS6                00005d20   00000020  00000000  00000020  RWIX
  CMPSS7                00005d40   00000020  00000000  00000020  RWIX
  CMPSS8                00005d60   00000020  00000000  00000020  RWIX
  SDFM1                 00005e00   00000080  00000000  00000080  RWIX
  SDFM2                 00005e80   00000080  00000000  00000080  RWIX
  MCBSPA                00006000   00000024  00000000  00000024  RWIX
  MCBSPB                00006040   00000024  00000000  00000024  RWIX
  SPIA                  00006100   00000010  00000000  00000010  RWIX
  SPIB                  00006110   00000010  00000000  00000010  RWIX
  SPIC                  00006120   00000010  00000000  00000010  RWIX
  SPID                  00006130   00000010  00000000  00000010  RWIX
  BGCRCCPU              00006340   00000040  00000000  00000040  RWIX
  BGCRCCLA1             00006380   00000040  00000000  00000040  RWIX
  PMBUSA                00006400   00000020  00000000  00000020  RWIX
  FSITXA                00006600   00000050  00000000  00000050  RWIX
  FSIRXA                00006680   00000050  00000000  00000050  RWIX
  FSITXB                00006700   00000050  00000000  00000050  RWIX
  FSIRXB                00006780   00000050  00000000  00000050  RWIX
  FSIRXC                00006880   00000050  00000000  00000050  RWIX
  FSIRXD                00006980   00000050  00000000  00000050  RWIX
  FSIRXE                00006a80   00000050  00000000  00000050  RWIX
  FSIRXF                00006b80   00000050  00000000  00000050  RWIX
  FSIRXG                00006c80   00000050  00000000  00000050  RWIX
  FSIRXH                00006d80   00000050  00000000  00000050  RWIX
  WD                    00007000   0000002b  0000002b  00000000  RWIX
  NMIINTRUPT            00007060   00000010  00000000  00000010  RWIX
  XINT                  00007070   0000000b  00000000  0000000b  RWIX
  SCIA                  00007200   00000010  00000000  00000010  RWIX
  SCIB                  00007210   00000010  00000000  00000010  RWIX
  SCIC                  00007220   00000010  00000000  00000010  RWIX
  SCID                  00007230   00000010  00000000  00000010  RWIX
  I2CA                  00007300   00000022  00000000  00000022  RWIX
  I2CB                  00007340   00000022  00000000  00000022  RWIX
  ADCA                  00007400   00000080  0000007c  00000004  RWIX
  ADCB                  00007480   00000080  0000007c  00000004  RWIX
  ADCC                  00007500   00000080  0000007c  00000004  RWIX
  ADCD                  00007580   00000080  0000007c  00000004  RWIX
  INPUTXBAR             00007900   00000020  00000000  00000020  RWIX
  XBAR                  00007920   00000020  00000000  00000020  RWIX
  SYNCSOC               00007940   00000006  00000000  00000006  RWIX
  CLBINPUTXBAR          00007960   00000020  00000000  00000020  RWIX
  DMACLASRCSEL          00007980   0000001a  00000000  0000001a  RWIX
  EPWMXBAR              00007a00   00000040  00000000  00000040  RWIX
  CLBXBAR               00007a40   00000040  00000000  00000040  RWIX
  OUTPUTXBAR            00007a80   00000040  00000000  00000040  RWIX
  CLBOUTPUTXBAR         00007bc0   00000040  00000000  00000040  RWIX
  GPIOCTRL              00007c00   00000200  00000180  00000080  RWIX
  GPIODATA              00007f00   00000040  00000030  00000010  RWIX
  GPIODATAREAD          00007f80   00000010  00000000  00000010  RWIX
  RAMLS0                00008000   00000800  00000030  000007d0  RWIX
  RAMLS1                00008800   00000800  00000000  00000800  RWIX
  RAMLS2                00009000   00000800  00000000  00000800  RWIX
  RAMLS3                00009800   00000800  00000000  00000800  RWIX
  RAMLS4                0000a000   00000800  00000000  00000800  RWIX
  RAMLS5                0000a800   00000800  0000016e  00000692  RWIX
  RAMLS6                0000b000   00000800  00000000  00000800  RWIX
  RAMLS7                0000b800   00000800  00000000  00000800  RWIX
  RAMD0                 0000c000   00000800  00000000  00000800  RWIX
  RAMD1                 0000c800   00000800  00000000  00000800  RWIX
  RAMGS0                0000d000   00001000  00000000  00001000  RWIX
  RAMGS1                0000e000   00001000  00000000  00001000  RWIX
  RAMGS2                0000f000   00001000  00000000  00001000  RWIX
  RAMGS3                00010000   00001000  00000000  00001000  RWIX
  RAMGS4                00011000   00001000  00000000  00001000  RWIX
  RAMGS5                00012000   00001000  00000000  00001000  RWIX
  RAMGS6                00013000   00001000  00000000  00001000  RWIX
  RAMGS7                00014000   00001000  00000000  00001000  RWIX
  RAMGS8                00015000   00001000  00000000  00001000  RWIX
  RAMGS9                00016000   00001000  00000000  00001000  RWIX
  RAMGS10               00017000   00001000  00000000  00001000  RWIX
  RAMGS11               00018000   00001000  00000000  00001000  RWIX
  RAMGS12               00019000   00001000  00000000  00001000  RWIX
  RAMGS13               0001a000   00001000  00000000  00001000  RWIX
  RAMGS14               0001b000   00001000  00000000  00001000  RWIX
  RAMGS15               0001c000   00001000  00000000  00001000  RWIX
  CMTOCPURAM            00038000   00000800  00000000  00000800  RWIX
  CPUTOCMRAM            00039000   00000800  00000000  00000800  RWIX
  CPU1TOCPU2RAM         0003a000   00000800  00000000  00000800  RWIX
  CPU2TOCPU1RAM         0003b000   00000800  00000000  00000800  RWIX
  EMIF1                 00047000   00000070  00000000  00000070  RWIX
  EMIF2                 00047800   00000070  00000000  00000070  RWIX
  CANA                  00048000   00000200  00000000  00000200  RWIX
  CANA_MSG_RAM          00049000   00000800  00000000  00000800  RWIX
  CANB                  0004a000   00000200  00000000  00000200  RWIX
  CANB_MSG_RAM          0004b000   00000800  00000000  00000800  RWIX
  ESCSS                 00057e00   00000024  00000000  00000024  RWIX
  ESCSSCONFIG           00057f00   00000016  00000000  00000016  RWIX
  CPU1TOCPU2IPC         0005ce00   00000026  00000000  00000026  RWIX
  CPU1TOCMIPC           0005ce40   00000026  00000000  00000026  RWIX
  DEVCFG                0005d000   000001a0  000001a0  00000000  RWIX
  CLKCFG                0005d200   00000100  0000003a  000000c6  RWIX
  CPUSYS                0005d300   000000a0  0000009c  00000004  RWIX
  SYSSTATUS             0005d400   00000100  00000000  00000100  RWIX
  SYSPERIPHAC           0005d500   00000200  00000000  00000200  RWIX
  ANALOGSUBSYS          0005d700   00000100  0000003e  000000c2  RWIX
  CMCONF                0005dc00   00000400  00000000  00000400  RWIX
  DCC0                  0005e700   00000038  0000002c  0000000c  RWIX
  DCC1                  0005e740   00000038  0000002c  0000000c  RWIX
  DCC2                  0005e780   00000038  0000002c  0000000c  RWIX
  ERADGLOBAL            0005e800   00000013  00000000  00000013  RWIX
  ERADHWBP1             0005e900   00000008  00000000  00000008  RWIX
  ERADHWBP2             0005e908   00000008  00000000  00000008  RWIX
  ERADHWBP3             0005e910   00000008  00000000  00000008  RWIX
  ERADHWBP4             0005e918   00000008  00000000  00000008  RWIX
  ERADHWBP5             0005e920   00000008  00000000  00000008  RWIX
  ERADHWBP6             0005e928   00000008  00000000  00000008  RWIX
  ERADHWBP7             0005e930   00000008  00000000  00000008  RWIX
  ERADHWBP8             0005e938   00000008  00000000  00000008  RWIX
  ERADCOUNTER1          0005e980   00000010  00000000  00000010  RWIX
  ERADCOUNTER2          0005e990   00000010  00000000  00000010  RWIX
  ERADCOUNTER3          0005e9a0   00000010  00000000  00000010  RWIX
  ERADCOUNTER4          0005e9b0   00000010  00000000  00000010  RWIX
  ERADCRCGLOBAL         0005ea00   00000010  00000000  00000010  RWIX
  ERADCRC1              0005ea10   00000010  00000000  00000010  RWIX
  ERADCRC2              0005ea20   00000010  00000000  00000010  RWIX
  ERADCRC3              0005ea30   00000010  00000000  00000010  RWIX
  ERADCRC4              0005ea40   00000010  00000000  00000010  RWIX
  ERADCRC5              0005ea50   00000010  00000000  00000010  RWIX
  ERADCRC6              0005ea60   00000010  00000000  00000010  RWIX
  ERADCRC7              0005ea70   00000010  00000000  00000010  RWIX
  ERADCRC8              0005ea80   00000010  00000000  00000010  RWIX
  DCSMZ1                0005f000   0000003e  00000000  0000003e  RWIX
  DCSMZ2                0005f080   0000003e  00000000  0000003e  RWIX
  DCSMCOMMON            0005f0c0   00000020  00000000  00000020  RWIX
  MEMCFG                0005f400   000000c0  00000000  000000c0  RWIX
  EMIF1CONFIG           0005f4c0   00000020  00000000  00000020  RWIX
  EMIF2CONFIG           0005f4e0   00000020  00000000  00000020  RWIX
  ACCESSPROTECTION      0005f500   00000040  00000000  00000040  RWIX
  MEMORYERROR           0005f540   00000040  00000000  00000040  RWIX
  ROMWAITSTATE          0005f580   00000008  00000000  00000008  RWIX
  ROMPREFETCH           0005f588   00000008  00000000  00000008  RWIX
  TESTERROR             0005f590   00000010  00000000  00000010  RWIX
  FLASH0CTRL            0005f800   00000182  00000182  00000000  RWIX
  FLASH0ECC             0005fb00   00000028  00000028  00000000  RWIX
  DCSMZ1OTP             00078000   00000020  00000000  00000020  RWIX
  DCSMZ2OTP             00078200   00000020  00000000  00000020  RWIX
  BEGIN                 00080000   00000002  00000002  00000000  RWIX
  FLASH0                00080002   00001ffe  00000000  00001ffe  RWIX
  FLASH1                00082000   00002000  000019b3  0000064d  RWIX
  FLASH2                00084000   00002000  00000000  00002000  RWIX
  FLASH3                00086000   00002000  00000030  00001fd0  RWIX
  FLASH4                00088000   00008000  0000008e  00007f72  RWIX
  FLASH5                00090000   00008000  000001c0  00007e40  RWIX
  FLASH6                00098000   00008000  00000000  00008000  RWIX
  FLASH7                000a0000   00008000  00000000  00008000  RWIX
  FLASH8                000a8000   00008000  00000000  00008000  RWIX
  FLASH9                000b0000   00008000  00000000  00008000  RWIX
  FLASH10               000b8000   00002000  00000000  00002000  RWIX
  FLASH11               000ba000   00002000  00000000  00002000  RWIX
  FLASH12               000bc000   00002000  00000000  00002000  RWIX
  FLASH13               000be000   00002000  00000000  00002000  RWIX
  RESET                 003fffc0   00000002  00000000  00000002  RWIX


SECTION ALLOCATION MAP

 output                                  attributes/
section   page    origin      length       input sections
--------  ----  ----------  ----------   ----------------
codestart 
*          0    00080000    00000002     
                  00080000    00000002     f2838x_codestartbranch.obj (codestart)

.cinit     0    00088000    0000008e     
                  00088000    00000073     (.cinit..data.load) [load image, compression = lzss]
                  00088073    00000001     --HOLE-- [fill = 0]
                  00088074    00000006     (__TI_handler_table)
                  0008807a    00000004     (.cinit..bss.load) [load image, compression = zero_init]
                  0008807e    00000004     (.cinit.PieVectTableFile.load) [load image, compression = zero_init]
                  00088082    0000000c     (__TI_cinit_table)

.reset     0    003fffc0    00000000     DSECT

.stack     0    00000400    00000100     UNINITIALIZED
                  00000400    00000100     --HOLE--

.init_array 
*          0    00082000    00000000     UNINITIALIZED

.bss       0    0000a944    0000002a     UNINITIALIZED
                  0000a944    00000018     f2838x_cputimers.obj (.bss)
                  0000a95c    00000008     BswTask.obj (.bss)
                  0000a964    00000004     AswISR.obj (.bss)
                  0000a968    00000002     BswAdc.obj (.bss)
                  0000a96a    00000002     AswISR.obj (.bss:gfIObcLdc)
                  0000a96c    00000002     AswISR.obj (.bss:gfVObcLdc)

PieVectTableFile 
*          0    00000d00    000001c0     UNINITIALIZED
                  00000d00    000001c0     f2838x_globalvariabledefs.obj (PieVectTableFile)

EmuKeyVar 
*          0    00000d00    00000000     UNINITIALIZED

EmuBModeVar 
*          0    00000d00    00000000     UNINITIALIZED

EmuBootPinsVar 
*          0    00000d00    00000000     UNINITIALIZED

FlashCallbackVar 
*          0    00000d00    00000000     UNINITIALIZED

FlashScalingVar 
*          0    00000d00    00000000     UNINITIALIZED

.data      0    0000a800    00000144     UNINITIALIZED
                  0000a800    0000005e     AswISR.obj (.data)
                  0000a85e    0000001a     BswPwm.obj (.data:ePWM_Regs)
                  0000a878    00000006     AswTask.obj (.data)
                  0000a87e    00000002     rts2800_fpu64_eabi.lib : _lock.c.obj (.data:_lock)
                  0000a880    00000036     AswCal.obj (.data)
                  0000a8b6    00000030     BswAdc.obj (.data:gf1AdcResulLpf)
                  0000a8e6    00000010     BswCal.obj (.data)
                  0000a8f6    0000000c     BswAdc.obj (.data:gfAdcResult)
                  0000a902    0000000c     BswAdc.obj (.data:gfAdcResultLpf)
                  0000a90e    0000000c     BswAdc.obj (.data:gfAdcResultOffset)
                  0000a91a    00000006     BswIsr.obj (.data)
                  0000a920    00000006     BswAdc.obj (.data:gfCurrCal)
                  0000a926    00000006     BswAdc.obj (.data:gfVoltCal)
                  0000a92c    00000006     BswAdc.obj (.data:gfVoltRaw)
                  0000a932    00000006     rts2800_fpu64_eabi.lib : exit.c.obj (.data)
                  0000a938    00000004     AswSeq.obj (.data)
                  0000a93c    00000002     rts2800_fpu64_eabi.lib : _lock.c.obj (.data:_unlock)
                  0000a93e    00000002     AswCal.obj (.data:gfCurr_HiFlt_Cal)
                  0000a940    00000002     AswCal.obj (.data:gfVolt_HiFlt_Cal)
                  0000a942    00000001     AswISR.obj (.data:giCurrState)
                  0000a943    00000001     AswISR.obj (.data:giVoltState)

.const     0    00090000    000001c0     
                  00090000    000001c0     f2838x_pievect.obj (.const)

.TI.ramfunc 
*          0    00086000    00000030     RUN ADDR = 00008000
                  00086000    0000002c     f2838x_sysctrl.obj (.TI.ramfunc:InitFlash)
                  0008602c    00000004     f2838x_usdelay.obj (.TI.ramfunc)

AdcaResultRegsFile 
*          0    00000b00    00000018     UNINITIALIZED
                  00000b00    00000018     f2838x_globalvariabledefs.obj (AdcaResultRegsFile)

AdcaRegsFile 
*          0    00007400    0000007c     UNINITIALIZED
                  00007400    0000007c     f2838x_globalvariabledefs.obj (AdcaRegsFile)

AdcbRegsFile 
*          0    00007480    0000007c     UNINITIALIZED
                  00007480    0000007c     f2838x_globalvariabledefs.obj (AdcbRegsFile)

AdccRegsFile 
*          0    00007500    0000007c     UNINITIALIZED
                  00007500    0000007c     f2838x_globalvariabledefs.obj (AdccRegsFile)

AdcdRegsFile 
*          0    00007580    0000007c     UNINITIALIZED
                  00007580    0000007c     f2838x_globalvariabledefs.obj (AdcdRegsFile)

AnalogSubsysRegsFile 
*          0    0005d700    0000003e     UNINITIALIZED
                  0005d700    0000003e     f2838x_globalvariabledefs.obj (AnalogSubsysRegsFile)

ClkCfgRegsFile 
*          0    0005d200    0000003a     UNINITIALIZED
                  0005d200    0000003a     f2838x_globalvariabledefs.obj (ClkCfgRegsFile)

CpuTimer0RegsFile 
*          0    00000c00    00000008     UNINITIALIZED
                  00000c00    00000008     f2838x_globalvariabledefs.obj (CpuTimer0RegsFile)

CpuTimer1RegsFile 
*          0    00000c08    00000008     UNINITIALIZED
                  00000c08    00000008     f2838x_globalvariabledefs.obj (CpuTimer1RegsFile)

CpuTimer2RegsFile 
*          0    00000c10    00000008     UNINITIALIZED
                  00000c10    00000008     f2838x_globalvariabledefs.obj (CpuTimer2RegsFile)

CpuSysRegsFile 
*          0    0005d300    0000009c     UNINITIALIZED
                  0005d300    0000009c     f2838x_globalvariabledefs.obj (CpuSysRegsFile)

Dcc0RegsFile 
*          0    0005e700    0000002c     UNINITIALIZED
                  0005e700    0000002c     f2838x_globalvariabledefs.obj (Dcc0RegsFile)

Dcc1RegsFile 
*          0    0005e740    0000002c     UNINITIALIZED
                  0005e740    0000002c     f2838x_globalvariabledefs.obj (Dcc1RegsFile)

Dcc2RegsFile 
*          0    0005e780    0000002c     UNINITIALIZED
                  0005e780    0000002c     f2838x_globalvariabledefs.obj (Dcc2RegsFile)

DevCfgRegsFile 
*          0    0005d000    000001a0     UNINITIALIZED
                  0005d000    000001a0     f2838x_globalvariabledefs.obj (DevCfgRegsFile)

EPwm1RegsFile 
*          0    00004000    00000100     UNINITIALIZED
                  00004000    00000100     f2838x_globalvariabledefs.obj (EPwm1RegsFile)

EPwm2RegsFile 
*          0    00004100    00000100     UNINITIALIZED
                  00004100    00000100     f2838x_globalvariabledefs.obj (EPwm2RegsFile)

EPwm3RegsFile 
*          0    00004200    00000100     UNINITIALIZED
                  00004200    00000100     f2838x_globalvariabledefs.obj (EPwm3RegsFile)

EPwm4RegsFile 
*          0    00004300    00000100     UNINITIALIZED
                  00004300    00000100     f2838x_globalvariabledefs.obj (EPwm4RegsFile)

EPwm5RegsFile 
*          0    00004400    00000100     UNINITIALIZED
                  00004400    00000100     f2838x_globalvariabledefs.obj (EPwm5RegsFile)

EPwm6RegsFile 
*          0    00004500    00000100     UNINITIALIZED
                  00004500    00000100     f2838x_globalvariabledefs.obj (EPwm6RegsFile)

EPwm7RegsFile 
*          0    00004600    00000100     UNINITIALIZED
                  00004600    00000100     f2838x_globalvariabledefs.obj (EPwm7RegsFile)

EPwm8RegsFile 
*          0    00004700    00000100     UNINITIALIZED
                  00004700    00000100     f2838x_globalvariabledefs.obj (EPwm8RegsFile)

EPwm9RegsFile 
*          0    00004800    00000100     UNINITIALIZED
                  00004800    00000100     f2838x_globalvariabledefs.obj (EPwm9RegsFile)

EPwm10RegsFile 
*          0    00004900    00000100     UNINITIALIZED
                  00004900    00000100     f2838x_globalvariabledefs.obj (EPwm10RegsFile)

EPwm11RegsFile 
*          0    00004a00    00000100     UNINITIALIZED
                  00004a00    00000100     f2838x_globalvariabledefs.obj (EPwm11RegsFile)

EPwm12RegsFile 
*          0    00004b00    00000100     UNINITIALIZED
                  00004b00    00000100     f2838x_globalvariabledefs.obj (EPwm12RegsFile)

Flash0CtrlRegsFile 
*          0    0005f800    00000182     UNINITIALIZED
                  0005f800    00000182     f2838x_globalvariabledefs.obj (Flash0CtrlRegsFile)

Flash0EccRegsFile 
*          0    0005fb00    00000028     UNINITIALIZED
                  0005fb00    00000028     f2838x_globalvariabledefs.obj (Flash0EccRegsFile)

GpioCtrlRegsFile 
*          0    00007c00    00000180     UNINITIALIZED
                  00007c00    00000180     f2838x_globalvariabledefs.obj (GpioCtrlRegsFile)

GpioDataRegsFile 
*          0    00007f00    00000030     UNINITIALIZED
                  00007f00    00000030     f2838x_globalvariabledefs.obj (GpioDataRegsFile)

PieCtrlRegsFile 
*          0    00000ce0    0000001a     UNINITIALIZED
                  00000ce0    0000001a     f2838x_globalvariabledefs.obj (PieCtrlRegsFile)

WdRegsFile 
*          0    00007000    0000002b     UNINITIALIZED
                  00007000    0000002b     f2838x_globalvariabledefs.obj (WdRegsFile)

dcsm_z1otp_link_pointer 
*          0    00000002    00000000     

dcsm_z1otp_jlm_enable 
*          0    00000002    00000000     

dcsm_z1otp_gpreg 
*          0    00000002    00000000     

dcsm_z1otp_pswd_lock 
*          0    00000002    00000000     

dcsm_z1otp_crc_lock 
*          0    00000002    00000000     

dcsm_z1otp_jtag_pswdh 
*          0    00000002    00000000     

dcsm_z1otp_cmac_key 
*          0    00000002    00000000     

dcsm_zsel_z1 
*          0    00000002    00000000     

dcsm_z2otp_link_pointer 
*          0    00000002    00000000     

dcsm_rsvd_z2 
*          0    00000002    00000000     

dcsm_z2otp_gpreg 
*          0    00000002    00000000     

dcsm_z2otp_pswd_lock 
*          0    00000002    00000000     

dcsm_z2otp_crc_lock 
*          0    00000002    00000000     

dcsm_rsvd1_z2 
*          0    00000002    00000000     

dcsm_zsel_z2 
*          0    00000002    00000000     

.text      0    00082000    000019b3     
                  00082000    00000136     AswISR.obj (.text:CtrLdcCurr)
                  00082136    00000101     f2838x_sysctrl.obj (.text:InitSysPll)
                  00082237    000000df     f2838x_sysctrl.obj (.text:InitPeripheralClocks)
                  00082316    000000d8     rts2800_fpu64_eabi.lib : s_ceil.c.obj (.text)
                  000823ee    000000c0     f2838x_sysctrl.obj (.text:InitAuxPll)
                  000824ae    000000bb     AswISR.obj (.text:CtrLdcOutVolt)
                  00082569    000000b2     f2838x_adc.obj (.text:AdcSetMode)
                  0008261b    000000b0     f2838x_sysctrl.obj (.text:VerifyXTAL)
                  000826cb    00000094     BswPwm.obj (.text:InitEPwm2Config)
                  0008275f    00000094     f2838x_sysctrl.obj (.text:IsPLLValid)
                  000827f3    0000008f     f2838x_sysctrl.obj (.text:ComputeCntrSeedValue)
                  00082882    00000088     BswPwm.obj (.text:InitEPwm1Config)
                  0008290a    00000087     BswAdc.obj (.text:InitAdcConfig)
                  00082991    00000069     BswPwm.obj (.text:InitEPwm3Config)
                  000829fa    00000069     BswPwm.obj (.text:InitEPwm4Config)
                  00082a63    00000066     Util.obj (.text:PI_Control_calc)
                  00082ac9    00000061     f2838x_sysctrl.obj (.text:InitSysCtrl)
                  00082b2a    0000005f     BswIsr.obj (.text:Timer1_Task_100us_isr)
                  00082b89    0000005a     Main.obj (.text:main)
                  00082be3    00000058     BswIsr.obj (.text:adca1_isr)
                  00082c3b    00000056     BswAdc.obj (.text:BswAdcIsrOffsetCalc)
                  00082c91    0000003b     f2838x_cputimers.obj (.text:InitCpuTimers)
                  00082ccc    00000037     AswISR.obj (.text:FdiagChkIO_RunCurrSwFlt)
                  00082d03    00000031     AswISR.obj (.text:FdiagChkIO_RunVoltSwFlt)
                  00082d34    00000030     BswGpio.obj (.text:InitGpioInOutConfig)
                  00082d64    00000030     rts2800_fpu64_eabi.lib : copy_decompress_lzss.c.obj (.text:decompress:lzss)
                  00082d94    0000002c     Util.obj (.text:LPF1)
                  00082dc0    0000002c     f2838x_sysctrl.obj (.text:SysXtalOscSel)
                  00082dec    0000002b     rts2800_fpu64_eabi.lib : autoinit.c.obj (.text:__TI_auto_init_nobinit_nopinit)
                  00082e17    00000029                            : exit.c.obj (.text)
                  00082e40    00000027     BswPwm.obj (.text:BswPwm_SetSrPwmDuty)
                  00082e67    00000027     AswSeq.obj (.text:SeqChkMainState)
                  00082e8e    00000026     f2838x_adc.obj (.text:CalAdcINL)
                  00082eb4    00000023     f2838x_cputimers.obj (.text:ConfigCpuTimer)
                  00082ed7    00000021     AswTask.obj (.text:FdiagChkMConFault)
                  00082ef8    00000020     BswAdc.obj (.text:BswAdcIsrCalc)
                  00082f18    0000001f     BswPwm.obj (.text:BswPwm_ForceLowPwm)
                  00082f37    0000001f     f2838x_piectrl.obj (.text:InitPieCtrl)
                  00082f56    0000001e     f2838x_sysctrl.obj (.text:SysXtalOscSESel)
                  00082f74    0000001d     rts2800_fpu64_eabi.lib : memcpy.c.obj (.text)
                  00082f91    00000019     f2838x_gpio.obj (.text:GPIO_EnableUnbondedIOPullupsFor176Pin)
                  00082faa    00000019     rts2800_fpu64_eabi.lib : boot28.asm.obj (.text)
                  00082fc3    00000018     f2838x_sysctrl.obj (.text:AuxXtalOscSESel)
                  00082fdb    00000018     f2838x_sysctrl.obj (.text:AuxXtalOscSel)
                  00082ff3    00000018     f2838x_epwm.obj (.text:InitEPwm3Gpio)
                  0008300b    00000018     f2838x_epwm.obj (.text:InitEPwm4Gpio)
                  00083023    00000018     f2838x_sysctrl.obj (.text:PollX1Counter)
                  0008303b    00000018     rts2800_fpu64_eabi.lib : ll_aox28.asm.obj (.text)
                  00083053    00000017     BswPwm.obj (.text:BswPwm_SetPwmPhase)
                  0008306a    00000016     f2838x_epwm.obj (.text:InitEPwm1Gpio)
                  00083080    00000016     f2838x_epwm.obj (.text:InitEPwm2Gpio)
                  00083096    00000011     AswTask.obj (.text:FdiagChkMConNormal)
                  000830a7    00000011     f2838x_pievect.obj (.text:InitPieVectTable)
                  000830b8    0000000f     AswISR.obj (.text:MonAdcIsr)
                  000830c7    0000000d     AswMain.obj (.text:AswIsrCtr)
                  000830d4    0000000d     f2838x_sysctrl.obj (.text:DisableDog)
                  000830e1    0000000d     f2838x_defaultisr.obj (.text:EMPTY_ISR)
                  000830ee    0000000d     rts2800_fpu64_eabi.lib : copy_zero_init.c.obj (.text:decompress:ZI:__TI_zero_init_nomemset)
                  000830fb    0000000c                            : args_main.c.obj (.text)
                  00083107    0000000a     f2838x_defaultisr.obj (.text:ADCA1_ISR)
                  00083111    0000000a     f2838x_defaultisr.obj (.text:ADCA2_ISR)
                  0008311b    0000000a     f2838x_defaultisr.obj (.text:ADCA3_ISR)
                  00083125    0000000a     f2838x_defaultisr.obj (.text:ADCA4_ISR)
                  0008312f    0000000a     f2838x_defaultisr.obj (.text:ADCA_EVT_ISR)
                  00083139    0000000a     f2838x_defaultisr.obj (.text:ADCB1_ISR)
                  00083143    0000000a     f2838x_defaultisr.obj (.text:ADCB2_ISR)
                  0008314d    0000000a     f2838x_defaultisr.obj (.text:ADCB3_ISR)
                  00083157    0000000a     f2838x_defaultisr.obj (.text:ADCB4_ISR)
                  00083161    0000000a     f2838x_defaultisr.obj (.text:ADCB_EVT_ISR)
                  0008316b    0000000a     f2838x_defaultisr.obj (.text:ADCC1_ISR)
                  00083175    0000000a     f2838x_defaultisr.obj (.text:ADCC2_ISR)
                  0008317f    0000000a     f2838x_defaultisr.obj (.text:ADCC3_ISR)
                  00083189    0000000a     f2838x_defaultisr.obj (.text:ADCC4_ISR)
                  00083193    0000000a     f2838x_defaultisr.obj (.text:ADCC_EVT_ISR)
                  0008319d    0000000a     f2838x_defaultisr.obj (.text:ADCD1_ISR)
                  000831a7    0000000a     f2838x_defaultisr.obj (.text:ADCD2_ISR)
                  000831b1    0000000a     f2838x_defaultisr.obj (.text:ADCD3_ISR)
                  000831bb    0000000a     f2838x_defaultisr.obj (.text:ADCD4_ISR)
                  000831c5    0000000a     f2838x_defaultisr.obj (.text:ADCD_EVT_ISR)
                  000831cf    0000000a     f2838x_sysctrl.obj (.text:AuxAuxClkSel)
                  000831d9    0000000a     BswApi.obj (.text:BswApi_GetCurr)
                  000831e3    0000000a     BswApi.obj (.text:BswApi_GetVolt)
                  000831ed    0000000a     f2838x_defaultisr.obj (.text:CANA0_ISR)
                  000831f7    0000000a     f2838x_defaultisr.obj (.text:CANA1_ISR)
                  00083201    0000000a     f2838x_defaultisr.obj (.text:CANB0_ISR)
                  0008320b    0000000a     f2838x_defaultisr.obj (.text:CANB1_ISR)
                  00083215    0000000a     f2838x_defaultisr.obj (.text:CIPC0_ISR)
                  0008321f    0000000a     f2838x_defaultisr.obj (.text:CIPC1_ISR)
                  00083229    0000000a     f2838x_defaultisr.obj (.text:CIPC2_ISR)
                  00083233    0000000a     f2838x_defaultisr.obj (.text:CIPC3_ISR)
                  0008323d    0000000a     f2838x_defaultisr.obj (.text:CLA1CRC_ISR)
                  00083247    0000000a     f2838x_defaultisr.obj (.text:CLA1_1_ISR)
                  00083251    0000000a     f2838x_defaultisr.obj (.text:CLA1_2_ISR)
                  0008325b    0000000a     f2838x_defaultisr.obj (.text:CLA1_3_ISR)
                  00083265    0000000a     f2838x_defaultisr.obj (.text:CLA1_4_ISR)
                  0008326f    0000000a     f2838x_defaultisr.obj (.text:CLA1_5_ISR)
                  00083279    0000000a     f2838x_defaultisr.obj (.text:CLA1_6_ISR)
                  00083283    0000000a     f2838x_defaultisr.obj (.text:CLA1_7_ISR)
                  0008328d    0000000a     f2838x_defaultisr.obj (.text:CLA1_8_ISR)
                  00083297    0000000a     f2838x_defaultisr.obj (.text:CLA_OVERFLOW_ISR)
                  000832a1    0000000a     f2838x_defaultisr.obj (.text:CLA_UNDERFLOW_ISR)
                  000832ab    0000000a     f2838x_defaultisr.obj (.text:CLB1_ISR)
                  000832b5    0000000a     f2838x_defaultisr.obj (.text:CLB2_ISR)
                  000832bf    0000000a     f2838x_defaultisr.obj (.text:CLB3_ISR)
                  000832c9    0000000a     f2838x_defaultisr.obj (.text:CLB4_ISR)
                  000832d3    0000000a     f2838x_defaultisr.obj (.text:CLB5_ISR)
                  000832dd    0000000a     f2838x_defaultisr.obj (.text:CLB6_ISR)
                  000832e7    0000000a     f2838x_defaultisr.obj (.text:CLB7_ISR)
                  000832f1    0000000a     f2838x_defaultisr.obj (.text:CLB8_ISR)
                  000832fb    0000000a     f2838x_defaultisr.obj (.text:CMTOCPUXIPC0_ISR)
                  00083305    0000000a     f2838x_defaultisr.obj (.text:CMTOCPUXIPC1_ISR)
                  0008330f    0000000a     f2838x_defaultisr.obj (.text:CMTOCPUXIPC2_ISR)
                  00083319    0000000a     f2838x_defaultisr.obj (.text:CMTOCPUXIPC3_ISR)
                  00083323    0000000a     f2838x_defaultisr.obj (.text:CMTOCPUXIPC4_ISR)
                  0008332d    0000000a     f2838x_defaultisr.obj (.text:CMTOCPUXIPC5_ISR)
                  00083337    0000000a     f2838x_defaultisr.obj (.text:CMTOCPUXIPC6_ISR)
                  00083341    0000000a     f2838x_defaultisr.obj (.text:CMTOCPUXIPC7_ISR)
                  0008334b    0000000a     f2838x_defaultisr.obj (.text:CM_STATUS_ISR)
                  00083355    0000000a     f2838x_defaultisr.obj (.text:CPUCRC_ISR)
                  0008335f    0000000a     f2838x_defaultisr.obj (.text:DATALOG_ISR)
                  00083369    0000000a     f2838x_defaultisr.obj (.text:DMA_CH1_ISR)
                  00083373    0000000a     f2838x_defaultisr.obj (.text:DMA_CH2_ISR)
                  0008337d    0000000a     f2838x_defaultisr.obj (.text:DMA_CH3_ISR)
                  00083387    0000000a     f2838x_defaultisr.obj (.text:DMA_CH4_ISR)
                  00083391    0000000a     f2838x_defaultisr.obj (.text:DMA_CH5_ISR)
                  0008339b    0000000a     f2838x_defaultisr.obj (.text:DMA_CH6_ISR)
                  000833a5    0000000a     f2838x_defaultisr.obj (.text:ECAP1_ISR)
                  000833af    0000000a     f2838x_defaultisr.obj (.text:ECAP2_ISR)
                  000833b9    0000000a     f2838x_defaultisr.obj (.text:ECAP3_ISR)
                  000833c3    0000000a     f2838x_defaultisr.obj (.text:ECAP4_ISR)
                  000833cd    0000000a     f2838x_defaultisr.obj (.text:ECAP5_ISR)
                  000833d7    0000000a     f2838x_defaultisr.obj (.text:ECAP6_2_ISR)
                  000833e1    0000000a     f2838x_defaultisr.obj (.text:ECAP6_ISR)
                  000833eb    0000000a     f2838x_defaultisr.obj (.text:ECAP7_2_ISR)
                  000833f5    0000000a     f2838x_defaultisr.obj (.text:ECAP7_ISR)
                  000833ff    0000000a     f2838x_defaultisr.obj (.text:ECATRST_ISR)
                  00083409    0000000a     f2838x_defaultisr.obj (.text:ECATSYNC0_ISR)
                  00083413    0000000a     f2838x_defaultisr.obj (.text:ECATSYNC1_ISR)
                  0008341d    0000000a     f2838x_defaultisr.obj (.text:ECAT_ISR)
                  00083427    0000000a     f2838x_defaultisr.obj (.text:EMU_ISR)
                  00083431    0000000a     f2838x_defaultisr.obj (.text:EPWM10_ISR)
                  0008343b    0000000a     f2838x_defaultisr.obj (.text:EPWM10_TZ_ISR)
                  00083445    0000000a     f2838x_defaultisr.obj (.text:EPWM11_ISR)
                  0008344f    0000000a     f2838x_defaultisr.obj (.text:EPWM11_TZ_ISR)
                  00083459    0000000a     f2838x_defaultisr.obj (.text:EPWM12_ISR)
                  00083463    0000000a     f2838x_defaultisr.obj (.text:EPWM12_TZ_ISR)
                  0008346d    0000000a     f2838x_defaultisr.obj (.text:EPWM13_ISR)
                  00083477    0000000a     f2838x_defaultisr.obj (.text:EPWM13_TZ_ISR)
                  00083481    0000000a     f2838x_defaultisr.obj (.text:EPWM14_ISR)
                  0008348b    0000000a     f2838x_defaultisr.obj (.text:EPWM14_TZ_ISR)
                  00083495    0000000a     f2838x_defaultisr.obj (.text:EPWM15_ISR)
                  0008349f    0000000a     f2838x_defaultisr.obj (.text:EPWM15_TZ_ISR)
                  000834a9    0000000a     f2838x_defaultisr.obj (.text:EPWM16_ISR)
                  000834b3    0000000a     f2838x_defaultisr.obj (.text:EPWM16_TZ_ISR)
                  000834bd    0000000a     f2838x_defaultisr.obj (.text:EPWM1_ISR)
                  000834c7    0000000a     f2838x_defaultisr.obj (.text:EPWM1_TZ_ISR)
                  000834d1    0000000a     f2838x_defaultisr.obj (.text:EPWM2_ISR)
                  000834db    0000000a     f2838x_defaultisr.obj (.text:EPWM2_TZ_ISR)
                  000834e5    0000000a     f2838x_defaultisr.obj (.text:EPWM3_ISR)
                  000834ef    0000000a     f2838x_defaultisr.obj (.text:EPWM3_TZ_ISR)
                  000834f9    0000000a     f2838x_defaultisr.obj (.text:EPWM4_ISR)
                  00083503    0000000a     f2838x_defaultisr.obj (.text:EPWM4_TZ_ISR)
                  0008350d    0000000a     f2838x_defaultisr.obj (.text:EPWM5_ISR)
                  00083517    0000000a     f2838x_defaultisr.obj (.text:EPWM5_TZ_ISR)
                  00083521    0000000a     f2838x_defaultisr.obj (.text:EPWM6_ISR)
                  0008352b    0000000a     f2838x_defaultisr.obj (.text:EPWM6_TZ_ISR)
                  00083535    0000000a     f2838x_defaultisr.obj (.text:EPWM7_ISR)
                  0008353f    0000000a     f2838x_defaultisr.obj (.text:EPWM7_TZ_ISR)
                  00083549    0000000a     f2838x_defaultisr.obj (.text:EPWM8_ISR)
                  00083553    0000000a     f2838x_defaultisr.obj (.text:EPWM8_TZ_ISR)
                  0008355d    0000000a     f2838x_defaultisr.obj (.text:EPWM9_ISR)
                  00083567    0000000a     f2838x_defaultisr.obj (.text:EPWM9_TZ_ISR)
                  00083571    0000000a     f2838x_defaultisr.obj (.text:EQEP1_ISR)
                  0008357b    0000000a     f2838x_defaultisr.obj (.text:EQEP2_ISR)
                  00083585    0000000a     f2838x_defaultisr.obj (.text:EQEP3_ISR)
                  0008358f    0000000a     f2838x_defaultisr.obj (.text:FMC_ISR)
                  00083599    0000000a     f2838x_defaultisr.obj (.text:FPU_OFLOW_ISR)
                  000835a3    0000000a     f2838x_defaultisr.obj (.text:FPU_UFLOW_ISR)
                  000835ad    0000000a     f2838x_defaultisr.obj (.text:FSIRXA1_ISR)
                  000835b7    0000000a     f2838x_defaultisr.obj (.text:FSIRXA2_ISR)
                  000835c1    0000000a     f2838x_defaultisr.obj (.text:FSIRXB1_ISR)
                  000835cb    0000000a     f2838x_defaultisr.obj (.text:FSIRXB2_ISR)
                  000835d5    0000000a     f2838x_defaultisr.obj (.text:FSIRXC1_ISR)
                  000835df    0000000a     f2838x_defaultisr.obj (.text:FSIRXC2_ISR)
                  000835e9    0000000a     f2838x_defaultisr.obj (.text:FSIRXD1_ISR)
                  000835f3    0000000a     f2838x_defaultisr.obj (.text:FSIRXD2_ISR)
                  000835fd    0000000a     f2838x_defaultisr.obj (.text:FSIRXE1_ISR)
                  00083607    0000000a     f2838x_defaultisr.obj (.text:FSIRXE2_ISR)
                  00083611    0000000a     f2838x_defaultisr.obj (.text:FSIRXF1_ISR)
                  0008361b    0000000a     f2838x_defaultisr.obj (.text:FSIRXF2_ISR)
                  00083625    0000000a     f2838x_defaultisr.obj (.text:FSIRXG1_ISR)
                  0008362f    0000000a     f2838x_defaultisr.obj (.text:FSIRXG2_ISR)
                  00083639    0000000a     f2838x_defaultisr.obj (.text:FSIRXH1_ISR)
                  00083643    0000000a     f2838x_defaultisr.obj (.text:FSIRXH2_ISR)
                  0008364d    0000000a     f2838x_defaultisr.obj (.text:FSITXA1_ISR)
                  00083657    0000000a     f2838x_defaultisr.obj (.text:FSITXA2_ISR)
                  00083661    0000000a     f2838x_defaultisr.obj (.text:FSITXB1_ISR)
                  0008366b    0000000a     f2838x_defaultisr.obj (.text:FSITXB2_ISR)
                  00083675    0000000a     f2838x_gpio.obj (.text:GPIO_EnableUnbondedIOPullups)
                  0008367f    0000000a     f2838x_defaultisr.obj (.text:I2CA_FIFO_ISR)
                  00083689    0000000a     f2838x_defaultisr.obj (.text:I2CA_HIGH_ISR)
                  00083693    0000000a     f2838x_defaultisr.obj (.text:I2CA_ISR)
                  0008369d    0000000a     f2838x_defaultisr.obj (.text:I2CB_FIFO_ISR)
                  000836a7    0000000a     f2838x_defaultisr.obj (.text:I2CB_ISR)
                  000836b1    0000000a     f2838x_defaultisr.obj (.text:ILLEGAL_ISR)
                  000836bb    0000000a     f2838x_defaultisr.obj (.text:MCANSS0_ISR)
                  000836c5    0000000a     f2838x_defaultisr.obj (.text:MCANSS1_ISR)
                  000836cf    0000000a     f2838x_defaultisr.obj (.text:MCANSS_ECC_CORR_PLS_ISR)
                  000836d9    0000000a     f2838x_defaultisr.obj (.text:MCANSS_WAKE_AND_TS_PLS_ISR)
                  000836e3    0000000a     f2838x_defaultisr.obj (.text:MCBSPA_RX_ISR)
                  000836ed    0000000a     f2838x_defaultisr.obj (.text:MCBSPA_TX_ISR)
                  000836f7    0000000a     f2838x_defaultisr.obj (.text:MCBSPB_RX_ISR)
                  00083701    0000000a     f2838x_defaultisr.obj (.text:MCBSPB_TX_ISR)
                  0008370b    0000000a     f2838x_defaultisr.obj (.text:MPOST_ISR)
                  00083715    0000000a     f2838x_defaultisr.obj (.text:NMI_ISR)
                  0008371f    0000000a     f2838x_defaultisr.obj (.text:NOTUSED_ISR)
                  00083729    0000000a     f2838x_defaultisr.obj (.text:PIE_RESERVED_ISR)
                  00083733    0000000a     f2838x_defaultisr.obj (.text:PMBUSA_ISR)
                  0008373d    0000000a     f2838x_defaultisr.obj (.text:RTOS_ISR)
                  00083747    0000000a     f2838x_defaultisr.obj (.text:SCIA_RX_ISR)
                  00083751    0000000a     f2838x_defaultisr.obj (.text:SCIA_TX_ISR)
                  0008375b    0000000a     f2838x_defaultisr.obj (.text:SCIB_RX_ISR)
                  00083765    0000000a     f2838x_defaultisr.obj (.text:SCIB_TX_ISR)
                  0008376f    0000000a     f2838x_defaultisr.obj (.text:SCIC_RX_ISR)
                  00083779    0000000a     f2838x_defaultisr.obj (.text:SCIC_TX_ISR)
                  00083783    0000000a     f2838x_defaultisr.obj (.text:SCID_RX_ISR)
                  0008378d    0000000a     f2838x_defaultisr.obj (.text:SCID_TX_ISR)
                  00083797    0000000a     f2838x_defaultisr.obj (.text:SDFM1DR1_ISR)
                  000837a1    0000000a     f2838x_defaultisr.obj (.text:SDFM1DR2_ISR)
                  000837ab    0000000a     f2838x_defaultisr.obj (.text:SDFM1DR3_ISR)
                  000837b5    0000000a     f2838x_defaultisr.obj (.text:SDFM1DR4_ISR)
                  000837bf    0000000a     f2838x_defaultisr.obj (.text:SDFM1_ISR)
                  000837c9    0000000a     f2838x_defaultisr.obj (.text:SDFM2DR1_ISR)
                  000837d3    0000000a     f2838x_defaultisr.obj (.text:SDFM2DR2_ISR)
                  000837dd    0000000a     f2838x_defaultisr.obj (.text:SDFM2DR3_ISR)
                  000837e7    0000000a     f2838x_defaultisr.obj (.text:SDFM2DR4_ISR)
                  000837f1    0000000a     f2838x_defaultisr.obj (.text:SDFM2_ISR)
                  000837fb    0000000a     f2838x_defaultisr.obj (.text:SPIA_RX_ISR)
                  00083805    0000000a     f2838x_defaultisr.obj (.text:SPIA_TX_ISR)
                  0008380f    0000000a     f2838x_defaultisr.obj (.text:SPIB_RX_ISR)
                  00083819    0000000a     f2838x_defaultisr.obj (.text:SPIB_TX_ISR)
                  00083823    0000000a     f2838x_defaultisr.obj (.text:SPIC_RX_ISR)
                  0008382d    0000000a     f2838x_defaultisr.obj (.text:SPIC_TX_ISR)
                  00083837    0000000a     f2838x_defaultisr.obj (.text:SPID_RX_ISR)
                  00083841    0000000a     f2838x_defaultisr.obj (.text:SPID_TX_ISR)
                  0008384b    0000000a     f2838x_defaultisr.obj (.text:SYS_ERR_ISR)
                  00083855    0000000a     f2838x_sysctrl.obj (.text:SysIntOsc1Sel)
                  0008385f    0000000a     f2838x_defaultisr.obj (.text:TIMER0_ISR)
                  00083869    0000000a     f2838x_defaultisr.obj (.text:TIMER1_ISR)
                  00083873    0000000a     f2838x_defaultisr.obj (.text:TIMER2_ISR)
                  0008387d    0000000a     f2838x_defaultisr.obj (.text:USBA_ISR)
                  00083887    0000000a     f2838x_defaultisr.obj (.text:USER10_ISR)
                  00083891    0000000a     f2838x_defaultisr.obj (.text:USER11_ISR)
                  0008389b    0000000a     f2838x_defaultisr.obj (.text:USER12_ISR)
                  000838a5    0000000a     f2838x_defaultisr.obj (.text:USER1_ISR)
                  000838af    0000000a     f2838x_defaultisr.obj (.text:USER2_ISR)
                  000838b9    0000000a     f2838x_defaultisr.obj (.text:USER3_ISR)
                  000838c3    0000000a     f2838x_defaultisr.obj (.text:USER4_ISR)
                  000838cd    0000000a     f2838x_defaultisr.obj (.text:USER5_ISR)
                  000838d7    0000000a     f2838x_defaultisr.obj (.text:USER6_ISR)
                  000838e1    0000000a     f2838x_defaultisr.obj (.text:USER7_ISR)
                  000838eb    0000000a     f2838x_defaultisr.obj (.text:USER8_ISR)
                  000838f5    0000000a     f2838x_defaultisr.obj (.text:USER9_ISR)
                  000838ff    0000000a     f2838x_defaultisr.obj (.text:WAKE_ISR)
                  00083909    0000000a     f2838x_defaultisr.obj (.text:XINT1_ISR)
                  00083913    0000000a     f2838x_defaultisr.obj (.text:XINT2_ISR)
                  0008391d    0000000a     f2838x_defaultisr.obj (.text:XINT3_ISR)
                  00083927    0000000a     f2838x_defaultisr.obj (.text:XINT4_ISR)
                  00083931    0000000a     f2838x_defaultisr.obj (.text:XINT5_ISR)
                  0008393b    00000009     AswTask.obj (.text:FdiagChkMConInhibit)
                  00083944    00000009     rts2800_fpu64_eabi.lib : _lock.c.obj (.text)
                  0008394d    00000008     f2838x_sysctrl.obj (.text:AuxIntOsc2Sel)
                  00083955    00000008     BswTask.obj (.text:BswTask100ms)
                  0008395d    00000008     BswTask.obj (.text:BswTask100us)
                  00083965    00000008     BswTask.obj (.text:BswTask10ms)
                  0008396d    00000008     BswTask.obj (.text:BswTask1ms)
                  00083975    00000008     f2838x_sysctrl.obj (.text:SysIntOsc2Sel)
                  0008397d    00000008     rts2800_fpu64_eabi.lib : copy_decompress_none.c.obj (.text:decompress:none)
                  00083985    00000008     f2838x_codestartbranch.obj (.text)
                  0008398d    00000007     BswPwm.obj (.text:BswPwm_DisableObcPwm)
                  00083994    00000007     BswPwm.obj (.text:BswPwm_DisableSrPwm)
                  0008399b    00000005     AswISR.obj (.text:FdiagChkIO_GetCurrState)
                  000839a0    00000005     AswISR.obj (.text:FdiagChkIO_GetVoltState)
                  000839a5    00000004     AswSeq.obj (.text:Seq_GetInteralMainState)
                  000839a9    00000004     AswSeq.obj (.text:Seq_SetInteralMainState)
                  000839ad    00000002     rts2800_fpu64_eabi.lib : pre_init.c.obj (.text)
                  000839af    00000001     AswMain.obj (.text:AswTask100ms)
                  000839b0    00000001     AswMain.obj (.text:AswTask100us)
                  000839b1    00000001     AswMain.obj (.text:AswTask10ms)
                  000839b2    00000001     rts2800_fpu64_eabi.lib : startup.c.obj (.text)

MODULE SUMMARY

       Module                          code   ro data   rw data
       ------                          ----   -------   -------
    .\
       Util.obj                        146    0         0      
       Main.obj                        90     0         0      
    +--+-------------------------------+------+---------+---------+
       Total:                          236    0         0      
                                                               
    .\ASW\
       AswISR.obj                      626    0         104    
       AswTask.obj                     59     0         6      
       AswCal.obj                      0      0         58     
       AswSeq.obj                      47     0         4      
       AswMain.obj                     16     0         0      
    +--+-------------------------------+------+---------+---------+
       Total:                          748    0         172    
                                                               
    .\BSW\
       BswPwm.obj                      601    0         26     
       BswAdc.obj                      253    0         104    
       BswIsr.obj                      183    0         6      
       BswGpio.obj                     48     0         0      
       BswTask.obj                     32     0         8      
       BswApi.obj                      20     0         0      
       BswCal.obj                      0      0         16     
    +--+-------------------------------+------+---------+---------+
       Total:                          1137   0         160    
                                                               
    .\F2838x_common\source\
       f2838x_defaultisr.obj           2063   0         0      
       f2838x_sysctrl.obj              1519   0         0      
       f2838x_pievect.obj              17     448       0      
       f2838x_adc.obj                  216    0         0      
       f2838x_cputimers.obj            94     0         24     
       f2838x_epwm.obj                 92     0         0      
       f2838x_gpio.obj                 35     0         0      
       f2838x_piectrl.obj              31     0         0      
       f2838x_codestartbranch.obj      10     0         0      
       f2838x_usdelay.obj              8      0         0      
    +--+-------------------------------+------+---------+---------+
       Total:                          4085   448       24     
                                                               
    .\F2838x_headers\source\
       f2838x_globalvariabledefs.obj   0      0         5815   
    +--+-------------------------------+------+---------+---------+
       Total:                          0      0         5815   
                                                               
    C:\ti\ccs1281\ccs\tools\compiler\ti-cgt-c2000_22.6.1.LTS\lib\rts2800_fpu64_eabi.lib
       s_ceil.c.obj                    216    0         0      
       copy_decompress_lzss.c.obj      48     0         0      
       exit.c.obj                      41     0         6      
       autoinit.c.obj                  43     0         0      
       memcpy.c.obj                    29     0         0      
       boot28.asm.obj                  25     0         0      
       ll_aox28.asm.obj                24     0         0      
       _lock.c.obj                     9      0         4      
       copy_zero_init.c.obj            13     0         0      
       args_main.c.obj                 12     0         0      
       copy_decompress_none.c.obj      8      0         0      
       pre_init.c.obj                  2      0         0      
       startup.c.obj                   1      0         0      
    +--+-------------------------------+------+---------+---------+
       Total:                          471    0         10     
                                                               
       Stack:                          0      0         256    
       Linker Generated:               0      141       0      
    +--+-------------------------------+------+---------+---------+
       Grand Total:                    6677   589       6437   


LINKER GENERATED COPY TABLES

__TI_cinit_table @ 00088082 records: 3, size/record: 4, table size: 12
	.data: load addr=00088000, load size=00000073 bytes, run addr=0000a800, run size=00000144 bytes, compression=lzss
	.bss: load addr=0008807a, load size=00000004 bytes, run addr=0000a944, run size=0000002a bytes, compression=zero_init
	PieVectTableFile: load addr=0008807e, load size=00000004 bytes, run addr=00000d00, run size=000001c0 bytes, compression=zero_init


LINKER GENERATED HANDLER TABLE

__TI_handler_table @ 00088074 records: 3, size/record: 2, table size: 6
	index: 0, handler: __TI_zero_init
	index: 1, handler: __TI_decompress_lzss
	index: 2, handler: __TI_decompress_none


GLOBAL DATA SYMBOLS: SORTED BY DATA PAGE

address     data page           name
--------    ----------------    ----
00000400      10 (00000400)     __stack

00000b00      2c (00000b00)     AdcaResultRegs

00000c00      30 (00000c00)     CpuTimer0Regs
00000c08      30 (00000c00)     CpuTimer1Regs
00000c10      30 (00000c00)     CpuTimer2Regs

00000ce0      33 (00000cc0)     PieCtrlRegs

00000d00      34 (00000d00)     PieVectTable

00004000     100 (00004000)     EPwm1Regs

00004100     104 (00004100)     EPwm2Regs

00004200     108 (00004200)     EPwm3Regs

00004300     10c (00004300)     EPwm4Regs

00004400     110 (00004400)     EPwm5Regs

00004500     114 (00004500)     EPwm6Regs

00004600     118 (00004600)     EPwm7Regs

00004700     11c (00004700)     EPwm8Regs

00004800     120 (00004800)     EPwm9Regs

00004900     124 (00004900)     EPwm10Regs

00004a00     128 (00004a00)     EPwm11Regs

00004b00     12c (00004b00)     EPwm12Regs

00007000     1c0 (00007000)     WdRegs

00007400     1d0 (00007400)     AdcaRegs

00007480     1d2 (00007480)     AdcbRegs

00007500     1d4 (00007500)     AdccRegs

00007580     1d6 (00007580)     AdcdRegs

00007c00     1f0 (00007c00)     GpioCtrlRegs

00007f00     1fc (00007f00)     GpioDataRegs

0000a800     2a0 (0000a800)     giCurrFltFlag
0000a801     2a0 (0000a800)     giVoltFltFlag
0000a802     2a0 (0000a800)     giVLdcOutSoftStart_Timer
0000a803     2a0 (0000a800)     giLdcOutVoltCtrState
0000a804     2a0 (0000a800)     giSrMode
0000a805     2a0 (0000a800)     giFlag_ILdcCtrCpl_Delay
0000a806     2a0 (0000a800)     giFlag_ILdcCtrCpl
0000a807     2a0 (0000a800)     giLdcCtrModeState
0000a808     2a0 (0000a800)     gfPiVLdcOut
0000a80a     2a0 (0000a800)     gfVLdcOutRef
0000a80c     2a0 (0000a800)     gfLdcPwmDuty
0000a80e     2a0 (0000a800)     gfLdcPwmPhase
0000a810     2a0 (0000a800)     gfLdcSrPwmDuty
0000a812     2a0 (0000a800)     gPiVLdcOut

0000a840     2a1 (0000a840)     gPiILdc
0000a85e     2a1 (0000a840)     ePWM_Regs
0000a878     2a1 (0000a840)     giInhibitTest
0000a879     2a1 (0000a840)     giObcInhibitTest
0000a87a     2a1 (0000a840)     giInhibitSubState
0000a87b     2a1 (0000a840)     giFaultSubState
0000a87c     2a1 (0000a840)     giNormalSubState
0000a87d     2a1 (0000a840)     giObcLdcModeState
0000a87e     2a1 (0000a840)     _lock

0000a880     2a2 (0000a880)     giVLdcOutSoftStart_TimerCal
0000a882     2a2 (0000a880)     gfLdcCurrPIKpCal
0000a884     2a2 (0000a880)     gfLdcCurrPIKiCal
0000a886     2a2 (0000a880)     gfLdcCurrPIKaCal
0000a888     2a2 (0000a880)     gfLdcCurrPIOutMaxCal
0000a88a     2a2 (0000a880)     gfLdcCurrPIOutMinCal
0000a88c     2a2 (0000a880)     gfLdcCurrPIOutSSCal
0000a88e     2a2 (0000a880)     gfLdcCurrCtrRefMaxCal
0000a890     2a2 (0000a880)     gfLdcOutVoltPIKpCal
0000a892     2a2 (0000a880)     gfLdcOutVoltPIKiCal
0000a894     2a2 (0000a880)     gfLdcOutVoltPIKaCal
0000a896     2a2 (0000a880)     gfLdcOutVoltPIOutMaxCal
0000a898     2a2 (0000a880)     gfLdcOutVoltPIOutMinCal
0000a89a     2a2 (0000a880)     gfLdcOutVoltCtrCmdCal
0000a89c     2a2 (0000a880)     gfLdcSrPwmOffCmpCal
0000a89e     2a2 (0000a880)     gfVLdcOutSSGainCal
0000a8a0     2a2 (0000a880)     gfVLdcOutCmdRateLimitCal
0000a8a2     2a2 (0000a880)     gfVLdcOutRefMaxCal
0000a8a4     2a2 (0000a880)     gfVLdcOutRefMinCal
0000a8a6     2a2 (0000a880)     gfVLdcOutCmdSSMinCal
0000a8a8     2a2 (0000a880)     gfObcOutVoltPIKpCal
0000a8aa     2a2 (0000a880)     gfObcOutVoltPIKiCal
0000a8ac     2a2 (0000a880)     gfObcOutVoltPIKaCal
0000a8ae     2a2 (0000a880)     gfVObcOutRefCal
0000a8b0     2a2 (0000a880)     gfIObcOutCmdCal
0000a8b2     2a2 (0000a880)     gf1diRefMaxGenDataCntCal
0000a8b4     2a2 (0000a880)     gfIObcOutRefMaxRateLimitCal
0000a8b6     2a2 (0000a880)     gf1AdcResulLpf

0000a8e6     2a3 (0000a8c0)     giAdcOffsetCalCntCal
0000a8e7     2a3 (0000a8c0)     giDeadBandCal
0000a8e8     2a3 (0000a8c0)     giDeadBandSrCal
0000a8ea     2a3 (0000a8c0)     gfObcCurrSnsrGainCal
0000a8ec     2a3 (0000a8c0)     gfLdcCurrSnsrGainCal
0000a8ee     2a3 (0000a8c0)     gfObcVoltSnsrGainCal
0000a8f0     2a3 (0000a8c0)     gfLdcVoltSnsrGainCal
0000a8f2     2a3 (0000a8c0)     gfPwmFreqInitCal
0000a8f4     2a3 (0000a8c0)     gfIsrTsInitCal
0000a8f6     2a3 (0000a8c0)     gfAdcResult

0000a902     2a4 (0000a900)     gfAdcResultLpf
0000a90e     2a4 (0000a900)     gfAdcResultOffset
0000a91a     2a4 (0000a900)     BswTask1msCnt
0000a91b     2a4 (0000a900)     BswTask10msCnt
0000a91c     2a4 (0000a900)     BswTask100msCnt
0000a91e     2a4 (0000a900)     CntCtrISR
0000a920     2a4 (0000a900)     gfCurrCal
0000a926     2a4 (0000a900)     gfVoltCal
0000a92c     2a4 (0000a900)     gfVoltRaw
0000a932     2a4 (0000a900)     __TI_enable_exit_profile_output
0000a934     2a4 (0000a900)     __TI_cleanup_ptr
0000a936     2a4 (0000a900)     __TI_dtors_ptr
0000a938     2a4 (0000a900)     INTERNAL_MAIN_STATE
0000a939     2a4 (0000a900)     giInternalMainState
0000a93a     2a4 (0000a900)     INTERNAL_SUB_STATE
0000a93b     2a4 (0000a900)     giInternalSubState
0000a93c     2a4 (0000a900)     _unlock
0000a93e     2a4 (0000a900)     gfCurr_HiFlt_Cal

0000a940     2a5 (0000a940)     gfVolt_HiFlt_Cal
0000a942     2a5 (0000a940)     giCurrState
0000a943     2a5 (0000a940)     giVoltState
0000a944     2a5 (0000a940)     CpuTimer0
0000a94c     2a5 (0000a940)     CpuTimer1
0000a954     2a5 (0000a940)     CpuTimer2
0000a95c     2a5 (0000a940)     CntTask100us
0000a95e     2a5 (0000a940)     CntTask1ms
0000a960     2a5 (0000a940)     CntTask10ms
0000a962     2a5 (0000a940)     CntTask100ms
0000a964     2a5 (0000a940)     giLdcCurrCtrState
0000a966     2a5 (0000a940)     gfLdcCurrPIOutMax
0000a968     2a5 (0000a940)     giAdcOffsetCalCnt
0000a969     2a5 (0000a940)     giAdcoffsetCplFlag
0000a96a     2a5 (0000a940)     gfIObcLdc
0000a96c     2a5 (0000a940)     gfVObcLdc

0005d000    1740 (0005d000)     DevCfgRegs

0005d200    1748 (0005d200)     ClkCfgRegs

0005d300    174c (0005d300)     CpuSysRegs

0005d700    175c (0005d700)     AnalogSubsysRegs

0005e700    179c (0005e700)     Dcc0Regs

0005e740    179d (0005e740)     Dcc1Regs

0005e780    179e (0005e780)     Dcc2Regs

0005f800    17e0 (0005f800)     Flash0CtrlRegs

0005fb00    17ec (0005fb00)     Flash0EccRegs

00090000    2400 (00090000)     PieVectTableInit


GLOBAL SYMBOLS: SORTED ALPHABETICALLY BY Name 

page  address   name                                 
----  -------   ----                                 
0     00083107  ADCA1_ISR                            
0     00083111  ADCA2_ISR                            
0     0008311b  ADCA3_ISR                            
0     00083125  ADCA4_ISR                            
0     0008312f  ADCA_EVT_ISR                         
0     00083139  ADCB1_ISR                            
0     00083143  ADCB2_ISR                            
0     0008314d  ADCB3_ISR                            
0     00083157  ADCB4_ISR                            
0     00083161  ADCB_EVT_ISR                         
0     0008316b  ADCC1_ISR                            
0     00083175  ADCC2_ISR                            
0     0008317f  ADCC3_ISR                            
0     00083189  ADCC4_ISR                            
0     00083193  ADCC_EVT_ISR                         
0     0008319d  ADCD1_ISR                            
0     000831a7  ADCD2_ISR                            
0     000831b1  ADCD3_ISR                            
0     000831bb  ADCD4_ISR                            
0     000831c5  ADCD_EVT_ISR                         
0     00082569  AdcSetMode                           
0     00007400  AdcaRegs                             
0     00000b00  AdcaResultRegs                       
0     00007480  AdcbRegs                             
0     00007500  AdccRegs                             
0     00007580  AdcdRegs                             
0     0005d700  AnalogSubsysRegs                     
0     000830c7  AswApi_AswIsrCtr                     
0     000839af  AswApi_AswTask100ms                  
0     000839b0  AswApi_AswTask100us                  
0     000839b1  AswApi_AswTask10ms                   
0     00082e67  AswApi_AswTask1ms                    
0     000830c7  AswIsrCtr                            
0     000839af  AswTask100ms                         
0     000839b0  AswTask100us                         
0     000839b1  AswTask10ms                          
0     00082e67  AswTask1ms                           
0     000831cf  AuxAuxClkSel                         
0     0008394d  AuxIntOsc2Sel                        
0     00082fc3  AuxXtalOscSESel                      
0     00082fdb  AuxXtalOscSel                        
0     00082ef8  BswAdcIsrCalc                        
0     00082c3b  BswAdcIsrOffsetCalc                  
0     0008398d  BswApi_DisableObcPWM                 
0     00083994  BswApi_DisableSrPWM                  
0     000831d9  BswApi_GetCurr                       
0     000831e3  BswApi_GetVolt                       
0     00083053  BswApi_SetPwmPhase                   
0     00082e40  BswApi_SetSrPwmDuty                  
0     0008398d  BswPwm_DisableObcPwm                 
0     00083994  BswPwm_DisableSrPwm                  
0     00082f18  BswPwm_ForceLowPwm                   
0     00083053  BswPwm_SetPwmPhase                   
0     00082e40  BswPwm_SetSrPwmDuty                  
0     00083955  BswTask100ms                         
0     0000a91c  BswTask100msCnt                      
0     0008395d  BswTask100us                         
0     00083965  BswTask10ms                          
0     0000a91b  BswTask10msCnt                       
0     0008396d  BswTask1ms                           
0     0000a91a  BswTask1msCnt                        
0     00082e17  C$$EXIT                              
0     000831ed  CANA0_ISR                            
0     000831f7  CANA1_ISR                            
0     00083201  CANB0_ISR                            
0     0008320b  CANB1_ISR                            
0     00083215  CIPC0_ISR                            
0     0008321f  CIPC1_ISR                            
0     00083229  CIPC2_ISR                            
0     00083233  CIPC3_ISR                            
0     0008323d  CLA1CRC_ISR                          
0     00083247  CLA1_1_ISR                           
0     00083251  CLA1_2_ISR                           
0     0008325b  CLA1_3_ISR                           
0     00083265  CLA1_4_ISR                           
0     0008326f  CLA1_5_ISR                           
0     00083279  CLA1_6_ISR                           
0     00083283  CLA1_7_ISR                           
0     0008328d  CLA1_8_ISR                           
0     00083297  CLA_OVERFLOW_ISR                     
0     000832a1  CLA_UNDERFLOW_ISR                    
0     000832ab  CLB1_ISR                             
0     000832b5  CLB2_ISR                             
0     000832bf  CLB3_ISR                             
0     000832c9  CLB4_ISR                             
0     000832d3  CLB5_ISR                             
0     000832dd  CLB6_ISR                             
0     000832e7  CLB7_ISR                             
0     000832f1  CLB8_ISR                             
0     000832fb  CMTOCPUXIPC0_ISR                     
0     00083305  CMTOCPUXIPC1_ISR                     
0     0008330f  CMTOCPUXIPC2_ISR                     
0     00083319  CMTOCPUXIPC3_ISR                     
0     00083323  CMTOCPUXIPC4_ISR                     
0     0008332d  CMTOCPUXIPC5_ISR                     
0     00083337  CMTOCPUXIPC6_ISR                     
0     00083341  CMTOCPUXIPC7_ISR                     
0     0008334b  CM_STATUS_ISR                        
0     00083355  CPUCRC_ISR                           
0     00082e8e  CalAdcINL                            
0     0005d200  ClkCfgRegs                           
0     0000a91e  CntCtrISR                            
0     0000a962  CntTask100ms                         
0     0000a95c  CntTask100us                         
0     0000a960  CntTask10ms                          
0     0000a95e  CntTask1ms                           
0     000827f3  ComputeCntrSeedValue                 
0     00082eb4  ConfigCpuTimer                       
0     0005d300  CpuSysRegs                           
0     0000a944  CpuTimer0                            
0     00000c00  CpuTimer0Regs                        
0     0000a94c  CpuTimer1                            
0     00000c08  CpuTimer1Regs                        
0     0000a954  CpuTimer2                            
0     00000c10  CpuTimer2Regs                        
0     00082000  CtrLdcCurr                           
0     000824ae  CtrLdcOutVolt                        
0     0008335f  DATALOG_ISR                          
0     00083369  DMA_CH1_ISR                          
0     00083373  DMA_CH2_ISR                          
0     0008337d  DMA_CH3_ISR                          
0     00083387  DMA_CH4_ISR                          
0     00083391  DMA_CH5_ISR                          
0     0008339b  DMA_CH6_ISR                          
0     0005e700  Dcc0Regs                             
0     0005e740  Dcc1Regs                             
0     0005e780  Dcc2Regs                             
0     0005d000  DevCfgRegs                           
0     000830d4  DisableDog                           
0     000833a5  ECAP1_ISR                            
0     000833af  ECAP2_ISR                            
0     000833b9  ECAP3_ISR                            
0     000833c3  ECAP4_ISR                            
0     000833cd  ECAP5_ISR                            
0     000833d7  ECAP6_2_ISR                          
0     000833e1  ECAP6_ISR                            
0     000833eb  ECAP7_2_ISR                          
0     000833f5  ECAP7_ISR                            
0     000833ff  ECATRST_ISR                          
0     00083409  ECATSYNC0_ISR                        
0     00083413  ECATSYNC1_ISR                        
0     0008341d  ECAT_ISR                             
0     000830e1  EMPTY_ISR                            
0     00083427  EMU_ISR                              
0     00083431  EPWM10_ISR                           
0     0008343b  EPWM10_TZ_ISR                        
0     00083445  EPWM11_ISR                           
0     0008344f  EPWM11_TZ_ISR                        
0     00083459  EPWM12_ISR                           
0     00083463  EPWM12_TZ_ISR                        
0     0008346d  EPWM13_ISR                           
0     00083477  EPWM13_TZ_ISR                        
0     00083481  EPWM14_ISR                           
0     0008348b  EPWM14_TZ_ISR                        
0     00083495  EPWM15_ISR                           
0     0008349f  EPWM15_TZ_ISR                        
0     000834a9  EPWM16_ISR                           
0     000834b3  EPWM16_TZ_ISR                        
0     000834bd  EPWM1_ISR                            
0     000834c7  EPWM1_TZ_ISR                         
0     000834d1  EPWM2_ISR                            
0     000834db  EPWM2_TZ_ISR                         
0     000834e5  EPWM3_ISR                            
0     000834ef  EPWM3_TZ_ISR                         
0     000834f9  EPWM4_ISR                            
0     00083503  EPWM4_TZ_ISR                         
0     0008350d  EPWM5_ISR                            
0     00083517  EPWM5_TZ_ISR                         
0     00083521  EPWM6_ISR                            
0     0008352b  EPWM6_TZ_ISR                         
0     00083535  EPWM7_ISR                            
0     0008353f  EPWM7_TZ_ISR                         
0     00083549  EPWM8_ISR                            
0     00083553  EPWM8_TZ_ISR                         
0     0008355d  EPWM9_ISR                            
0     00083567  EPWM9_TZ_ISR                         
0     00004900  EPwm10Regs                           
0     00004a00  EPwm11Regs                           
0     00004b00  EPwm12Regs                           
0     00004000  EPwm1Regs                            
0     00004100  EPwm2Regs                            
0     00004200  EPwm3Regs                            
0     00004300  EPwm4Regs                            
0     00004400  EPwm5Regs                            
0     00004500  EPwm6Regs                            
0     00004600  EPwm7Regs                            
0     00004700  EPwm8Regs                            
0     00004800  EPwm9Regs                            
0     00083571  EQEP1_ISR                            
0     0008357b  EQEP2_ISR                            
0     00083585  EQEP3_ISR                            
0     0000802c  F28x_usDelay                         
0     0008358f  FMC_ISR                              
0     00083599  FPU_OFLOW_ISR                        
0     000835a3  FPU_UFLOW_ISR                        
0     000835ad  FSIRXA1_ISR                          
0     000835b7  FSIRXA2_ISR                          
0     000835c1  FSIRXB1_ISR                          
0     000835cb  FSIRXB2_ISR                          
0     000835d5  FSIRXC1_ISR                          
0     000835df  FSIRXC2_ISR                          
0     000835e9  FSIRXD1_ISR                          
0     000835f3  FSIRXD2_ISR                          
0     000835fd  FSIRXE1_ISR                          
0     00083607  FSIRXE2_ISR                          
0     00083611  FSIRXF1_ISR                          
0     0008361b  FSIRXF2_ISR                          
0     00083625  FSIRXG1_ISR                          
0     0008362f  FSIRXG2_ISR                          
0     00083639  FSIRXH1_ISR                          
0     00083643  FSIRXH2_ISR                          
0     0008364d  FSITXA1_ISR                          
0     00083657  FSITXA2_ISR                          
0     00083661  FSITXB1_ISR                          
0     0008366b  FSITXB2_ISR                          
0     0008399b  FdiagChkIO_GetCurrState              
0     000839a0  FdiagChkIO_GetVoltState              
0     00082ccc  FdiagChkIO_RunCurrSwFlt              
0     00082d03  FdiagChkIO_RunVoltSwFlt              
0     00082ed7  FdiagChkMConFault                    
0     0008393b  FdiagChkMConInhibit                  
0     00083096  FdiagChkMConNormal                   
0     0005f800  Flash0CtrlRegs                       
0     0005fb00  Flash0EccRegs                        
0     00083675  GPIO_EnableUnbondedIOPullups         
0     00082f91  GPIO_EnableUnbondedIOPullupsFor176Pin
0     00007c00  GpioCtrlRegs                         
0     00007f00  GpioDataRegs                         
0     0008367f  I2CA_FIFO_ISR                        
0     00083689  I2CA_HIGH_ISR                        
0     00083693  I2CA_ISR                             
0     0008369d  I2CB_FIFO_ISR                        
0     000836a7  I2CB_ISR                             
0     000836b1  ILLEGAL_ISR                          
0     0000a938  INTERNAL_MAIN_STATE                  
0     0000a93a  INTERNAL_SUB_STATE                   
0     0008290a  InitAdcConfig                        
0     000823ee  InitAuxPll                           
0     00082c91  InitCpuTimers                        
0     00082882  InitEPwm1Config                      
0     0008306a  InitEPwm1Gpio                        
0     000826cb  InitEPwm2Config                      
0     00083080  InitEPwm2Gpio                        
0     00082991  InitEPwm3Config                      
0     00082ff3  InitEPwm3Gpio                        
0     000829fa  InitEPwm4Config                      
0     0008300b  InitEPwm4Gpio                        
0     00008000  InitFlash                            
0     00082d34  InitGpioInOutConfig                  
0     00082237  InitPeripheralClocks                 
0     00082f37  InitPieCtrl                          
0     000830a7  InitPieVectTable                     
0     00082ac9  InitSysCtrl                          
0     00082136  InitSysPll                           
0     0008275f  IsPLLValid                           
0     000830c7  ItrCom_AswIsrCtr                     
0     000839af  ItrCom_AswTask100ms                  
0     000839b0  ItrCom_AswTask100us                  
0     000839b1  ItrCom_AswTask10ms                   
0     00082e67  ItrCom_AswTask1ms                    
0     0008398d  ItrCom_DisableObcPWM                 
0     00083994  ItrCom_DisableSrPWM                  
0     000831d9  ItrCom_GetCurr                       
0     000831e3  ItrCom_GetVolt                       
0     00083053  ItrCom_SetPwmPhase                   
0     00082e40  ItrCom_SetSrPwmduty                  
0     00082d94  LPF1                                 
0     000836bb  MCANSS0_ISR                          
0     000836c5  MCANSS1_ISR                          
0     000836cf  MCANSS_ECC_CORR_PLS_ISR              
0     000836d9  MCANSS_WAKE_AND_TS_PLS_ISR           
0     000836e3  MCBSPA_RX_ISR                        
0     000836ed  MCBSPA_TX_ISR                        
0     000836f7  MCBSPB_RX_ISR                        
0     00083701  MCBSPB_TX_ISR                        
0     0008370b  MPOST_ISR                            
0     000830b8  MonAdcIsr                            
0     00083715  NMI_ISR                              
0     0008371f  NOTUSED_ISR                          
0     00083729  PIE_RESERVED_ISR                     
0     00082a63  PI_Control_calc                      
0     00083733  PMBUSA_ISR                           
0     00000ce0  PieCtrlRegs                          
0     00000d00  PieVectTable                         
0     00090000  PieVectTableInit                     
0     0008373d  RTOS_ISR                             
0     00086030  RamfuncsLoadEnd                      
abs   00000030  RamfuncsLoadSize                     
0     00086000  RamfuncsLoadStart                    
0     00008030  RamfuncsRunEnd                       
abs   00000030  RamfuncsRunSize                      
0     00008000  RamfuncsRunStart                     
0     00083747  SCIA_RX_ISR                          
0     00083751  SCIA_TX_ISR                          
0     0008375b  SCIB_RX_ISR                          
0     00083765  SCIB_TX_ISR                          
0     0008376f  SCIC_RX_ISR                          
0     00083779  SCIC_TX_ISR                          
0     00083783  SCID_RX_ISR                          
0     0008378d  SCID_TX_ISR                          
0     00083797  SDFM1DR1_ISR                         
0     000837a1  SDFM1DR2_ISR                         
0     000837ab  SDFM1DR3_ISR                         
0     000837b5  SDFM1DR4_ISR                         
0     000837bf  SDFM1_ISR                            
0     000837c9  SDFM2DR1_ISR                         
0     000837d3  SDFM2DR2_ISR                         
0     000837dd  SDFM2DR3_ISR                         
0     000837e7  SDFM2DR4_ISR                         
0     000837f1  SDFM2_ISR                            
0     000837fb  SPIA_RX_ISR                          
0     00083805  SPIA_TX_ISR                          
0     0008380f  SPIB_RX_ISR                          
0     00083819  SPIB_TX_ISR                          
0     00083823  SPIC_RX_ISR                          
0     0008382d  SPIC_TX_ISR                          
0     00083837  SPID_RX_ISR                          
0     00083841  SPID_TX_ISR                          
0     0008384b  SYS_ERR_ISR                          
0     00082e67  SeqChkMainState                      
0     000839a5  Seq_GetInteralMainState              
0     000839a9  Seq_SetInteralMainState              
[...]
0     0000a91e  CntCtrISR                            
0     0000a920  gfCurrCal                            
0     0000a926  gfVoltCal                            
0     0000a92c  gfVoltRaw                            
0     0000a932  __TI_enable_exit_profile_output      
0     0000a934  __TI_cleanup_ptr                     
0     0000a936  __TI_dtors_ptr                       
0     0000a938  INTERNAL_MAIN_STATE                  
0     0000a939  giInternalMainState                  
0     0000a93a  INTERNAL_SUB_STATE                   
0     0000a93b  giInternalSubState                   
0     0000a93c  _unlock                              
0     0000a93e  gfCurr_HiFlt_Cal                     
0     0000a940  gfVolt_HiFlt_Cal                     
0     0000a942  giCurrState                          
0     0000a943  giVoltState                          
0     0000a944  CpuTimer0                            
0     0000a94c  CpuTimer1                            
0     0000a954  CpuTimer2                            
0     0000a95c  CntTask100us                         
0     0000a95e  CntTask1ms                           
0     0000a960  CntTask10ms                          
0     0000a962  CntTask100ms                         
0     0000a964  giLdcCurrCtrState                    
0     0000a966  gfLdcCurrPIOutMax                    
0     0000a968  giAdcOffsetCalCnt                    
0     0000a969  giAdcoffsetCplFlag                   
0     0000a96a  gfIObcLdc                            
0     0000a96c  gfVObcLdc                            
0     0005d000  DevCfgRegs                           
0     0005d200  ClkCfgRegs                           
0     0005d300  CpuSysRegs                           
0     0005d700  AnalogSubsysRegs                     
0     0005e700  Dcc0Regs                             
0     0005e740  Dcc1Regs                             
0     0005e780  Dcc2Regs                             
0     0005f800  Flash0CtrlRegs                       
0     0005fb00  Flash0EccRegs                        
0     00080000  code_start                           
0     00082000  CtrLdcCurr                           
0     00082136  InitSysPll                           
0     00082237  InitPeripheralClocks                 
0     00082316  ceil                                 
0     00082316  ceill                                
0     000823ee  InitAuxPll                           
0     000824ae  CtrLdcOutVolt                        
0     00082569  AdcSetMode                           
0     0008261b  VerifyXTAL                           
0     000826cb  InitEPwm2Config                      
0     0008275f  IsPLLValid                           
0     000827f3  ComputeCntrSeedValue                 
0     00082882  InitEPwm1Config                      
0     0008290a  InitAdcConfig                        
0     00082991  InitEPwm3Config                      
0     000829fa  InitEPwm4Config                      
0     00082a63  PI_Control_calc                      
0     00082ac9  InitSysCtrl                          
0     00082b2a  Timer1_Task_100us_isr                
0     00082b89  main                                 
0     00082be3  adca1_isr                            
0     00082c3b  BswAdcIsrOffsetCalc                  
0     00082c91  InitCpuTimers                        
0     00082ccc  FdiagChkIO_RunCurrSwFlt              
0     00082d03  FdiagChkIO_RunVoltSwFlt              
0     00082d34  InitGpioInOutConfig                  
0     00082d64  __TI_decompress_lzss                 
0     00082d94  LPF1                                 
0     00082dc0  SysXtalOscSel                        
0     00082dec  __TI_auto_init_nobinit_nopinit       
0     00082e17  C$$EXIT                              
0     00082e17  abort                                
0     00082e19  exit                                 
0     00082e40  BswApi_SetSrPwmDuty                  
0     00082e40  BswPwm_SetSrPwmDuty                  
0     00082e40  ItrCom_SetSrPwmduty                  
0     00082e67  AswApi_AswTask1ms                    
0     00082e67  AswTask1ms                           
0     00082e67  ItrCom_AswTask1ms                    
0     00082e67  SeqChkMainState                      
0     00082e8e  CalAdcINL                            
0     00082eb4  ConfigCpuTimer                       
0     00082ed7  FdiagChkMConFault                    
0     00082ef8  BswAdcIsrCalc                        
0     00082f18  BswPwm_ForceLowPwm                   
0     00082f37  InitPieCtrl                          
0     00082f56  SysXtalOscSESel                      
0     00082f74  memcpy                               
0     00082f91  GPIO_EnableUnbondedIOPullupsFor176Pin
0     00082faa  _c_int00                             
0     00082fc3  AuxXtalOscSESel                      
0     00082fdb  AuxXtalOscSel                        
0     00082ff3  InitEPwm3Gpio                        
0     0008300b  InitEPwm4Gpio                        
0     0008303b  __c28xabi_andll                      
0     00083043  __c28xabi_orll                       
0     0008304b  __c28xabi_xorll                      
0     00083053  BswApi_SetPwmPhase                   
0     00083053  BswPwm_SetPwmPhase                   
0     00083053  ItrCom_SetPwmPhase                   
0     0008306a  InitEPwm1Gpio                        
0     00083080  InitEPwm2Gpio                        
0     00083096  FdiagChkMConNormal                   
0     000830a7  InitPieVectTable                     
0     000830b8  MonAdcIsr                            
0     000830c7  AswApi_AswIsrCtr                     
0     000830c7  AswIsrCtr                            
0     000830c7  ItrCom_AswIsrCtr                     
0     000830d4  DisableDog                           
0     000830e1  EMPTY_ISR                            
0     000830ee  __TI_zero_init_nomemset              
0     000830fb  _args_main                           
0     00083107  ADCA1_ISR                            
0     00083111  ADCA2_ISR                            
0     0008311b  ADCA3_ISR                            
0     00083125  ADCA4_ISR                            
0     0008312f  ADCA_EVT_ISR                         
0     00083139  ADCB1_ISR                            
0     00083143  ADCB2_ISR                            
0     0008314d  ADCB3_ISR                            
0     00083157  ADCB4_ISR                            
0     00083161  ADCB_EVT_ISR                         
0     0008316b  ADCC1_ISR                            
0     00083175  ADCC2_ISR                            
0     0008317f  ADCC3_ISR                            
0     00083189  ADCC4_ISR                            
0     00083193  ADCC_EVT_ISR                         
0     0008319d  ADCD1_ISR                            
0     000831a7  ADCD2_ISR                            
0     000831b1  ADCD3_ISR                            
0     000831bb  ADCD4_ISR                            
0     000831c5  ADCD_EVT_ISR                         
0     000831cf  AuxAuxClkSel                         
0     000831d9  BswApi_GetCurr                       
0     000831d9  ItrCom_GetCurr                       
0     000831e3  BswApi_GetVolt                       
0     000831e3  ItrCom_GetVolt                       
0     000831ed  CANA0_ISR                            
0     000831f7  CANA1_ISR                            
0     00083201  CANB0_ISR                            
0     0008320b  CANB1_ISR                            
0     00083215  CIPC0_ISR                            
0     0008321f  CIPC1_ISR                            
0     00083229  CIPC2_ISR                            
0     00083233  CIPC3_ISR                            
0     0008323d  CLA1CRC_ISR                          
0     00083247  CLA1_1_ISR                           
0     00083251  CLA1_2_ISR                           
0     0008325b  CLA1_3_ISR                           
0     00083265  CLA1_4_ISR                           
0     0008326f  CLA1_5_ISR                           
0     00083279  CLA1_6_ISR                           
0     00083283  CLA1_7_ISR                           
0     0008328d  CLA1_8_ISR                           
0     00083297  CLA_OVERFLOW_ISR                     
0     000832a1  CLA_UNDERFLOW_ISR                    
0     000832ab  CLB1_ISR                             
0     000832b5  CLB2_ISR                             
0     000832bf  CLB3_ISR                             
0     000832c9  CLB4_ISR                             
0     000832d3  CLB5_ISR                             
0     000832dd  CLB6_ISR                             
0     000832e7  CLB7_ISR                             
0     000832f1  CLB8_ISR                             
0     000832fb  CMTOCPUXIPC0_ISR                     
0     00083305  CMTOCPUXIPC1_ISR                     
0     0008330f  CMTOCPUXIPC2_ISR                     
0     00083319  CMTOCPUXIPC3_ISR                     
0     00083323  CMTOCPUXIPC4_ISR                     
0     0008332d  CMTOCPUXIPC5_ISR                     
0     00083337  CMTOCPUXIPC6_ISR                     
0     00083341  CMTOCPUXIPC7_ISR                     
0     0008334b  CM_STATUS_ISR                        
0     00083355  CPUCRC_ISR                           
0     0008335f  DATALOG_ISR                          
0     00083369  DMA_CH1_ISR                          
0     00083373  DMA_CH2_ISR                          
0     0008337d  DMA_CH3_ISR                          
0     00083387  DMA_CH4_ISR                          
0     00083391  DMA_CH5_ISR                          
0     0008339b  DMA_CH6_ISR                          
0     000833a5  ECAP1_ISR                            
0     000833af  ECAP2_ISR                            
0     000833b9  ECAP3_ISR                            
0     000833c3  ECAP4_ISR                            
0     000833cd  ECAP5_ISR                            
0     000833d7  ECAP6_2_ISR                          
0     000833e1  ECAP6_ISR                            
0     000833eb  ECAP7_2_ISR                          
0     000833f5  ECAP7_ISR                            
0     000833ff  ECATRST_ISR                          
0     00083409  ECATSYNC0_ISR                        
0     00083413  ECATSYNC1_ISR                        
0     0008341d  ECAT_ISR                             
0     00083427  EMU_ISR                              
0     00083431  EPWM10_ISR                           
0     0008343b  EPWM10_TZ_ISR                        
0     00083445  EPWM11_ISR                           
0     0008344f  EPWM11_TZ_ISR                        
0     00083459  EPWM12_ISR                           
0     00083463  EPWM12_TZ_ISR                        
0     0008346d  EPWM13_ISR                           
0     00083477  EPWM13_TZ_ISR                        
0     00083481  EPWM14_ISR                           
0     0008348b  EPWM14_TZ_ISR                        
0     00083495  EPWM15_ISR                           
0     0008349f  EPWM15_TZ_ISR                        
0     000834a9  EPWM16_ISR                           
0     000834b3  EPWM16_TZ_ISR                        
0     000834bd  EPWM1_ISR                            
0     000834c7  EPWM1_TZ_ISR                         
0     000834d1  EPWM2_ISR                            
0     000834db  EPWM2_TZ_ISR                         
0     000834e5  EPWM3_ISR                            
0     000834ef  EPWM3_TZ_ISR                         
0     000834f9  EPWM4_ISR                            
0     00083503  EPWM4_TZ_ISR                         
0     0008350d  EPWM5_ISR                            
0     00083517  EPWM5_TZ_ISR                         
0     00083521  EPWM6_ISR                            
0     0008352b  EPWM6_TZ_ISR                         
0     00083535  EPWM7_ISR                            
0     0008353f  EPWM7_TZ_ISR                         
0     00083549  EPWM8_ISR                            
0     00083553  EPWM8_TZ_ISR                         
0     0008355d  EPWM9_ISR                            
0     00083567  EPWM9_TZ_ISR                         
0     00083571  EQEP1_ISR                            
0     0008357b  EQEP2_ISR                            
0     00083585  EQEP3_ISR                            
0     0008358f  FMC_ISR                              
0     00083599  FPU_OFLOW_ISR                        
0     000835a3  FPU_UFLOW_ISR                        
0     000835ad  FSIRXA1_ISR                          
0     000835b7  FSIRXA2_ISR                          
0     000835c1  FSIRXB1_ISR                          
0     000835cb  FSIRXB2_ISR                          
0     000835d5  FSIRXC1_ISR                          
0     000835df  FSIRXC2_ISR                          
0     000835e9  FSIRXD1_ISR                          
0     000835f3  FSIRXD2_ISR                          
0     000835fd  FSIRXE1_ISR                          
0     00083607  FSIRXE2_ISR                          
0     00083611  FSIRXF1_ISR                          
0     0008361b  FSIRXF2_ISR                          
0     00083625  FSIRXG1_ISR                          
0     0008362f  FSIRXG2_ISR                          
0     00083639  FSIRXH1_ISR                          
0     00083643  FSIRXH2_ISR                          
0     0008364d  FSITXA1_ISR                          
0     00083657  FSITXA2_ISR                          
0     00083661  FSITXB1_ISR                          
0     0008366b  FSITXB2_ISR                          
0     00083675  GPIO_EnableUnbondedIOPullups         
0     0008367f  I2CA_FIFO_ISR                        
0     00083689  I2CA_HIGH_ISR                        
0     00083693  I2CA_ISR                             
0     0008369d  I2CB_FIFO_ISR                        
0     000836a7  I2CB_ISR                             
0     000836b1  ILLEGAL_ISR                          
0     000836bb  MCANSS0_ISR                          
0     000836c5  MCANSS1_ISR                          
0     000836cf  MCANSS_ECC_CORR_PLS_ISR              
0     000836d9  MCANSS_WAKE_AND_TS_PLS_ISR           
0     000836e3  MCBSPA_RX_ISR                        
0     000836ed  MCBSPA_TX_ISR                        
0     000836f7  MCBSPB_RX_ISR                        
0     00083701  MCBSPB_TX_ISR                        
0     0008370b  MPOST_ISR                            
0     00083715  NMI_ISR                              
0     0008371f  NOTUSED_ISR                          
0     00083729  PIE_RESERVED_ISR                     
0     00083733  PMBUSA_ISR                           
0     0008373d  RTOS_ISR                             
0     00083747  SCIA_RX_ISR                          
0     00083751  SCIA_TX_ISR                          
0     0008375b  SCIB_RX_ISR                          
0     00083765  SCIB_TX_ISR                          
0     0008376f  SCIC_RX_ISR                          
0     00083779  SCIC_TX_ISR                          
0     00083783  SCID_RX_ISR                          
0     0008378d  SCID_TX_ISR                          
0     00083797  SDFM1DR1_ISR                         
0     000837a1  SDFM1DR2_ISR                         
0     000837ab  SDFM1DR3_ISR                         
0     000837b5  SDFM1DR4_ISR                         
0     000837bf  SDFM1_ISR                            
0     000837c9  SDFM2DR1_ISR                         
0     000837d3  SDFM2DR2_ISR                         
0     000837dd  SDFM2DR3_ISR                         
0     000837e7  SDFM2DR4_ISR                         
0     000837f1  SDFM2_ISR                            
0     000837fb  SPIA_RX_ISR                          
0     00083805  SPIA_TX_ISR                          
0     0008380f  SPIB_RX_ISR                          
0     00083819  SPIB_TX_ISR                          
0     00083823  SPIC_RX_ISR                          
0     0008382d  SPIC_TX_ISR                          
0     00083837  SPID_RX_ISR                          
0     00083841  SPID_TX_ISR                          
0     0008384b  SYS_ERR_ISR                          
0     00083855  SysIntOsc1Sel                        
0     0008385f  TIMER0_ISR                           
0     00083869  TIMER1_ISR                           
0     00083873  TIMER2_ISR                           
0     0008387d  USBA_ISR                             
0     00083887  USER10_ISR                           
0     00083891  USER11_ISR                           
0     0008389b  USER12_ISR                           
0     000838a5  USER1_ISR                            
0     000838af  USER2_ISR                            
0     000838b9  USER3_ISR                            
0     000838c3  USER4_ISR                            
0     000838cd  USER5_ISR                            
0     000838d7  USER6_ISR                            
0     000838e1  USER7_ISR                            
0     000838eb  USER8_ISR                            
0     000838f5  USER9_ISR                            
0     000838ff  WAKE_ISR                             
0     00083909  XINT1_ISR                            
0     00083913  XINT2_ISR                            
0     0008391d  XINT3_ISR                            
0     00083927  XINT4_ISR                            
0     00083931  XINT5_ISR                            
0     0008393b  FdiagChkMConInhibit                  
0     00083944  _register_unlock                     
0     00083948  _register_lock                       
0     0008394c  _nop                                 
0     0008394d  AuxIntOsc2Sel                        
0     00083955  BswTask100ms                         
0     0008395d  BswTask100us                         
0     00083965  BswTask10ms                          
0     0008396d  BswTask1ms                           
0     00083975  SysIntOsc2Sel                        
0     0008397d  __TI_decompress_none                 
0     0008398d  BswApi_DisableObcPWM                 
0     0008398d  BswPwm_DisableObcPwm                 
0     0008398d  ItrCom_DisableObcPWM                 
0     00083994  BswApi_DisableSrPWM                  
0     00083994  BswPwm_DisableSrPwm                  
0     00083994  ItrCom_DisableSrPWM                  
0     0008399b  FdiagChkIO_GetCurrState              
0     000839a0  FdiagChkIO_GetVoltState              
0     000839a5  Seq_GetInteralMainState              
0     000839a9  Seq_SetInteralMainState              
0     000839ad  _system_pre_init                     
0     000839af  AswApi_AswTask100ms                  
0     000839af  AswTask100ms                         
0     000839af  ItrCom_AswTask100ms                  
0     000839b0  AswApi_AswTask100us                  
0     000839b0  AswTask100us                         
0     000839b0  ItrCom_AswTask100us                  
0     000839b1  AswApi_AswTask10ms                   
0     000839b1  AswTask10ms                          
0     000839b1  ItrCom_AswTask10ms                   
0     000839b2  _system_post_cinit                   
0     00086000  RamfuncsLoadStart                    
0     00086030  RamfuncsLoadEnd                      
0     00088074  __TI_Handler_Table_Base              
0     0008807a  __TI_Handler_Table_Limit             
0     00088082  __TI_CINIT_Base                      
0     0008808e  __TI_CINIT_Limit                     
0     0008808e  __TI_CINIT_Warm                      
0     00090000  PieVectTableInit                     
abs   00000030  RamfuncsLoadSize                     
abs   00000030  RamfuncsRunSize                      
abs   00000100  __TI_STACK_SIZE                      
abs   ffffffff  __TI_pprof_out_hndl                  
abs   ffffffff  __TI_prof_data_size                  
abs   ffffffff  __TI_prof_data_start                 
n/a   UNDEFED   __c_args__                           

[467 symbols]
