******************************************************************************
             TMS320C2000 Linker PC v20.8.0                     
******************************************************************************
>> Linked Thu Dec 11 00:14:59 2025

OUTPUT FILE NAME:   <250304_TTP.out>
ENTRY POINT SYMBOL: "code_start"  address: 00080000


MEMORY CONFIGURATION

         name            origin    length      used     unused   attr    fill
----------------------  --------  ---------  --------  --------  ----  --------
  BOOT_RSVD             00000002   000001ae  00000000  000001ae  RWIX
  RAMM0                 000001b0   00000250  00000000  00000250  RWIX
  RAMM1                 00000400   00000400  00000100  00000300  RWIX
  ADCARESULT            00000b00   00000018  00000000  00000018  RWIX
  ADCBRESULT            00000b20   00000018  00000018  00000000  RWIX
  ADCCRESULT            00000b40   00000018  00000000  00000018  RWIX
  ADCDRESULT            00000b60   00000018  00000000  00000018  RWIX
  CPUTIMER0             00000c00   00000008  00000008  00000000  RWIX
  CPUTIMER1             00000c08   00000008  00000008  00000000  RWIX
  CPUTIMER2             00000c10   00000008  00000008  00000000  RWIX
  PIECTRL               00000ce0   0000001a  0000001a  00000000  RWIX
  PIEVECTTABLE          00000d00   00000200  000001c0  00000040  RWIX
  DMA                   00001000   00000200  00000000  00000200  RWIX
  CLA1                  00001400   00000080  00000000  00000080  RWIX
  CLB1LOGICCFG          00003000   00000052  00000000  00000052  RWIX
  CLB1LOGICCTRL         00003100   00000040  00000000  00000040  RWIX
  CLB1DATAEXCH          00003180   00000080  00000000  00000080  RWIX
  CLB2LOGICCFG          00003200   00000052  00000000  00000052  RWIX
  CLB2LOGICCTRL         00003300   00000040  00000000  00000040  RWIX
  CLB2DATAEXCH          00003380   00000080  00000000  00000080  RWIX
  CLB3LOGICCFG          00003400   00000052  00000000  00000052  RWIX
  CLB3LOGICCTRL         00003500   00000040  00000000  00000040  RWIX
  CLB3DATAEXCH          00003580   00000080  00000000  00000080  RWIX
  CLB4LOGICCFG          00003600   00000052  00000000  00000052  RWIX
  CLB4LOGICCTRL         00003700   00000040  00000000  00000040  RWIX
  CLB4DATAEXCH          00003780   00000080  00000000  00000080  RWIX
  CLB5LOGICCFG          00003800   00000052  00000000  00000052  RWIX
  CLB5LOGICCTRL         00003900   00000040  00000000  00000040  RWIX
  CLB5DATAEXCH          00003980   00000080  00000000  00000080  RWIX
  CLB6LOGICCFG          00003a00   00000052  00000000  00000052  RWIX
  CLB6LOGICCTRL         00003b00   00000040  00000000  00000040  RWIX
  CLB6DATAEXCH          00003b80   00000080  00000000  00000080  RWIX
  CLB7LOGICCFG          00003c00   00000052  00000000  00000052  RWIX
  CLB7LOGICCTRL         00003d00   00000040  00000000  00000040  RWIX
  CLB7DATAEXCH          00003d80   00000080  00000000  00000080  RWIX
  CLB8LOGICCFG          00003e00   00000052  00000000  00000052  RWIX
  CLB8LOGICCTRL         00003f00   00000040  00000000  00000040  RWIX
  CLB8DATAEXCH          00003f80   00000080  00000000  00000080  RWIX
  EPWM1                 00004000   00000100  00000100  00000000  RWIX
  EPWM2                 00004100   00000100  00000100  00000000  RWIX
  EPWM3                 00004200   00000100  00000100  00000000  RWIX
  EPWM4                 00004300   00000100  00000100  00000000  RWIX
  EPWM5                 00004400   00000100  00000100  00000000  RWIX
  EPWM6                 00004500   00000100  00000100  00000000  RWIX
  EPWM7                 00004600   00000100  00000100  00000000  RWIX
  EPWM8                 00004700   00000100  00000100  00000000  RWIX
  EPWM9                 00004800   00000100  00000100  00000000  RWIX
  EPWM10                00004900   00000100  00000100  00000000  RWIX
  EPWM11                00004a00   00000100  00000100  00000000  RWIX
  EPWM12                00004b00   00000100  00000100  00000000  RWIX
  EPWM13                00004c00   00000100  00000000  00000100  RWIX
  EPWM14                00004d00   00000100  00000000  00000100  RWIX
  EPWM15                00004e00   00000100  00000000  00000100  RWIX
  EPWM16                00004f00   00000100  00000000  00000100  RWIX
  EQEP1                 00005100   00000040  00000000  00000040  RWIX
  EQEP2                 00005140   00000040  00000000  00000040  RWIX
  EQEP3                 00005180   00000040  00000000  00000040  RWIX
  ECAP1                 00005200   00000020  00000000  00000020  RWIX
  ECAP2                 00005240   00000020  00000000  00000020  RWIX
  ECAP3                 00005280   00000020  00000000  00000020  RWIX
  ECAP4                 000052c0   00000020  00000000  00000020  RWIX
  ECAP5                 00005300   00000020  00000000  00000020  RWIX
  ECAP6                 00005340   00000020  00000000  00000020  RWIX
  HRCAP6                00005360   00000020  00000000  00000020  RWIX
  ECAP7                 00005380   00000020  00000000  00000020  RWIX
  HRCAP7                000053a0   00000020  00000000  00000020  RWIX
  DACA                  00005c00   00000008  00000000  00000008  RWIX
  DACB                  00005c10   00000008  00000000  00000008  RWIX
  DACC                  00005c20   00000008  00000000  00000008  RWIX
  CMPSS1                00005c80   00000020  00000000  00000020  RWIX
  CMPSS2                00005ca0   00000020  00000000  00000020  RWIX
  CMPSS3                00005cc0   00000020  00000000  00000020  RWIX
  CMPSS4                00005ce0   00000020  00000000  00000020  RWIX
  CMPSS5                00005d00   00000020  00000000  00000020  RWIX
  CMPSS6                00005d20   00000020  00000000  00000020  RWIX
  CMPSS7                00005d40   00000020  00000000  00000020  RWIX
  CMPSS8                00005d60   00000020  00000000  00000020  RWIX
  SDFM1                 00005e00   00000080  00000000  00000080  RWIX
  SDFM2                 00005e80   00000080  00000000  00000080  RWIX
  MCBSPA                00006000   00000024  00000000  00000024  RWIX
  MCBSPB                00006040   00000024  00000000  00000024  RWIX
  SPIA                  00006100   00000010  00000000  00000010  RWIX
  SPIB                  00006110   00000010  00000000  00000010  RWIX
  SPIC                  00006120   00000010  00000000  00000010  RWIX
  SPID                  00006130   00000010  00000000  00000010  RWIX
  BGCRCCPU              00006340   00000040  00000000  00000040  RWIX
  BGCRCCLA1             00006380   00000040  00000000  00000040  RWIX
  PMBUSA                00006400   00000020  00000000  00000020  RWIX
  FSITXA                00006600   00000050  00000000  00000050  RWIX
  FSIRXA                00006680   00000050  00000000  00000050  RWIX
  FSITXB                00006700   00000050  00000000  00000050  RWIX
  FSIRXB                00006780   00000050  00000000  00000050  RWIX
  FSIRXC                00006880   00000050  00000000  00000050  RWIX
  FSIRXD                00006980   00000050  00000000  00000050  RWIX
  FSIRXE                00006a80   00000050  00000000  00000050  RWIX
  FSIRXF                00006b80   00000050  00000000  00000050  RWIX
  FSIRXG                00006c80   00000050  00000000  00000050  RWIX
  FSIRXH                00006d80   00000050  00000000  00000050  RWIX
  WD                    00007000   0000002b  0000002b  00000000  RWIX
  NMIINTRUPT            00007060   00000010  00000000  00000010  RWIX
  XINT                  00007070   0000000b  00000000  0000000b  RWIX
  SCIA                  00007200   00000010  00000000  00000010  RWIX
  SCIB                  00007210   00000010  00000000  00000010  RWIX
  SCIC                  00007220   00000010  00000000  00000010  RWIX
  SCID                  00007230   00000010  00000000  00000010  RWIX
  I2CA                  00007300   00000022  00000000  00000022  RWIX
  I2CB                  00007340   00000022  00000000  00000022  RWIX
  ADCA                  00007400   00000080  0000007c  00000004  RWIX
  ADCB                  00007480   00000080  0000007c  00000004  RWIX
  ADCC                  00007500   00000080  0000007c  00000004  RWIX
  ADCD                  00007580   00000080  0000007c  00000004  RWIX
  INPUTXBAR             00007900   00000020  00000000  00000020  RWIX
  XBAR                  00007920   00000020  00000000  00000020  RWIX
  SYNCSOC               00007940   00000006  00000000  00000006  RWIX
  CLBINPUTXBAR          00007960   00000020  00000000  00000020  RWIX
  DMACLASRCSEL          00007980   0000001a  00000000  0000001a  RWIX
  EPWMXBAR              00007a00   00000040  00000000  00000040  RWIX
  CLBXBAR               00007a40   00000040  00000000  00000040  RWIX
  OUTPUTXBAR            00007a80   00000040  00000000  00000040  RWIX
  CLBOUTPUTXBAR         00007bc0   00000040  00000000  00000040  RWIX
  GPIOCTRL              00007c00   00000200  00000180  00000080  RWIX
  GPIODATA              00007f00   00000040  00000030  00000010  RWIX
  GPIODATAREAD          00007f80   00000010  00000000  00000010  RWIX
  RAMLS0                00008000   00000800  00000030  000007d0  RWIX
  RAMLS1                00008800   00000800  00000000  00000800  RWIX
  RAMLS2                00009000   00000800  00000000  00000800  RWIX
  RAMLS3                00009800   00000800  00000000  00000800  RWIX
  RAMLS4                0000a000   00000800  00000000  00000800  RWIX
  RAMLS5                0000a800   00000800  000003e6  0000041a  RWIX
  RAMLS6                0000b000   00000800  00000000  00000800  RWIX
  RAMLS7                0000b800   00000800  00000000  00000800  RWIX
  RAMD0                 0000c000   00000800  00000000  00000800  RWIX
  RAMD1                 0000c800   00000800  00000000  00000800  RWIX
  RAMGS0                0000d000   00001000  00000000  00001000  RWIX
  RAMGS1                0000e000   00001000  00000000  00001000  RWIX
  RAMGS2                0000f000   00001000  00000000  00001000  RWIX
  RAMGS3                00010000   00001000  00000000  00001000  RWIX
  RAMGS4                00011000   00001000  00000000  00001000  RWIX
  RAMGS5                00012000   00001000  00000000  00001000  RWIX
  RAMGS6                00013000   00001000  00000000  00001000  RWIX
  RAMGS7                00014000   00001000  00000000  00001000  RWIX
  RAMGS8                00015000   00001000  00000000  00001000  RWIX
  RAMGS9                00016000   00001000  00000000  00001000  RWIX
  RAMGS10               00017000   00001000  00000000  00001000  RWIX
  RAMGS11               00018000   00001000  00000000  00001000  RWIX
  RAMGS12               00019000   00001000  00000000  00001000  RWIX
  RAMGS13               0001a000   00001000  00000000  00001000  RWIX
  RAMGS14               0001b000   00001000  00000000  00001000  RWIX
  RAMGS15               0001c000   00001000  00000000  00001000  RWIX
  CMTOCPURAM            00038000   00000800  00000088  00000778  RWIX
  CPUTOCMRAM            00039000   00000800  00000088  00000778  RWIX
  CPU1TOCPU2RAM         0003a000   00000800  00000088  00000778  RWIX
  CPU2TOCPU1RAM         0003b000   00000800  00000088  00000778  RWIX
  EMIF1                 00047000   00000070  00000000  00000070  RWIX
  EMIF2                 00047800   00000070  00000000  00000070  RWIX
  CANA                  00048000   00000200  00000000  00000200  RWIX
  CANA_MSG_RAM          00049000   00000800  00000000  00000800  RWIX
  CANB                  0004a000   00000200  00000000  00000200  RWIX
  CANB_MSG_RAM          0004b000   00000800  00000000  00000800  RWIX
  ESCSS                 00057e00   00000024  00000000  00000024  RWIX
  ESCSSCONFIG           00057f00   00000016  00000000  00000016  RWIX
  CPU1TOCPU2IPC         0005ce00   00000026  00000000  00000026  RWIX
  CPU1TOCMIPC           0005ce40   00000026  00000000  00000026  RWIX
  DEVCFG                0005d000   000001a0  000001a0  00000000  RWIX
  CLKCFG                0005d200   00000100  0000003a  000000c6  RWIX
  CPUSYS                0005d300   000000a0  0000009c  00000004  RWIX
  SYSSTATUS             0005d400   00000100  00000000  00000100  RWIX
  SYSPERIPHAC           0005d500   00000200  00000000  00000200  RWIX
  ANALOGSUBSYS          0005d700   00000100  0000003e  000000c2  RWIX
  CMCONF                0005dc00   00000400  00000000  00000400  RWIX
  DCC0                  0005e700   00000038  0000002c  0000000c  RWIX
  DCC1                  0005e740   00000038  0000002c  0000000c  RWIX
  DCC2                  0005e780   00000038  0000002c  0000000c  RWIX
  ERADGLOBAL            0005e800   00000013  00000000  00000013  RWIX
  ERADHWBP1             0005e900   00000008  00000000  00000008  RWIX
  ERADHWBP2             0005e908   00000008  00000000  00000008  RWIX
  ERADHWBP3             0005e910   00000008  00000000  00000008  RWIX
  ERADHWBP4             0005e918   00000008  00000000  00000008  RWIX
  ERADHWBP5             0005e920   00000008  00000000  00000008  RWIX
  ERADHWBP6             0005e928   00000008  00000000  00000008  RWIX
  ERADHWBP7             0005e930   00000008  00000000  00000008  RWIX
  ERADHWBP8             0005e938   00000008  00000000  00000008  RWIX
  ERADCOUNTER1          0005e980   00000010  00000000  00000010  RWIX
  ERADCOUNTER2          0005e990   00000010  00000000  00000010  RWIX
  ERADCOUNTER3          0005e9a0   00000010  00000000  00000010  RWIX
  ERADCOUNTER4          0005e9b0   00000010  00000000  00000010  RWIX
  ERADCRCGLOBAL         0005ea00   00000010  00000000  00000010  RWIX
  ERADCRC1              0005ea10   00000010  00000000  00000010  RWIX
  ERADCRC2              0005ea20   00000010  00000000  00000010  RWIX
  ERADCRC3              0005ea30   00000010  00000000  00000010  RWIX
  ERADCRC4              0005ea40   00000010  00000000  00000010  RWIX
  ERADCRC5              0005ea50   00000010  00000000  00000010  RWIX
  ERADCRC6              0005ea60   00000010  00000000  00000010  RWIX
  ERADCRC7              0005ea70   00000010  00000000  00000010  RWIX
  ERADCRC8              0005ea80   00000010  00000000  00000010  RWIX
  DCSMZ1                0005f000   0000003e  00000000  0000003e  RWIX
  DCSMZ2                0005f080   0000003e  00000000  0000003e  RWIX
  DCSMCOMMON            0005f0c0   00000020  00000000  00000020  RWIX
  MEMCFG                0005f400   000000c0  00000000  000000c0  RWIX
  EMIF1CONFIG           0005f4c0   00000020  00000000  00000020  RWIX
  EMIF2CONFIG           0005f4e0   00000020  00000000  00000020  RWIX
  ACCESSPROTECTION      0005f500   00000040  00000000  00000040  RWIX
  MEMORYERROR           0005f540   00000040  00000000  00000040  RWIX
  ROMWAITSTATE          0005f580   00000008  00000000  00000008  RWIX
  ROMPREFETCH           0005f588   00000008  00000000  00000008  RWIX
  TESTERROR             0005f590   00000010  00000000  00000010  RWIX
  FLASH0CTRL            0005f800   00000182  00000182  00000000  RWIX
  FLASH0ECC             0005fb00   00000028  00000028  00000000  RWIX
  DCSMZ1OTP             00078000   00000020  00000000  00000020  RWIX
  DCSMZ2OTP             00078200   00000020  00000000  00000020  RWIX
  BEGIN                 00080000   00000002  00000002  00000000  RWIX
  FLASH0                00080002   00001ffe  00000000  00001ffe  RWIX
  FLASH1                00082000   00002000  00002000  00000000  RWIX
  FLASH2                00084000   00002000  00000b51  000014af  RWIX
  FLASH3                00086000   00002000  00000030  00001fd0  RWIX
  FLASH4                00088000   00008000  000000dc  00007f24  RWIX
  FLASH5                00090000   00008000  00000290  00007d70  RWIX
  FLASH6                00098000   00008000  00000000  00008000  RWIX
  FLASH7                000a0000   00008000  00000000  00008000  RWIX
  FLASH8                000a8000   00008000  00000000  00008000  RWIX
  FLASH9                000b0000   00008000  00000000  00008000  RWIX
  FLASH10               000b8000   00002000  00000000  00002000  RWIX
  FLASH11               000ba000   00002000  00000000  00002000  RWIX
  FLASH12               000bc000   00002000  00000000  00002000  RWIX
  FLASH13               000be000   00002000  00000000  00002000  RWIX
  RESET                 003fffc0   00000002  00000000  00000002  RWIX


SECTION ALLOCATION MAP

 output                                  attributes/
section   page    origin      length       input sections
--------  ----  ----------  ----------   ----------------
codestart 
*          0    00080000    00000002     
                  00080000    00000002     f2838x_codestartbranch.obj (codestart)

.cinit     0    00088000    000000dc     
                  00088000    000000c2     (.cinit..data.load) [load image, compression = lzss]
                  000880c2    00000006     (__TI_handler_table)
                  000880c8    00000004     (.cinit..bss.load) [load image, compression = zero_init]
                  000880cc    00000004     (.cinit.PieVectTableFile.load) [load image, compression = zero_init]
                  000880d0    0000000c     (__TI_cinit_table)

.reset     0    003fffc0    00000000     DSECT

.stack     0    00000400    00000100     UNINITIALIZED
                  00000400    00000100     --HOLE--

.init_array 
*          0    00082000    00000000     UNINITIALIZED

.bss       0    0000abc4    00000022     UNINITIALIZED
                  0000abc4    00000018     f2838x_cputimers.obj (.bss)
                  0000abdc    00000008     BswTask.obj (.bss)
                  0000abe4    00000002     BswAdc.obj (.bss)

PieVectTableFile 
*          0    00000d00    000001c0     UNINITIALIZED
                  00000d00    000001c0     f2838x_globalvariabledefs.obj (PieVectTableFile)

EmuKeyVar 
*          0    00000d00    00000000     UNINITIALIZED

EmuBModeVar 
*          0    00000d00    00000000     UNINITIALIZED

EmuBootPinsVar 
*          0    00000d00    00000000     UNINITIALIZED

FlashCallbackVar 
*          0    00000d00    00000000     UNINITIALIZED

FlashScalingVar 
*          0    00000d00    00000000     UNINITIALIZED

.data      0    0000a800    000003c4     UNINITIALIZED
                  0000a800    00000164     CtrPfc.obj (.data)
                  0000a964    0000001a     BswPwm.obj (.data:ePWM_Regs)
                  0000a97e    00000002     rts2800_fpu64_eabi.lib : _lock.c.obj (.data:_lock)
                  0000a980    0000006e     FdiagCal.obj (.data)
                  0000a9ee    00000010     MonAdc.obj (.data:gf1IiccuSwLpf)
                  0000a9fe    00000002     rts2800_fpu64_eabi.lib : _lock.c.obj (.data:_unlock)
                  0000aa00    00000058     MonAdc.obj (.data)
                  0000aa58    00000021     FdiagChkS.obj (.data)
                  0000aa79    00000007     FdiagChkFS.obj (.data)
                  0000aa80    0000002a     CtrCal.obj (.data)
                  0000aaaa    0000001e     CtrPfc.obj (.data:gPiIPfcL)
                  0000aac8    00000018     BswAdc.obj (.data:gf1AdcResulLpf)
                  0000aae0    00000018     MonAdc.obj (.data:gf1ViccuSwLpf)
                  0000aaf8    00000006     BswIsr.obj (.data)
                  0000aafe    00000002     BswAdc.obj (.data:gfCurrCal)
                  0000ab00    00000014     BswCal.obj (.data)
                  0000ab14    00000014     FdiagChkCtr.obj (.data)
                  0000ab28    0000000b     FdiagChkM.obj (.data)
                  0000ab33    00000001     ItrComBswtoAsw.obj (.data)
                  0000ab34    00000006     BswAdc.obj (.data:gfAdcResult)
                  0000ab3a    00000006     BswAdc.obj (.data:gfAdcResultLpf)
                  0000ab40    00000006     BswAdc.obj (.data:gfAdcResultOffset)
                  0000ab46    00000006     MonAdc.obj (.data:gfVIccu)
                  0000ab4c    00000006     MonAdc.obj (.data:gfVIccuAdcResult)
                  0000ab52    00000006     MonAdc.obj (.data:gfVIccuSwLpf)
                  0000ab58    00000006     FdiagCal.obj (.data:gfVolt_VoltHiFlt_Cal)
                  0000ab5e    00000006     rts2800_fpu64_eabi.lib : exit.c.obj (.data)
                  0000ab64    00000004     FdiagChkIO.obj (.data)
                  0000ab68    00000004     MonPwr.obj (.data)
                  0000ab6c    00000004     SeqMain.obj (.data)
                  0000ab70    00000004     MonAdc.obj (.data:gfIIccu)
                  0000ab74    00000004     MonAdc.obj (.data:gfIIccuAdcResult)
                  0000ab78    00000004     MonAdc.obj (.data:gfIIccuSwLpf)
                  0000ab7c    00000004     FdiagCal.obj (.data:gfIccuCurr_CurrHiFlt_Cal)
                  0000ab80    00000004     BswAdc.obj (.data:gfVoltCal)
                  0000ab84    00000004     BswAdc.obj (.data:gfVoltRaw)
                  0000ab88    00000003     FdiagChkS.obj (.data:giTempSnsrState)
                  0000ab8b    00000003     FdiagChkS.obj (.data:giTempState)
                  0000ab8e    00000003     FdiagChkIO.obj (.data:giVoltSnsrState)
                  0000ab91    00000003     FdiagChkIO.obj (.data:giVoltSnsr_RationalFlt_Timer)
                  0000ab94    00000003     FdiagChkIO.obj (.data:giVoltSnsr_VoltHiFlt_Timer)
                  0000ab97    00000003     FdiagChkIO.obj (.data:giVoltSnsr_VoltLoFlt_Timer)
                  0000ab9a    00000003     FdiagChkIO.obj (.data:giVoltState)
                  0000ab9d    00000003     FdiagChkIO.obj (.data:giVolt_Ov_HealCycle)
                  0000aba0    00000003     FdiagChkIO.obj (.data:giVolt_Ov_HealState)
                  0000aba3    00000003     FdiagChkIO.obj (.data:giVolt_Ov_Timer)
                  0000aba6    00000003     FdiagChkIO.obj (.data:giVolt_Ov_count)
                  0000aba9    00000001     rts2800_fpu64_eabi.lib : errno.c.obj (.data)
                  0000abaa    00000002     BswAdc.obj (.data:gfCurrRaw)
                  0000abac    00000002     FdiagChkIO.obj (.data:giCurrSnsrState)
                  0000abae    00000002     FdiagChkIO.obj (.data:giCurrSnsr_RationalFlt_Timer)
                  0000abb0    00000002     FdiagChkIO.obj (.data:giCurrSnsr_VoltHiFlt_Timer)
                  0000abb2    00000002     FdiagChkIO.obj (.data:giCurrSnsr_VoltLoFlt_Timer)
                  0000abb4    00000002     FdiagChkIO.obj (.data:giCurrState)
                  0000abb6    00000002     FdiagChkIO.obj (.data:giCurr_Oc_Do_TripReset)
                  0000abb8    00000002     FdiagChkIO.obj (.data:giCurr_Oc_HealCycle)
                  0000abba    00000002     FdiagChkIO.obj (.data:giCurr_Oc_HealState)
                  0000abbc    00000002     FdiagChkIO.obj (.data:giCurr_Oc_Resume_Timer)
                  0000abbe    00000002     FdiagChkIO.obj (.data:giCurr_Oc_count)
                  0000abc0    00000002     FdiagChkS.obj (.data:giGatePwmEnFlag)
                  0000abc2    00000002     FdiagChkS.obj (.data:giGateState)

MSGRAM_CM_TO_CPU 
*          0    00038000    00000088     UNINITIALIZED
                  00038000    00000088     ipc.obj (MSGRAM_CM_TO_CPU)

MSGRAM_CPU_TO_CM 
*          0    00039000    00000088     UNINITIALIZED
                  00039000    00000088     ipc.obj (MSGRAM_CPU_TO_CM)

.const     0    00090000    00000290     
                  00090000    000001c0     f2838x_pievect.obj (.const)
                  000901c0    00000088     ipc.obj (.const:IPC_Instance)
                  00090248    00000020     interrupt.obj (.const:.string)
                  00090268    0000001a     ipc.obj (.const:.string)
                  00090282    00000004     rts2800_fpu64_eabi.lib : e_powf.c.obj (.const:bp)
                  00090286    00000004                            : e_powf.c.obj (.const:dp_h)
                  0009028a    00000004                            : e_powf.c.obj (.const:dp_l)
                  0009028e    00000002     CtrPfc.obj (.const:$P$T0$1)

MSGRAM_CPU1_TO_CPU2 
*          0    0003a000    00000088     UNINITIALIZED
                  0003a000    00000088     ipc.obj (MSGRAM_CPU1_TO_CPU2)

MSGRAM_CPU2_TO_CPU1 
*          0    0003b000    00000088     UNINITIALIZED
                  0003b000    00000088     ipc.obj (MSGRAM_CPU2_TO_CPU1)

.TI.ramfunc 
*          0    00086000    00000030     RUN ADDR = 00008000
                  00086000    0000002c     f2838x_sysctrl.obj (.TI.ramfunc:InitFlash)
                  0008602c    00000004     f2838x_usdelay.obj (.TI.ramfunc)

AdcaRegsFile 
*          0    00007400    0000007c     UNINITIALIZED
                  00007400    0000007c     f2838x_globalvariabledefs.obj (AdcaRegsFile)

AdcbRegsFile 
*          0    00007480    0000007c     UNINITIALIZED
                  00007480    0000007c     f2838x_globalvariabledefs.obj (AdcbRegsFile)

AdccRegsFile 
*          0    00007500    0000007c     UNINITIALIZED
                  00007500    0000007c     f2838x_globalvariabledefs.obj (AdccRegsFile)

AdcdRegsFile 
*          0    00007580    0000007c     UNINITIALIZED
                  00007580    0000007c     f2838x_globalvariabledefs.obj (AdcdRegsFile)

AdcbResultRegsFile 
*          0    00000b20    00000018     UNINITIALIZED
                  00000b20    00000018     f2838x_globalvariabledefs.obj (AdcbResultRegsFile)

AnalogSubsysRegsFile 
*          0    0005d700    0000003e     UNINITIALIZED
                  0005d700    0000003e     f2838x_globalvariabledefs.obj (AnalogSubsysRegsFile)

ClkCfgRegsFile 
*          0    0005d200    0000003a     UNINITIALIZED
                  0005d200    0000003a     f2838x_globalvariabledefs.obj (ClkCfgRegsFile)

CpuTimer0RegsFile 
*          0    00000c00    00000008     UNINITIALIZED
                  00000c00    00000008     f2838x_globalvariabledefs.obj (CpuTimer0RegsFile)

CpuTimer1RegsFile 
*          0    00000c08    00000008     UNINITIALIZED
                  00000c08    00000008     f2838x_globalvariabledefs.obj (CpuTimer1RegsFile)

CpuTimer2RegsFile 
*          0    00000c10    00000008     UNINITIALIZED
                  00000c10    00000008     f2838x_globalvariabledefs.obj (CpuTimer2RegsFile)

CpuSysRegsFile 
*          0    0005d300    0000009c     UNINITIALIZED
                  0005d300    0000009c     f2838x_globalvariabledefs.obj (CpuSysRegsFile)

Dcc0RegsFile 
*          0    0005e700    0000002c     UNINITIALIZED
                  0005e700    0000002c     f2838x_globalvariabledefs.obj (Dcc0RegsFile)

Dcc1RegsFile 
*          0    0005e740    0000002c     UNINITIALIZED
                  0005e740    0000002c     f2838x_globalvariabledefs.obj (Dcc1RegsFile)

Dcc2RegsFile 
*          0    0005e780    0000002c     UNINITIALIZED
                  0005e780    0000002c     f2838x_globalvariabledefs.obj (Dcc2RegsFile)

DevCfgRegsFile 
*          0    0005d000    000001a0     UNINITIALIZED
                  0005d000    000001a0     f2838x_globalvariabledefs.obj (DevCfgRegsFile)

EPwm1RegsFile 
*          0    00004000    00000100     UNINITIALIZED
                  00004000    00000100     f2838x_globalvariabledefs.obj (EPwm1RegsFile)

EPwm2RegsFile 
*          0    00004100    00000100     UNINITIALIZED
                  00004100    00000100     f2838x_globalvariabledefs.obj (EPwm2RegsFile)

EPwm3RegsFile 
*          0    00004200    00000100     UNINITIALIZED
                  00004200    00000100     f2838x_globalvariabledefs.obj (EPwm3RegsFile)

EPwm4RegsFile 
*          0    00004300    00000100     UNINITIALIZED
                  00004300    00000100     f2838x_globalvariabledefs.obj (EPwm4RegsFile)

EPwm5RegsFile 
*          0    00004400    00000100     UNINITIALIZED
                  00004400    00000100     f2838x_globalvariabledefs.obj (EPwm5RegsFile)

EPwm6RegsFile 
*          0    00004500    00000100     UNINITIALIZED
                  00004500    00000100     f2838x_globalvariabledefs.obj (EPwm6RegsFile)

EPwm7RegsFile 
*          0    00004600    00000100     UNINITIALIZED
                  00004600    00000100     f2838x_globalvariabledefs.obj (EPwm7RegsFile)

EPwm8RegsFile 
*          0    00004700    00000100     UNINITIALIZED
                  00004700    00000100     f2838x_globalvariabledefs.obj (EPwm8RegsFile)

EPwm9RegsFile 
*          0    00004800    00000100     UNINITIALIZED
                  00004800    00000100     f2838x_globalvariabledefs.obj (EPwm9RegsFile)

EPwm10RegsFile 
*          0    00004900    00000100     UNINITIALIZED
                  00004900    00000100     f2838x_globalvariabledefs.obj (EPwm10RegsFile)

EPwm11RegsFile 
*          0    00004a00    00000100     UNINITIALIZED
                  00004a00    00000100     f2838x_globalvariabledefs.obj (EPwm11RegsFile)

EPwm12RegsFile 
*          0    00004b00    00000100     UNINITIALIZED
                  00004b00    00000100     f2838x_globalvariabledefs.obj (EPwm12RegsFile)

Flash0CtrlRegsFile 
*          0    0005f800    00000182     UNINITIALIZED
                  0005f800    00000182     f2838x_globalvariabledefs.obj (Flash0CtrlRegsFile)

Flash0EccRegsFile 
*          0    0005fb00    00000028     UNINITIALIZED
                  0005fb00    00000028     f2838x_globalvariabledefs.obj (Flash0EccRegsFile)

GpioCtrlRegsFile 
*          0    00007c00    00000180     UNINITIALIZED
                  00007c00    00000180     f2838x_globalvariabledefs.obj (GpioCtrlRegsFile)

GpioDataRegsFile 
*          0    00007f00    00000030     UNINITIALIZED
                  00007f00    00000030     f2838x_globalvariabledefs.obj (GpioDataRegsFile)

PieCtrlRegsFile 
*          0    00000ce0    0000001a     UNINITIALIZED
                  00000ce0    0000001a     f2838x_globalvariabledefs.obj (PieCtrlRegsFile)

WdRegsFile 
*          0    00007000    0000002b     UNINITIALIZED
                  00007000    0000002b     f2838x_globalvariabledefs.obj (WdRegsFile)

dcsm_z1otp_link_pointer 
*          0    00000002    00000000     

dcsm_z1otp_jlm_enable 
*          0    00000002    00000000     

dcsm_z1otp_gpreg 
*          0    00000002    00000000     

dcsm_z1otp_pswd_lock 
*          0    00000002    00000000     

dcsm_z1otp_crc_lock 
*          0    00000002    00000000     

dcsm_z1otp_jtag_pswdh 
*          0    00000002    00000000     

dcsm_z1otp_cmac_key 
*          0    00000002    00000000     

dcsm_zsel_z1 
*          0    00000002    00000000     

dcsm_z2otp_link_pointer 
*          0    00000002    00000000     

dcsm_rsvd_z2 
*          0    00000002    00000000     

dcsm_z2otp_gpreg 
*          0    00000002    00000000     

dcsm_z2otp_pswd_lock 
*          0    00000002    00000000     

dcsm_z2otp_crc_lock 
*          0    00000002    00000000     

dcsm_rsvd1_z2 
*          0    00000002    00000000     

dcsm_zsel_z2 
*          0    00000002    00000000     

.text.1    0    00082000    00002000     
                  00082000    00000376     rts2800_fpu64_eabi.lib : e_powf.c.obj (.text)
                  00082376    0000017f     CtrPfc.obj (.text:CtrPfcGridPLL)
                  000824f5    00000177     CtrPfc.obj (.text:CtrPfcCurrCtr)
                  0008266c    00000101     f2838x_sysctrl.obj (.text:InitSysPll)
                  0008276d    000000f3     CtrPfc.obj (.text:CtrPfcDcLinkVoltCtr)
                  00082860    000000df     f2838x_sysctrl.obj (.text:InitPeripheralClocks)
                  0008293f    000000d9     rts2800_fpu64_eabi.lib : s_ceil.c.obj (.text)
                  00082a18    000000d1     BswAdc.obj (.text:InitAdcConfig)
                  00082ae9    000000c0     f2838x_sysctrl.obj (.text:InitAuxPll)
                  00082ba9    000000b2     f2838x_adc.obj (.text:AdcSetMode)
                  00082c5b    000000b0     f2838x_sysctrl.obj (.text:VerifyXTAL)
                  00082d0b    00000094     BswPwm.obj (.text:InitEPwm1Config)
                  00082d9f    00000094     f2838x_sysctrl.obj (.text:IsPLLValid)
                  00082e33    0000008f     f2838x_sysctrl.obj (.text:ComputeCntrSeedValue)
                  00082ec2    00000088     rts2800_fpu64_eabi.lib : fs_div28.asm.obj (.text)
                  00082f4a    00000086     Util.obj (.text:TPOZ_Control_calc)
                  00082fd0    0000007f     FdiagChkCtr.obj (.text:FdiagChkCtr_RunGridPLLCtrState)
                  0008304f    0000007f     interrupt.obj (.text:Interrupt_clearIFR)
                  000830ce    00000076     BswGpio.obj (.text:InitPWMEnaFltGpioConfig)
                  00083144    00000074     Util.obj (.text:BSF2)
                  000831b8    0000006d     BswAdc.obj (.text:BswAdcIsrCalc)
                  00083225    0000006c     BswAdc.obj (.text:BswAdcIsrOffsetCalc)
                  00083291    0000006b     FdiagChkIO.obj (.text:FdiagChkIO_RunCurrSnsrState)
                  000832fc    0000006b     FdiagChkIO.obj (.text:FdiagChkIO_RunVoltSnsrState)
                  00083367    0000006b     FdiagChkM.obj (.text:FdiagChkMConFault)
                  000833d2    00000069     FdiagChkM.obj (.text:FdiagChkMConInhibit)
                  0008343b    00000064     FdiagChkM.obj (.text:FdiagChkMConFatal)
                  0008349f    00000063     FdiagChkIO.obj (.text:FdiagChkIO_RunCurrState)
                  00083502    00000063     BswPwm.obj (.text:InitEPwm2Config)
                  00083565    00000063     Util.obj (.text:PI_Control_calc)
                  000835c8    00000062     Main.obj (.text:main)
                  0008362a    00000061     f2838x_sysctrl.obj (.text:InitSysCtrl)
                  0008368b    0000005f     FdiagChkM.obj (.text:FdiagChkMConNormal)
                  000836ea    0000005f     BswIsr.obj (.text:Timer1_Task_100us_isr)
                  00083749    0000005c     FdiagChkIO.obj (.text:FdiagChkIO_RunVoltSwFlt)
                  000837a5    00000059     Util.obj (.text:BPF2)
                  000837fe    00000059     rts2800_fpu64_eabi.lib : s_scalbnf.c.obj (.text)
                  00083857    00000058     BswIsr.obj (.text:adcb1_isr)
                  000838af    00000057     FdiagChkIO.obj (.text:FdiagChkIO_RunVoltState)
                  00083906    00000055     FdiagChkS.obj (.text:FdiagChkS_RunRlyState)
                  0008395b    00000051     FdiagChkIO.obj (.text:FdiagChkIO_RunCurrSwFlt)
                  000839ac    0000004e     interrupt.obj (.text:Interrupt_disable)
                  000839fa    0000004d     SeqMain.obj (.text:SeqMainChkMainState)
                  00083a47    00000044     BswGpio.obj (.text:InitGpioInOutConfig)
                  00083a8b    0000003f     ipc.obj (.text:IPC_unregisterInterrupt)
                  00083aca    0000003d     BswPwm.obj (.text:BswPwm_SetPwmDuty)
                  00083b07    0000003b     CtrPfc.obj (.text:CtrPfcHalfCycleDet)
                  00083b42    0000003b     f2838x_cputimers.obj (.text:InitCpuTimers)
                  00083b7d    0000003a     MonAdc.obj (.text:MonAdc100us)
                  00083bb7    00000031     rts2800_fpu64_eabi.lib : copy_decompress_lzss.c.obj (.text:decompress:lzss)
                  00083be8    0000002c     Util.obj (.text:LPF1)
                  00083c14    0000002c     MonPwr.obj (.text:MonPwrInPwrSwCalc1ms)
                  00083c40    0000002c     f2838x_sysctrl.obj (.text:SysXtalOscSel)
                  00083c6c    0000002b     rts2800_fpu64_eabi.lib : autoinit.c.obj (.text:__TI_auto_init_nobinit_nopinit)
                  00083c97    00000029     MonAdc.obj (.text:MonAdcIsr)
                  00083cc0    00000029     rts2800_fpu64_eabi.lib : exit.c.obj (.text)
                  00083ce9    00000001     AswMain.obj (.text:AswTask10ms)
                  00083cea    00000027     rts2800_fpu64_eabi.lib : e_sqrtf.c.obj (.text)
                  00083d11    00000026     f2838x_adc.obj (.text:CalAdcINL)
                  00083d37    00000026     FdiagChkM.obj (.text:FdiagChkMConResume)
                  00083d5d    00000023     Util.obj (.text:APF1)
                  00083d80    00000023     f2838x_cputimers.obj (.text:ConfigCpuTimer)
                  00083da3    00000021     CtrPfc.obj (.text:CtrPfcPwmTest)
                  00083dc4    0000001f     BswPwm.obj (.text:BswPwm_ForceLowPwm)
                  00083de3    0000001f     f2838x_piectrl.obj (.text:InitPieCtrl)
                  00083e02    0000001e     f2838x_sysctrl.obj (.text:SysXtalOscSESel)
                  00083e20    0000001d     rts2800_fpu64_eabi.lib : memcpy.c.obj (.text)
                  00083e3d    0000001c     BswPwm.obj (.text:BswPwm_SetFreqUpDownCnt)
                  00083e59    0000001c     FdiagChkM.obj (.text:FdiagChkMConCbAbnormal)
                  00083e75    0000001c     MonAdc.obj (.text:MonAdcAvgRms)
                  00083e91    0000001b     BswPwm.obj (.text:BswPwm_SetPwmADuty)
                  00083eac    0000001b     BswPwm.obj (.text:BswPwm_SetPwmBDuty)
                  00083ec7    0000001b     f2838x_sysctrl.obj (.text:PollX1Counter)
                  00083ee2    0000001b     Util.obj (.text:park_calc)
                  00083efd    0000001a     CtrPfc.obj (.text:CtrPfcIsrCtr)
                  00083f17    00000019     f2838x_gpio.obj (.text:GPIO_EnableUnbondedIOPullupsFor176Pin)
                  00083f30    00000019     rts2800_fpu64_eabi.lib : boot28.asm.obj (.text)
                  00083f49    00000018     f2838x_sysctrl.obj (.text:AuxXtalOscSESel)
                  00083f61    00000018     f2838x_sysctrl.obj (.text:AuxXtalOscSel)
                  00083f79    00000018     f2838x_epwm.obj (.text:InitEPwm3Gpio)
                  00083f91    00000018     f2838x_epwm.obj (.text:InitEPwm4Gpio)
                  00083fa9    00000018     rts2800_fpu64_eabi.lib : ll_aox28.asm.obj (.text)
                  00083fc1    00000016     f2838x_epwm.obj (.text:InitEPwm1Gpio)
                  00083fd7    00000016     f2838x_epwm.obj (.text:InitEPwm2Gpio)
                  00083fed    00000013     FdiagChkIO.obj (.text:FdiagChkIOTask1ms)

.text.2    0    00084000    00000b51     
                  00084000    00000016     f2838x_epwm.obj (.text:InitEPwm5Gpio)
                  00084016    00000015     BswPwm.obj (.text:BswPwm_DisablePfcHSPwm)
                  0008402b    00000015     FdiagChkCtr.obj (.text:FdiagChkCtr_GridPllFltHealCount)
                  00084040    00000015     FdiagChkS.obj (.text:FdiagChkSTask1ms)
                  00084055    00000015     FdiagChkS.obj (.text:FdiagChkS_SetPwmEnState)
                  0008406a    00000015     interrupt.obj (.text:Interrupt_initVectorTable)
                  0008407f    00000014     BswGpio.obj (.text:InitGpioConfig)
                  00084093    00000011     f2838x_pievect.obj (.text:InitPieVectTable)
                  000840a4    00000011     rts2800_fpu64_eabi.lib : s_copysignf.c.obj (.text)
                  000840b5    00000010     BswPwm.obj (.text:BswPwm_EnablePwm)
                  000840c5    0000000d     BswPwm.obj (.text:BswPwm_PfcHSPwmNegDitheringMode)
                  000840d2    0000000d     BswPwm.obj (.text:BswPwm_PfcHSPwmPosDitheringMode)
                  000840df    0000000d     f2838x_sysctrl.obj (.text:DisableDog)
                  000840ec    0000000d     f2838x_defaultisr.obj (.text:EMPTY_ISR)
                  000840f9    0000000d     rts2800_fpu64_eabi.lib : copy_zero_init.c.obj (.text:decompress:ZI:__TI_zero_init_nomemset)
                  00084106    0000000c     CtrPfc.obj (.text:CtrPfcTask1ms)
                  00084112    0000000c     interrupt.obj (.text:Interrupt_defaultHandler)
                  0008411e    0000000c     rts2800_fpu64_eabi.lib : args_main.c.obj (.text)
                  0008412a    0000000b     BswPwm.obj (.text:BswPwm_DisablePfcPwm)
                  00084135    0000000b     BswPwm.obj (.text:BswPwm_EnablePfcPwm)
                  00084140    0000000a     f2838x_defaultisr.obj (.text:ADCA1_ISR)
                  0008414a    0000000a     f2838x_defaultisr.obj (.text:ADCA2_ISR)
                  00084154    0000000a     f2838x_defaultisr.obj (.text:ADCA3_ISR)
                  0008415e    0000000a     f2838x_defaultisr.obj (.text:ADCA4_ISR)
                  00084168    0000000a     f2838x_defaultisr.obj (.text:ADCA_EVT_ISR)
                  00084172    0000000a     f2838x_defaultisr.obj (.text:ADCB1_ISR)
                  0008417c    0000000a     f2838x_defaultisr.obj (.text:ADCB2_ISR)
                  00084186    0000000a     f2838x_defaultisr.obj (.text:ADCB3_ISR)
                  00084190    0000000a     f2838x_defaultisr.obj (.text:ADCB4_ISR)
                  0008419a    0000000a     f2838x_defaultisr.obj (.text:ADCB_EVT_ISR)
                  000841a4    0000000a     f2838x_defaultisr.obj (.text:ADCC1_ISR)
                  000841ae    0000000a     f2838x_defaultisr.obj (.text:ADCC2_ISR)
                  000841b8    0000000a     f2838x_defaultisr.obj (.text:ADCC3_ISR)
                  000841c2    0000000a     f2838x_defaultisr.obj (.text:ADCC4_ISR)
                  000841cc    0000000a     f2838x_defaultisr.obj (.text:ADCC_EVT_ISR)
                  000841d6    0000000a     f2838x_defaultisr.obj (.text:ADCD1_ISR)
                  000841e0    0000000a     f2838x_defaultisr.obj (.text:ADCD2_ISR)
                  000841ea    0000000a     f2838x_defaultisr.obj (.text:ADCD3_ISR)
                  000841f4    0000000a     f2838x_defaultisr.obj (.text:ADCD4_ISR)
                  000841fe    0000000a     f2838x_defaultisr.obj (.text:ADCD_EVT_ISR)
                  00084208    0000000a     f2838x_sysctrl.obj (.text:AuxAuxClkSel)
                  00084212    0000000a     BswApi.obj (.text:BswApi_GetCurr)
                  0008421c    0000000a     BswApi.obj (.text:BswApi_GetCurrRaw)
                  00084226    0000000a     BswApi.obj (.text:BswApi_GetVolt)
                  00084230    0000000a     BswApi.obj (.text:BswApi_GetVoltRaw)
                  0008423a    0000000a     BswGpio.obj (.text:BswGpio_PfcLSSw_NegEn)
                  00084244    0000000a     BswGpio.obj (.text:BswGpio_PfcLSSw_PosEn)
                  0008424e    0000000a     f2838x_defaultisr.obj (.text:CANA0_ISR)
                  00084258    0000000a     f2838x_defaultisr.obj (.text:CANA1_ISR)
                  00084262    0000000a     f2838x_defaultisr.obj (.text:CANB0_ISR)
                  0008426c    0000000a     f2838x_defaultisr.obj (.text:CANB1_ISR)
                  00084276    0000000a     f2838x_defaultisr.obj (.text:CIPC0_ISR)
                  00084280    0000000a     f2838x_defaultisr.obj (.text:CIPC1_ISR)
                  0008428a    0000000a     f2838x_defaultisr.obj (.text:CIPC2_ISR)
                  00084294    0000000a     f2838x_defaultisr.obj (.text:CIPC3_ISR)
                  0008429e    0000000a     f2838x_defaultisr.obj (.text:CLA1CRC_ISR)
                  000842a8    0000000a     f2838x_defaultisr.obj (.text:CLA1_1_ISR)
                  000842b2    0000000a     f2838x_defaultisr.obj (.text:CLA1_2_ISR)
                  000842bc    0000000a     f2838x_defaultisr.obj (.text:CLA1_3_ISR)
                  000842c6    0000000a     f2838x_defaultisr.obj (.text:CLA1_4_ISR)
                  000842d0    0000000a     f2838x_defaultisr.obj (.text:CLA1_5_ISR)
                  000842da    0000000a     f2838x_defaultisr.obj (.text:CLA1_6_ISR)
                  000842e4    0000000a     f2838x_defaultisr.obj (.text:CLA1_7_ISR)
                  000842ee    0000000a     f2838x_defaultisr.obj (.text:CLA1_8_ISR)
                  000842f8    0000000a     f2838x_defaultisr.obj (.text:CLA_OVERFLOW_ISR)
                  00084302    0000000a     f2838x_defaultisr.obj (.text:CLA_UNDERFLOW_ISR)
                  0008430c    0000000a     f2838x_defaultisr.obj (.text:CLB1_ISR)
                  00084316    0000000a     f2838x_defaultisr.obj (.text:CLB2_ISR)
                  00084320    0000000a     f2838x_defaultisr.obj (.text:CLB3_ISR)
                  0008432a    0000000a     f2838x_defaultisr.obj (.text:CLB4_ISR)
                  00084334    0000000a     f2838x_defaultisr.obj (.text:CLB5_ISR)
                  0008433e    0000000a     f2838x_defaultisr.obj (.text:CLB6_ISR)
                  00084348    0000000a     f2838x_defaultisr.obj (.text:CLB7_ISR)
                  00084352    0000000a     f2838x_defaultisr.obj (.text:CLB8_ISR)
                  0008435c    0000000a     f2838x_defaultisr.obj (.text:CMTOCPUXIPC0_ISR)
                  00084366    0000000a     f2838x_defaultisr.obj (.text:CMTOCPUXIPC1_ISR)
                  00084370    0000000a     f2838x_defaultisr.obj (.text:CMTOCPUXIPC2_ISR)
                  0008437a    0000000a     f2838x_defaultisr.obj (.text:CMTOCPUXIPC3_ISR)
                  00084384    0000000a     f2838x_defaultisr.obj (.text:CMTOCPUXIPC4_ISR)
                  0008438e    0000000a     f2838x_defaultisr.obj (.text:CMTOCPUXIPC5_ISR)
                  00084398    0000000a     f2838x_defaultisr.obj (.text:CMTOCPUXIPC6_ISR)
                  000843a2    0000000a     f2838x_defaultisr.obj (.text:CMTOCPUXIPC7_ISR)
                  000843ac    0000000a     f2838x_defaultisr.obj (.text:CM_STATUS_ISR)
                  000843b6    0000000a     f2838x_defaultisr.obj (.text:CPUCRC_ISR)
                  000843c0    0000000a     CtrPfc.obj (.text:CtrPfcTask100us)
                  000843ca    0000000a     f2838x_defaultisr.obj (.text:DATALOG_ISR)
                  000843d4    0000000a     f2838x_defaultisr.obj (.text:DMA_CH1_ISR)
                  000843de    0000000a     f2838x_defaultisr.obj (.text:DMA_CH2_ISR)
                  000843e8    0000000a     f2838x_defaultisr.obj (.text:DMA_CH3_ISR)
                  000843f2    0000000a     f2838x_defaultisr.obj (.text:DMA_CH4_ISR)
                  000843fc    0000000a     f2838x_defaultisr.obj (.text:DMA_CH5_ISR)
                  00084406    0000000a     f2838x_defaultisr.obj (.text:DMA_CH6_ISR)
                  00084410    0000000a     f2838x_defaultisr.obj (.text:ECAP1_ISR)
                  0008441a    0000000a     f2838x_defaultisr.obj (.text:ECAP2_ISR)
                  00084424    0000000a     f2838x_defaultisr.obj (.text:ECAP3_ISR)
                  0008442e    0000000a     f2838x_defaultisr.obj (.text:ECAP4_ISR)
                  00084438    0000000a     f2838x_defaultisr.obj (.text:ECAP5_ISR)
                  00084442    0000000a     f2838x_defaultisr.obj (.text:ECAP6_2_ISR)
                  0008444c    0000000a     f2838x_defaultisr.obj (.text:ECAP6_ISR)
                  00084456    0000000a     f2838x_defaultisr.obj (.text:ECAP7_2_ISR)
                  00084460    0000000a     f2838x_defaultisr.obj (.text:ECAP7_ISR)
                  0008446a    0000000a     f2838x_defaultisr.obj (.text:ECATRST_ISR)
                  00084474    0000000a     f2838x_defaultisr.obj (.text:ECATSYNC0_ISR)
                  0008447e    0000000a     f2838x_defaultisr.obj (.text:ECATSYNC1_ISR)
                  00084488    0000000a     f2838x_defaultisr.obj (.text:ECAT_ISR)
                  00084492    0000000a     f2838x_defaultisr.obj (.text:EMU_ISR)
                  0008449c    0000000a     f2838x_defaultisr.obj (.text:EPWM10_ISR)
                  000844a6    0000000a     f2838x_defaultisr.obj (.text:EPWM10_TZ_ISR)
                  000844b0    0000000a     f2838x_defaultisr.obj (.text:EPWM11_ISR)
                  000844ba    0000000a     f2838x_defaultisr.obj (.text:EPWM11_TZ_ISR)
                  000844c4    0000000a     f2838x_defaultisr.obj (.text:EPWM12_ISR)
                  000844ce    0000000a     f2838x_defaultisr.obj (.text:EPWM12_TZ_ISR)
                  000844d8    0000000a     f2838x_defaultisr.obj (.text:EPWM13_ISR)
                  000844e2    0000000a     f2838x_defaultisr.obj (.text:EPWM13_TZ_ISR)
                  000844ec    0000000a     f2838x_defaultisr.obj (.text:EPWM14_ISR)
                  000844f6    0000000a     f2838x_defaultisr.obj (.text:EPWM14_TZ_ISR)
                  00084500    0000000a     f2838x_defaultisr.obj (.text:EPWM15_ISR)
                  0008450a    0000000a     f2838x_defaultisr.obj (.text:EPWM15_TZ_ISR)
                  00084514    0000000a     f2838x_defaultisr.obj (.text:EPWM16_ISR)
                  0008451e    0000000a     f2838x_defaultisr.obj (.text:EPWM16_TZ_ISR)
                  00084528    0000000a     f2838x_defaultisr.obj (.text:EPWM1_ISR)
                  00084532    0000000a     f2838x_defaultisr.obj (.text:EPWM1_TZ_ISR)
                  0008453c    0000000a     f2838x_defaultisr.obj (.text:EPWM2_ISR)
                  00084546    0000000a     f2838x_defaultisr.obj (.text:EPWM2_TZ_ISR)
                  00084550    0000000a     f2838x_defaultisr.obj (.text:EPWM3_ISR)
                  0008455a    0000000a     f2838x_defaultisr.obj (.text:EPWM3_TZ_ISR)
                  00084564    0000000a     f2838x_defaultisr.obj (.text:EPWM4_ISR)
                  0008456e    0000000a     f2838x_defaultisr.obj (.text:EPWM4_TZ_ISR)
                  00084578    0000000a     f2838x_defaultisr.obj (.text:EPWM5_ISR)
                  00084582    0000000a     f2838x_defaultisr.obj (.text:EPWM5_TZ_ISR)
                  0008458c    0000000a     f2838x_defaultisr.obj (.text:EPWM6_ISR)
                  00084596    0000000a     f2838x_defaultisr.obj (.text:EPWM6_TZ_ISR)
                  000845a0    0000000a     f2838x_defaultisr.obj (.text:EPWM7_ISR)
                  000845aa    0000000a     f2838x_defaultisr.obj (.text:EPWM7_TZ_ISR)
                  000845b4    0000000a     f2838x_defaultisr.obj (.text:EPWM8_ISR)
                  000845be    0000000a     f2838x_defaultisr.obj (.text:EPWM8_TZ_ISR)
                  000845c8    0000000a     f2838x_defaultisr.obj (.text:EPWM9_ISR)
                  000845d2    0000000a     f2838x_defaultisr.obj (.text:EPWM9_TZ_ISR)
                  000845dc    0000000a     f2838x_defaultisr.obj (.text:EQEP1_ISR)
                  000845e6    0000000a     f2838x_defaultisr.obj (.text:EQEP2_ISR)
                  000845f0    0000000a     f2838x_defaultisr.obj (.text:EQEP3_ISR)
                  000845fa    0000000a     f2838x_defaultisr.obj (.text:FMC_ISR)
                  00084604    0000000a     f2838x_defaultisr.obj (.text:FPU_OFLOW_ISR)
                  0008460e    0000000a     f2838x_defaultisr.obj (.text:FPU_UFLOW_ISR)
                  00084618    0000000a     f2838x_defaultisr.obj (.text:FSIRXA1_ISR)
                  00084622    0000000a     f2838x_defaultisr.obj (.text:FSIRXA2_ISR)
                  0008462c    0000000a     f2838x_defaultisr.obj (.text:FSIRXB1_ISR)
                  00084636    0000000a     f2838x_defaultisr.obj (.text:FSIRXB2_ISR)
                  00084640    0000000a     f2838x_defaultisr.obj (.text:FSIRXC1_ISR)
                  0008464a    0000000a     f2838x_defaultisr.obj (.text:FSIRXC2_ISR)
                  00084654    0000000a     f2838x_defaultisr.obj (.text:FSIRXD1_ISR)
                  0008465e    0000000a     f2838x_defaultisr.obj (.text:FSIRXD2_ISR)
                  00084668    0000000a     f2838x_defaultisr.obj (.text:FSIRXE1_ISR)
                  00084672    0000000a     f2838x_defaultisr.obj (.text:FSIRXE2_ISR)
                  0008467c    0000000a     f2838x_defaultisr.obj (.text:FSIRXF1_ISR)
                  00084686    0000000a     f2838x_defaultisr.obj (.text:FSIRXF2_ISR)
                  00084690    0000000a     f2838x_defaultisr.obj (.text:FSIRXG1_ISR)
                  0008469a    0000000a     f2838x_defaultisr.obj (.text:FSIRXG2_ISR)
                  000846a4    0000000a     f2838x_defaultisr.obj (.text:FSIRXH1_ISR)
                  000846ae    0000000a     f2838x_defaultisr.obj (.text:FSIRXH2_ISR)
                  000846b8    0000000a     f2838x_defaultisr.obj (.text:FSITXA1_ISR)
                  000846c2    0000000a     f2838x_defaultisr.obj (.text:FSITXA2_ISR)
                  000846cc    0000000a     f2838x_defaultisr.obj (.text:FSITXB1_ISR)
                  000846d6    0000000a     f2838x_defaultisr.obj (.text:FSITXB2_ISR)
                  000846e0    0000000a     FdiagChkIO.obj (.text:FdiagChkIOIsrCtr)
                  000846ea    0000000a     f2838x_gpio.obj (.text:GPIO_EnableUnbondedIOPullups)
                  000846f4    0000000a     f2838x_defaultisr.obj (.text:I2CA_FIFO_ISR)
                  000846fe    0000000a     f2838x_defaultisr.obj (.text:I2CA_HIGH_ISR)
                  00084708    0000000a     f2838x_defaultisr.obj (.text:I2CA_ISR)
                  00084712    0000000a     f2838x_defaultisr.obj (.text:I2CB_FIFO_ISR)
                  0008471c    0000000a     f2838x_defaultisr.obj (.text:I2CB_ISR)
                  00084726    0000000a     f2838x_defaultisr.obj (.text:ILLEGAL_ISR)
                  00084730    0000000a     interrupt.obj (.text:Interrupt_illegalOperationHandler)
                  0008473a    0000000a     interrupt.obj (.text:Interrupt_nmiHandler)
                  00084744    0000000a     f2838x_defaultisr.obj (.text:MCANSS0_ISR)
                  0008474e    0000000a     f2838x_defaultisr.obj (.text:MCANSS1_ISR)
                  00084758    0000000a     f2838x_defaultisr.obj (.text:MCANSS_ECC_CORR_PLS_ISR)
                  00084762    0000000a     f2838x_defaultisr.obj (.text:MCANSS_WAKE_AND_TS_PLS_ISR)
                  0008476c    0000000a     f2838x_defaultisr.obj (.text:MCBSPA_RX_ISR)
                  00084776    0000000a     f2838x_defaultisr.obj (.text:MCBSPA_TX_ISR)
                  00084780    0000000a     f2838x_defaultisr.obj (.text:MCBSPB_RX_ISR)
                  0008478a    0000000a     f2838x_defaultisr.obj (.text:MCBSPB_TX_ISR)
                  00084794    0000000a     f2838x_defaultisr.obj (.text:MPOST_ISR)
                  0008479e    0000000a     MonApi.obj (.text:MonApi_GetCurr)
                  000847a8    0000000a     MonApi.obj (.text:MonApi_GetCurrAdcResult)
                  000847b2    0000000a     MonApi.obj (.text:MonApi_GetCurrSwLpf)
                  000847bc    0000000a     MonApi.obj (.text:MonApi_GetVolt)
                  000847c6    0000000a     MonApi.obj (.text:MonApi_GetVoltAdcResult)
                  000847d0    0000000a     MonApi.obj (.text:MonApi_GetVoltSwLpf)
                  000847da    0000000a     f2838x_defaultisr.obj (.text:NMI_ISR)
                  000847e4    0000000a     f2838x_defaultisr.obj (.text:NOTUSED_ISR)
                  000847ee    0000000a     f2838x_defaultisr.obj (.text:PIE_RESERVED_ISR)
                  000847f8    0000000a     f2838x_defaultisr.obj (.text:PMBUSA_ISR)
                  00084802    0000000a     f2838x_defaultisr.obj (.text:RTOS_ISR)
                  0008480c    0000000a     f2838x_defaultisr.obj (.text:SCIA_RX_ISR)
                  00084816    0000000a     f2838x_defaultisr.obj (.text:SCIA_TX_ISR)
                  00084820    0000000a     f2838x_defaultisr.obj (.text:SCIB_RX_ISR)
                  0008482a    0000000a     f2838x_defaultisr.obj (.text:SCIB_TX_ISR)
                  00084834    0000000a     f2838x_defaultisr.obj (.text:SCIC_RX_ISR)
                  0008483e    0000000a     f2838x_defaultisr.obj (.text:SCIC_TX_ISR)
                  00084848    0000000a     f2838x_defaultisr.obj (.text:SCID_RX_ISR)
                  00084852    0000000a     f2838x_defaultisr.obj (.text:SCID_TX_ISR)
                  0008485c    0000000a     f2838x_defaultisr.obj (.text:SDFM1DR1_ISR)
                  00084866    0000000a     f2838x_defaultisr.obj (.text:SDFM1DR2_ISR)
                  00084870    0000000a     f2838x_defaultisr.obj (.text:SDFM1DR3_ISR)
                  0008487a    0000000a     f2838x_defaultisr.obj (.text:SDFM1DR4_ISR)
                  00084884    0000000a     f2838x_defaultisr.obj (.text:SDFM1_ISR)
                  0008488e    0000000a     f2838x_defaultisr.obj (.text:SDFM2DR1_ISR)
                  00084898    0000000a     f2838x_defaultisr.obj (.text:SDFM2DR2_ISR)
                  000848a2    0000000a     f2838x_defaultisr.obj (.text:SDFM2DR3_ISR)
                  000848ac    0000000a     f2838x_defaultisr.obj (.text:SDFM2DR4_ISR)
                  000848b6    0000000a     f2838x_defaultisr.obj (.text:SDFM2_ISR)
                  000848c0    0000000a     f2838x_defaultisr.obj (.text:SPIA_RX_ISR)
                  000848ca    0000000a     f2838x_defaultisr.obj (.text:SPIA_TX_ISR)
                  000848d4    0000000a     f2838x_defaultisr.obj (.text:SPIB_RX_ISR)
                  000848de    0000000a     f2838x_defaultisr.obj (.text:SPIB_TX_ISR)
                  000848e8    0000000a     f2838x_defaultisr.obj (.text:SPIC_RX_ISR)
                  000848f2    0000000a     f2838x_defaultisr.obj (.text:SPIC_TX_ISR)
                  000848fc    0000000a     f2838x_defaultisr.obj (.text:SPID_RX_ISR)
                  00084906    0000000a     f2838x_defaultisr.obj (.text:SPID_TX_ISR)
                  00084910    0000000a     f2838x_defaultisr.obj (.text:SYS_ERR_ISR)
                  0008491a    0000000a     f2838x_sysctrl.obj (.text:SysIntOsc1Sel)
                  00084924    0000000a     f2838x_defaultisr.obj (.text:TIMER0_ISR)
                  0008492e    0000000a     f2838x_defaultisr.obj (.text:TIMER1_ISR)
                  00084938    0000000a     f2838x_defaultisr.obj (.text:TIMER2_ISR)
                  00084942    0000000a     f2838x_defaultisr.obj (.text:USBA_ISR)
                  0008494c    0000000a     f2838x_defaultisr.obj (.text:USER10_ISR)
                  00084956    0000000a     f2838x_defaultisr.obj (.text:USER11_ISR)
                  00084960    0000000a     f2838x_defaultisr.obj (.text:USER12_ISR)
                  0008496a    0000000a     f2838x_defaultisr.obj (.text:USER1_ISR)
                  00084974    0000000a     f2838x_defaultisr.obj (.text:USER2_ISR)
                  0008497e    0000000a     f2838x_defaultisr.obj (.text:USER3_ISR)
                  00084988    0000000a     f2838x_defaultisr.obj (.text:USER4_ISR)
                  00084992    0000000a     f2838x_defaultisr.obj (.text:USER5_ISR)
                  0008499c    0000000a     f2838x_defaultisr.obj (.text:USER6_ISR)
                  000849a6    0000000a     f2838x_defaultisr.obj (.text:USER7_ISR)
                  000849b0    0000000a     f2838x_defaultisr.obj (.text:USER8_ISR)
                  000849ba    0000000a     f2838x_defaultisr.obj (.text:USER9_ISR)
                  000849c4    0000000a     f2838x_defaultisr.obj (.text:WAKE_ISR)
                  000849ce    0000000a     f2838x_defaultisr.obj (.text:XINT1_ISR)
                  000849d8    0000000a     f2838x_defaultisr.obj (.text:XINT2_ISR)
                  000849e2    0000000a     f2838x_defaultisr.obj (.text:XINT3_ISR)
                  000849ec    0000000a     f2838x_defaultisr.obj (.text:XINT4_ISR)
                  000849f6    0000000a     f2838x_defaultisr.obj (.text:XINT5_ISR)
                  00084a00    00000009     AswMain.obj (.text:AswTask1ms)
                  00084a09    00000009     FdiagChkM.obj (.text:FdiagChkMTask1ms)
                  00084a12    00000009     rts2800_fpu64_eabi.lib : _lock.c.obj (.text)
                  00084a1b    00000008     f2838x_sysctrl.obj (.text:AuxIntOsc2Sel)
                  00084a23    00000008     BswPwm.obj (.text:BswPwm_EnablePfcHSPwm)
                  00084a2b    00000008     BswPwm.obj (.text:BswPwm_PfcHSPwmNormalMode)
                  00084a33    00000008     BswTask.obj (.text:BswTask100ms)
                  00084a3b    00000008     BswTask.obj (.text:BswTask100us)
                  00084a43    00000008     BswTask.obj (.text:BswTask10ms)
                  00084a4b    00000008     BswTask.obj (.text:BswTask1ms)
                  00084a53    00000008     f2838x_sysctrl.obj (.text:SysIntOsc2Sel)
                  00084a5b    00000008     rts2800_fpu64_eabi.lib : copy_decompress_none.c.obj (.text:decompress:none)
                  00084a63    00000008     f2838x_codestartbranch.obj (.text)
                  00084a6b    00000007     AswMain.obj (.text:AswIsrCtr)
                  00084a72    00000007     BswGpio.obj (.text:BswGpio_PfcLSSw_DeadBand)
                  00084a79    00000007     CtrApi.obj (.text:CtrApi_GetGriddqVolt)
                  00084a80    00000007     CtrApi.obj (.text:CtrApi_GetGriddqVoltLpf)
                  00084a87    00000005     AswMain.obj (.text:AswTask100us)
                  00084a8c    00000005     BswGpio.obj (.text:BswGpio_DisableRly)
                  00084a91    00000005     BswGpio.obj (.text:BswGpio_EnableRly)
                  00084a96    00000005     CtrApi.obj (.text:CtrApi_GetVgridMag)
                  00084a9b    00000005     CtrApi.obj (.text:CtrApi_GetVgridMagLpf)
                  00084aa0    00000005     FdiagApi.obj (.text:FdiagApi_GetTempState)
                  00084aa5    00000005     FdiagApi.obj (.text:FdiagApi_GetVoltSnsrState)
                  00084aaa    00000005     FdiagChkFS.obj (.text:FdiagChkFSTask1ms)
                  00084aaf    00000005     FdiagChkIO.obj (.text:FdiagChkIO_GetCurrSnsrState)
                  00084ab4    00000005     FdiagChkIO.obj (.text:FdiagChkIO_GetCurrState)
                  00084ab9    00000005     FdiagChkIO.obj (.text:FdiagChkIO_GetVoltSnsrState)
                  00084abe    00000005     FdiagChkIO.obj (.text:FdiagChkIO_GetVoltState)
                  00084ac3    00000005     FdiagChkS.obj (.text:FdiagChkS_GetGateState)
                  00084ac8    00000005     FdiagChkS.obj (.text:FdiagChkS_GetTempSnsrState)
                  00084acd    00000005     ItrComBswtoAsw.obj (.text:ItrCom_GetTestInhibit)
                  00084ad2    00000005     MonApi.obj (.text:MonApi_AdcTask1ms)
                  00084ad7    00000005     MonApi.obj (.text:MonApi_GetGridVoltRms)
                  00084adc    00000004     FdiagApi.obj (.text:FdiagApi_ChagePfcCurrCtrState)
                  00084ae0    00000004     FdiagApi.obj (.text:FdiagApi_ChangeGridPllState)
                  00084ae4    00000004     FdiagApi.obj (.text:FdiagApi_ChangePfcDcLinkVoltCtrState)
                  00084ae8    00000004     FdiagApi.obj (.text:FdiagApi_GetGridPllCtrState)
                  00084aec    00000004     FdiagApi.obj (.text:FdiagApi_GetPfcCurrCtrState)
                  00084af0    00000004     FdiagApi.obj (.text:FdiagApi_GetPfcDcLinkVoltCtrState)
                  00084af4    00000004     FdiagChkCtr.obj (.text:FdiagChkCtr_GetDcDcCurrCtrState)
                  00084af8    00000004     FdiagChkCtr.obj (.text:FdiagChkCtr_GetDcLinkVoltCtrState)
                  00084afc    00000004     FdiagChkCtr.obj (.text:FdiagChkCtr_GetGridPllCtrState)
                  00084b00    00000004     FdiagChkCtr.obj (.text:FdiagChkCtr_GetOutVoltCtrState)
                  00084b04    00000004     FdiagChkCtr.obj (.text:FdiagChkCtr_GetPfcCurrCtrState)
                  00084b08    00000004     FdiagChkFS.obj (.text:FdiagChkFS_GetEcuPostRunState)
                  00084b0c    00000004     FdiagChkFS.obj (.text:FdiagChkFS_GetIccuModeState)
                  00084b10    00000004     FdiagChkS.obj (.text:FdiagChkS_GetAuxBatVoltSnsrState)
                  00084b14    00000004     FdiagChkS.obj (.text:FdiagChkS_GetAuxBatVoltState)
                  00084b18    00000004     FdiagChkS.obj (.text:FdiagChkS_GetDeratingState)
                  00084b1c    00000004     FdiagChkS.obj (.text:FdiagChkS_GetIGVoltSnsrState)
                  00084b20    00000004     FdiagChkS.obj (.text:FdiagChkS_GetIgVoltState)
                  00084b24    00000004     FdiagChkS.obj (.text:FdiagChkS_GetMalfuncState)
                  00084b28    00000004     FdiagChkS.obj (.text:FdiagChkS_GetOperModeState)
                  00084b2c    00000004     FdiagChkS.obj (.text:FdiagChkS_GetRlyState)
                  00084b30    00000004     FdiagChkS.obj (.text:FdiagChkS_GetSmpsVoltSnsrState)
                  00084b34    00000004     MonApi.obj (.text:MonApi_GetInhibitstate)
                  00084b38    00000004     SeqApi.obj (.text:SeqApi_GetInternalMainState)
                  00084b3c    00000004     SeqMain.obj (.text:SeqMain_SetInternalMainState)
                  00084b40    00000003     ComApi.obj (.text:ComApi_GetCanOutCurr)
                  00084b43    00000003     FdiagApi.obj (.text:FdiagApi_GetIccuModeState)
                  00084b46    00000003     FdiagChkCtr.obj (.text:FdiagChkCtrTask100ms)
                  00084b49    00000003     device.obj (.text:__error__)
                  00084b4c    00000002     rts2800_fpu64_eabi.lib : pre_init.c.obj (.text)
                  00084b4e    00000001     BswPwm.obj (.text:InitEPwm3Config)
                  00084b4f    00000001     BswPwm.obj (.text:InitEPwm4Config)
                  00084b50    00000001     rts2800_fpu64_eabi.lib : startup.c.obj (.text)

MODULE SUMMARY

       Module                          code    ro data   rw data
       ------                          ----    -------   -------
    .\
       Util.obj                        544     0         0      
       Main.obj                        98      0         0      
    +--+-------------------------------+-------+---------+---------+
       Total:                          642     0         0      
                                                                
    .\ASW\M0_MAIN\
       AswMain.obj                     22      0         0      
    +--+-------------------------------+-------+---------+---------+
       Total:                          22      0         0      
                                                                
    .\ASW\M1_SEQ\
       SeqMain.obj                     81      0         4      
       SeqApi.obj                      4       0         0      
    +--+-------------------------------+-------+---------+---------+
       Total:                          85      0         4      
                                                                
    .\ASW\M2_MON\
       MonAdc.obj                      127     0         158    
       MonApi.obj                      74      0         0      
       MonPwr.obj                      44      0         4      
    +--+-------------------------------+-------+---------+---------+
       Total:                          245     0         162    
                                                                
    .\ASW\M3_CTR\
       CtrPfc.obj                      1141    2         386    
       CtrCal.obj                      0       0         42     
       CtrApi.obj                      24      0         0      
    +--+-------------------------------+-------+---------+---------+
       Total:                          1165    2         428    
                                                                
    .\ASW\M4_FDIAG\
       FdiagChkIO.obj                  622     0         51     
       FdiagChkM.obj                   482     0         11     
       FdiagChkS.obj                   173     0         43     
       FdiagChkCtr.obj                 171     0         20     
       FdiagCal.obj                    0       0         120    
       FdiagApi.obj                    37      0         0      
       FdiagChkFS.obj                  13      0         7      
    +--+-------------------------------+-------+---------+---------+
       Total:                          1498    0         252    
                                                                
    .\ASW\M6_COM\
       ComApi.obj                      3       0         0      
    +--+-------------------------------+-------+---------+---------+
       Total:                          3       0         0      
                                                                
    .\BSW\
       BswPwm.obj                      524     0         26     
       BswAdc.obj                      426     0         56     
       BswGpio.obj                     243     0         0      
       BswIsr.obj                      183     0         6      
       BswApi.obj                      40      0         0      
       BswTask.obj                     32      0         8      
       BswCal.obj                      0       0         20     
    +--+-------------------------------+-------+---------+---------+
       Total:                          1448    0         116    
                                                                
    .\F2838x_common\source\
       f2838x_defaultisr.obj           2063    0         0      
       f2838x_sysctrl.obj              1522    0         0      
       f2838x_pievect.obj              17      448       0      
       f2838x_adc.obj                  216     0         0      
       f2838x_cputimers.obj            94      0         24     
       f2838x_epwm.obj                 114     0         0      
       f2838x_gpio.obj                 35      0         0      
       f2838x_piectrl.obj              31      0         0      
       f2838x_codestartbranch.obj      10      0         0      
       f2838x_usdelay.obj              8       0         0      
    +--+-------------------------------+-------+---------+---------+
       Total:                          4110    448       24     
                                                                
    .\F2838x_headers\source\
       f2838x_globalvariabledefs.obj   0       0         5815   
    +--+-------------------------------+-------+---------+---------+
       Total:                          0       0         5815   
                                                                
    .\RTE\
       ItrComBswtoAsw.obj              5       0         1      
    +--+-------------------------------+-------+---------+---------+
       Total:                          5       0         1      
                                                                
    .\device\
       device.obj                      3       0         0      
    +--+-------------------------------+-------+---------+---------+
       Total:                          3       0         0      
                                                                
    .\device\driverlib\
       ipc.obj                         63      162       544    
       interrupt.obj                   258     32        0      
    +--+-------------------------------+-------+---------+---------+
       Total:                          321     194       544    
                                                                
    C:\ti\ccs1240\ccs\tools\compiler\lib\rts2800_fpu64_eabi.lib
       e_powf.c.obj                    886     12        0      
       s_ceil.c.obj                    217     0         0      
       fs_div28.asm.obj                136     0         0      
       s_scalbnf.c.obj                 89      0         0      
       copy_decompress_lzss.c.obj      49      0         0      
       exit.c.obj                      41      0         6      
       autoinit.c.obj                  43      0         0      
       e_sqrtf.c.obj                   39      0         0      
       memcpy.c.obj                    29      0         0      
       boot28.asm.obj                  25      0         0      
       ll_aox28.asm.obj                24      0         0      
       s_copysignf.c.obj               17      0         0      
       _lock.c.obj                     9       0         4      
       copy_zero_init.c.obj            13      0         0      
       args_main.c.obj                 12      0         0      
       copy_decompress_none.c.obj      8       0         0      
       pre_init.c.obj                  2       0         0      
       errno.c.obj                     0       0         1      
       startup.c.obj                   1       0         0      
    +--+-------------------------------+-------+---------+---------+
       Total:                          1640    12        11     
                                                                
       Stack:                          0       0         256    
       Linker Generated:               0       220       0      
    +--+-------------------------------+-------+---------+---------+
       Grand Total:                    11187   876       7613   


LINKER GENERATED COPY TABLES

__TI_cinit_table @ 000880d0 records: 3, size/record: 4, table size: 12
	.data: load addr=00088000, load size=000000c2 bytes, run addr=0000a800, run size=000003c4 bytes, compression=lzss
	.bss: load addr=000880c8, load size=00000004 bytes, run addr=0000abc4, run size=00000022 bytes, compression=zero_init
	PieVectTableFile: load addr=000880cc, load size=00000004 bytes, run addr=00000d00, run size=000001c0 bytes, compression=zero_init


LINKER GENERATED HANDLER TABLE

__TI_handler_table @ 000880c2 records: 3, size/record: 2, table size: 6
	index: 0, handler: __TI_zero_init
	index: 1, handler: __TI_decompress_lzss
	index: 2, handler: __TI_decompress_none


GLOBAL DATA SYMBOLS: SORTED BY DATA PAGE

address     data page           name
--------    ----------------    ----
00000400      10 (00000400)     __stack

00000b20      2c (00000b00)     AdcbResultRegs

00000c00      30 (00000c00)     CpuTimer0Regs
00000c08      30 (00000c00)     CpuTimer1Regs
00000c10      30 (00000c00)     CpuTimer2Regs

00000ce0      33 (00000cc0)     PieCtrlRegs

00000d00      34 (00000d00)     PieVectTable

00004000     100 (00004000)     EPwm1Regs

00004100     104 (00004100)     EPwm2Regs

00004200     108 (00004200)     EPwm3Regs

00004300     10c (00004300)     EPwm4Regs

00004400     110 (00004400)     EPwm5Regs

00004500     114 (00004500)     EPwm6Regs

00004600     118 (00004600)     EPwm7Regs

00004700     11c (00004700)     EPwm8Regs

00004800     120 (00004800)     EPwm9Regs

00004900     124 (00004900)     EPwm10Regs

00004a00     128 (00004a00)     EPwm11Regs

00004b00     12c (00004b00)     EPwm12Regs

00007000     1c0 (00007000)     WdRegs

00007400     1d0 (00007400)     AdcaRegs

00007480     1d2 (00007480)     AdcbRegs

00007500     1d4 (00007500)     AdccRegs

00007580     1d6 (00007580)     AdcdRegs

00007c00     1f0 (00007c00)     GpioCtrlRegs

00007f00     1fc (00007f00)     GpioDataRegs

0000a800     2a0 (0000a800)     giPartCalcCplCnt
0000a801     2a0 (0000a800)     giflag_PosCycle
0000a802     2a0 (0000a800)     giflag_NegCycle
0000a803     2a0 (0000a800)     giPos_dead_cnt
0000a804     2a0 (0000a800)     giFlag_HSSW_Deadzone
0000a805     2a0 (0000a800)     giFlag_LSSW_Deadzone
0000a806     2a0 (0000a800)     giNeg_dead_cnt
0000a807     2a0 (0000a800)     giVPfcSoftStart_Timer
0000a808     2a0 (0000a800)     giFlag_IPfcLCtrlCpl_Delay
0000a809     2a0 (0000a800)     giFlag_IPfcLCtrlCpl
0000a80a     2a0 (0000a800)     giVV2LSoftStart_Timer
0000a80b     2a0 (0000a800)     guHS_en
0000a80c     2a0 (0000a800)     guLS_en
0000a80d     2a0 (0000a800)     giPLL_inhibit
0000a80e     2a0 (0000a800)     giPwmTest_inhibit
0000a80f     2a0 (0000a800)     giIController_inhibit
0000a810     2a0 (0000a800)     giController_inhibit
0000a811     2a0 (0000a800)     giTest_type
0000a812     2a0 (0000a800)     gfVGrid_BPF
0000a814     2a0 (0000a800)     gfWgrid
0000a816     2a0 (0000a800)     gfWgrid_LPF
0000a818     2a0 (0000a800)     gfTheta_Grid
0000a81a     2a0 (0000a800)     gfTheta_Grid_Comp
0000a81c     2a0 (0000a800)     gfThetaDeg_Grid
0000a81e     2a0 (0000a800)     gfVGrid_Mag
0000a820     2a0 (0000a800)     gfVGrid_Mag_LPF
0000a822     2a0 (0000a800)     gffgrid
0000a824     2a0 (0000a800)     gffgrid_LPF
0000a826     2a0 (0000a800)     gfVPfcDcLinkCmd
0000a828     2a0 (0000a800)     gfVPfcDcLinkLpf
0000a82a     2a0 (0000a800)     gfVPfcDcLinkFilter
0000a82c     2a0 (0000a800)     gfVPfcDcLinkRef
0000a82e     2a0 (0000a800)     gfIGridRef
0000a830     2a0 (0000a800)     gfIPfcLRef
0000a832     2a0 (0000a800)     gfPosDitheringDuty
0000a834     2a0 (0000a800)     gfNegDitheringDuty
0000a836     2a0 (0000a800)     gffV2L
0000a838     2a0 (0000a800)     gfWV2L
0000a83a     2a0 (0000a800)     gfTheta_V2L
0000a83c     2a0 (0000a800)     gfThetaDeg_V2L
0000a83e     2a0 (0000a800)     gfVV2LRef

0000a840     2a1 (0000a840)     gfPV2GRef
0000a842     2a1 (0000a840)     gfHS_duty
0000a844     2a1 (0000a840)     gfLS_duty
0000a846     2a1 (0000a840)     gfIin_ref_test
0000a848     2a1 (0000a840)     gdqVgrid_dqs
0000a84c     2a1 (0000a840)     gdqVgrid_dqe
0000a850     2a1 (0000a840)     gdqVgrid_dqe_LPF
0000a854     2a1 (0000a840)     gdqVV2L_dqe
0000a858     2a1 (0000a840)     gdqVV2L_dqs
0000a85c     2a1 (0000a840)     gfVgrid_LPF
0000a864     2a1 (0000a840)     gf1Vgrid_ds_APF
0000a86c     2a1 (0000a840)     gf1Vgrid_de_LPF
0000a874     2a1 (0000a840)     gf1Vgrid_qe_LPF

0000a880     2a2 (0000a880)     gf1Wgrid_LPF
0000a888     2a2 (0000a880)     gf1VGrid_Mag_LPF
0000a890     2a2 (0000a880)     gf1VPfcDcLinkLpf
0000a898     2a2 (0000a880)     gf2Vgrid_qs_APF
0000a8a4     2a2 (0000a880)     gf2Vgrid_BPF
0000a8b0     2a2 (0000a880)     gf2VPfcDcLinkBsf

0000a8c0     2a3 (0000a8c0)     gPiVgrid_angle
0000a8de     2a3 (0000a8c0)     gPiVPfcDcLink

0000a900     2a4 (0000a900)     gPiVV2Lde
0000a91e     2a4 (0000a900)     gPiVV2Lqe

0000a940     2a5 (0000a940)     gTpozVPfcDcLink
0000a964     2a5 (0000a940)     ePWM_Regs
0000a97e     2a5 (0000a940)     _lock

0000a980     2a6 (0000a980)     giCurrSnsr_VoltHiFlt_TimerCal
0000a981     2a6 (0000a980)     giCurrSnsr_VoltLoFlt_TimerCal
0000a982     2a6 (0000a980)     giCurrSnsr_RationalFlt_TimerCal
0000a983     2a6 (0000a980)     giCurr_Oc_Resume_TimeCal
0000a984     2a6 (0000a980)     giCurr_Oc_count_MaxDTCCal
0000a985     2a6 (0000a980)     giCurr_HwOc_HealCnt_TimerCal
0000a986     2a6 (0000a980)     giVoltSnsr_VoltHiFlt_TimerCal
0000a987     2a6 (0000a980)     giVoltSnsr_VoltLoFlt_TimerCal
0000a988     2a6 (0000a980)     giVoltSnsr_RationalFlt_TimerCal
0000a989     2a6 (0000a980)     giVolt_Ov_TimerCal
0000a98a     2a6 (0000a980)     giVolt_Ov_count_MaxDTCCal
0000a98b     2a6 (0000a980)     giVolt_Ov_HealCnt_TimerCal
0000a98c     2a6 (0000a980)     giVolt_Uv_TimerCal
0000a98d     2a6 (0000a980)     giAuxBatVoltSnsr_VoltHiFlt_TimerCal
0000a98e     2a6 (0000a980)     giAuxBatVoltSnsr_VoltLoFlt_TimerCal
0000a98f     2a6 (0000a980)     giAuxBatVoltSnsr_RationalFlt_TimerCal
0000a990     2a6 (0000a980)     giAuxBatVolt_SwOv_TimerCal
0000a991     2a6 (0000a980)     giAuxBatVolt_SwUv_TimerCal
0000a992     2a6 (0000a980)     giSmpsVoltSnsr_VoltHiFlt_TimerCal
0000a993     2a6 (0000a980)     giSmpsVoltSnsr_VoltLoFlt_TimerCal
0000a994     2a6 (0000a980)     giSmpsVoltSnsr_RationalFlt_TimerCal
0000a995     2a6 (0000a980)     giSmpsVolt_SwOv_TimerCal
0000a996     2a6 (0000a980)     giSmpsVolt_SwUv_TimerCal
0000a997     2a6 (0000a980)     giIgVoltSnsr_VoltHiFlt_TimerCal
0000a998     2a6 (0000a980)     giIgVoltSnsr_VoltLowFlt_TimerCal
0000a999     2a6 (0000a980)     giIgVoltSnsr_RationalFlt_TimerCal
0000a99a     2a6 (0000a980)     giIgVolt_OFF_TimerCal
0000a99b     2a6 (0000a980)     giIg_SwOv_Flt_Timer_Cal
0000a99c     2a6 (0000a980)     giTempSnsr_VoltHiFlt_TimerCal
0000a99d     2a6 (0000a980)     giTempSnsr_VoltLoFlt_TimerCal
0000a99e     2a6 (0000a980)     giTempHigh_TimerCal
0000a99f     2a6 (0000a980)     giInVoltHighInhibitCntCal
0000a9a0     2a6 (0000a980)     giGate_Flt_TimerCal
0000a9a1     2a6 (0000a980)     giGate_Flt_count_MaxDTCCal
0000a9a2     2a6 (0000a980)     giGate_NotRdy_TimerCal
0000a9a3     2a6 (0000a980)     giGate_HwScp_HealCnt_TimerCal
0000a9a4     2a6 (0000a980)     giChMode_RlyOn_TimerCal
0000a9a5     2a6 (0000a980)     giDisChMode_RlyOn_TimerCal
0000a9a6     2a6 (0000a980)     giPfcLCurrCtrFltTimerCal
0000a9a7     2a6 (0000a980)     gIDcDcOutCurrCtrFltTimerCal
0000a9a8     2a6 (0000a980)     giGridPLL_Normal_TimerCal
0000a9a9     2a6 (0000a980)     giGridPLL_CtrFlt_TimerCal
0000a9aa     2a6 (0000a980)     giGridPLL_Flt_TimerCal
0000a9ab     2a6 (0000a980)     giGridPLL_Flt_count_MaxDTCCal
0000a9ac     2a6 (0000a980)     giGridPLL_Flt_HealCnt_TimerCal
0000a9ad     2a6 (0000a980)     giDcLinkVoltCtrFltTimerCal
0000a9ae     2a6 (0000a980)     giOutVoltCtrFltTimerCal
0000a9af     2a6 (0000a980)     giV2LVoltCtrFltTimerCal
0000a9b0     2a6 (0000a980)     gfAdcSnsrVoltHiFltCal
0000a9b2     2a6 (0000a980)     gfAdcSnsrVoltLoFltCal
[...]
0     000840b5  BswPwm_EnablePwm                     
0     000840c5  BswApi_PfcHSPwmNegDitheringMode      
0     000840c5  BswPwm_PfcHSPwmNegDitheringMode      
0     000840c5  ItrCom_PfcHSPwmNegDitheringMode      
0     000840d2  BswApi_PfcHSPwmPosDitheringMode      
0     000840d2  BswPwm_PfcHSPwmPosDitheringMode      
0     000840d2  ItrCom_PfcHSPwmPosDitheringMode      
0     000840df  DisableDog                           
0     000840ec  EMPTY_ISR                            
0     000840f9  __TI_zero_init_nomemset              
0     00084106  CtrApi_CtrMTask1ms                   
0     00084106  CtrCtrMTask1ms                       
0     00084106  CtrPfcTask1ms                        
0     00084112  Interrupt_defaultHandler             
0     0008411e  _args_main                           
0     0008412a  BswApi_DisablePfcPwm                 
0     0008412a  BswPwm_DisablePfcPwm                 
0     0008412a  ItrCom_DisablePfcPWM                 
0     00084135  BswApi_EnablePfcPwm                  
0     00084135  BswPwm_EnablePfcPwm                  
0     00084135  ItrCom_EnablePfcPWM                  
0     00084140  ADCA1_ISR                            
0     0008414a  ADCA2_ISR                            
0     00084154  ADCA3_ISR                            
0     0008415e  ADCA4_ISR                            
0     00084168  ADCA_EVT_ISR                         
0     00084172  ADCB1_ISR                            
0     0008417c  ADCB2_ISR                            
0     00084186  ADCB3_ISR                            
0     00084190  ADCB4_ISR                            
0     0008419a  ADCB_EVT_ISR                         
0     000841a4  ADCC1_ISR                            
0     000841ae  ADCC2_ISR                            
0     000841b8  ADCC3_ISR                            
0     000841c2  ADCC4_ISR                            
0     000841cc  ADCC_EVT_ISR                         
0     000841d6  ADCD1_ISR                            
0     000841e0  ADCD2_ISR                            
0     000841ea  ADCD3_ISR                            
0     000841f4  ADCD4_ISR                            
0     000841fe  ADCD_EVT_ISR                         
0     00084208  AuxAuxClkSel                         
0     00084212  BswApi_GetCurr                       
0     00084212  ItrCom_GetCurr                       
0     0008421c  BswApi_GetCurrRaw                    
0     0008421c  ItrCom_GetCurrRaw                    
0     00084226  BswApi_GetVolt                       
0     00084226  ItrCom_GetVolt                       
0     00084230  BswApi_GetVoltRaw                    
0     00084230  ItrCom_GetVoltRaw                    
0     0008423a  BswApi_PfcLSSw_NegEn                 
0     0008423a  BswGpio_PfcLSSw_NegEn                
0     0008423a  ItrCom_PfcLSSw_NegEn                 
0     00084244  BswApi_PfcLSSw_PosEn                 
0     00084244  BswGpio_PfcLSSw_PosEn                
0     00084244  ItrCom_PfcLSSw_PosEn                 
0     0008424e  CANA0_ISR                            
0     00084258  CANA1_ISR                            
0     00084262  CANB0_ISR                            
0     0008426c  CANB1_ISR                            
0     00084276  CIPC0_ISR                            
0     00084280  CIPC1_ISR                            
0     0008428a  CIPC2_ISR                            
0     00084294  CIPC3_ISR                            
0     0008429e  CLA1CRC_ISR                          
0     000842a8  CLA1_1_ISR                           
0     000842b2  CLA1_2_ISR                           
0     000842bc  CLA1_3_ISR                           
0     000842c6  CLA1_4_ISR                           
0     000842d0  CLA1_5_ISR                           
0     000842da  CLA1_6_ISR                           
0     000842e4  CLA1_7_ISR                           
0     000842ee  CLA1_8_ISR                           
0     000842f8  CLA_OVERFLOW_ISR                     
0     00084302  CLA_UNDERFLOW_ISR                    
0     0008430c  CLB1_ISR                             
0     00084316  CLB2_ISR                             
0     00084320  CLB3_ISR                             
0     0008432a  CLB4_ISR                             
0     00084334  CLB5_ISR                             
0     0008433e  CLB6_ISR                             
0     00084348  CLB7_ISR                             
0     00084352  CLB8_ISR                             
0     0008435c  CMTOCPUXIPC0_ISR                     
0     00084366  CMTOCPUXIPC1_ISR                     
0     00084370  CMTOCPUXIPC2_ISR                     
0     0008437a  CMTOCPUXIPC3_ISR                     
0     00084384  CMTOCPUXIPC4_ISR                     
0     0008438e  CMTOCPUXIPC5_ISR                     
0     00084398  CMTOCPUXIPC6_ISR                     
0     000843a2  CMTOCPUXIPC7_ISR                     
0     000843ac  CM_STATUS_ISR                        
0     000843b6  CPUCRC_ISR                           
0     000843c0  CtrApi_CtrMTask100us                 
0     000843c0  CtrCtrMTask100us                     
0     000843c0  CtrPfcTask100us                      
0     000843ca  DATALOG_ISR                          
0     000843d4  DMA_CH1_ISR                          
0     000843de  DMA_CH2_ISR                          
0     000843e8  DMA_CH3_ISR                          
0     000843f2  DMA_CH4_ISR                          
0     000843fc  DMA_CH5_ISR                          
0     00084406  DMA_CH6_ISR                          
0     00084410  ECAP1_ISR                            
0     0008441a  ECAP2_ISR                            
0     00084424  ECAP3_ISR                            
0     0008442e  ECAP4_ISR                            
0     00084438  ECAP5_ISR                            
0     00084442  ECAP6_2_ISR                          
0     0008444c  ECAP6_ISR                            
0     00084456  ECAP7_2_ISR                          
0     00084460  ECAP7_ISR                            
0     0008446a  ECATRST_ISR                          
0     00084474  ECATSYNC0_ISR                        
0     0008447e  ECATSYNC1_ISR                        
0     00084488  ECAT_ISR                             
0     00084492  EMU_ISR                              
0     0008449c  EPWM10_ISR                           
0     000844a6  EPWM10_TZ_ISR                        
0     000844b0  EPWM11_ISR                           
0     000844ba  EPWM11_TZ_ISR                        
0     000844c4  EPWM12_ISR                           
0     000844ce  EPWM12_TZ_ISR                        
0     000844d8  EPWM13_ISR                           
0     000844e2  EPWM13_TZ_ISR                        
0     000844ec  EPWM14_ISR                           
0     000844f6  EPWM14_TZ_ISR                        
0     00084500  EPWM15_ISR                           
0     0008450a  EPWM15_TZ_ISR                        
0     00084514  EPWM16_ISR                           
0     0008451e  EPWM16_TZ_ISR                        
0     00084528  EPWM1_ISR                            
0     00084532  EPWM1_TZ_ISR                         
0     0008453c  EPWM2_ISR                            
0     00084546  EPWM2_TZ_ISR                         
0     00084550  EPWM3_ISR                            
0     0008455a  EPWM3_TZ_ISR                         
0     00084564  EPWM4_ISR                            
0     0008456e  EPWM4_TZ_ISR                         
0     00084578  EPWM5_ISR                            
0     00084582  EPWM5_TZ_ISR                         
0     0008458c  EPWM6_ISR                            
0     00084596  EPWM6_TZ_ISR                         
0     000845a0  EPWM7_ISR                            
0     000845aa  EPWM7_TZ_ISR                         
0     000845b4  EPWM8_ISR                            
0     000845be  EPWM8_TZ_ISR                         
0     000845c8  EPWM9_ISR                            
0     000845d2  EPWM9_TZ_ISR                         
0     000845dc  EQEP1_ISR                            
0     000845e6  EQEP2_ISR                            
0     000845f0  EQEP3_ISR                            
0     000845fa  FMC_ISR                              
0     00084604  FPU_OFLOW_ISR                        
0     0008460e  FPU_UFLOW_ISR                        
0     00084618  FSIRXA1_ISR                          
0     00084622  FSIRXA2_ISR                          
0     0008462c  FSIRXB1_ISR                          
0     00084636  FSIRXB2_ISR                          
0     00084640  FSIRXC1_ISR                          
0     0008464a  FSIRXC2_ISR                          
0     00084654  FSIRXD1_ISR                          
0     0008465e  FSIRXD2_ISR                          
0     00084668  FSIRXE1_ISR                          
0     00084672  FSIRXE2_ISR                          
0     0008467c  FSIRXF1_ISR                          
0     00084686  FSIRXF2_ISR                          
0     00084690  FSIRXG1_ISR                          
0     0008469a  FSIRXG2_ISR                          
0     000846a4  FSIRXH1_ISR                          
0     000846ae  FSIRXH2_ISR                          
0     000846b8  FSITXA1_ISR                          
0     000846c2  FSITXA2_ISR                          
0     000846cc  FSITXB1_ISR                          
0     000846d6  FSITXB2_ISR                          
0     000846e0  FdiagApi_ChkMIsrCtr                  
0     000846e0  FdiagChkIOIsrCtr                     
0     000846e0  FdiagChkMIsrCtr                      
0     000846ea  GPIO_EnableUnbondedIOPullups         
0     000846f4  I2CA_FIFO_ISR                        
0     000846fe  I2CA_HIGH_ISR                        
0     00084708  I2CA_ISR                             
0     00084712  I2CB_FIFO_ISR                        
0     0008471c  I2CB_ISR                             
0     00084726  ILLEGAL_ISR                          
0     00084730  Interrupt_illegalOperationHandler    
0     0008473a  Interrupt_nmiHandler                 
0     00084744  MCANSS0_ISR                          
0     0008474e  MCANSS1_ISR                          
0     00084758  MCANSS_ECC_CORR_PLS_ISR              
0     00084762  MCANSS_WAKE_AND_TS_PLS_ISR           
0     0008476c  MCBSPA_RX_ISR                        
0     00084776  MCBSPA_TX_ISR                        
0     00084780  MCBSPB_RX_ISR                        
0     0008478a  MCBSPB_TX_ISR                        
0     00084794  MPOST_ISR                            
0     0008479e  MonApi_GetCurr                       
0     000847a8  MonApi_GetCurrAdcResult              
0     000847b2  MonApi_GetCurrSwLpf                  
0     000847bc  MonApi_GetVolt                       
0     000847c6  MonApi_GetVoltAdcResult              
0     000847d0  MonApi_GetVoltSwLpf                  
0     000847da  NMI_ISR                              
0     000847e4  NOTUSED_ISR                          
0     000847ee  PIE_RESERVED_ISR                     
0     000847f8  PMBUSA_ISR                           
0     00084802  RTOS_ISR                             
0     0008480c  SCIA_RX_ISR                          
0     00084816  SCIA_TX_ISR                          
0     00084820  SCIB_RX_ISR                          
0     0008482a  SCIB_TX_ISR                          
0     00084834  SCIC_RX_ISR                          
0     0008483e  SCIC_TX_ISR                          
0     00084848  SCID_RX_ISR                          
0     00084852  SCID_TX_ISR                          
0     0008485c  SDFM1DR1_ISR                         
0     00084866  SDFM1DR2_ISR                         
0     00084870  SDFM1DR3_ISR                         
0     0008487a  SDFM1DR4_ISR                         
0     00084884  SDFM1_ISR                            
0     0008488e  SDFM2DR1_ISR                         
0     00084898  SDFM2DR2_ISR                         
0     000848a2  SDFM2DR3_ISR                         
0     000848ac  SDFM2DR4_ISR                         
0     000848b6  SDFM2_ISR                            
0     000848c0  SPIA_RX_ISR                          
0     000848ca  SPIA_TX_ISR                          
0     000848d4  SPIB_RX_ISR                          
0     000848de  SPIB_TX_ISR                          
0     000848e8  SPIC_RX_ISR                          
0     000848f2  SPIC_TX_ISR                          
0     000848fc  SPID_RX_ISR                          
0     00084906  SPID_TX_ISR                          
0     00084910  SYS_ERR_ISR                          
0     0008491a  SysIntOsc1Sel                        
0     00084924  TIMER0_ISR                           
0     0008492e  TIMER1_ISR                           
0     00084938  TIMER2_ISR                           
0     00084942  USBA_ISR                             
0     0008494c  USER10_ISR                           
0     00084956  USER11_ISR                           
0     00084960  USER12_ISR                           
0     0008496a  USER1_ISR                            
0     00084974  USER2_ISR                            
0     0008497e  USER3_ISR                            
0     00084988  USER4_ISR                            
0     00084992  USER5_ISR                            
0     0008499c  USER6_ISR                            
0     000849a6  USER7_ISR                            
0     000849b0  USER8_ISR                            
0     000849ba  USER9_ISR                            
0     000849c4  WAKE_ISR                             
0     000849ce  XINT1_ISR                            
0     000849d8  XINT2_ISR                            
0     000849e2  XINT3_ISR                            
0     000849ec  XINT4_ISR                            
0     000849f6  XINT5_ISR                            
0     00084a00  AswApi_AswTask1ms                    
0     00084a00  AswTask1ms                           
0     00084a00  ItrCom_AswTask1ms                    
0     00084a00  MainApi_AswTask1ms                   
0     00084a09  FdiagApi_ChkMTask1ms                 
0     00084a09  FdiagChkMTask1ms                     
0     00084a12  _register_unlock                     
0     00084a16  _register_lock                       
0     00084a1a  _nop                                 
0     00084a1b  AuxIntOsc2Sel                        
0     00084a23  BswApi_EnablePfcHSPwm                
0     00084a23  BswPwm_EnablePfcHSPwm                
0     00084a23  ItrCom_EnablePfcHSPWM                
0     00084a2b  BswApi_PfcHSPwmNormalMode            
0     00084a2b  BswPwm_PfcHSPwmNormalMode            
0     00084a2b  ItrCom_PfcHSPwmNormalMode            
0     00084a33  BswTask100ms                         
0     00084a3b  BswTask100us                         
0     00084a43  BswTask10ms                          
0     00084a4b  BswTask1ms                           
0     00084a53  SysIntOsc2Sel                        
0     00084a5b  __TI_decompress_none                 
0     00084a6b  AswApi_AswIsrCtr                     
0     00084a6b  AswIsrCtr                            
0     00084a6b  ItrCom_AswIsrCtr                     
0     00084a6b  MainApi_AswIsrCtr                    
0     00084a72  BswApi_PfcLSSw_DeadBand              
0     00084a72  BswGpio_PfcLSSw_DeadBand             
0     00084a72  ItrCom_PfcLSSw_DeadBand              
0     00084a79  CtrApi_GetGriddqVolt                 
0     00084a80  CtrApi_GetGriddqVoltLpf              
0     00084a87  AswApi_AswTask100us                  
0     00084a87  AswTask100us                         
0     00084a87  ItrCom_AswTask100us                  
0     00084a87  MainApi_AswTask100us                 
0     00084a8c  BswApi_DisablePfcRly                 
0     00084a8c  BswGpio_DisableRly                   
0     00084a8c  ItrCom_DisablePfcRly                 
0     00084a91  BswApi_EnablePfcRly                  
0     00084a91  BswGpio_EnableRly                    
0     00084a91  ItrCom_EnablePfcRly                  
0     00084a96  CtrApi_GetVgridMag                   
0     00084a9b  CtrApi_GetVgridMagLpf                
0     00084aa0  FdiagApi_GetTempState                
0     00084aa5  FdiagApi_GetVoltSnsrState            
0     00084aaa  FdiagChkFSTask1ms                    
0     00084aaf  FdiagChkIO_GetCurrSnsrState          
0     00084ab4  FdiagChkIO_GetCurrState              
0     00084ab9  FdiagChkIO_GetVoltSnsrState          
0     00084abe  FdiagChkIO_GetVoltState              
0     00084ac3  FdiagChkS_GetGateState               
0     00084ac8  FdiagChkS_GetTempSnsrState           
0     00084acd  ItrCom_GetTestInhibit                
0     00084ad2  MonApi_AdcTask1ms                    
0     00084ad7  MonApi_GetGridVoltRms                
0     00084adc  FdiagApi_ChagePfcCurrCtrState        
0     00084ae0  FdiagApi_ChangeGridPllState          
0     00084ae4  FdiagApi_ChangePfcDcLinkVoltCtrState 
0     00084ae8  FdiagApi_GetGridPllCtrState          
0     00084aec  FdiagApi_GetPfcCurrCtrState          
0     00084af0  FdiagApi_GetPfcDcLinkVoltCtrState    
0     00084af4  FdiagChkCtr_GetDcDcCurrCtrState      
0     00084af8  FdiagChkCtr_GetDcLinkVoltCtrState    
0     00084afc  FdiagChkCtr_GetGridPllCtrState       
0     00084b00  FdiagChkCtr_GetOutVoltCtrState       
0     00084b04  FdiagChkCtr_GetPfcCurrCtrState       
0     00084b08  FdiagChkFS_GetEcuPostRunState        
0     00084b0c  FdiagChkFS_GetIccuModeState          
0     00084b10  FdiagChkS_GetAuxBatVoltSnsrState     
0     00084b14  FdiagChkS_GetAuxBatVoltState         
0     00084b18  FdiagApi_GetDeratingState            
0     00084b18  FdiagChkS_GetDeratingState           
0     00084b1c  FdiagChkS_GetIGVoltSnsrState         
0     00084b20  FdiagChkS_GetIgVoltState             
0     00084b24  FdiagChkS_GetMalfuncState            
0     00084b28  FdiagChkS_GetOperModeState           
0     00084b2c  FdiagApi_GetRlyState                 
0     00084b2c  FdiagChkS_GetRlyState                
0     00084b30  FdiagChkS_GetSmpsVoltSnsrState       
0     00084b34  MonApi_GetInhibitstate               
0     00084b38  SeqApi_GetInternalMainState          
0     00084b3c  SeqApi_SetInternalMainState          
0     00084b3c  SeqMain_SetInternalMainState         
0     00084b40  ComApi_GetCanOutCurr                 
0     00084b43  FdiagApi_GetIccuModeState            
0     00084b46  AswApi_AswTask100ms                  
0     00084b46  AswTask100ms                         
0     00084b46  FdiagApi_ChkMTask100ms               
0     00084b46  FdiagChkCtrTask100ms                 
0     00084b46  FdiagChkMTask100ms                   
0     00084b46  ItrCom_AswTask100ms                  
0     00084b46  MainApi_AswTask100ms                 
0     00084b49  __error__                            
0     00084b4c  _system_pre_init                     
0     00084b4e  InitEPwm3Config                      
0     00084b4f  InitEPwm4Config                      
0     00084b50  _system_post_cinit                   
0     00086000  RamfuncsLoadStart                    
0     00086030  RamfuncsLoadEnd                      
0     000880c2  __TI_Handler_Table_Base              
0     000880c8  __TI_Handler_Table_Limit             
0     000880d0  __TI_CINIT_Base                      
0     000880dc  __TI_CINIT_Limit                     
0     000880dc  __TI_CINIT_Warm                      
0     00090000  PieVectTableInit                     
0     000901c0  IPC_Instance                         
abs   00000030  RamfuncsLoadSize                     
abs   00000030  RamfuncsRunSize                      
abs   00000100  __TI_STACK_SIZE                      
abs   ffffffff  __TI_pprof_out_hndl                  
abs   ffffffff  __TI_prof_data_size                  
abs   ffffffff  __TI_prof_data_start                 
n/a   UNDEFED   __c_args__                           

[888 symbols]
